
         Lattice Mapping Report File for Design Module 'SignalRouter'


Design Information
------------------

Command line:   map -a MachXO2 -p LCMXO2-2000HC -t TQFP100 -s 4 -oc Commercial
     uz_d_slots_uz_d_resolver_d5.ngd -o uz_d_slots_uz_d_resolver_d5_map.ncd -pr
     uz_d_slots_uz_d_resolver_d5.prf -mp uz_d_slots_uz_d_resolver_d5.mrp -lpf C:
     /git/cpld_lattice/MACHXO2/D_Slot_CPLD_LCMXO2-2000HC-4TG100C/uz_d_slots/uz_d
     _resolver_d5/uz_d_slots_uz_d_resolver_d5.lpf -lpf C:/git/cpld_lattice/MACHX
     O2/D_Slot_CPLD_LCMXO2-2000HC-4TG100C/uz_d_slots/uz_d_slots.lpf -c 0 -gui
     -msgset C:/git/cpld_lattice/MACHXO2/D_Slot_CPLD_LCMXO2-2000HC-4TG100C/uz_d_
     slots/promote.xml 
Target Vendor:  LATTICE
Target Device:  LCMXO2-2000HCTQFP100
Target Performance:   4
Mapper:  xo2c00,  version:  Diamond (64-bit) 3.14.0.75.2
Mapped on:  11/01/24  16:16:18

Design Summary
--------------

   Number of registers:      0 out of  2352 (0%)
      PFU registers:            0 out of  2112 (0%)
      PIO registers:            0 out of   240 (0%)
   Number of SLICEs:         1 out of  1056 (0%)
      SLICEs as Logic/ROM:      1 out of  1056 (0%)
      SLICEs as RAM:            0 out of   792 (0%)
      SLICEs as Carry:          0 out of  1056 (0%)
   Number of LUT4s:          1 out of  2112 (0%)
      Number used as logic LUTs:          1
      Number used as distributed RAM:     0
      Number used as ripple logic:        0
      Number used as shift registers:     0
   Number of PIO sites used: 59 + 4(JTAG) out of 80 (79%)
   Number of block RAMs:  0 out of 8 (0%)
   Number of GSRs:        0 out of 1 (0%)
   EFB used :        No
   JTAG used :       No
   Readback used :   No
   Oscillator used : No
   Startup used :    No
   POR :             On
   Bandgap :         On
   Number of Power Controller:  0 out of 1 (0%)
   Number of Dynamic Bank Controller (BCINRD):  0 out of 6 (0%)
   Number of Dynamic Bank Controller (BCLVDSO):  0 out of 1 (0%)
   Number of DCCA:  0 out of 8 (0%)
   Number of DCMA:  0 out of 2 (0%)
   Number of PLLs:  0 out of 1 (0%)
   Number of DQSDLLs:  0 out of 2 (0%)
   Number of CLKDIVC:  0 out of 4 (0%)
   Number of ECLKSYNCA:  0 out of 4 (0%)
   Number of ECLKBRIDGECS:  0 out of 2 (0%)
   Notes:-
      1. Total number of LUT4s = (Number of logic LUT4s) + 2*(Number of
     distributed RAMs) + 2*(Number of ripple logic)
      2. Number of logic LUT4s does not include count of distributed RAM and
     ripple logic.
   Number of clocks:  0

                                    Page 1




Design:  SignalRouter                                  Date:  11/01/24  16:16:18

Design Summary (cont)
---------------------
   Number of Clock Enables:  0
   Number of LSRs:  0
   Number of nets driven by tri-state buffers:  0
   Top 10 highest fanout non-clock nets:
     Net d_00_c_c: 1 loads
     Net d_01_c_c: 1 loads
     Net d_02_c_c: 1 loads
     Net d_03_c_c: 1 loads
     Net d_04_c_c: 1 loads
     Net d_05_c_c: 1 loads
     Net d_06_c_c: 1 loads
     Net d_07_c_c: 1 loads
     Net fpga_14_c_c: 1 loads
     Net fpga_23_c_c: 1 loads




   Number of warnings:  5
   Number of errors:    0
     

Design Errors/Warnings
----------------------

WARNING - map: C:/git/cpld_lattice/MACHXO2/D_Slot_CPLD_LCMXO2-2000HC-4TG100C/uz_
     d_slots/uz_d_slots.lpf(49): Semantic error in "IOBUF PORT "d_26"
     IO_TYPE=LVCMOS33 SLEWRATE=SLOW ;": Port "d_26" does not exist in the
     design. This preference has been disabled.
WARNING - map: SLEWRATE=SLOW for fpga_14_c_pad/IOBUF violates legal combination
     and is ignored.
WARNING - map: SLEWRATE=SLOW for fpga_23_c_pad/IOBUF violates legal combination
     and is ignored.
WARNING - map: input pad net 'd_26' has no legal load.
WARNING - map: IO buffer missing for top level port d_26...logic will be
     discarded.

IO (PIO) Attributes
-------------------

+---------------------+-----------+-----------+------------+
| IO Name             | Direction | Levelmode | IO         |
|                     |           |  IO_TYPE  | Register   |
+---------------------+-----------+-----------+------------+
| fpga_00             | OUTPUT    | LVCMOS18  |            |
+---------------------+-----------+-----------+------------+
| fpga_01             | OUTPUT    | LVCMOS18  |            |
+---------------------+-----------+-----------+------------+
| fpga_02             | OUTPUT    | LVCMOS18  |            |
+---------------------+-----------+-----------+------------+
| fpga_03             | OUTPUT    | LVCMOS18  |            |
+---------------------+-----------+-----------+------------+
| fpga_04             | OUTPUT    | LVCMOS18  |            |
+---------------------+-----------+-----------+------------+
| fpga_05             | OUTPUT    | LVCMOS18  |            |
+---------------------+-----------+-----------+------------+

                                    Page 2




Design:  SignalRouter                                  Date:  11/01/24  16:16:18

IO (PIO) Attributes (cont)
--------------------------
| fpga_14             | OUTPUT    | LVCMOS18  |            |
+---------------------+-----------+-----------+------------+
| fpga_23             | OUTPUT    | LVCMOS18  |            |
+---------------------+-----------+-----------+------------+
| fpga_24             | OUTPUT    | LVCMOS18  |            |
+---------------------+-----------+-----------+------------+
| fpga_25             | OUTPUT    | LVCMOS18  |            |
+---------------------+-----------+-----------+------------+
| fpga_26             | OUTPUT    | LVCMOS18  |            |
+---------------------+-----------+-----------+------------+
| fpga_27             | OUTPUT    | LVCMOS18  |            |
+---------------------+-----------+-----------+------------+
| fpga_28             | OUTPUT    | LVCMOS18  |            |
+---------------------+-----------+-----------+------------+
| fpga_29             | OUTPUT    | LVCMOS18  |            |
+---------------------+-----------+-----------+------------+
| d_00                | OUTPUT    | LVCMOS33  |            |
+---------------------+-----------+-----------+------------+
| d_01                | OUTPUT    | LVCMOS33  |            |
+---------------------+-----------+-----------+------------+
| d_02                | OUTPUT    | LVCMOS33  |            |
+---------------------+-----------+-----------+------------+
| d_03                | OUTPUT    | LVCMOS33  |            |
+---------------------+-----------+-----------+------------+
| d_04                | OUTPUT    | LVCMOS33  |            |
+---------------------+-----------+-----------+------------+
| d_05                | OUTPUT    | LVCMOS33  |            |
+---------------------+-----------+-----------+------------+
| d_06                | OUTPUT    | LVCMOS33  |            |
+---------------------+-----------+-----------+------------+
| d_07                | OUTPUT    | LVCMOS33  |            |
+---------------------+-----------+-----------+------------+
| d_09                | OUTPUT    | LVCMOS33  |            |
+---------------------+-----------+-----------+------------+
| d_10                | OUTPUT    | LVCMOS33  |            |
+---------------------+-----------+-----------+------------+
| d_11                | OUTPUT    | LVCMOS33  |            |
+---------------------+-----------+-----------+------------+
| d_12                | OUTPUT    | LVCMOS33  |            |
+---------------------+-----------+-----------+------------+
| d_13                | OUTPUT    | LVCMOS33  |            |
+---------------------+-----------+-----------+------------+
| d_14                | OUTPUT    | LVCMOS33  |            |
+---------------------+-----------+-----------+------------+
| d_15                | OUTPUT    | LVCMOS33  |            |
+---------------------+-----------+-----------+------------+
| d_16                | OUTPUT    | LVCMOS33  |            |
+---------------------+-----------+-----------+------------+
| d_18                | OUTPUT    | LVCMOS33  |            |
+---------------------+-----------+-----------+------------+
| d_19                | OUTPUT    | LVCMOS33  |            |
+---------------------+-----------+-----------+------------+
| d_20                | OUTPUT    | LVCMOS33  |            |
+---------------------+-----------+-----------+------------+
| d_21                | OUTPUT    | LVCMOS33  |            |
+---------------------+-----------+-----------+------------+

                                    Page 3




Design:  SignalRouter                                  Date:  11/01/24  16:16:18

IO (PIO) Attributes (cont)
--------------------------
| d_22                | OUTPUT    | LVCMOS33  |            |
+---------------------+-----------+-----------+------------+
| d_23                | OUTPUT    | LVCMOS33  |            |
+---------------------+-----------+-----------+------------+
| d_24                | OUTPUT    | LVCMOS33  |            |
+---------------------+-----------+-----------+------------+
| d_25                | OUTPUT    | LVCMOS33  |            |
+---------------------+-----------+-----------+------------+
| d_27                | OUTPUT    | LVCMOS33  |            |
+---------------------+-----------+-----------+------------+
| d_28                | OUTPUT    | LVCMOS33  |            |
+---------------------+-----------+-----------+------------+
| d_29                | OUTPUT    | LVCMOS33  |            |
+---------------------+-----------+-----------+------------+
| fpga_06             | INPUT     | LVCMOS18  |            |
+---------------------+-----------+-----------+------------+
| fpga_07             | INPUT     | LVCMOS18  |            |
+---------------------+-----------+-----------+------------+
| fpga_08             | INPUT     | LVCMOS18  |            |
+---------------------+-----------+-----------+------------+
| fpga_09             | INPUT     | LVCMOS18  |            |
+---------------------+-----------+-----------+------------+
| fpga_10             | INPUT     | LVCMOS18  |            |
+---------------------+-----------+-----------+------------+
| fpga_11             | INPUT     | LVCMOS18  |            |
+---------------------+-----------+-----------+------------+
| fpga_12             | INPUT     | LVCMOS18  |            |
+---------------------+-----------+-----------+------------+
| fpga_13             | INPUT     | LVCMOS18  |            |
+---------------------+-----------+-----------+------------+
| fpga_15             | INPUT     | LVCMOS18  |            |
+---------------------+-----------+-----------+------------+
| fpga_16             | INPUT     | LVCMOS18  |            |
+---------------------+-----------+-----------+------------+
| fpga_17             | INPUT     | LVCMOS18  |            |
+---------------------+-----------+-----------+------------+
| fpga_18             | INPUT     | LVCMOS18  |            |
+---------------------+-----------+-----------+------------+
| fpga_19             | INPUT     | LVCMOS18  |            |
+---------------------+-----------+-----------+------------+
| fpga_20             | INPUT     | LVCMOS18  |            |
+---------------------+-----------+-----------+------------+
| fpga_21             | INPUT     | LVCMOS18  |            |
+---------------------+-----------+-----------+------------+
| fpga_22             | INPUT     | LVCMOS18  |            |
+---------------------+-----------+-----------+------------+
| d_08                | INPUT     | LVCMOS33  |            |
+---------------------+-----------+-----------+------------+
| d_17                | INPUT     | LVCMOS33  |            |
+---------------------+-----------+-----------+------------+

Removed logic
-------------

Block i12 undriven or does not drive anything - clipped.
Block GSR_INST undriven or does not drive anything - clipped.

                                    Page 4




Design:  SignalRouter                                  Date:  11/01/24  16:16:18

Removed logic (cont)
--------------------
Signal VCC_net undriven or does not drive anything - clipped.

     

Run Time and Memory Usage
-------------------------

   Total CPU Time: 0 secs  
   Total REAL Time: 0 secs  
   Peak Memory Usage: 45 MB
        














































                                    Page 5


Copyright (c) 1991-1994 by NeoCAD Inc. All rights reserved.
     Copyright (c) 1995 AT&T Corp.   All rights reserved.
     Copyright (c) 1995-2001 Lucent Technologies Inc.  All rights reserved.
     Copyright (c) 2001 Agere Systems   All rights reserved.
     Copyright (c) 2002-2024 Lattice Semiconductor Corporation,  All rights
     reserved.
