Running in Lattice mode


Starting:    C:\ispLEVER_Classic2_1\synpbase\win64\mbin\synbatch.exe
Install:     C:\ispLEVER_Classic2_1\synpbase
Date:        Thu Dec 23 19:31:50 2021
Version:     I-2014.03LC 

Arguments:   -product synplify_pro  -batch c:/git/ultrazohm/software/cpld_lattice/evalboard/lc4256ze_ctl\count_osc.prj
ProductType: synplify_pro





log file: "C:\git\ultrazohm\software\cpld_lattice\evalboard\lc4256ze_ctl\count_osc.srr"

Running count_osc|lc4256ze_ctl

Running: Compile on count_osc|lc4256ze_ctl

Running: Compile Process on count_osc|lc4256ze_ctl

Running: Compile Input on count_osc|lc4256ze_ctl
Copied C:\git\ultrazohm\software\cpld_lattice\evalboard\lc4256ze_ctl\synwork\count_osc_comp.srs to C:\git\ultrazohm\software\cpld_lattice\evalboard\lc4256ze_ctl\count_osc.srs
compiler Completed
Return Code: 0
Run Time:0h:00m:01s

Running: Multi-srs Generator on count_osc|lc4256ze_ctl
Copied C:\git\ultrazohm\software\cpld_lattice\evalboard\lc4256ze_ctl\synwork\count_osc_comp.srs to C:\git\ultrazohm\software\cpld_lattice\evalboard\lc4256ze_ctl\synwork\count_osc_s.srs
multi_srs_gen Completed
Return Code: 0
Run Time:0h:00m:00s
Copied C:\git\ultrazohm\software\cpld_lattice\evalboard\lc4256ze_ctl\synwork\count_osc_mult.srs to C:\git\ultrazohm\software\cpld_lattice\evalboard\lc4256ze_ctl\count_osc.srs
Copied C:\git\ultrazohm\software\cpld_lattice\evalboard\lc4256ze_ctl\count_osc.srr to C:\git\ultrazohm\software\cpld_lattice\evalboard\lc4256ze_ctl\count_osc.srf
Complete: Compile Process on count_osc|lc4256ze_ctl
Complete: Compile on count_osc|lc4256ze_ctl

Running: Map on count_osc|lc4256ze_ctl

Running: Map & Optimize on count_osc|lc4256ze_ctl
fpga_mapper Completed
Return Code: 0
Run Time:0h:00m:01s
Complete: Map on count_osc|lc4256ze_ctl
Copied C:\git\ultrazohm\software\cpld_lattice\evalboard\lc4256ze_ctl\count_osc.srr to C:\git\ultrazohm\software\cpld_lattice\evalboard\lc4256ze_ctl\count_osc.srf
Complete: Logic Synthesis on count_osc|lc4256ze_ctl

exit status=0

exit status=0

