
Loading design for application trce from file uz_d_slots_uz_d_abs_encoder_ssi_rev01.ncd.
Design name: SignalRouter
NCD version: 3.3
Vendor:      LATTICE
Device:      LCMXO2-2000HC
Package:     TQFP100
Performance: 4
Loading device for application trce from file 'xo2c2000.nph' in environment: C:/lscc/diamond/3.14/ispfpga.
Package Status:                     Final          Version 1.44.
Performance Hardware Data Status:   Final          Version 36.4.
Setup and Hold Report

--------------------------------------------------------------------------------
Lattice TRACE Report - Setup, Version Diamond (64-bit) 3.14.0.75.2
Mon May 19 11:01:05 2025

Copyright (c) 1991-1994 by NeoCAD Inc. All rights reserved.
Copyright (c) 1995 AT&T Corp.   All rights reserved.
Copyright (c) 1995-2001 Lucent Technologies Inc.  All rights reserved.
Copyright (c) 2001 Agere Systems   All rights reserved.
Copyright (c) 2002-2024 Lattice Semiconductor Corporation,  All rights reserved.

Report Information
------------------
Command line:    trce -v 10 -gt -sethld -sp 4 -sphld m -o uz_d_slots_uz_d_abs_encoder_ssi_rev01.twr -gui -msgset C:/git/cpld_lattice/MACHXO2/D_Slot_CPLD_LCMXO2-2000HC-4TG100C/uz_d_slots/promote.xml uz_d_slots_uz_d_abs_encoder_ssi_rev01.ncd uz_d_slots_uz_d_abs_encoder_ssi_rev01.prf 
Design file:     uz_d_slots_uz_d_abs_encoder_ssi_rev01.ncd
Preference file: uz_d_slots_uz_d_abs_encoder_ssi_rev01.prf
Device,speed:    LCMXO2-2000HC,4
Report level:    verbose report, limited to 10 items per preference
--------------------------------------------------------------------------------

BLOCK ASYNCPATHS
BLOCK RESETPATHS
--------------------------------------------------------------------------------



================================================================================
Preference: Default path enumeration
            17 items scored, 0 timing errors detected.
--------------------------------------------------------------------------------

Report:   11.768ns delay fpga_27 to slotok

   Name    Fanout   Delay (ns)          Site               Resource
PADI_DEL    ---     1.767         96.PAD to       96.PADDI fpga_27
ROUTE         1     2.817       96.PADDI to      R2C17C.B0 fpga_27_c
CTOF_DEL    ---     0.495      R2C17C.B0 to      R2C17C.F0 SLICE_0
ROUTE         1     0.626      R2C17C.F0 to      R2C17C.D1 n6
CTOF_DEL    ---     0.495      R2C17C.D1 to      R2C17C.F1 SLICE_0
ROUTE         1     1.520      R2C17C.F1 to       81.PADDO slotok_c
DOPAD_DEL   ---     4.048       81.PADDO to         81.PAD slotok
                  --------
                   11.768   (57.8% logic, 42.2% route), 4 logic levels.

Report:   10.720ns delay fpga_29 to slotok

   Name    Fanout   Delay (ns)          Site               Resource
PADI_DEL    ---     1.767         87.PAD to       87.PADDI fpga_29
ROUTE         1     1.769       87.PADDI to      R2C17C.A0 fpga_29_c
CTOF_DEL    ---     0.495      R2C17C.A0 to      R2C17C.F0 SLICE_0
ROUTE         1     0.626      R2C17C.F0 to      R2C17C.D1 n6
CTOF_DEL    ---     0.495      R2C17C.D1 to      R2C17C.F1 SLICE_0
ROUTE         1     1.520      R2C17C.F1 to       81.PADDO slotok_c
DOPAD_DEL   ---     4.048       81.PADDO to         81.PAD slotok
                  --------
                   10.720   (63.5% logic, 36.5% route), 4 logic levels.

Report:   10.538ns delay reqsafestate to slotok

   Name    Fanout   Delay (ns)          Site               Resource
PADI_DEL    ---     1.767         76.PAD to       76.PADDI reqsafestate
ROUTE         1     2.708       76.PADDI to      R2C17C.A1 reqsafestate_c
CTOF_DEL    ---     0.495      R2C17C.A1 to      R2C17C.F1 SLICE_0
ROUTE         1     1.520      R2C17C.F1 to       81.PADDO slotok_c
DOPAD_DEL   ---     4.048       81.PADDO to         81.PAD slotok
                  --------
                   10.538   (59.9% logic, 40.1% route), 3 logic levels.

Report:   10.148ns delay fpga_26 to slotok

   Name    Fanout   Delay (ns)          Site               Resource
PADI_DEL    ---     1.767         97.PAD to       97.PADDI fpga_26
ROUTE         1     2.318       97.PADDI to      R2C17C.B1 fpga_26_c
CTOF_DEL    ---     0.495      R2C17C.B1 to      R2C17C.F1 SLICE_0
ROUTE         1     1.520      R2C17C.F1 to       81.PADDO slotok_c
DOPAD_DEL   ---     4.048       81.PADDO to         81.PAD slotok
                  --------
                   10.148   (62.2% logic, 37.8% route), 3 logic levels.

Report:    9.776ns delay fpga_28 to slotok

   Name    Fanout   Delay (ns)          Site               Resource
PADI_DEL    ---     1.767         88.PAD to       88.PADDI fpga_28
ROUTE         1     1.946       88.PADDI to      R2C17C.C1 fpga_28_c
CTOF_DEL    ---     0.495      R2C17C.C1 to      R2C17C.F1 SLICE_0
ROUTE         1     1.520      R2C17C.F1 to       81.PADDO slotok_c
DOPAD_DEL   ---     4.048       81.PADDO to         81.PAD slotok
                  --------
                    9.776   (64.5% logic, 35.5% route), 3 logic levels.

Report:    9.226ns delay d_00 to fpga_06

   Name    Fanout   Delay (ns)          Site               Resource
PADI_DEL    ---     1.132         17.PAD to       17.PADDI d_00
ROUTE         1     4.046       17.PADDI to       42.PADDO fpga_06_c_c
DOPAD_DEL   ---     4.048       42.PADDO to         42.PAD fpga_06
                  --------
                    9.226   (56.1% logic, 43.9% route), 2 logic levels.

Report:    8.865ns delay fpga_15 to d_09

   Name    Fanout   Delay (ns)          Site               Resource
PADI_DEL    ---     1.767         24.PAD to       24.PADDI fpga_15
ROUTE         1     4.301       24.PADDI to       57.PADDO d_09_c_c
DOPAD_DEL   ---     2.797       57.PADDO to         57.PAD d_09
                  --------
                    8.865   (51.5% logic, 48.5% route), 2 logic levels.

Report:    8.504ns delay fpga_14 to d_08

   Name    Fanout   Delay (ns)          Site               Resource
PADI_DEL    ---     1.767         37.PAD to       37.PADDI fpga_14
ROUTE         1     3.940       37.PADDI to        9.PADDO d_08_c_c
DOPAD_DEL   ---     2.797        9.PADDO to          9.PAD d_08
                  --------
                    8.504   (53.7% logic, 46.3% route), 2 logic levels.

Report:    8.441ns delay fpga_23 to d_17

   Name    Fanout   Delay (ns)          Site               Resource
PADI_DEL    ---     1.767         28.PAD to       28.PADDI fpga_23
ROUTE         1     3.877       28.PADDI to       61.PADDO d_17_c_c
DOPAD_DEL   ---     2.797       61.PADDO to         61.PAD d_17
                  --------
                    8.441   (54.1% logic, 45.9% route), 2 logic levels.

Report:    8.408ns delay fpga_17 to d_11

   Name    Fanout   Delay (ns)          Site               Resource
PADI_DEL    ---     1.767         19.PAD to       19.PADDI fpga_17
ROUTE         1     3.844       19.PADDI to       58.PADDO d_11_c_c
DOPAD_DEL   ---     2.797       58.PADDO to         58.PAD d_11
                  --------
                    8.408   (54.3% logic, 45.7% route), 2 logic levels.

Report:   11.768ns is the maximum delay for this preference.


================================================================================
Preference: Default net enumeration
            20 items scored, 0 timing errors detected.
--------------------------------------------------------------------------------

Report:    4.301ns maximum delay on d_09_c_c

           Delays             Connection(s)
           4.301ns         24.PADDI to 57.PADDO        

Report:    4.046ns maximum delay on fpga_06_c_c

           Delays             Connection(s)
           4.046ns         17.PADDI to 42.PADDO        

Report:    3.940ns maximum delay on d_08_c_c

           Delays             Connection(s)
           3.940ns         37.PADDI to 9.PADDO         

Report:    3.877ns maximum delay on d_17_c_c

           Delays             Connection(s)
           3.877ns         28.PADDI to 61.PADDO        

Report:    3.844ns maximum delay on d_11_c_c

           Delays             Connection(s)
           3.844ns         19.PADDI to 58.PADDO        

Report:    3.627ns maximum delay on d_04_c_c

           Delays             Connection(s)
           3.627ns         38.PADDI to 15.PADDO        

Report:    3.436ns maximum delay on d_16_c_c

           Delays             Connection(s)
           3.436ns         27.PADDI to 3.PADDO         

Report:    3.147ns maximum delay on d_05_c_c

           Delays             Connection(s)
           3.147ns         34.PADDI to 53.PADDO        

Report:    2.854ns maximum delay on d_14_c_c

           Delays             Connection(s)
           2.854ns         29.PADDI to 13.PADDO        

Report:    2.817ns maximum delay on fpga_27_c

           Delays             Connection(s)
           2.817ns         96.PADDI to R2C17C.B0       

Report:    4.301ns is the maximum delay for this preference.

Report Summary
--------------
----------------------------------------------------------------------------
Preference                              |   Constraint|       Actual|Levels
----------------------------------------------------------------------------
                                        |             |             |
Default path enumeration                |     0.000 ns|    11.768 ns|   0  
                                        |             |             |
Default net enumeration                 |     0.000 ns|     4.301 ns|   0  
                                        |             |             |
----------------------------------------------------------------------------


All preferences were met.


Clock Domains Analysis
------------------------

Found 0 clocks:


Timing summary (Setup):
---------------

Timing errors: 0  Score: 0
Cumulative negative slack: 0

Constraints cover 17 paths, 20 nets, and 20 connections (100.00% coverage)

--------------------------------------------------------------------------------

