
Loading design for application trce from file uz_rev05_s3c_s3c_i2c_25.ncd.
Design name: Waiting_for_Powerbutton_pressed_V0
NCD version: 3.3
Vendor:      LATTICE
Device:      LCMXO2-4000HC
Package:     TQFP144
Performance: 4
Loading device for application trce from file 'xo2c4000.nph' in environment: C:/lscc/diamond/3.13/ispfpga.
Package Status:                     Final          Version 1.44.
Performance Hardware Data Status:   Final          Version 34.4.
Setup and Hold Report

--------------------------------------------------------------------------------
Lattice TRACE Report - Setup, Version Diamond (64-bit) 3.13.0.56.2
Thu May 08 17:33:12 2025

Copyright (c) 1991-1994 by NeoCAD Inc. All rights reserved.
Copyright (c) 1995 AT&T Corp.   All rights reserved.
Copyright (c) 1995-2001 Lucent Technologies Inc.  All rights reserved.
Copyright (c) 2001 Agere Systems   All rights reserved.
Copyright (c) 2002-2023 Lattice Semiconductor Corporation,  All rights reserved.

Report Information
------------------
Command line:    trce -v 10 -gt -sethld -sp 4 -sphld m -o UZ_Rev05_S3C_S3C_I2C_25.twr -gui -msgset C:/cpld/cpld_lattice/MACHXO2/S3C_CPLD_LCMXO2-4000HC-4TG144C/promote.xml UZ_Rev05_S3C_S3C_I2C_25.ncd UZ_Rev05_S3C_S3C_I2C_25.prf 
Design file:     uz_rev05_s3c_s3c_i2c_25.ncd
Preference file: uz_rev05_s3c_s3c_i2c_25.prf
Device,speed:    LCMXO2-4000HC,4
Report level:    verbose report, limited to 10 items per preference
--------------------------------------------------------------------------------


Derating parameters
-------------------
VCCIO Voltage:
                   3.300 V (Bank 0, defined by PAR)
                   1.800 V (Bank 1, defined by PAR)
                   1.800 V (Bank 2, defined by PAR)
                   1.800 V (Bank 3, defined by PAR)
                   3.300 V (Bank 4, defined by PAR)
                   3.300 V (Bank 5, defined by PAR)



================================================================================
Preference: FREQUENCY NET "clk" 7.000000 MHz ;
            4096 items scored, 0 timing errors detected.
--------------------------------------------------------------------------------


Passed: The following path meets requirements by 127.004ns

 Logical Details:  Cell type  Pin type       Cell/ASIC name  (clock net +/-)

   Source:         FF         Q              counter_i0_i24  (from clk +)
   Destination:    FF         Data in        counter_i0_i3  (to clk +)

   Delay:              15.579ns  (25.1% logic, 74.9% route), 8 logic levels.

 Constraint Details:

     15.579ns physical path delay SLICE_185 to SLICE_34 meets
    142.857ns delay constraint less
      0.000ns skew and
      0.274ns LSR_SET requirement (totaling 142.583ns) by 127.004ns

 Physical Path Details:

      Data path SLICE_185 to SLICE_34:

   Name    Fanout   Delay (ns)          Site               Resource
REG_DEL     ---     0.452    R13C21D.CLK to     R13C21D.Q0 SLICE_185 (from clk)
ROUTE         2     2.081     R13C21D.Q0 to     R12C17D.B0 counter_24
CTOF_DEL    ---     0.495     R12C17D.B0 to     R12C17D.F0 SLICE_341
ROUTE         1     1.383     R12C17D.F0 to     R13C17C.A0 n40
CTOF_DEL    ---     0.495     R13C17C.A0 to     R13C17C.F0 SLICE_308
ROUTE         1     0.436     R13C17C.F0 to     R13C17B.C1 n48_adj_1458
CTOF_DEL    ---     0.495     R13C17B.C1 to     R13C17B.F1 SLICE_291
ROUTE        21     2.638     R13C17B.F1 to      R9C20B.C1 FPIO_isoCtrlRSTn_N_1288
CTOF_DEL    ---     0.495      R9C20B.C1 to      R9C20B.F1 SLICE_310
ROUTE         1     1.294      R9C20B.F1 to     R12C19B.C1 n9494
CTOF_DEL    ---     0.495     R12C19B.C1 to     R12C19B.F1 SLICE_295
ROUTE         2     0.445     R12C19B.F1 to     R12C19B.C0 n9498
CTOF_DEL    ---     0.495     R12C19B.C0 to     R12C19B.F0 SLICE_295
ROUTE        17     1.839     R12C19B.F0 to     R13C21B.A1 clk_enable_157
CTOF_DEL    ---     0.495     R13C21B.A1 to     R13C21B.F1 SLICE_334
ROUTE         4     1.546     R13C21B.F1 to    R14C18C.LSR n6020 (to clk)
                  --------
                   15.579   (25.1% logic, 74.9% route), 8 logic levels.

 Clock Skew Details: 

      Source Clock Path OSCInst0 to SLICE_185:

   Name    Fanout   Delay (ns)          Site               Resource
ROUTE       174     4.084        OSC.OSC to    R13C21D.CLK clk
                  --------
                    4.084   (0.0% logic, 100.0% route), 0 logic levels.

      Destination Clock Path OSCInst0 to SLICE_34:

   Name    Fanout   Delay (ns)          Site               Resource
ROUTE       174     4.084        OSC.OSC to    R14C18C.CLK clk
                  --------
                    4.084   (0.0% logic, 100.0% route), 0 logic levels.


Passed: The following path meets requirements by 127.004ns

 Logical Details:  Cell type  Pin type       Cell/ASIC name  (clock net +/-)

   Source:         FF         Q              counter_i0_i24  (from clk +)
   Destination:    FF         Data in        counter_i0_i2  (to clk +)
                   FF                        counter_i0_i1

   Delay:              15.579ns  (25.1% logic, 74.9% route), 8 logic levels.

 Constraint Details:

     15.579ns physical path delay SLICE_185 to SLICE_35 meets
    142.857ns delay constraint less
      0.000ns skew and
      0.274ns LSR_SET requirement (totaling 142.583ns) by 127.004ns

 Physical Path Details:

      Data path SLICE_185 to SLICE_35:

   Name    Fanout   Delay (ns)          Site               Resource
REG_DEL     ---     0.452    R13C21D.CLK to     R13C21D.Q0 SLICE_185 (from clk)
ROUTE         2     2.081     R13C21D.Q0 to     R12C17D.B0 counter_24
CTOF_DEL    ---     0.495     R12C17D.B0 to     R12C17D.F0 SLICE_341
ROUTE         1     1.383     R12C17D.F0 to     R13C17C.A0 n40
CTOF_DEL    ---     0.495     R13C17C.A0 to     R13C17C.F0 SLICE_308
ROUTE         1     0.436     R13C17C.F0 to     R13C17B.C1 n48_adj_1458
CTOF_DEL    ---     0.495     R13C17B.C1 to     R13C17B.F1 SLICE_291
ROUTE        21     2.638     R13C17B.F1 to      R9C20B.C1 FPIO_isoCtrlRSTn_N_1288
CTOF_DEL    ---     0.495      R9C20B.C1 to      R9C20B.F1 SLICE_310
ROUTE         1     1.294      R9C20B.F1 to     R12C19B.C1 n9494
CTOF_DEL    ---     0.495     R12C19B.C1 to     R12C19B.F1 SLICE_295
ROUTE         2     0.445     R12C19B.F1 to     R12C19B.C0 n9498
CTOF_DEL    ---     0.495     R12C19B.C0 to     R12C19B.F0 SLICE_295
ROUTE        17     1.839     R12C19B.F0 to     R13C21B.A1 clk_enable_157
CTOF_DEL    ---     0.495     R13C21B.A1 to     R13C21B.F1 SLICE_334
ROUTE         4     1.546     R13C21B.F1 to    R14C18B.LSR n6020 (to clk)
                  --------
                   15.579   (25.1% logic, 74.9% route), 8 logic levels.

 Clock Skew Details: 

      Source Clock Path OSCInst0 to SLICE_185:

   Name    Fanout   Delay (ns)          Site               Resource
ROUTE       174     4.084        OSC.OSC to    R13C21D.CLK clk
                  --------
                    4.084   (0.0% logic, 100.0% route), 0 logic levels.

      Destination Clock Path OSCInst0 to SLICE_35:

   Name    Fanout   Delay (ns)          Site               Resource
ROUTE       174     4.084        OSC.OSC to    R14C18B.CLK clk
                  --------
                    4.084   (0.0% logic, 100.0% route), 0 logic levels.


Passed: The following path meets requirements by 127.004ns

 Logical Details:  Cell type  Pin type       Cell/ASIC name  (clock net +/-)

   Source:         FF         Q              counter_i0_i24  (from clk +)
   Destination:    FF         Data in        counter_i0_i0  (to clk +)

   Delay:              15.579ns  (25.1% logic, 74.9% route), 8 logic levels.

 Constraint Details:

     15.579ns physical path delay SLICE_185 to SLICE_41 meets
    142.857ns delay constraint less
      0.000ns skew and
      0.274ns LSR_SET requirement (totaling 142.583ns) by 127.004ns

 Physical Path Details:

      Data path SLICE_185 to SLICE_41:

   Name    Fanout   Delay (ns)          Site               Resource
REG_DEL     ---     0.452    R13C21D.CLK to     R13C21D.Q0 SLICE_185 (from clk)
ROUTE         2     2.081     R13C21D.Q0 to     R12C17D.B0 counter_24
CTOF_DEL    ---     0.495     R12C17D.B0 to     R12C17D.F0 SLICE_341
ROUTE         1     1.383     R12C17D.F0 to     R13C17C.A0 n40
CTOF_DEL    ---     0.495     R13C17C.A0 to     R13C17C.F0 SLICE_308
ROUTE         1     0.436     R13C17C.F0 to     R13C17B.C1 n48_adj_1458
CTOF_DEL    ---     0.495     R13C17B.C1 to     R13C17B.F1 SLICE_291
ROUTE        21     2.638     R13C17B.F1 to      R9C20B.C1 FPIO_isoCtrlRSTn_N_1288
CTOF_DEL    ---     0.495      R9C20B.C1 to      R9C20B.F1 SLICE_310
ROUTE         1     1.294      R9C20B.F1 to     R12C19B.C1 n9494
CTOF_DEL    ---     0.495     R12C19B.C1 to     R12C19B.F1 SLICE_295
ROUTE         2     0.445     R12C19B.F1 to     R12C19B.C0 n9498
CTOF_DEL    ---     0.495     R12C19B.C0 to     R12C19B.F0 SLICE_295
ROUTE        17     1.839     R12C19B.F0 to     R13C21B.A1 clk_enable_157
CTOF_DEL    ---     0.495     R13C21B.A1 to     R13C21B.F1 SLICE_334
ROUTE         4     1.546     R13C21B.F1 to    R14C18A.LSR n6020 (to clk)
                  --------
                   15.579   (25.1% logic, 74.9% route), 8 logic levels.

 Clock Skew Details: 

      Source Clock Path OSCInst0 to SLICE_185:

   Name    Fanout   Delay (ns)          Site               Resource
ROUTE       174     4.084        OSC.OSC to    R13C21D.CLK clk
                  --------
                    4.084   (0.0% logic, 100.0% route), 0 logic levels.

      Destination Clock Path OSCInst0 to SLICE_41:

   Name    Fanout   Delay (ns)          Site               Resource
ROUTE       174     4.084        OSC.OSC to    R14C18A.CLK clk
                  --------
                    4.084   (0.0% logic, 100.0% route), 0 logic levels.


Passed: The following path meets requirements by 127.047ns

 Logical Details:  Cell type  Pin type       Cell/ASIC name  (clock net +/-)

   Source:         FF         Q              counter_i0_i24  (from clk +)
   Destination:    FF         Data in        counter_i0_i13  (to clk +)

   Delay:              15.536ns  (25.2% logic, 74.8% route), 8 logic levels.

 Constraint Details:

     15.536ns physical path delay SLICE_185 to SLICE_18 meets
    142.857ns delay constraint less
      0.000ns skew and
      0.274ns LSR_SET requirement (totaling 142.583ns) by 127.047ns

 Physical Path Details:

      Data path SLICE_185 to SLICE_18:

   Name    Fanout   Delay (ns)          Site               Resource
REG_DEL     ---     0.452    R13C21D.CLK to     R13C21D.Q0 SLICE_185 (from clk)
ROUTE         2     2.081     R13C21D.Q0 to     R12C17D.B0 counter_24
CTOF_DEL    ---     0.495     R12C17D.B0 to     R12C17D.F0 SLICE_341
ROUTE         1     1.383     R12C17D.F0 to     R13C17C.A0 n40
CTOF_DEL    ---     0.495     R13C17C.A0 to     R13C17C.F0 SLICE_308
ROUTE         1     0.436     R13C17C.F0 to     R13C17B.C1 n48_adj_1458
CTOF_DEL    ---     0.495     R13C17B.C1 to     R13C17B.F1 SLICE_291
ROUTE        21     2.638     R13C17B.F1 to      R9C20B.C1 FPIO_isoCtrlRSTn_N_1288
CTOF_DEL    ---     0.495      R9C20B.C1 to      R9C20B.F1 SLICE_310
ROUTE         1     1.294      R9C20B.F1 to     R12C19B.C1 n9494
CTOF_DEL    ---     0.495     R12C19B.C1 to     R12C19B.F1 SLICE_295
ROUTE         2     0.445     R12C19B.F1 to     R12C19B.C0 n9498
CTOF_DEL    ---     0.495     R12C19B.C0 to     R12C19B.F0 SLICE_295
ROUTE        17     1.839     R12C19B.F0 to     R13C21B.A1 clk_enable_157
CTOF_DEL    ---     0.495     R13C21B.A1 to     R13C21B.F1 SLICE_334
ROUTE         4     1.503     R13C21B.F1 to    R14C19D.LSR n6020 (to clk)
                  --------
                   15.536   (25.2% logic, 74.8% route), 8 logic levels.

 Clock Skew Details: 

      Source Clock Path OSCInst0 to SLICE_185:

   Name    Fanout   Delay (ns)          Site               Resource
ROUTE       174     4.084        OSC.OSC to    R13C21D.CLK clk
                  --------
                    4.084   (0.0% logic, 100.0% route), 0 logic levels.

      Destination Clock Path OSCInst0 to SLICE_18:

   Name    Fanout   Delay (ns)          Site               Resource
ROUTE       174     4.084        OSC.OSC to    R14C19D.CLK clk
                  --------
                    4.084   (0.0% logic, 100.0% route), 0 logic levels.


Passed: The following path meets requirements by 127.112ns

 Logical Details:  Cell type  Pin type       Cell/ASIC name  (clock net +/-)

   Source:         FF         Q              counter_i0_i24  (from clk +)
   Destination:    FF         Data in        counter_i0_i3  (to clk +)

   Delay:              15.471ns  (26.8% logic, 73.2% route), 8 logic levels.

 Constraint Details:

     15.471ns physical path delay SLICE_185 to SLICE_34 meets
    142.857ns delay constraint less
      0.000ns skew and
      0.274ns LSR_SET requirement (totaling 142.583ns) by 127.112ns

 Physical Path Details:

      Data path SLICE_185 to SLICE_34:

   Name    Fanout   Delay (ns)          Site               Resource
REG_DEL     ---     0.452    R13C21D.CLK to     R13C21D.Q0 SLICE_185 (from clk)
ROUTE         2     2.081     R13C21D.Q0 to     R12C17D.B0 counter_24
CTOF_DEL    ---     0.495     R12C17D.B0 to     R12C17D.F0 SLICE_341
ROUTE         1     1.383     R12C17D.F0 to     R13C17C.A0 n40
CTOF_DEL    ---     0.495     R13C17C.A0 to     R13C17C.F0 SLICE_308
ROUTE         1     0.436     R13C17C.F0 to     R13C17B.C1 n48_adj_1458
CTOF_DEL    ---     0.495     R13C17B.C1 to     R13C17B.F1 SLICE_291
ROUTE        21     2.414     R13C17B.F1 to      R9C19C.B1 FPIO_isoCtrlRSTn_N_1288
CTOOFX_DEL  ---     0.721      R9C19C.B1 to    R9C19C.OFX0 i5369/SLICE_248
ROUTE         1     1.184    R9C19C.OFX0 to     R12C19B.D1 n9497
CTOF_DEL    ---     0.495     R12C19B.D1 to     R12C19B.F1 SLICE_295
ROUTE         2     0.445     R12C19B.F1 to     R12C19B.C0 n9498
CTOF_DEL    ---     0.495     R12C19B.C0 to     R12C19B.F0 SLICE_295
ROUTE        17     1.839     R12C19B.F0 to     R13C21B.A1 clk_enable_157
CTOF_DEL    ---     0.495     R13C21B.A1 to     R13C21B.F1 SLICE_334
ROUTE         4     1.546     R13C21B.F1 to    R14C18C.LSR n6020 (to clk)
                  --------
                   15.471   (26.8% logic, 73.2% route), 8 logic levels.

 Clock Skew Details: 

      Source Clock Path OSCInst0 to SLICE_185:

   Name    Fanout   Delay (ns)          Site               Resource
ROUTE       174     4.084        OSC.OSC to    R13C21D.CLK clk
                  --------
                    4.084   (0.0% logic, 100.0% route), 0 logic levels.

      Destination Clock Path OSCInst0 to SLICE_34:

   Name    Fanout   Delay (ns)          Site               Resource
ROUTE       174     4.084        OSC.OSC to    R14C18C.CLK clk
                  --------
                    4.084   (0.0% logic, 100.0% route), 0 logic levels.


Passed: The following path meets requirements by 127.112ns

 Logical Details:  Cell type  Pin type       Cell/ASIC name  (clock net +/-)

   Source:         FF         Q              counter_i0_i24  (from clk +)
   Destination:    FF         Data in        counter_i0_i2  (to clk +)
                   FF                        counter_i0_i1

   Delay:              15.471ns  (26.8% logic, 73.2% route), 8 logic levels.

 Constraint Details:

     15.471ns physical path delay SLICE_185 to SLICE_35 meets
    142.857ns delay constraint less
      0.000ns skew and
      0.274ns LSR_SET requirement (totaling 142.583ns) by 127.112ns

 Physical Path Details:

      Data path SLICE_185 to SLICE_35:

   Name    Fanout   Delay (ns)          Site               Resource
REG_DEL     ---     0.452    R13C21D.CLK to     R13C21D.Q0 SLICE_185 (from clk)
ROUTE         2     2.081     R13C21D.Q0 to     R12C17D.B0 counter_24
CTOF_DEL    ---     0.495     R12C17D.B0 to     R12C17D.F0 SLICE_341
ROUTE         1     1.383     R12C17D.F0 to     R13C17C.A0 n40
CTOF_DEL    ---     0.495     R13C17C.A0 to     R13C17C.F0 SLICE_308
ROUTE         1     0.436     R13C17C.F0 to     R13C17B.C1 n48_adj_1458
CTOF_DEL    ---     0.495     R13C17B.C1 to     R13C17B.F1 SLICE_291
ROUTE        21     2.414     R13C17B.F1 to      R9C19C.B1 FPIO_isoCtrlRSTn_N_1288
CTOOFX_DEL  ---     0.721      R9C19C.B1 to    R9C19C.OFX0 i5369/SLICE_248
ROUTE         1     1.184    R9C19C.OFX0 to     R12C19B.D1 n9497
CTOF_DEL    ---     0.495     R12C19B.D1 to     R12C19B.F1 SLICE_295
ROUTE         2     0.445     R12C19B.F1 to     R12C19B.C0 n9498
CTOF_DEL    ---     0.495     R12C19B.C0 to     R12C19B.F0 SLICE_295
ROUTE        17     1.839     R12C19B.F0 to     R13C21B.A1 clk_enable_157
CTOF_DEL    ---     0.495     R13C21B.A1 to     R13C21B.F1 SLICE_334
ROUTE         4     1.546     R13C21B.F1 to    R14C18B.LSR n6020 (to clk)
                  --------
                   15.471   (26.8% logic, 73.2% route), 8 logic levels.

 Clock Skew Details: 

      Source Clock Path OSCInst0 to SLICE_185:

   Name    Fanout   Delay (ns)          Site               Resource
ROUTE       174     4.084        OSC.OSC to    R13C21D.CLK clk
                  --------
                    4.084   (0.0% logic, 100.0% route), 0 logic levels.

      Destination Clock Path OSCInst0 to SLICE_35:

   Name    Fanout   Delay (ns)          Site               Resource
ROUTE       174     4.084        OSC.OSC to    R14C18B.CLK clk
                  --------
                    4.084   (0.0% logic, 100.0% route), 0 logic levels.


Passed: The following path meets requirements by 127.112ns

 Logical Details:  Cell type  Pin type       Cell/ASIC name  (clock net +/-)

   Source:         FF         Q              counter_i0_i24  (from clk +)
   Destination:    FF         Data in        counter_i0_i0  (to clk +)

   Delay:              15.471ns  (26.8% logic, 73.2% route), 8 logic levels.

 Constraint Details:

     15.471ns physical path delay SLICE_185 to SLICE_41 meets
    142.857ns delay constraint less
      0.000ns skew and
      0.274ns LSR_SET requirement (totaling 142.583ns) by 127.112ns

 Physical Path Details:

      Data path SLICE_185 to SLICE_41:

   Name    Fanout   Delay (ns)          Site               Resource
REG_DEL     ---     0.452    R13C21D.CLK to     R13C21D.Q0 SLICE_185 (from clk)
ROUTE         2     2.081     R13C21D.Q0 to     R12C17D.B0 counter_24
CTOF_DEL    ---     0.495     R12C17D.B0 to     R12C17D.F0 SLICE_341
ROUTE         1     1.383     R12C17D.F0 to     R13C17C.A0 n40
CTOF_DEL    ---     0.495     R13C17C.A0 to     R13C17C.F0 SLICE_308
ROUTE         1     0.436     R13C17C.F0 to     R13C17B.C1 n48_adj_1458
CTOF_DEL    ---     0.495     R13C17B.C1 to     R13C17B.F1 SLICE_291
ROUTE        21     2.414     R13C17B.F1 to      R9C19C.B1 FPIO_isoCtrlRSTn_N_1288
CTOOFX_DEL  ---     0.721      R9C19C.B1 to    R9C19C.OFX0 i5369/SLICE_248
ROUTE         1     1.184    R9C19C.OFX0 to     R12C19B.D1 n9497
CTOF_DEL    ---     0.495     R12C19B.D1 to     R12C19B.F1 SLICE_295
ROUTE         2     0.445     R12C19B.F1 to     R12C19B.C0 n9498
CTOF_DEL    ---     0.495     R12C19B.C0 to     R12C19B.F0 SLICE_295
ROUTE        17     1.839     R12C19B.F0 to     R13C21B.A1 clk_enable_157
CTOF_DEL    ---     0.495     R13C21B.A1 to     R13C21B.F1 SLICE_334
ROUTE         4     1.546     R13C21B.F1 to    R14C18A.LSR n6020 (to clk)
                  --------
                   15.471   (26.8% logic, 73.2% route), 8 logic levels.

 Clock Skew Details: 

      Source Clock Path OSCInst0 to SLICE_185:

   Name    Fanout   Delay (ns)          Site               Resource
ROUTE       174     4.084        OSC.OSC to    R13C21D.CLK clk
                  --------
                    4.084   (0.0% logic, 100.0% route), 0 logic levels.

      Destination Clock Path OSCInst0 to SLICE_41:

   Name    Fanout   Delay (ns)          Site               Resource
ROUTE       174     4.084        OSC.OSC to    R14C18A.CLK clk
                  --------
                    4.084   (0.0% logic, 100.0% route), 0 logic levels.


Passed: The following path meets requirements by 127.155ns

 Logical Details:  Cell type  Pin type       Cell/ASIC name  (clock net +/-)

   Source:         FF         Q              counter_i0_i24  (from clk +)
   Destination:    FF         Data in        counter_i0_i13  (to clk +)

   Delay:              15.428ns  (26.9% logic, 73.1% route), 8 logic levels.

 Constraint Details:

     15.428ns physical path delay SLICE_185 to SLICE_18 meets
    142.857ns delay constraint less
      0.000ns skew and
      0.274ns LSR_SET requirement (totaling 142.583ns) by 127.155ns

 Physical Path Details:

      Data path SLICE_185 to SLICE_18:

   Name    Fanout   Delay (ns)          Site               Resource
REG_DEL     ---     0.452    R13C21D.CLK to     R13C21D.Q0 SLICE_185 (from clk)
ROUTE         2     2.081     R13C21D.Q0 to     R12C17D.B0 counter_24
CTOF_DEL    ---     0.495     R12C17D.B0 to     R12C17D.F0 SLICE_341
ROUTE         1     1.383     R12C17D.F0 to     R13C17C.A0 n40
CTOF_DEL    ---     0.495     R13C17C.A0 to     R13C17C.F0 SLICE_308
ROUTE         1     0.436     R13C17C.F0 to     R13C17B.C1 n48_adj_1458
CTOF_DEL    ---     0.495     R13C17B.C1 to     R13C17B.F1 SLICE_291
ROUTE        21     2.414     R13C17B.F1 to      R9C19C.B1 FPIO_isoCtrlRSTn_N_1288
CTOOFX_DEL  ---     0.721      R9C19C.B1 to    R9C19C.OFX0 i5369/SLICE_248
ROUTE         1     1.184    R9C19C.OFX0 to     R12C19B.D1 n9497
CTOF_DEL    ---     0.495     R12C19B.D1 to     R12C19B.F1 SLICE_295
ROUTE         2     0.445     R12C19B.F1 to     R12C19B.C0 n9498
CTOF_DEL    ---     0.495     R12C19B.C0 to     R12C19B.F0 SLICE_295
ROUTE        17     1.839     R12C19B.F0 to     R13C21B.A1 clk_enable_157
CTOF_DEL    ---     0.495     R13C21B.A1 to     R13C21B.F1 SLICE_334
ROUTE         4     1.503     R13C21B.F1 to    R14C19D.LSR n6020 (to clk)
                  --------
                   15.428   (26.9% logic, 73.1% route), 8 logic levels.

 Clock Skew Details: 

      Source Clock Path OSCInst0 to SLICE_185:

   Name    Fanout   Delay (ns)          Site               Resource
ROUTE       174     4.084        OSC.OSC to    R13C21D.CLK clk
                  --------
                    4.084   (0.0% logic, 100.0% route), 0 logic levels.

      Destination Clock Path OSCInst0 to SLICE_18:

   Name    Fanout   Delay (ns)          Site               Resource
ROUTE       174     4.084        OSC.OSC to    R14C19D.CLK clk
                  --------
                    4.084   (0.0% logic, 100.0% route), 0 logic levels.


Passed: The following path meets requirements by 127.193ns

 Logical Details:  Cell type  Pin type       Cell/ASIC name  (clock net +/-)

   Source:         FF         Q              counter_i0_i13  (from clk +)
   Destination:    FF         Data in        counter_i0_i3  (to clk +)

   Delay:              15.390ns  (28.7% logic, 71.3% route), 9 logic levels.

 Constraint Details:

     15.390ns physical path delay SLICE_18 to SLICE_34 meets
    142.857ns delay constraint less
      0.000ns skew and
      0.274ns LSR_SET requirement (totaling 142.583ns) by 127.193ns

 Physical Path Details:

      Data path SLICE_18 to SLICE_34:

   Name    Fanout   Delay (ns)          Site               Resource
REG_DEL     ---     0.452    R14C19D.CLK to     R14C19D.Q0 SLICE_18 (from clk)
ROUTE         2     1.086     R14C19D.Q0 to     R13C18C.C1 counter_13
CTOF_DEL    ---     0.495     R13C18C.C1 to     R13C18C.F1 SLICE_222
ROUTE         1     0.693     R13C18C.F1 to     R13C18B.B0 n42
CTOF_DEL    ---     0.495     R13C18B.B0 to     R13C18B.F0 SLICE_309
ROUTE         1     1.001     R13C18B.F0 to     R13C17C.B0 n46
CTOF_DEL    ---     0.495     R13C17C.B0 to     R13C17C.F0 SLICE_308
ROUTE         1     0.436     R13C17C.F0 to     R13C17B.C1 n48_adj_1458
CTOF_DEL    ---     0.495     R13C17B.C1 to     R13C17B.F1 SLICE_291
ROUTE        21     2.638     R13C17B.F1 to      R9C20B.C1 FPIO_isoCtrlRSTn_N_1288
CTOF_DEL    ---     0.495      R9C20B.C1 to      R9C20B.F1 SLICE_310
ROUTE         1     1.294      R9C20B.F1 to     R12C19B.C1 n9494
CTOF_DEL    ---     0.495     R12C19B.C1 to     R12C19B.F1 SLICE_295
ROUTE         2     0.445     R12C19B.F1 to     R12C19B.C0 n9498
CTOF_DEL    ---     0.495     R12C19B.C0 to     R12C19B.F0 SLICE_295
ROUTE        17     1.839     R12C19B.F0 to     R13C21B.A1 clk_enable_157
CTOF_DEL    ---     0.495     R13C21B.A1 to     R13C21B.F1 SLICE_334
ROUTE         4     1.546     R13C21B.F1 to    R14C18C.LSR n6020 (to clk)
                  --------
                   15.390   (28.7% logic, 71.3% route), 9 logic levels.

 Clock Skew Details: 

      Source Clock Path OSCInst0 to SLICE_18:

   Name    Fanout   Delay (ns)          Site               Resource
ROUTE       174     4.084        OSC.OSC to    R14C19D.CLK clk
                  --------
                    4.084   (0.0% logic, 100.0% route), 0 logic levels.

      Destination Clock Path OSCInst0 to SLICE_34:

   Name    Fanout   Delay (ns)          Site               Resource
ROUTE       174     4.084        OSC.OSC to    R14C18C.CLK clk
                  --------
                    4.084   (0.0% logic, 100.0% route), 0 logic levels.


Passed: The following path meets requirements by 127.193ns

 Logical Details:  Cell type  Pin type       Cell/ASIC name  (clock net +/-)

   Source:         FF         Q              counter_i0_i13  (from clk +)
   Destination:    FF         Data in        counter_i0_i2  (to clk +)
                   FF                        counter_i0_i1

   Delay:              15.390ns  (28.7% logic, 71.3% route), 9 logic levels.

 Constraint Details:

     15.390ns physical path delay SLICE_18 to SLICE_35 meets
    142.857ns delay constraint less
      0.000ns skew and
      0.274ns LSR_SET requirement (totaling 142.583ns) by 127.193ns

 Physical Path Details:

      Data path SLICE_18 to SLICE_35:

   Name    Fanout   Delay (ns)          Site               Resource
REG_DEL     ---     0.452    R14C19D.CLK to     R14C19D.Q0 SLICE_18 (from clk)
ROUTE         2     1.086     R14C19D.Q0 to     R13C18C.C1 counter_13
CTOF_DEL    ---     0.495     R13C18C.C1 to     R13C18C.F1 SLICE_222
ROUTE         1     0.693     R13C18C.F1 to     R13C18B.B0 n42
CTOF_DEL    ---     0.495     R13C18B.B0 to     R13C18B.F0 SLICE_309
ROUTE         1     1.001     R13C18B.F0 to     R13C17C.B0 n46
CTOF_DEL    ---     0.495     R13C17C.B0 to     R13C17C.F0 SLICE_308
ROUTE         1     0.436     R13C17C.F0 to     R13C17B.C1 n48_adj_1458
CTOF_DEL    ---     0.495     R13C17B.C1 to     R13C17B.F1 SLICE_291
ROUTE        21     2.638     R13C17B.F1 to      R9C20B.C1 FPIO_isoCtrlRSTn_N_1288
CTOF_DEL    ---     0.495      R9C20B.C1 to      R9C20B.F1 SLICE_310
ROUTE         1     1.294      R9C20B.F1 to     R12C19B.C1 n9494
CTOF_DEL    ---     0.495     R12C19B.C1 to     R12C19B.F1 SLICE_295
ROUTE         2     0.445     R12C19B.F1 to     R12C19B.C0 n9498
CTOF_DEL    ---     0.495     R12C19B.C0 to     R12C19B.F0 SLICE_295
ROUTE        17     1.839     R12C19B.F0 to     R13C21B.A1 clk_enable_157
CTOF_DEL    ---     0.495     R13C21B.A1 to     R13C21B.F1 SLICE_334
ROUTE         4     1.546     R13C21B.F1 to    R14C18B.LSR n6020 (to clk)
                  --------
                   15.390   (28.7% logic, 71.3% route), 9 logic levels.

 Clock Skew Details: 

      Source Clock Path OSCInst0 to SLICE_18:

   Name    Fanout   Delay (ns)          Site               Resource
ROUTE       174     4.084        OSC.OSC to    R14C19D.CLK clk
                  --------
                    4.084   (0.0% logic, 100.0% route), 0 logic levels.

      Destination Clock Path OSCInst0 to SLICE_35:

   Name    Fanout   Delay (ns)          Site               Resource
ROUTE       174     4.084        OSC.OSC to    R14C18B.CLK clk
                  --------
                    4.084   (0.0% logic, 100.0% route), 0 logic levels.

Report:   63.080MHz is the maximum frequency for this preference.

Report Summary
--------------
----------------------------------------------------------------------------
Preference                              |   Constraint|       Actual|Levels
----------------------------------------------------------------------------
                                        |             |             |
FREQUENCY NET "clk" 7.000000 MHz ;      |    7.000 MHz|   63.080 MHz|   8  
                                        |             |             |
----------------------------------------------------------------------------


All preferences were met.


Clock Domains Analysis
------------------------

Found 3 clocks:

Clock Domain: i2c1_sclo   Source: dut/EFBInst_0.I2C1SCLO   Loads: 1
   No transfer within this clock domain is found

Clock Domain: i2c1_scli   Source: SCL.PAD   Loads: 1
   No transfer within this clock domain is found

Clock Domain: clk   Source: OSCInst0.OSC   Loads: 174
   Covered under: FREQUENCY NET "clk" 7.000000 MHz ;


Timing summary (Setup):
---------------

Timing errors: 0  Score: 0
Cumulative negative slack: 0

Constraints cover 12732 paths, 1 nets, and 2443 connections (99.31% coverage)

--------------------------------------------------------------------------------
Lattice TRACE Report - Hold, Version Diamond (64-bit) 3.13.0.56.2
Thu May 08 17:33:12 2025

Copyright (c) 1991-1994 by NeoCAD Inc. All rights reserved.
Copyright (c) 1995 AT&T Corp.   All rights reserved.
Copyright (c) 1995-2001 Lucent Technologies Inc.  All rights reserved.
Copyright (c) 2001 Agere Systems   All rights reserved.
Copyright (c) 2002-2023 Lattice Semiconductor Corporation,  All rights reserved.

Report Information
------------------
Command line:    trce -v 10 -gt -sethld -sp 4 -sphld m -o UZ_Rev05_S3C_S3C_I2C_25.twr -gui -msgset C:/cpld/cpld_lattice/MACHXO2/S3C_CPLD_LCMXO2-4000HC-4TG144C/promote.xml UZ_Rev05_S3C_S3C_I2C_25.ncd UZ_Rev05_S3C_S3C_I2C_25.prf 
Design file:     uz_rev05_s3c_s3c_i2c_25.ncd
Preference file: uz_rev05_s3c_s3c_i2c_25.prf
Device,speed:    LCMXO2-4000HC,m
Report level:    verbose report, limited to 10 items per preference
--------------------------------------------------------------------------------


Derating parameters
-------------------
VCCIO Voltage:
                   3.300 V (Bank 0, defined by PAR)
                   1.800 V (Bank 1, defined by PAR)
                   1.800 V (Bank 2, defined by PAR)
                   1.800 V (Bank 3, defined by PAR)
                   3.300 V (Bank 4, defined by PAR)
                   3.300 V (Bank 5, defined by PAR)



================================================================================
Preference: FREQUENCY NET "clk" 7.000000 MHz ;
            4096 items scored, 0 timing errors detected.
--------------------------------------------------------------------------------


Passed: The following path meets requirements by 0.377ns

 Logical Details:  Cell type  Pin type       Cell/ASIC name  (clock net +/-)

   Source:         FF         Q              debounce_counters_1___i0  (from clk +)
   Destination:    FF         Data in        debounce_counters_1___i0  (to clk +)

   Delay:               0.364ns  (64.3% logic, 35.7% route), 2 logic levels.

 Constraint Details:

      0.364ns physical path delay SLICE_10 to SLICE_10 meets
     -0.013ns DIN_HLD and
      0.000ns delay constraint less
      0.000ns skew requirement (totaling -0.013ns) by 0.377ns

 Physical Path Details:

      Data path SLICE_10 to SLICE_10:

   Name    Fanout   Delay (ns)          Site               Resource
REG_DEL     ---     0.133     R4C13A.CLK to      R4C13A.Q1 SLICE_10 (from clk)
ROUTE         1     0.130      R4C13A.Q1 to      R4C13A.A1 debounce_counters_1_0
CTOF_DEL    ---     0.101      R4C13A.A1 to      R4C13A.F1 SLICE_10
ROUTE         1     0.000      R4C13A.F1 to     R4C13A.DI1 n236 (to clk)
                  --------
                    0.364   (64.3% logic, 35.7% route), 2 logic levels.

 Clock Skew Details: 

      Source Clock Path OSCInst0 to SLICE_10:

   Name    Fanout   Delay (ns)          Site               Resource
ROUTE       174     1.424        OSC.OSC to     R4C13A.CLK clk
                  --------
                    1.424   (0.0% logic, 100.0% route), 0 logic levels.

      Destination Clock Path OSCInst0 to SLICE_10:

   Name    Fanout   Delay (ns)          Site               Resource
ROUTE       174     1.424        OSC.OSC to     R4C13A.CLK clk
                  --------
                    1.424   (0.0% logic, 100.0% route), 0 logic levels.


Passed: The following path meets requirements by 0.377ns

 Logical Details:  Cell type  Pin type       Cell/ASIC name  (clock net +/-)

   Source:         FF         Q              debounce_counters_2___i3  (from clk +)
   Destination:    FF         Data in        debounce_counters_2___i3  (to clk +)

   Delay:               0.364ns  (64.3% logic, 35.7% route), 2 logic levels.

 Constraint Details:

      0.364ns physical path delay SLICE_107 to SLICE_107 meets
     -0.013ns DIN_HLD and
      0.000ns delay constraint less
      0.000ns skew requirement (totaling -0.013ns) by 0.377ns

 Physical Path Details:

      Data path SLICE_107 to SLICE_107:

   Name    Fanout   Delay (ns)          Site               Resource
REG_DEL     ---     0.133    R20C10C.CLK to     R20C10C.Q0 SLICE_107 (from clk)
ROUTE         1     0.130     R20C10C.Q0 to     R20C10C.A0 debounce_counters_2_3
CTOF_DEL    ---     0.101     R20C10C.A0 to     R20C10C.F0 SLICE_107
ROUTE         1     0.000     R20C10C.F0 to    R20C10C.DI0 n339 (to clk)
                  --------
                    0.364   (64.3% logic, 35.7% route), 2 logic levels.

 Clock Skew Details: 

      Source Clock Path OSCInst0 to SLICE_107:

   Name    Fanout   Delay (ns)          Site               Resource
ROUTE       174     1.424        OSC.OSC to    R20C10C.CLK clk
                  --------
                    1.424   (0.0% logic, 100.0% route), 0 logic levels.

      Destination Clock Path OSCInst0 to SLICE_107:

   Name    Fanout   Delay (ns)          Site               Resource
ROUTE       174     1.424        OSC.OSC to    R20C10C.CLK clk
                  --------
                    1.424   (0.0% logic, 100.0% route), 0 logic levels.


Passed: The following path meets requirements by 0.377ns

 Logical Details:  Cell type  Pin type       Cell/ASIC name  (clock net +/-)

   Source:         FF         Q              debounce_counters_2___i2  (from clk +)
   Destination:    FF         Data in        debounce_counters_2___i2  (to clk +)

   Delay:               0.364ns  (64.3% logic, 35.7% route), 2 logic levels.

 Constraint Details:

      0.364ns physical path delay SLICE_108 to SLICE_108 meets
     -0.013ns DIN_HLD and
      0.000ns delay constraint less
      0.000ns skew requirement (totaling -0.013ns) by 0.377ns

 Physical Path Details:

      Data path SLICE_108 to SLICE_108:

   Name    Fanout   Delay (ns)          Site               Resource
REG_DEL     ---     0.133    R20C10B.CLK to     R20C10B.Q1 SLICE_108 (from clk)
ROUTE         1     0.130     R20C10B.Q1 to     R20C10B.A1 debounce_counters_2_2
CTOF_DEL    ---     0.101     R20C10B.A1 to     R20C10B.F1 SLICE_108
ROUTE         1     0.000     R20C10B.F1 to    R20C10B.DI1 n340 (to clk)
                  --------
                    0.364   (64.3% logic, 35.7% route), 2 logic levels.

 Clock Skew Details: 

      Source Clock Path OSCInst0 to SLICE_108:

   Name    Fanout   Delay (ns)          Site               Resource
ROUTE       174     1.424        OSC.OSC to    R20C10B.CLK clk
                  --------
                    1.424   (0.0% logic, 100.0% route), 0 logic levels.

      Destination Clock Path OSCInst0 to SLICE_108:

   Name    Fanout   Delay (ns)          Site               Resource
ROUTE       174     1.424        OSC.OSC to    R20C10B.CLK clk
                  --------
                    1.424   (0.0% logic, 100.0% route), 0 logic levels.


Passed: The following path meets requirements by 0.377ns

 Logical Details:  Cell type  Pin type       Cell/ASIC name  (clock net +/-)

   Source:         FF         Q              debounce_counters_2___i1  (from clk +)
   Destination:    FF         Data in        debounce_counters_2___i1  (to clk +)

   Delay:               0.364ns  (64.3% logic, 35.7% route), 2 logic levels.

 Constraint Details:

      0.364ns physical path delay SLICE_108 to SLICE_108 meets
     -0.013ns DIN_HLD and
      0.000ns delay constraint less
      0.000ns skew requirement (totaling -0.013ns) by 0.377ns

 Physical Path Details:

      Data path SLICE_108 to SLICE_108:

   Name    Fanout   Delay (ns)          Site               Resource
REG_DEL     ---     0.133    R20C10B.CLK to     R20C10B.Q0 SLICE_108 (from clk)
ROUTE         1     0.130     R20C10B.Q0 to     R20C10B.A0 debounce_counters_2_1
CTOF_DEL    ---     0.101     R20C10B.A0 to     R20C10B.F0 SLICE_108
ROUTE         1     0.000     R20C10B.F0 to    R20C10B.DI0 n341 (to clk)
                  --------
                    0.364   (64.3% logic, 35.7% route), 2 logic levels.

 Clock Skew Details: 

      Source Clock Path OSCInst0 to SLICE_108:

   Name    Fanout   Delay (ns)          Site               Resource
ROUTE       174     1.424        OSC.OSC to    R20C10B.CLK clk
                  --------
                    1.424   (0.0% logic, 100.0% route), 0 logic levels.

      Destination Clock Path OSCInst0 to SLICE_108:

   Name    Fanout   Delay (ns)          Site               Resource
ROUTE       174     1.424        OSC.OSC to    R20C10B.CLK clk
                  --------
                    1.424   (0.0% logic, 100.0% route), 0 logic levels.


Passed: The following path meets requirements by 0.377ns

 Logical Details:  Cell type  Pin type       Cell/ASIC name  (clock net +/-)

   Source:         FF         Q              debounce_counters_3___i3  (from clk +)
   Destination:    FF         Data in        debounce_counters_3___i3  (to clk +)

   Delay:               0.364ns  (64.3% logic, 35.7% route), 2 logic levels.

 Constraint Details:

      0.364ns physical path delay SLICE_11 to SLICE_11 meets
     -0.013ns DIN_HLD and
      0.000ns delay constraint less
      0.000ns skew requirement (totaling -0.013ns) by 0.377ns

 Physical Path Details:

      Data path SLICE_11 to SLICE_11:

   Name    Fanout   Delay (ns)          Site               Resource
REG_DEL     ---     0.133    R17C10C.CLK to     R17C10C.Q0 SLICE_11 (from clk)
ROUTE         1     0.130     R17C10C.Q0 to     R17C10C.A0 debounce_counters_3_3
CTOF_DEL    ---     0.101     R17C10C.A0 to     R17C10C.F0 SLICE_11
ROUTE         1     0.000     R17C10C.F0 to    R17C10C.DI0 n445 (to clk)
                  --------
                    0.364   (64.3% logic, 35.7% route), 2 logic levels.

 Clock Skew Details: 

      Source Clock Path OSCInst0 to SLICE_11:

   Name    Fanout   Delay (ns)          Site               Resource
ROUTE       174     1.424        OSC.OSC to    R17C10C.CLK clk
                  --------
                    1.424   (0.0% logic, 100.0% route), 0 logic levels.

      Destination Clock Path OSCInst0 to SLICE_11:

   Name    Fanout   Delay (ns)          Site               Resource
ROUTE       174     1.424        OSC.OSC to    R17C10C.CLK clk
                  --------
                    1.424   (0.0% logic, 100.0% route), 0 logic levels.


Passed: The following path meets requirements by 0.377ns

 Logical Details:  Cell type  Pin type       Cell/ASIC name  (clock net +/-)

   Source:         FF         Q              debounce_counters_2___i0  (from clk +)
   Destination:    FF         Data in        debounce_counters_2___i0  (to clk +)

   Delay:               0.364ns  (64.3% logic, 35.7% route), 2 logic levels.

 Constraint Details:

      0.364ns physical path delay SLICE_119 to SLICE_119 meets
     -0.013ns DIN_HLD and
      0.000ns delay constraint less
      0.000ns skew requirement (totaling -0.013ns) by 0.377ns

 Physical Path Details:

      Data path SLICE_119 to SLICE_119:

   Name    Fanout   Delay (ns)          Site               Resource
REG_DEL     ---     0.133    R20C10A.CLK to     R20C10A.Q1 SLICE_119 (from clk)
ROUTE         1     0.130     R20C10A.Q1 to     R20C10A.A1 debounce_counters_2_0
CTOF_DEL    ---     0.101     R20C10A.A1 to     R20C10A.F1 SLICE_119
ROUTE         1     0.000     R20C10A.F1 to    R20C10A.DI1 n342 (to clk)
                  --------
                    0.364   (64.3% logic, 35.7% route), 2 logic levels.

 Clock Skew Details: 

      Source Clock Path OSCInst0 to SLICE_119:

   Name    Fanout   Delay (ns)          Site               Resource
ROUTE       174     1.424        OSC.OSC to    R20C10A.CLK clk
                  --------
                    1.424   (0.0% logic, 100.0% route), 0 logic levels.

      Destination Clock Path OSCInst0 to SLICE_119:

   Name    Fanout   Delay (ns)          Site               Resource
ROUTE       174     1.424        OSC.OSC to    R20C10A.CLK clk
                  --------
                    1.424   (0.0% logic, 100.0% route), 0 logic levels.


Passed: The following path meets requirements by 0.377ns

 Logical Details:  Cell type  Pin type       Cell/ASIC name  (clock net +/-)

   Source:         FF         Q              resetcounter_i24_1491__i7  (from clk +)
   Destination:    FF         Data in        resetcounter_i24_1491__i7  (to clk +)

   Delay:               0.364ns  (64.3% logic, 35.7% route), 2 logic levels.

 Constraint Details:

      0.364ns physical path delay SLICE_149 to SLICE_149 meets
     -0.013ns DIN_HLD and
      0.000ns delay constraint less
      0.000ns skew requirement (totaling -0.013ns) by 0.377ns

 Physical Path Details:

      Data path SLICE_149 to SLICE_149:

   Name    Fanout   Delay (ns)          Site               Resource
REG_DEL     ---     0.133    R14C14A.CLK to     R14C14A.Q0 SLICE_149 (from clk)
ROUTE         1     0.130     R14C14A.Q0 to     R14C14A.A0 n18_adj_1420
CTOF_DEL    ---     0.101     R14C14A.A0 to     R14C14A.F0 SLICE_149
ROUTE         1     0.000     R14C14A.F0 to    R14C14A.DI0 n123 (to clk)
                  --------
                    0.364   (64.3% logic, 35.7% route), 2 logic levels.

 Clock Skew Details: 

      Source Clock Path OSCInst0 to SLICE_149:

   Name    Fanout   Delay (ns)          Site               Resource
ROUTE       174     1.424        OSC.OSC to    R14C14A.CLK clk
                  --------
                    1.424   (0.0% logic, 100.0% route), 0 logic levels.

      Destination Clock Path OSCInst0 to SLICE_149:

   Name    Fanout   Delay (ns)          Site               Resource
ROUTE       174     1.424        OSC.OSC to    R14C14A.CLK clk
                  --------
                    1.424   (0.0% logic, 100.0% route), 0 logic levels.


Passed: The following path meets requirements by 0.377ns

 Logical Details:  Cell type  Pin type       Cell/ASIC name  (clock net +/-)

   Source:         FF         Q              resetcounter_i24_1491__i6  (from clk +)
   Destination:    FF         Data in        resetcounter_i24_1491__i6  (to clk +)

   Delay:               0.364ns  (64.3% logic, 35.7% route), 2 logic levels.

 Constraint Details:

      0.364ns physical path delay SLICE_150 to SLICE_150 meets
     -0.013ns DIN_HLD and
      0.000ns delay constraint less
      0.000ns skew requirement (totaling -0.013ns) by 0.377ns

 Physical Path Details:

      Data path SLICE_150 to SLICE_150:

   Name    Fanout   Delay (ns)          Site               Resource
REG_DEL     ---     0.133    R14C13D.CLK to     R14C13D.Q1 SLICE_150 (from clk)
ROUTE         1     0.130     R14C13D.Q1 to     R14C13D.A1 n19_adj_1418
CTOF_DEL    ---     0.101     R14C13D.A1 to     R14C13D.F1 SLICE_150
ROUTE         1     0.000     R14C13D.F1 to    R14C13D.DI1 n124 (to clk)
                  --------
                    0.364   (64.3% logic, 35.7% route), 2 logic levels.

 Clock Skew Details: 

      Source Clock Path OSCInst0 to SLICE_150:

   Name    Fanout   Delay (ns)          Site               Resource
ROUTE       174     1.424        OSC.OSC to    R14C13D.CLK clk
                  --------
                    1.424   (0.0% logic, 100.0% route), 0 logic levels.

      Destination Clock Path OSCInst0 to SLICE_150:

   Name    Fanout   Delay (ns)          Site               Resource
ROUTE       174     1.424        OSC.OSC to    R14C13D.CLK clk
                  --------
                    1.424   (0.0% logic, 100.0% route), 0 logic levels.


Passed: The following path meets requirements by 0.377ns

 Logical Details:  Cell type  Pin type       Cell/ASIC name  (clock net +/-)

   Source:         FF         Q              resetcounter_i24_1491__i5  (from clk +)
   Destination:    FF         Data in        resetcounter_i24_1491__i5  (to clk +)

   Delay:               0.364ns  (64.3% logic, 35.7% route), 2 logic levels.

 Constraint Details:

      0.364ns physical path delay SLICE_150 to SLICE_150 meets
     -0.013ns DIN_HLD and
      0.000ns delay constraint less
      0.000ns skew requirement (totaling -0.013ns) by 0.377ns

 Physical Path Details:

      Data path SLICE_150 to SLICE_150:

   Name    Fanout   Delay (ns)          Site               Resource
REG_DEL     ---     0.133    R14C13D.CLK to     R14C13D.Q0 SLICE_150 (from clk)
ROUTE         1     0.130     R14C13D.Q0 to     R14C13D.A0 n20
CTOF_DEL    ---     0.101     R14C13D.A0 to     R14C13D.F0 SLICE_150
ROUTE         1     0.000     R14C13D.F0 to    R14C13D.DI0 n125 (to clk)
                  --------
                    0.364   (64.3% logic, 35.7% route), 2 logic levels.

 Clock Skew Details: 

      Source Clock Path OSCInst0 to SLICE_150:

   Name    Fanout   Delay (ns)          Site               Resource
ROUTE       174     1.424        OSC.OSC to    R14C13D.CLK clk
                  --------
                    1.424   (0.0% logic, 100.0% route), 0 logic levels.

      Destination Clock Path OSCInst0 to SLICE_150:

   Name    Fanout   Delay (ns)          Site               Resource
ROUTE       174     1.424        OSC.OSC to    R14C13D.CLK clk
                  --------
                    1.424   (0.0% logic, 100.0% route), 0 logic levels.


Passed: The following path meets requirements by 0.377ns

 Logical Details:  Cell type  Pin type       Cell/ASIC name  (clock net +/-)

   Source:         FF         Q              resetcounter_i24_1491__i3  (from clk +)
   Destination:    FF         Data in        resetcounter_i24_1491__i3  (to clk +)

   Delay:               0.364ns  (64.3% logic, 35.7% route), 2 logic levels.

 Constraint Details:

      0.364ns physical path delay SLICE_151 to SLICE_151 meets
     -0.013ns DIN_HLD and
      0.000ns delay constraint less
      0.000ns skew requirement (totaling -0.013ns) by 0.377ns

 Physical Path Details:

      Data path SLICE_151 to SLICE_151:

   Name    Fanout   Delay (ns)          Site               Resource
REG_DEL     ---     0.133    R14C13C.CLK to     R14C13C.Q0 SLICE_151 (from clk)
ROUTE         1     0.130     R14C13C.Q0 to     R14C13C.A0 n22
CTOF_DEL    ---     0.101     R14C13C.A0 to     R14C13C.F0 SLICE_151
ROUTE         1     0.000     R14C13C.F0 to    R14C13C.DI0 n127 (to clk)
                  --------
                    0.364   (64.3% logic, 35.7% route), 2 logic levels.

 Clock Skew Details: 

      Source Clock Path OSCInst0 to SLICE_151:

   Name    Fanout   Delay (ns)          Site               Resource
ROUTE       174     1.424        OSC.OSC to    R14C13C.CLK clk
                  --------
                    1.424   (0.0% logic, 100.0% route), 0 logic levels.

      Destination Clock Path OSCInst0 to SLICE_151:

   Name    Fanout   Delay (ns)          Site               Resource
ROUTE       174     1.424        OSC.OSC to    R14C13C.CLK clk
                  --------
                    1.424   (0.0% logic, 100.0% route), 0 logic levels.

Report Summary
--------------
----------------------------------------------------------------------------
Preference(MIN Delays)                  |   Constraint|       Actual|Levels
----------------------------------------------------------------------------
                                        |             |             |
FREQUENCY NET "clk" 7.000000 MHz ;      |     0.000 ns|     0.377 ns|   2  
                                        |             |             |
----------------------------------------------------------------------------


All preferences were met.


Clock Domains Analysis
------------------------

Found 3 clocks:

Clock Domain: i2c1_sclo   Source: dut/EFBInst_0.I2C1SCLO   Loads: 1
   No transfer within this clock domain is found

Clock Domain: i2c1_scli   Source: SCL.PAD   Loads: 1
   No transfer within this clock domain is found

Clock Domain: clk   Source: OSCInst0.OSC   Loads: 174
   Covered under: FREQUENCY NET "clk" 7.000000 MHz ;


Timing summary (Hold):
---------------

Timing errors: 0  Score: 0
Cumulative negative slack: 0

Constraints cover 12732 paths, 1 nets, and 2443 connections (99.31% coverage)



Timing summary (Setup and Hold):
---------------

Timing errors: 0 (setup), 0 (hold)
Score: 0 (setup), 0 (hold)
Cumulative negative slack: 0 (0+0)
--------------------------------------------------------------------------------

--------------------------------------------------------------------------------

