--------------------------------------------------------------------------------
Lattice Synthesis Timing Report, Version  
Thu May 08 10:07:14 2025

Copyright (c) 1991-1994 by NeoCAD Inc. All rights reserved.
Copyright (c) 1995 AT&T Corp.   All rights reserved.
Copyright (c) 1995-2001 Lucent Technologies Inc.  All rights reserved.
Copyright (c) 2001 Agere Systems   All rights reserved.
Copyright (c) 2002-2023 Lattice Semiconductor Corporation,  All rights reserved.

Report Information
------------------
Design:     Waiting_for_Powerbutton_pressed_V0
Constraint file:  
Report level:    verbose report, limited to 3 items per constraint
--------------------------------------------------------------------------------



================================================================================
Constraint: create_clock -period 5.000000 -name clk0 [get_nets clk]
            3947 items scored, 3947 timing errors detected.
--------------------------------------------------------------------------------


Error:  The following path violates requirements by 11.799ns

 Logical Details:  Cell type  Pin type       Cell name  (clock net +/-)

   Source:         FD1P3AX    CK             counter_i0_i18  (from clk +)
   Destination:    FD1P3AX    D              counter_i0_i24  (to clk +)

   Delay:                  16.639ns  (29.3% logic, 70.7% route), 10 logic levels.

 Constraint Details:

     16.639ns data_path counter_i0_i18 to counter_i0_i24 violates
      5.000ns delay constraint less
      0.160ns L_S requirement (totaling 4.840ns) by 11.799ns

 Path Details: counter_i0_i18 to counter_i0_i24

   Name    Fanout   Delay (ns)          Pins               Resource(Cell.Net)
L_CO        ---     0.444             CK to Q              counter_i0_i18 (from clk)
Route         2   e 1.198                                  counter[18]
LUT4        ---     0.493              D to Z              i17_4_lut
Route         1   e 0.941                                  n42
LUT4        ---     0.493              B to Z              i21_4_lut
Route         1   e 0.941                                  n46
LUT4        ---     0.493              B to Z              i23_4_lut
Route         1   e 0.941                                  n48_adj_1458
LUT4        ---     0.493              B to Z              i24_4_lut
Route        21   e 1.831                                  FPIO_isoCtrlRSTn_N_1288
LUT4        ---     0.493              B to Z              i60_3_lut
Route         1   e 0.941                                  n4862
LUT4        ---     0.493              B to Z              i58_4_lut
Route         1   e 0.941                                  n29
LUT4        ---     0.493              C to Z              i1_4_lut_adj_179
Route        19   e 1.825                                  n4583
LUT4        ---     0.493              B to Z              i1_2_lut_adj_94
Route         3   e 1.258                                  n5440
LUT4        ---     0.493              D to Z              mux_1323_i25_4_lut
Route         1   e 0.941                                  n4511
                  --------
                   16.639  (29.3% logic, 70.7% route), 10 logic levels.


Error:  The following path violates requirements by 11.799ns

 Logical Details:  Cell type  Pin type       Cell name  (clock net +/-)

   Source:         FD1P3AX    CK             counter_i0_i18  (from clk +)
   Destination:    FD1P3AX    D              counter_i0_i24  (to clk +)

   Delay:                  16.639ns  (29.3% logic, 70.7% route), 10 logic levels.

 Constraint Details:

     16.639ns data_path counter_i0_i18 to counter_i0_i24 violates
      5.000ns delay constraint less
      0.160ns L_S requirement (totaling 4.840ns) by 11.799ns

 Path Details: counter_i0_i18 to counter_i0_i24

   Name    Fanout   Delay (ns)          Pins               Resource(Cell.Net)
L_CO        ---     0.444             CK to Q              counter_i0_i18 (from clk)
Route         2   e 1.198                                  counter[18]
LUT4        ---     0.493              D to Z              i17_4_lut
Route         1   e 0.941                                  n42
LUT4        ---     0.493              B to Z              i21_4_lut
Route         1   e 0.941                                  n46
LUT4        ---     0.493              B to Z              i23_4_lut
Route         1   e 0.941                                  n48_adj_1458
LUT4        ---     0.493              B to Z              i24_4_lut
Route        21   e 1.831                                  FPIO_isoCtrlRSTn_N_1288
LUT4        ---     0.493              D to Z              i1_4_lut_4_lut_adj_190
Route         1   e 0.941                                  n33_adj_1414
LUT4        ---     0.493              B to Z              i1_4_lut_adj_180
Route         1   e 0.941                                  n35
LUT4        ---     0.493              D to Z              i1_4_lut_adj_179
Route        19   e 1.825                                  n4583
LUT4        ---     0.493              B to Z              i1_2_lut_adj_94
Route         3   e 1.258                                  n5440
LUT4        ---     0.493              D to Z              mux_1323_i25_4_lut
Route         1   e 0.941                                  n4511
                  --------
                   16.639  (29.3% logic, 70.7% route), 10 logic levels.


Error:  The following path violates requirements by 11.799ns

 Logical Details:  Cell type  Pin type       Cell name  (clock net +/-)

   Source:         FD1P3AX    CK             counter_i0_i18  (from clk +)
   Destination:    FD1P3AX    D              counter_i0_i9  (to clk +)

   Delay:                  16.639ns  (29.3% logic, 70.7% route), 10 logic levels.

 Constraint Details:

     16.639ns data_path counter_i0_i18 to counter_i0_i9 violates
      5.000ns delay constraint less
      0.160ns L_S requirement (totaling 4.840ns) by 11.799ns

 Path Details: counter_i0_i18 to counter_i0_i9

   Name    Fanout   Delay (ns)          Pins               Resource(Cell.Net)
L_CO        ---     0.444             CK to Q              counter_i0_i18 (from clk)
Route         2   e 1.198                                  counter[18]
LUT4        ---     0.493              D to Z              i17_4_lut
Route         1   e 0.941                                  n42
LUT4        ---     0.493              B to Z              i21_4_lut
Route         1   e 0.941                                  n46
LUT4        ---     0.493              B to Z              i23_4_lut
Route         1   e 0.941                                  n48_adj_1458
LUT4        ---     0.493              B to Z              i24_4_lut
Route        21   e 1.831                                  FPIO_isoCtrlRSTn_N_1288
LUT4        ---     0.493              B to Z              i60_3_lut
Route         1   e 0.941                                  n4862
LUT4        ---     0.493              B to Z              i58_4_lut
Route         1   e 0.941                                  n29
LUT4        ---     0.493              C to Z              i1_4_lut_adj_179
Route        19   e 1.825                                  n4583
LUT4        ---     0.493              B to Z              i1_2_lut_adj_94
Route         3   e 1.258                                  n5440
LUT4        ---     0.493              D to Z              mux_1323_i10_4_lut
Route         1   e 0.941                                  n4526
                  --------
                   16.639  (29.3% logic, 70.7% route), 10 logic levels.

Warning: 16.799 ns is the maximum delay for this constraint.


Timing Report Summary
--------------
--------------------------------------------------------------------------------
Constraint                              |   Constraint|       Actual|Levels
--------------------------------------------------------------------------------
                                        |             |             |
create_clock -period 5.000000 -name     |             |             |
clk0 [get_nets clk]                     |     5.000 ns|    16.799 ns|    10 *
                                        |             |             |
--------------------------------------------------------------------------------


1 constraints not met.

--------------------------------------------------------------------------------
Critical Nets                           |   Loads|  Errors| % of total
--------------------------------------------------------------------------------
FPIO_isoCtrlRSTn_N_1288                 |      21|    3769|     95.49%
                                        |        |        |
n48_adj_1458                            |       1|    2896|     73.37%
                                        |        |        |
n4583                                   |      19|    1722|     43.63%
                                        |        |        |
n9498                                   |       2|    1657|     41.98%
                                        |        |        |
n46                                     |       1|    1592|     40.33%
                                        |        |        |
clk_enable_157                          |      26|    1580|     40.03%
                                        |        |        |
n29                                     |       1|    1088|     27.57%
                                        |        |        |
n9497                                   |       1|     956|     24.22%
                                        |        |        |
n9495                                   |       1|     941|     23.84%
                                        |        |        |
n42                                     |       1|     844|     21.38%
                                        |        |        |
n6020                                   |       5|     735|     18.62%
                                        |        |        |
n9494                                   |       1|     701|     17.76%
                                        |        |        |
n40                                     |       1|     652|     16.52%
                                        |        |        |
n35                                     |       1|     634|     16.06%
                                        |        |        |
n33_adj_1414                            |       1|     631|     15.99%
                                        |        |        |
n4862                                   |       1|     625|     15.83%
                                        |        |        |
n32                                     |       1|     422|     10.69%
                                        |        |        |
n6023                                   |      11|     418|     10.59%
                                        |        |        |
--------------------------------------------------------------------------------


Timing summary:
---------------

Timing errors: 3947  Score: 32701507

Constraints cover  16215 paths, 931 nets, and 2547 connections (91.9% coverage)


Peak memory: 96743424 bytes, TRCE: 6594560 bytes, DLYMAN: 163840 bytes
CPU_TIME_REPORT: 0 secs 
