--------------------------------------------------------------------------------
Lattice Synthesis Timing Report, Version  
Wed Oct 23 15:13:21 2024

Copyright (c) 1991-1994 by NeoCAD Inc. All rights reserved.
Copyright (c) 1995 AT&T Corp.   All rights reserved.
Copyright (c) 1995-2001 Lucent Technologies Inc.  All rights reserved.
Copyright (c) 2001 Agere Systems   All rights reserved.
Copyright (c) 2002-2023 Lattice Semiconductor Corporation,  All rights reserved.

Report Information
------------------
Design:     Powerup_V0
Constraint file:  
Report level:    verbose report, limited to 3 items per constraint
--------------------------------------------------------------------------------



================================================================================
Constraint: create_clock -period 5.000000 -name clk0 [get_nets clk]
            691 items scored, 290 timing errors detected.
--------------------------------------------------------------------------------


Error:  The following path violates requirements by 3.871ns

 Logical Details:  Cell type  Pin type       Cell name  (clock net +/-)

   Source:         FD1P3AX    CK             count_100ms_78__i14  (from clk +)
   Destination:    FD1P3AX    D              count_100ms_78__i17  (to clk +)

   Delay:                   8.711ns  (47.2% logic, 52.8% route), 13 logic levels.

 Constraint Details:

      8.711ns data_path count_100ms_78__i14 to count_100ms_78__i17 violates
      5.000ns delay constraint less
      0.160ns L_S requirement (totaling 4.840ns) by 3.871ns

 Path Details: count_100ms_78__i14 to count_100ms_78__i17

   Name    Fanout   Delay (ns)          Pins               Resource(Cell.Net)
L_CO        ---     0.444             CK to Q              count_100ms_78__i14 (from clk)
Route         2   e 1.198                                  count_100ms[14]
LUT4        ---     0.493              B to Z              i1_2_lut_adj_1
Route         1   e 0.941                                  n6_adj_11
LUT4        ---     0.493              D to Z              i4_4_lut
Route         4   e 1.340                                  n374
A1_TO_FCO   ---     0.827           B[2] to COUT           count_100ms_78_add_4_1
Route         1   e 0.020                                  n350
FCI_TO_FCO  ---     0.157            CIN to COUT           count_100ms_78_add_4_3
Route         1   e 0.020                                  n351
FCI_TO_FCO  ---     0.157            CIN to COUT           count_100ms_78_add_4_5
Route         1   e 0.020                                  n352
FCI_TO_FCO  ---     0.157            CIN to COUT           count_100ms_78_add_4_7
Route         1   e 0.020                                  n353
FCI_TO_FCO  ---     0.157            CIN to COUT           count_100ms_78_add_4_9
Route         1   e 0.020                                  n354
FCI_TO_FCO  ---     0.157            CIN to COUT           count_100ms_78_add_4_11
Route         1   e 0.020                                  n355
FCI_TO_FCO  ---     0.157            CIN to COUT           count_100ms_78_add_4_13
Route         1   e 0.020                                  n356
FCI_TO_FCO  ---     0.157            CIN to COUT           count_100ms_78_add_4_15
Route         1   e 0.020                                  n357
FCI_TO_FCO  ---     0.157            CIN to COUT           count_100ms_78_add_4_17
Route         1   e 0.020                                  n358
FCI_TO_F    ---     0.598            CIN to S[2]           count_100ms_78_add_4_19
Route         1   e 0.941                                  n78_adj_12
                  --------
                    8.711  (47.2% logic, 52.8% route), 13 logic levels.


Error:  The following path violates requirements by 3.871ns

 Logical Details:  Cell type  Pin type       Cell name  (clock net +/-)

   Source:         FD1P3AX    CK             count_100ms_78__i16  (from clk +)
   Destination:    FD1P3AX    D              count_100ms_78__i17  (to clk +)

   Delay:                   8.711ns  (47.2% logic, 52.8% route), 13 logic levels.

 Constraint Details:

      8.711ns data_path count_100ms_78__i16 to count_100ms_78__i17 violates
      5.000ns delay constraint less
      0.160ns L_S requirement (totaling 4.840ns) by 3.871ns

 Path Details: count_100ms_78__i16 to count_100ms_78__i17

   Name    Fanout   Delay (ns)          Pins               Resource(Cell.Net)
L_CO        ---     0.444             CK to Q              count_100ms_78__i16 (from clk)
Route         2   e 1.198                                  count_100ms[16]
LUT4        ---     0.493              A to Z              i1_2_lut_adj_1
Route         1   e 0.941                                  n6_adj_11
LUT4        ---     0.493              D to Z              i4_4_lut
Route         4   e 1.340                                  n374
A1_TO_FCO   ---     0.827           B[2] to COUT           count_100ms_78_add_4_1
Route         1   e 0.020                                  n350
FCI_TO_FCO  ---     0.157            CIN to COUT           count_100ms_78_add_4_3
Route         1   e 0.020                                  n351
FCI_TO_FCO  ---     0.157            CIN to COUT           count_100ms_78_add_4_5
Route         1   e 0.020                                  n352
FCI_TO_FCO  ---     0.157            CIN to COUT           count_100ms_78_add_4_7
Route         1   e 0.020                                  n353
FCI_TO_FCO  ---     0.157            CIN to COUT           count_100ms_78_add_4_9
Route         1   e 0.020                                  n354
FCI_TO_FCO  ---     0.157            CIN to COUT           count_100ms_78_add_4_11
Route         1   e 0.020                                  n355
FCI_TO_FCO  ---     0.157            CIN to COUT           count_100ms_78_add_4_13
Route         1   e 0.020                                  n356
FCI_TO_FCO  ---     0.157            CIN to COUT           count_100ms_78_add_4_15
Route         1   e 0.020                                  n357
FCI_TO_FCO  ---     0.157            CIN to COUT           count_100ms_78_add_4_17
Route         1   e 0.020                                  n358
FCI_TO_F    ---     0.598            CIN to S[2]           count_100ms_78_add_4_19
Route         1   e 0.941                                  n78_adj_12
                  --------
                    8.711  (47.2% logic, 52.8% route), 13 logic levels.


Error:  The following path violates requirements by 3.694ns

 Logical Details:  Cell type  Pin type       Cell name  (clock net +/-)

   Source:         FD1P3AX    CK             count_100ms_78__i14  (from clk +)
   Destination:    FD1P3AX    D              count_100ms_78__i15  (to clk +)

   Delay:                   8.534ns  (46.3% logic, 53.7% route), 12 logic levels.

 Constraint Details:

      8.534ns data_path count_100ms_78__i14 to count_100ms_78__i15 violates
      5.000ns delay constraint less
      0.160ns L_S requirement (totaling 4.840ns) by 3.694ns

 Path Details: count_100ms_78__i14 to count_100ms_78__i15

   Name    Fanout   Delay (ns)          Pins               Resource(Cell.Net)
L_CO        ---     0.444             CK to Q              count_100ms_78__i14 (from clk)
Route         2   e 1.198                                  count_100ms[14]
LUT4        ---     0.493              B to Z              i1_2_lut_adj_1
Route         1   e 0.941                                  n6_adj_11
LUT4        ---     0.493              D to Z              i4_4_lut
Route         4   e 1.340                                  n374
A1_TO_FCO   ---     0.827           B[2] to COUT           count_100ms_78_add_4_1
Route         1   e 0.020                                  n350
FCI_TO_FCO  ---     0.157            CIN to COUT           count_100ms_78_add_4_3
Route         1   e 0.020                                  n351
FCI_TO_FCO  ---     0.157            CIN to COUT           count_100ms_78_add_4_5
Route         1   e 0.020                                  n352
FCI_TO_FCO  ---     0.157            CIN to COUT           count_100ms_78_add_4_7
Route         1   e 0.020                                  n353
FCI_TO_FCO  ---     0.157            CIN to COUT           count_100ms_78_add_4_9
Route         1   e 0.020                                  n354
FCI_TO_FCO  ---     0.157            CIN to COUT           count_100ms_78_add_4_11
Route         1   e 0.020                                  n355
FCI_TO_FCO  ---     0.157            CIN to COUT           count_100ms_78_add_4_13
Route         1   e 0.020                                  n356
FCI_TO_FCO  ---     0.157            CIN to COUT           count_100ms_78_add_4_15
Route         1   e 0.020                                  n357
FCI_TO_F    ---     0.598            CIN to S[2]           count_100ms_78_add_4_17
Route         1   e 0.941                                  n80_adj_14
                  --------
                    8.534  (46.3% logic, 53.7% route), 12 logic levels.

Warning: 8.871 ns is the maximum delay for this constraint.


Timing Report Summary
--------------
--------------------------------------------------------------------------------
Constraint                              |   Constraint|       Actual|Levels
--------------------------------------------------------------------------------
                                        |             |             |
create_clock -period 5.000000 -name     |             |             |
clk0 [get_nets clk]                     |     5.000 ns|     8.871 ns|    13 *
                                        |             |             |
--------------------------------------------------------------------------------


1 constraints not met.

--------------------------------------------------------------------------------
Critical Nets                           |   Loads|  Errors| % of total
--------------------------------------------------------------------------------
n350                                    |       1|     122|     42.07%
                                        |        |        |
n341                                    |       1|     114|     39.31%
                                        |        |        |
n351                                    |       1|     110|     37.93%
                                        |        |        |
n374                                    |       4|     105|     36.21%
                                        |        |        |
n342                                    |       1|     100|     34.48%
                                        |        |        |
n372                                    |       2|      97|     33.45%
                                        |        |        |
n352                                    |       1|      96|     33.10%
                                        |        |        |
n343                                    |       1|      86|     29.66%
                                        |        |        |
n353                                    |       1|      82|     28.28%
                                        |        |        |
n344                                    |       1|      72|     24.83%
                                        |        |        |
n354                                    |       1|      68|     23.45%
                                        |        |        |
n345                                    |       1|      58|     20.00%
                                        |        |        |
n355                                    |       1|      54|     18.62%
                                        |        |        |
n346                                    |       1|      44|     15.17%
                                        |        |        |
n6_adj_11                               |       1|      42|     14.48%
                                        |        |        |
n6                                      |       1|      40|     13.79%
                                        |        |        |
n356                                    |       1|      40|     13.79%
                                        |        |        |
n382                                    |       3|      40|     13.79%
                                        |        |        |
n331                                    |       2|      38|     13.10%
                                        |        |        |
n347                                    |       1|      30|     10.34%
                                        |        |        |
--------------------------------------------------------------------------------


Timing summary:
---------------

Timing errors: 290  Score: 512230

Constraints cover  691 paths, 105 nets, and 208 connections (97.2% coverage)


Peak memory: 77807616 bytes, TRCE: 2060288 bytes, DLYMAN: 0 bytes
CPU_TIME_REPORT: 0 secs 
