
Lattice Mapping Report File for Design Module
     'Waiting_for_Powerbutton_pressed_V0'


Design Information
------------------

Command line:   map -a MachXO2 -p LCMXO2-4000HC -t TQFP144 -s 4 -oc Commercial
     UZ_Rev05_S3C_S3C_171224.ngd -o UZ_Rev05_S3C_S3C_171224_map.ncd -pr
     UZ_Rev05_S3C_S3C_171224.prf -mp UZ_Rev05_S3C_S3C_171224.mrp -lpf C:/cpld/cp
     ld_lattice/MACHXO2/S3C_CPLD_LCMXO2-4000HC-4TG144C/S3C_171224/UZ_Rev05_S3C_S
     3C_171224.lpf -lpf C:/cpld/cpld_lattice/MACHXO2/S3C_CPLD_LCMXO2-4000HC-4TG1
     44C/S3C_171224/source/UZ_Rev05_S3C.lpf -c 0 -u -gui -msgset
     C:/cpld/cpld_lattice/MACHXO2/S3C_CPLD_LCMXO2-4000HC-4TG144C/promote.xml 
Target Vendor:  LATTICE
Target Device:  LCMXO2-4000HCTQFP144
Target Performance:   4
Mapper:  xo2c00,  version:  Diamond (64-bit) 3.13.0.56.2
Mapped on:  12/17/24  20:30:41

Design Summary
--------------

   Number of registers:    187 out of  4665 (4%)
      PFU registers:          187 out of  4320 (4%)
      PIO registers:            0 out of   345 (0%)
   Number of SLICEs:       228 out of  2160 (11%)
      SLICEs as Logic/ROM:    228 out of  2160 (11%)
      SLICEs as RAM:            0 out of  1620 (0%)
      SLICEs as Carry:        133 out of  2160 (6%)
   Number of LUT4s:        454 out of  4320 (11%)
      Number used as logic LUTs:        188
      Number used as distributed RAM:     0
      Number used as ripple logic:      266
      Number used as shift registers:     0
   Number of PIO sites used: 102 + 1(JTAGENB) out of 115 (90%)
   Number of block RAMs:  0 out of 10 (0%)
   Number of GSRs:        0 out of 1 (0%)
   EFB used :        No
   JTAG used :       No
   Readback used :   No
   Oscillator used : Yes
   Startup used :    No
   POR :             On
   Bandgap :         On
   Number of Power Controller:  0 out of 1 (0%)
   Number of Dynamic Bank Controller (BCINRD):  0 out of 6 (0%)
   Number of Dynamic Bank Controller (BCLVDSO):  0 out of 1 (0%)
   Number of DCCA:  0 out of 8 (0%)
   Number of DCMA:  0 out of 2 (0%)
   Number of PLLs:  0 out of 2 (0%)
   Number of DQSDLLs:  0 out of 2 (0%)
   Number of CLKDIVC:  0 out of 4 (0%)
   Number of ECLKSYNCA:  0 out of 4 (0%)
   Number of ECLKBRIDGECS:  0 out of 2 (0%)
   Notes:-
      1. Total number of LUT4s = (Number of logic LUT4s) + 2*(Number of
     distributed RAMs) + 2*(Number of ripple logic)
      2. Number of logic LUT4s does not include count of distributed RAM and
     ripple logic.
   Number of clocks:  1

                                    Page 1




Design:  Waiting_for_Powerbutton_pressed_V0            Date:  12/17/24  20:30:41

Design Summary (cont)
---------------------
     Net clk: 114 loads, 114 rising, 0 falling (Driver: OSCInst0 )
   Number of Clock Enables:  23
     Net clk_enable_112: 1 loads, 1 LSLICEs
     Net clk_enable_19: 1 loads, 1 LSLICEs
     Net clk_enable_120: 1 loads, 1 LSLICEs
     Net clk_enable_141: 18 loads, 18 LSLICEs
     Net clk_enable_46: 17 loads, 17 LSLICEs
     Net clk_enable_109: 17 loads, 17 LSLICEs
     Net clk_enable_6: 1 loads, 1 LSLICEs
     Net clk_enable_7: 1 loads, 1 LSLICEs
     Net clk_enable_21: 2 loads, 2 LSLICEs
     Net clk_enable_23: 2 loads, 2 LSLICEs
     Net clk_enable_25: 1 loads, 1 LSLICEs
     Net Carrier_PG_1V8_N_774: 1 loads, 1 LSLICEs
     Net clk_enable_130: 17 loads, 17 LSLICEs
     Net clk_enable_172: 17 loads, 17 LSLICEs
     Net clk_enable_132: 1 loads, 1 LSLICEs
     Net clk_enable_110: 1 loads, 1 LSLICEs
     Net clk_enable_111: 1 loads, 1 LSLICEs
     Net clk_enable_116: 1 loads, 1 LSLICEs
     Net clk_enable_118: 1 loads, 1 LSLICEs
     Net clk_enable_119: 1 loads, 1 LSLICEs
     Net clk_enable_121: 1 loads, 1 LSLICEs
     Net clk_enable_129: 1 loads, 1 LSLICEs
     Net clk_enable_131: 1 loads, 1 LSLICEs
   Number of LSRs:  7
     Net n3534: 5 loads, 5 LSLICEs
     Net n3525: 5 loads, 5 LSLICEs
     Net debounce_inputs_asyn2_4: 18 loads, 18 LSLICEs
     Net debounce_inputs_asyn2_1: 18 loads, 18 LSLICEs
     Net debounce_inputs_asyn2_3: 18 loads, 18 LSLICEs
     Net debounce_inputs_asyn2_2: 18 loads, 18 LSLICEs
     Net n4115: 2 loads, 2 LSLICEs
   Number of nets driven by tri-state buffers:  0
   Top 10 highest fanout non-clock nets:
     Net next_state_3: 58 loads
     Net next_state_1: 56 loads
     Net next_state_0: 54 loads
     Net next_state_2: 52 loads
     Net next_state_3_N_485_2: 36 loads
     Net FPIO_isoCtrlRSTn_N_687: 21 loads
     Net clk_enable_141: 19 loads
     Net debounce_inputs_asyn2_1: 19 loads
     Net debounce_inputs_asyn2_3: 19 loads
     Net debounce_inputs_asyn2_4: 19 loads




   Number of warnings:  1
   Number of errors:    0
     





                                    Page 2




Design:  Waiting_for_Powerbutton_pressed_V0            Date:  12/17/24  20:30:41

Design Errors/Warnings
----------------------

WARNING - map: The JTAG port has been disabled in this project and JTAG pins
     will be configured as General Purpose IO.  You have to use JTAGENB pin in
     hardware to change the personality of the port from JTAG pins to general
     purpose IO.  Reference MachXO2 Handbook for details on dual function JTAG
     port.

IO (PIO) Attributes
-------------------

+---------------------+-----------+-----------+------------+
| IO Name             | Direction | Levelmode | IO         |
|                     |           |  IO_TYPE  | Register   |
+---------------------+-----------+-----------+------------+
| FP_UsrSW2           | INPUT     | LVCMOS33  |            |
+---------------------+-----------+-----------+------------+
| FP_UsrSW1           | INPUT     | LVCMOS33  |            |
+---------------------+-----------+-----------+------------+
| FlexIO03            | INPUT     | LVCMOS33  |            |
+---------------------+-----------+-----------+------------+
| FlexIO04            | INPUT     | LVCMOS33  |            |
+---------------------+-----------+-----------+------------+
| Carrier_PwrOn       | OUTPUT    | LVCMOS33  |            |
+---------------------+-----------+-----------+------------+
| DIGS3C_SlotD_SlotOE[1]| OUTPUT    | LVCMOS33  |            |
+---------------------+-----------+-----------+------------+
| DIGS3C_SlotD_SlotOE[2]| OUTPUT    | LVCMOS33  |            |
+---------------------+-----------+-----------+------------+
| DIGS3C_SlotD_SlotOE[3]| OUTPUT    | LVCMOS33  |            |
+---------------------+-----------+-----------+------------+
| DIGS3C_SlotD_SlotOE[4]| OUTPUT    | LVCMOS33  |            |
+---------------------+-----------+-----------+------------+
| DIGS3C_SlotD_SlotOE[5]| OUTPUT    | LVCMOS33  |            |
+---------------------+-----------+-----------+------------+
| ANL_S3C_CarrierReady| OUTPUT    | LVCMOS33  |            |
+---------------------+-----------+-----------+------------+
| FlexMio61ExternalStop| OUTPUT    | LVCMOS33  |            |
+---------------------+-----------+-----------+------------+
| FlexMIOs53_GPIO_PowerDown| OUTPUT    | LVCMOS18  |            |
+---------------------+-----------+-----------+------------+
| SD_SEL              | OUTPUT    | LVCMOS33  |            |
+---------------------+-----------+-----------+------------+
| DIGS3C_Shared_ReqSafeState| OUTPUT    | LVCMOS18  |            |
+---------------------+-----------+-----------+------------+
| DIGS3C_Shared_CarrierReady| OUTPUT    | LVCMOS18  |            |
+---------------------+-----------+-----------+------------+
| FP_UsrLED[1]        | OUTPUT    | LVCMOS18  |            |
+---------------------+-----------+-----------+------------+
| FP_UsrLED[2]        | OUTPUT    | LVCMOS18  |            |
+---------------------+-----------+-----------+------------+
| FP_UsrLED[3]        | OUTPUT    | LVCMOS18  |            |
+---------------------+-----------+-----------+------------+
| FP_UsrLED[4]        | OUTPUT    | LVCMOS18  |            |
+---------------------+-----------+-----------+------------+
| FP_SysLEDs          | OUTPUT    | LVCMOS18  |            |
+---------------------+-----------+-----------+------------+

                                    Page 3




Design:  Waiting_for_Powerbutton_pressed_V0            Date:  12/17/24  20:30:41

IO (PIO) Attributes (cont)
--------------------------
| Carrier_PG_1V8      | OUTPUT    | LVCMOS18  |            |
+---------------------+-----------+-----------+------------+
| FPIO_FlexMIO52      | OUTPUT    | LVCMOS33  |            |
+---------------------+-----------+-----------+------------+
| Carrier_PG_3V3      | OUTPUT    | LVCMOS33  |            |
+---------------------+-----------+-----------+------------+
| FPIO_isoCtrlRSTn    | OUTPUT    | LVCMOS33  |            |
+---------------------+-----------+-----------+------------+
| FlexIO01            | OUTPUT    | LVCMOS33  |            |
+---------------------+-----------+-----------+------------+
| FlexIO02            | OUTPUT    | LVCMOS33  |            |
+---------------------+-----------+-----------+------------+
| FlexIO05            | OUTPUT    | LVCMOS33  |            |
+---------------------+-----------+-----------+------------+
| FP_SysLEDb          | OUTPUT    | LVCMOS33  |            |
+---------------------+-----------+-----------+------------+
| FP_SysLEDr          | OUTPUT    | LVCMOS33  |            |
+---------------------+-----------+-----------+------------+
| FP_SysLEDg          | OUTPUT    | LVCMOS33  |            |
+---------------------+-----------+-----------+------------+
| DIG5S3C27           | BIDIR     | LVCMOS18  |            |
+---------------------+-----------+-----------+------------+
| DIG5S3C28           | BIDIR     | LVCMOS18  |            |
+---------------------+-----------+-----------+------------+
| DIG5S3C29           | BIDIR     | LVCMOS18  |            |
+---------------------+-----------+-----------+------------+
| DIG5S3C01           | BIDIR     | LVCMOS18  |            |
+---------------------+-----------+-----------+------------+
| DIG5S3C02           | BIDIR     | LVCMOS18  |            |
+---------------------+-----------+-----------+------------+
| DIG5S3C00           | BIDIR     | LVCMOS18  |            |
+---------------------+-----------+-----------+------------+
| DIG5S3C05           | BIDIR     | LVCMOS18  |            |
+---------------------+-----------+-----------+------------+
| DIG5S3C04           | BIDIR     | LVCMOS18  |            |
+---------------------+-----------+-----------+------------+
| DIG5S3C03           | BIDIR     | LVCMOS18  |            |
+---------------------+-----------+-----------+------------+
| FPIO_FlexMIO28      | BIDIR     | LVCMOS33  |            |
+---------------------+-----------+-----------+------------+
| FlexMIOs32          | BIDIR     | LVCMOS18  |            |
+---------------------+-----------+-----------+------------+
| FlexMIOs33          | BIDIR     | LVCMOS18  |            |
+---------------------+-----------+-----------+------------+
| FlexMIOs34          | BIDIR     | LVCMOS18  |            |
+---------------------+-----------+-----------+------------+
| FlexMIOs35          | BIDIR     | LVCMOS18  |            |
+---------------------+-----------+-----------+------------+
| FlexMIOs36          | BIDIR     | LVCMOS18  |            |
+---------------------+-----------+-----------+------------+
| FlexMIOs37          | BIDIR     | LVCMOS18  |            |
+---------------------+-----------+-----------+------------+
| FlexMIOs26          | BIDIR     | LVCMOS18  |            |
+---------------------+-----------+-----------+------------+
| FlexMIOs27          | BIDIR     | LVCMOS18  |            |
+---------------------+-----------+-----------+------------+

                                    Page 4




Design:  Waiting_for_Powerbutton_pressed_V0            Date:  12/17/24  20:30:41

IO (PIO) Attributes (cont)
--------------------------
| FlexMIOs28          | BIDIR     | LVCMOS18  |            |
+---------------------+-----------+-----------+------------+
| FlexMIOs29          | BIDIR     | LVCMOS18  |            |
+---------------------+-----------+-----------+------------+
| FlexMIOs30          | BIDIR     | LVCMOS18  |            |
+---------------------+-----------+-----------+------------+
| FlexMIOs31          | BIDIR     | LVCMOS18  |            |
+---------------------+-----------+-----------+------------+
| FlexMIOs63          | BIDIR     | LVCMOS18  |            |
+---------------------+-----------+-----------+------------+
| FlexMIOs62          | BIDIR     | LVCMOS18  |            |
+---------------------+-----------+-----------+------------+
| FlexMIOs54          | BIDIR     | LVCMOS18  |            |
+---------------------+-----------+-----------+------------+
| DIG5S3C24           | BIDIR     | LVCMOS18  |            |
+---------------------+-----------+-----------+------------+
| DIG5S3C25           | BIDIR     | LVCMOS18  |            |
+---------------------+-----------+-----------+------------+
| DIG5S3C26           | BIDIR     | LVCMOS18  |            |
+---------------------+-----------+-----------+------------+
| FPIO_FlexMIO29      | BIDIR     | LVCMOS33  |            |
+---------------------+-----------+-----------+------------+
| FPIO_FlexMIO30      | BIDIR     | LVCMOS33  |            |
+---------------------+-----------+-----------+------------+
| FPIO_FlexMIO27      | BIDIR     | LVCMOS33  |            |
+---------------------+-----------+-----------+------------+
| SCL                 | INPUT     | LVCMOS33  |            |
+---------------------+-----------+-----------+------------+
| SDA                 | INPUT     | LVCMOS33  |            |
+---------------------+-----------+-----------+------------+
| FP_UsrSW3           | INPUT     | LVCMOS33  |            |
+---------------------+-----------+-----------+------------+
| SysSW_Pwr_NC        | INPUT     | LVCMOS33  |            |
+---------------------+-----------+-----------+------------+
| FPIO_iosCtrlINTn    | INPUT     | LVCMOS33  |            |
+---------------------+-----------+-----------+------------+
| FPIO_ExternalStop   | INPUT     | LVCMOS33  |            |
+---------------------+-----------+-----------+------------+
| S3CsI2C_SDA         | INPUT     | LVCMOS18  |            |
+---------------------+-----------+-----------+------------+
| S3CsI2C_SCL         | INPUT     | LVCMOS18  |            |
+---------------------+-----------+-----------+------------+
| SD1_CD              | INPUT     | LVCMOS18  |            |
+---------------------+-----------+-----------+------------+
| SD0_CD              | INPUT     | LVCMOS18  |            |
+---------------------+-----------+-----------+------------+
| SPI_S3C_nCS_USR     | INPUT     | LVCMOS18  |            |
+---------------------+-----------+-----------+------------+
| DIGS3C_SlotD_ReqOE[5]| INPUT     | LVCMOS18  |            |
+---------------------+-----------+-----------+------------+
| DIGS3C_SlotD_ReqOE[4]| INPUT     | LVCMOS18  |            |
+---------------------+-----------+-----------+------------+
| DIGS3C_SlotD_ReqOE[3]| INPUT     | LVCMOS18  |            |
+---------------------+-----------+-----------+------------+
| DIGS3C_SlotD_ReqOE[2]| INPUT     | LVCMOS18  |            |
+---------------------+-----------+-----------+------------+

                                    Page 5




Design:  Waiting_for_Powerbutton_pressed_V0            Date:  12/17/24  20:30:41

IO (PIO) Attributes (cont)
--------------------------
| DIGS3C_SlotD_ReqOE[1]| INPUT     | LVCMOS18  |            |
+---------------------+-----------+-----------+------------+
| DIGS3C_SlotD_SlotOK[5]| INPUT     | LVCMOS18  |            |
+---------------------+-----------+-----------+------------+
| DIGS3C_SlotD_SlotOK[4]| INPUT     | LVCMOS18  |            |
+---------------------+-----------+-----------+------------+
| DIGS3C_SlotD_SlotOK[3]| INPUT     | LVCMOS18  |            |
+---------------------+-----------+-----------+------------+
| DIGS3C_SlotD_SlotOK[2]| INPUT     | LVCMOS18  |            |
+---------------------+-----------+-----------+------------+
| DIGS3C_SlotD_SlotOK[1]| INPUT     | LVCMOS18  |            |
+---------------------+-----------+-----------+------------+
| FlexLIO[5]          | INPUT     | LVCMOS18  |            |
+---------------------+-----------+-----------+------------+
| FlexLIO[4]          | INPUT     | LVCMOS18  |            |
+---------------------+-----------+-----------+------------+
| FlexLIO[3]          | INPUT     | LVCMOS18  |            |
+---------------------+-----------+-----------+------------+
| FlexLIO[2]          | INPUT     | LVCMOS18  |            |
+---------------------+-----------+-----------+------------+
| FlexLIO[1]          | INPUT     | LVCMOS18  |            |
+---------------------+-----------+-----------+------------+
| FlexLIO[0]          | INPUT     | LVCMOS18  |            |
+---------------------+-----------+-----------+------------+
| FlexMIOs52_PCIe     | INPUT     | LVCMOS18  |            |
+---------------------+-----------+-----------+------------+
| FlexMIOs45          | INPUT     | LVCMOS18  |            |
+---------------------+-----------+-----------+------------+
| ANL_S3C_SLOTOK[3]   | INPUT     | LVCMOS33  |            |
+---------------------+-----------+-----------+------------+
| ANL_S3C_SLOTOK[2]   | INPUT     | LVCMOS33  |            |
+---------------------+-----------+-----------+------------+
| ANL_S3C_SLOTOK[1]   | INPUT     | LVCMOS33  |            |
+---------------------+-----------+-----------+------------+
| ANL_S3C_P54_Legacy  | INPUT     | LVCMOS33  |            |
+---------------------+-----------+-----------+------------+
| PG_VIN              | INPUT     | LVCMOS33  |            |
+---------------------+-----------+-----------+------------+
| PPn_VIN             | INPUT     | LVCMOS33  |            |
+---------------------+-----------+-----------+------------+
| PG_Module           | INPUT     | LVCMOS33  |            |
+---------------------+-----------+-----------+------------+
| TDnSHDN             | INPUT     | LVCMOS33  |            |
+---------------------+-----------+-----------+------------+
| TDnFFnFS            | INPUT     | LVCMOS33  |            |
+---------------------+-----------+-----------+------------+
| TDnALERT            | INPUT     | LVCMOS33  |            |
+---------------------+-----------+-----------+------------+
| S3C_S1              | INPUT     | LVCMOS33  |            |
+---------------------+-----------+-----------+------------+

Removed logic
-------------

Block i2 undriven or does not drive anything - clipped.
Block GSR_INST undriven or does not drive anything - clipped.

                                    Page 6




Design:  Waiting_for_Powerbutton_pressed_V0            Date:  12/17/24  20:30:41

Removed logic (cont)
--------------------
Signal n3108 was merged into signal Carrier_PG_1V8_N_693
Signal VCC_net undriven or does not drive anything - clipped.
Block i813_1_lut was optimized away.

     

OSC Summary
-----------

OSC 1:                                     Pin/Node Value
  OSC Instance Name:                                OSCInst0
  OSC Type:                                         OSCH
  STDBY Input:                                      NONE
  OSC Output:                              NODE     clk
  OSC Nominal Frequency (MHz):                      2.08

ASIC Components
---------------

Instance Name: OSCInst0
         Type: OSCH

Run Time and Memory Usage
-------------------------

   Total CPU Time: 0 secs  
   Total REAL Time: 2 secs  
   Peak Memory Usage: 55 MB
        




























                                    Page 7


Copyright (c) 1991-1994 by NeoCAD Inc. All rights reserved.
     Copyright (c) 1995 AT&T Corp.   All rights reserved.
     Copyright (c) 1995-2001 Lucent Technologies Inc.  All rights reserved.
     Copyright (c) 2001 Agere Systems   All rights reserved.
     Copyright (c) 2002-2023 Lattice Semiconductor Corporation,  All rights
     reserved.
