
Loading design for application trce from file uz_d_slots_optical_14tx_4rx.ncd.
Design name: SignalRouter
NCD version: 3.3
Vendor:      LATTICE
Device:      LCMXO2-2000HC
Package:     TQFP100
Performance: 4
Loading device for application trce from file 'xo2c2000.nph' in environment: C:/lscc/diamond/3.13/ispfpga.
Package Status:                     Final          Version 1.44.
Performance Hardware Data Status:   Final          Version 34.4.
Setup and Hold Report

--------------------------------------------------------------------------------
Lattice TRACE Report - Setup, Version Diamond (64-bit) 3.13.0.56.2
Thu Jan 15 14:12:04 2026

Copyright (c) 1991-1994 by NeoCAD Inc. All rights reserved.
Copyright (c) 1995 AT&T Corp.   All rights reserved.
Copyright (c) 1995-2001 Lucent Technologies Inc.  All rights reserved.
Copyright (c) 2001 Agere Systems   All rights reserved.
Copyright (c) 2002-2023 Lattice Semiconductor Corporation,  All rights reserved.

Report Information
------------------
Command line:    trce -v 10 -gt -sethld -sp 4 -sphld m -o uz_d_slots_optical_14tx_4rx.twr -gui -msgset C:/cpld_lattice/MACHXO2/D_Slot_CPLD_LCMXO2-2000HC-4TG100C/uz_d_slots/promote.xml uz_d_slots_optical_14tx_4rx.ncd uz_d_slots_optical_14tx_4rx.prf 
Design file:     uz_d_slots_optical_14tx_4rx.ncd
Preference file: uz_d_slots_optical_14tx_4rx.prf
Device,speed:    LCMXO2-2000HC,4
Report level:    verbose report, limited to 10 items per preference
--------------------------------------------------------------------------------

BLOCK ASYNCPATHS
BLOCK RESETPATHS
--------------------------------------------------------------------------------



================================================================================
Preference: Default path enumeration
            57 items scored, 0 timing errors detected.
--------------------------------------------------------------------------------

Report:   14.414ns delay reqsafestate to d_24

   Name    Fanout   Delay (ns)          Site               Resource
PADI_DEL    ---     1.767         76.PAD to       76.PADDI reqsafestate
ROUTE        27     7.195       76.PADDI to       R9C2A.A1 reqsafestate_c
CTOF_DEL    ---     0.495       R9C2A.A1 to       R9C2A.F1 SLICE_5
ROUTE         1     2.160       R9C2A.F1 to        2.PADDO d_24_c
DOPAD_DEL   ---     2.797        2.PADDO to          2.PAD d_24
                  --------
                   14.414   (35.1% logic, 64.9% route), 3 logic levels.

Report:   14.134ns delay reqsafestate to d_22

   Name    Fanout   Delay (ns)          Site               Resource
PADI_DEL    ---     1.767         76.PAD to       76.PADDI reqsafestate
ROUTE        27     6.854       76.PADDI to       R9C2B.D1 reqsafestate_c
CTOF_DEL    ---     0.495       R9C2B.D1 to       R9C2B.F1 SLICE_7
ROUTE         1     2.221       R9C2B.F1 to        7.PADDO d_22_c
DOPAD_DEL   ---     2.797        7.PADDO to          7.PAD d_22
                  --------
                   14.134   (35.8% logic, 64.2% route), 3 logic levels.

Report:   13.510ns delay reqsafestate to d_18

   Name    Fanout   Delay (ns)          Site               Resource
PADI_DEL    ---     1.767         76.PAD to       76.PADDI reqsafestate
ROUTE        27     6.734       76.PADDI to       R5C2B.D1 reqsafestate_c
CTOF_DEL    ---     0.495       R5C2B.D1 to       R5C2B.F1 SLICE_11
ROUTE         1     1.717       R5C2B.F1 to        4.PADDO d_18_c
DOPAD_DEL   ---     2.797        4.PADDO to          4.PAD d_18
                  --------
                   13.510   (37.4% logic, 62.6% route), 3 logic levels.

Report:   13.092ns delay reqsafestate to d_08

   Name    Fanout   Delay (ns)          Site               Resource
PADI_DEL    ---     1.767         76.PAD to       76.PADDI reqsafestate
ROUTE        27     6.734       76.PADDI to       R5C2A.D0 reqsafestate_c
CTOF_DEL    ---     0.495       R5C2A.D0 to       R5C2A.F0 SLICE_9
ROUTE         1     1.299       R5C2A.F0 to        9.PADDO d_08_c
DOPAD_DEL   ---     2.797        9.PADDO to          9.PAD d_08
                  --------
                   13.092   (38.6% logic, 61.4% route), 3 logic levels.

Report:   13.092ns delay reqsafestate to d_10

   Name    Fanout   Delay (ns)          Site               Resource
PADI_DEL    ---     1.767         76.PAD to       76.PADDI reqsafestate
ROUTE        27     6.734       76.PADDI to       R5C2B.D0 reqsafestate_c
CTOF_DEL    ---     0.495       R5C2B.D0 to       R5C2B.F0 SLICE_11
ROUTE         1     1.299       R5C2B.F0 to       10.PADDO d_10_c
DOPAD_DEL   ---     2.797       10.PADDO to         10.PAD d_10
                  --------
                   13.092   (38.6% logic, 61.4% route), 3 logic levels.

Report:   13.054ns delay reqsafestate to d_06

   Name    Fanout   Delay (ns)          Site               Resource
PADI_DEL    ---     1.767         76.PAD to       76.PADDI reqsafestate
ROUTE        27     6.854       76.PADDI to       R9C2B.D0 reqsafestate_c
CTOF_DEL    ---     0.495       R9C2B.D0 to       R9C2B.F0 SLICE_7
ROUTE         1     1.141       R9C2B.F0 to       14.PADDO d_06_c
DOPAD_DEL   ---     2.797       14.PADDO to         14.PAD d_06
                  --------
                   13.054   (38.8% logic, 61.2% route), 3 logic levels.

Report:   13.008ns delay reqsafestate to d_20

   Name    Fanout   Delay (ns)          Site               Resource
PADI_DEL    ---     1.767         76.PAD to       76.PADDI reqsafestate
ROUTE        27     6.734       76.PADDI to       R5C2A.D1 reqsafestate_c
CTOF_DEL    ---     0.495       R5C2A.D1 to       R5C2A.F1 SLICE_9
ROUTE         1     1.215       R5C2A.F1 to        8.PADDO d_20_c
DOPAD_DEL   ---     2.797        8.PADDO to          8.PAD d_20
                  --------
                   13.008   (38.9% logic, 61.1% route), 3 logic levels.

Report:   12.833ns delay reqsafestate to d_04

   Name    Fanout   Delay (ns)          Site               Resource
PADI_DEL    ---     1.767         76.PAD to       76.PADDI reqsafestate
ROUTE        27     6.549       76.PADDI to       R9C2A.C0 reqsafestate_c
CTOF_DEL    ---     0.495       R9C2A.C0 to       R9C2A.F0 SLICE_5
ROUTE         1     1.225       R9C2A.F0 to       15.PADDO d_04_c
DOPAD_DEL   ---     2.797       15.PADDO to         15.PAD d_04
                  --------
                   12.833   (39.4% logic, 60.6% route), 3 logic levels.

Report:   12.374ns delay reqsafestate to d_02

   Name    Fanout   Delay (ns)          Site               Resource
PADI_DEL    ---     1.767         76.PAD to       76.PADDI reqsafestate
ROUTE        27     5.229       76.PADDI to       R2C2A.B0 reqsafestate_c
CTOF_DEL    ---     0.495       R2C2A.B0 to       R2C2A.F0 SLICE_3
ROUTE         1     2.086       R2C2A.F0 to       16.PADDO d_02_c
DOPAD_DEL   ---     2.797       16.PADDO to         16.PAD d_02
                  --------
                   12.374   (40.9% logic, 59.1% route), 3 logic levels.

Report:   11.511ns delay fpga_00 to d_00

   Name    Fanout   Delay (ns)          Site               Resource
PADI_DEL    ---     1.767         78.PAD to       78.PADDI fpga_00
ROUTE         1     3.244       78.PADDI to      R5C17A.B0 fpga_00_c
CTOF_DEL    ---     0.495      R5C17A.B0 to      R5C17A.F0 SLICE_2
ROUTE         1     3.208      R5C17A.F0 to       17.PADDO d_00_c
DOPAD_DEL   ---     2.797       17.PADDO to         17.PAD d_00
                  --------
                   11.511   (43.9% logic, 56.1% route), 3 logic levels.

Report:   14.414ns is the maximum delay for this preference.


================================================================================
Preference: Default net enumeration
            59 items scored, 0 timing errors detected.
--------------------------------------------------------------------------------

Report:    7.195ns maximum delay on reqsafestate_c

           Delays             Connection(s)
           4.388ns         76.PADDI to R7C11D.C0       
           2.920ns         76.PADDI to R11C24B.D1      
           2.920ns         76.PADDI to R11C24B.D0      
           6.734ns         76.PADDI to R5C2B.D1        
           6.734ns         76.PADDI to R5C2B.D0        
           3.398ns         76.PADDI to R11C23B.D1      
           3.122ns         76.PADDI to R11C23B.C0      
           6.734ns         76.PADDI to R5C2A.D1        
           6.734ns         76.PADDI to R5C2A.D0        
           3.391ns         76.PADDI to R12C24B.B1      
           3.391ns         76.PADDI to R12C24B.B0      
           6.854ns         76.PADDI to R9C2B.D1        
           6.854ns         76.PADDI to R9C2B.D0        
           3.391ns         76.PADDI to R12C24A.B1      
           3.391ns         76.PADDI to R12C24A.B0      
           7.195ns         76.PADDI to R9C2A.A1        
           6.549ns         76.PADDI to R9C2A.C0        
           3.261ns         76.PADDI to R11C24A.A1      
           2.494ns         76.PADDI to R11C24A.D0      
           5.229ns         76.PADDI to R2C2A.B1        
           5.229ns         76.PADDI to R2C2A.B0        
           3.023ns         76.PADDI to R5C17A.C1       
           3.023ns         76.PADDI to R5C17A.C0       
           3.017ns         76.PADDI to R2C20B.C1       
           3.017ns         76.PADDI to R2C20B.C0       
           2.083ns         76.PADDI to R5C24A.C1       
           2.083ns         76.PADDI to R5C24A.C0       

Report:    4.762ns maximum delay on fpga_15_c_c

           Delays             Connection(s)
           4.762ns         60.PADDI to 24.PADDO        

Report:    4.263ns maximum delay on fpga_17_c_c

           Delays             Connection(s)
           4.263ns         61.PADDI to 19.PADDO        

Report:    4.158ns maximum delay on fpga_08_c

           Delays             Connection(s)
           4.158ns         41.PADDI to R5C2A.B0        

Report:    3.961ns maximum delay on fpga_25_c

           Delays             Connection(s)
           3.961ns         98.PADDI to R11C24A.D1      

Report:    3.865ns maximum delay on fpga_19_c

           Delays             Connection(s)
           3.865ns         21.PADDI to R11C23B.C1      

Report:    3.634ns maximum delay on fpga_04_c

           Delays             Connection(s)
           3.634ns         45.PADDI to R9C2A.B0        

Report:    3.486ns maximum delay on fpga_02_c

           Delays             Connection(s)
           3.486ns         84.PADDI to R2C2A.C0        

Report:    3.402ns maximum delay on fpga_10_c

           Delays             Connection(s)
           3.402ns         38.PADDI to R5C2B.C0        

Report:    3.377ns maximum delay on fpga_23_c

           Delays             Connection(s)
           3.377ns         28.PADDI to R12C24A.C1      

Report:    7.195ns is the maximum delay for this preference.

Report Summary
--------------
----------------------------------------------------------------------------
Preference                              |   Constraint|       Actual|Levels
----------------------------------------------------------------------------
                                        |             |             |
Default path enumeration                |     0.000 ns|    14.414 ns|   0  
                                        |             |             |
Default net enumeration                 |     0.000 ns|     7.195 ns|   0  
                                        |             |             |
----------------------------------------------------------------------------


All preferences were met.


Clock Domains Analysis
------------------------

Found 0 clocks:


Timing summary (Setup):
---------------

Timing errors: 0  Score: 0
Cumulative negative slack: 0

Constraints cover 57 paths, 59 nets, and 85 connections (100.00% coverage)

--------------------------------------------------------------------------------

