Analysis & Synthesis report for SPI_Master_Project
Thu Aug 09 17:19:34 2018
Quartus Prime Version 16.0.0 Build 211 04/27/2016 SJ Standard Edition


---------------------
; Table of Contents ;
---------------------
  1. Legal Notice
  2. Analysis & Synthesis Summary
  3. Analysis & Synthesis Settings
  4. Parallel Compilation
  5. Analysis & Synthesis Source Files Read
  6. Analysis & Synthesis Resource Usage Summary
  7. Analysis & Synthesis Resource Utilization by Entity
  8. Registers Removed During Synthesis
  9. General Register Statistics
 10. Inverted Register Statistics
 11. Multiplexer Restructuring Statistics (Restructuring Performed)
 12. Parameter Settings for User Entity Instance: spi_master:spi_master_0
 13. Port Connectivity Checks: "spi_master:spi_master_0"
 14. Analysis & Synthesis Messages



----------------
; Legal Notice ;
----------------
Copyright (C) 1991-2016 Altera Corporation. All rights reserved.
Your use of Altera Corporation's design tools, logic functions 
and other software and tools, and its AMPP partner logic 
functions, and any output files from any of the foregoing 
(including device programming or simulation files), and any 
associated documentation or information are expressly subject 
to the terms and conditions of the Altera Program License 
Subscription Agreement, the Altera Quartus Prime License Agreement,
the Altera MegaCore Function License Agreement, or other 
applicable license agreement, including, without limitation, 
that your use is for the sole purpose of programming logic 
devices manufactured by Altera and sold by Altera or its 
authorized distributors.  Please refer to the applicable 
agreement for further details.



+-------------------------------------------------------------------------------+
; Analysis & Synthesis Summary                                                  ;
+-----------------------------+-------------------------------------------------+
; Analysis & Synthesis Status ; Successful - Thu Aug 09 17:19:34 2018           ;
; Quartus Prime Version       ; 16.0.0 Build 211 04/27/2016 SJ Standard Edition ;
; Revision Name               ; SPI_Master_Project                              ;
; Top-level Entity Name       ; main                                            ;
; Family                      ; MAX II                                          ;
; Total logic elements        ; 139                                             ;
; Total pins                  ; 35                                              ;
; Total virtual pins          ; 0                                               ;
; UFM blocks                  ; 0 / 1 ( 0 % )                                   ;
+-----------------------------+-------------------------------------------------+


+----------------------------------------------------------------------------------------------------------------------+
; Analysis & Synthesis Settings                                                                                        ;
+----------------------------------------------------------------------------+--------------------+--------------------+
; Option                                                                     ; Setting            ; Default Value      ;
+----------------------------------------------------------------------------+--------------------+--------------------+
; Device                                                                     ; EPM570T100C4       ;                    ;
; Top-level entity name                                                      ; main               ; SPI_Master_Project ;
; Family name                                                                ; MAX II             ; Cyclone V          ;
; Use smart compilation                                                      ; Off                ; Off                ;
; Enable parallel Assembler and TimeQuest Timing Analyzer during compilation ; On                 ; On                 ;
; Enable compact report table                                                ; Off                ; Off                ;
; Restructure Multiplexers                                                   ; Auto               ; Auto               ;
; Create Debugging Nodes for IP Cores                                        ; Off                ; Off                ;
; Preserve fewer node names                                                  ; On                 ; On                 ;
; Disable OpenCore Plus hardware evaluation                                  ; Off                ; Off                ;
; Verilog Version                                                            ; Verilog_2001       ; Verilog_2001       ;
; VHDL Version                                                               ; VHDL_1993          ; VHDL_1993          ;
; State Machine Processing                                                   ; Auto               ; Auto               ;
; Safe State Machine                                                         ; Off                ; Off                ;
; Extract Verilog State Machines                                             ; On                 ; On                 ;
; Extract VHDL State Machines                                                ; On                 ; On                 ;
; Ignore Verilog initial constructs                                          ; Off                ; Off                ;
; Iteration limit for constant Verilog loops                                 ; 5000               ; 5000               ;
; Iteration limit for non-constant Verilog loops                             ; 250                ; 250                ;
; Add Pass-Through Logic to Inferred RAMs                                    ; On                 ; On                 ;
; Infer RAMs from Raw Logic                                                  ; On                 ; On                 ;
; Parallel Synthesis                                                         ; On                 ; On                 ;
; NOT Gate Push-Back                                                         ; On                 ; On                 ;
; Power-Up Don't Care                                                        ; On                 ; On                 ;
; Remove Redundant Logic Cells                                               ; Off                ; Off                ;
; Remove Duplicate Registers                                                 ; On                 ; On                 ;
; Ignore CARRY Buffers                                                       ; Off                ; Off                ;
; Ignore CASCADE Buffers                                                     ; Off                ; Off                ;
; Ignore GLOBAL Buffers                                                      ; Off                ; Off                ;
; Ignore ROW GLOBAL Buffers                                                  ; Off                ; Off                ;
; Ignore LCELL Buffers                                                       ; Off                ; Off                ;
; Ignore SOFT Buffers                                                        ; On                 ; On                 ;
; Limit AHDL Integers to 32 Bits                                             ; Off                ; Off                ;
; Optimization Technique                                                     ; Balanced           ; Balanced           ;
; Carry Chain Length                                                         ; 70                 ; 70                 ;
; Auto Carry Chains                                                          ; On                 ; On                 ;
; Auto Open-Drain Pins                                                       ; On                 ; On                 ;
; Perform WYSIWYG Primitive Resynthesis                                      ; Off                ; Off                ;
; Auto Shift Register Replacement                                            ; Auto               ; Auto               ;
; Allow Shift Register Merging across Hierarchies                            ; Auto               ; Auto               ;
; Auto Clock Enable Replacement                                              ; On                 ; On                 ;
; Allow Synchronous Control Signals                                          ; On                 ; On                 ;
; Force Use of Synchronous Clear Signals                                     ; Off                ; Off                ;
; Auto Resource Sharing                                                      ; Off                ; Off                ;
; Use LogicLock Constraints during Resource Balancing                        ; On                 ; On                 ;
; Ignore translate_off and synthesis_off directives                          ; Off                ; Off                ;
; Report Parameter Settings                                                  ; On                 ; On                 ;
; Report Source Assignments                                                  ; On                 ; On                 ;
; Report Connectivity Checks                                                 ; On                 ; On                 ;
; Ignore Maximum Fan-Out Assignments                                         ; Off                ; Off                ;
; Synchronization Register Chain Length                                      ; 2                  ; 2                  ;
; PowerPlay Power Optimization During Synthesis                              ; Normal compilation ; Normal compilation ;
; HDL message level                                                          ; Level2             ; Level2             ;
; Suppress Register Optimization Related Messages                            ; Off                ; Off                ;
; Number of Removed Registers Reported in Synthesis Report                   ; 5000               ; 5000               ;
; Number of Swept Nodes Reported in Synthesis Report                         ; 5000               ; 5000               ;
; Number of Inverted Registers Reported in Synthesis Report                  ; 100                ; 100                ;
; Clock MUX Protection                                                       ; On                 ; On                 ;
; Block Design Naming                                                        ; Auto               ; Auto               ;
; Synthesis Effort                                                           ; Auto               ; Auto               ;
; Shift Register Replacement - Allow Asynchronous Clear Signal               ; On                 ; On                 ;
; Analysis & Synthesis Message Level                                         ; Medium             ; Medium             ;
; Disable Register Merging Across Hierarchies                                ; Auto               ; Auto               ;
; Synthesis Seed                                                             ; 1                  ; 1                  ;
+----------------------------------------------------------------------------+--------------------+--------------------+


+------------------------------------------+
; Parallel Compilation                     ;
+----------------------------+-------------+
; Processors                 ; Number      ;
+----------------------------+-------------+
; Number detected on machine ; 4           ;
; Maximum allowed            ; 2           ;
;                            ;             ;
; Average used               ; 1.00        ;
; Maximum used               ; 1           ;
;                            ;             ;
; Usage by Processor         ; % Time Used ;
;     Processor 1            ; 100.0%      ;
+----------------------------+-------------+


+----------------------------------------------------------------------------------------------------------------------------------------+
; Analysis & Synthesis Source Files Read                                                                                                 ;
+----------------------------------+-----------------+-----------------+-------------------------------------------------------+---------+
; File Name with User-Entered Path ; Used in Netlist ; File Type       ; File Name with Absolute Path                          ; Library ;
+----------------------------------+-----------------+-----------------+-------------------------------------------------------+---------+
; main.vhd                         ; yes             ; User VHDL File  ; C:/Users/David/Desktop/SPI Master CPLD/main.vhd       ;         ;
; spi_master.vhd                   ; yes             ; User VHDL File  ; C:/Users/David/Desktop/SPI Master CPLD/spi_master.vhd ;         ;
+----------------------------------+-----------------+-----------------+-------------------------------------------------------+---------+


+-----------------------------------------------------+
; Analysis & Synthesis Resource Usage Summary         ;
+---------------------------------------------+-------+
; Resource                                    ; Usage ;
+---------------------------------------------+-------+
; Total logic elements                        ; 139   ;
;     -- Combinational with no register       ; 70    ;
;     -- Register only                        ; 17    ;
;     -- Combinational with a register        ; 52    ;
;                                             ;       ;
; Logic element usage by number of LUT inputs ;       ;
;     -- 4 input functions                    ; 32    ;
;     -- 3 input functions                    ; 48    ;
;     -- 2 input functions                    ; 40    ;
;     -- 1 input functions                    ; 2     ;
;     -- 0 input functions                    ; 0     ;
;                                             ;       ;
; Logic elements by mode                      ;       ;
;     -- normal mode                          ; 104   ;
;     -- arithmetic mode                      ; 35    ;
;     -- qfbk mode                            ; 0     ;
;     -- register cascade mode                ; 0     ;
;     -- synchronous clear/load mode          ; 5     ;
;     -- asynchronous clear/load mode         ; 12    ;
;                                             ;       ;
; Total registers                             ; 69    ;
; Total logic cells in carry chains           ; 37    ;
; I/O pins                                    ; 35    ;
; Maximum fan-out node                        ; clock ;
; Maximum fan-out                             ; 69    ;
; Total fan-out                               ; 535   ;
; Average fan-out                             ; 3.07  ;
+---------------------------------------------+-------+


+------------------------------------------------------------------------------------------------------------------------------------------------------------------------------------------------------------------------------------------------+
; Analysis & Synthesis Resource Utilization by Entity                                                                                                                                                                                            ;
+------------------------------+-------------+--------------+------------+------+--------------+--------------+-------------------+------------------+-----------------+------------+-------------------------------+-------------+--------------+
; Compilation Hierarchy Node   ; Logic Cells ; LC Registers ; UFM Blocks ; Pins ; Virtual Pins ; LUT-Only LCs ; Register-Only LCs ; LUT/Register LCs ; Carry Chain LCs ; Packed LCs ; Full Hierarchy Name           ; Entity Name ; Library Name ;
+------------------------------+-------------+--------------+------------+------+--------------+--------------+-------------------+------------------+-----------------+------------+-------------------------------+-------------+--------------+
; |main                        ; 139 (0)     ; 69           ; 0          ; 35   ; 0            ; 70 (0)       ; 17 (0)            ; 52 (0)           ; 37 (0)          ; 0 (0)      ; |main                         ; main        ; work         ;
;    |spi_master:spi_master_0| ; 139 (139)   ; 69           ; 0          ; 0    ; 0            ; 70 (70)      ; 17 (17)           ; 52 (52)          ; 37 (37)         ; 0 (0)      ; |main|spi_master:spi_master_0 ; spi_master  ; work         ;
+------------------------------+-------------+--------------+------------+------+--------------+--------------+-------------------+------------------+-----------------+------------+-------------------------------+-------------+--------------+
Note: For table entries with two numbers listed, the numbers in parentheses indicate the number of resources of the given type used by the specific entity alone. The numbers listed outside of parentheses indicate the total resources of the given type used by the specific entity and all of its sub-entities in the hierarchy.


+----------------------------------------------------------------------------------------------+
; Registers Removed During Synthesis                                                           ;
+-------------------------------------------+--------------------------------------------------+
; Register name                             ; Reason for Removal                               ;
+-------------------------------------------+--------------------------------------------------+
; spi_master:spi_master_0|clk_ratio[2..30]  ; Stuck at GND due to stuck port data_in           ;
; spi_master:spi_master_0|last_bit_rx[4]    ; Stuck at GND due to stuck port data_in           ;
; spi_master:spi_master_0|clk_ratio[31]     ; Merged with spi_master:spi_master_0|clk_ratio[0] ;
; spi_master:spi_master_0|last_bit_rx[0..3] ; Merged with spi_master:spi_master_0|clk_ratio[1] ;
; spi_master:spi_master_0|clk_ratio[0,1]    ; Merged with spi_master:spi_master_0|slave[0]     ;
; spi_master:spi_master_0|tx_buffer[0]      ; Stuck at GND due to stuck port data_in           ;
; Total Number of Removed Registers = 38    ;                                                  ;
+-------------------------------------------+--------------------------------------------------+


+------------------------------------------------------+
; General Register Statistics                          ;
+----------------------------------------------+-------+
; Statistic                                    ; Value ;
+----------------------------------------------+-------+
; Total registers                              ; 69    ;
; Number of registers using Synchronous Clear  ; 3     ;
; Number of registers using Synchronous Load   ; 2     ;
; Number of registers using Asynchronous Clear ; 12    ;
; Number of registers using Asynchronous Load  ; 0     ;
; Number of registers using Clock Enable       ; 64    ;
; Number of registers using Preset             ; 0     ;
+----------------------------------------------+-------+


+--------------------------------------------------+
; Inverted Register Statistics                     ;
+----------------------------------------+---------+
; Inverted Register                      ; Fan out ;
+----------------------------------------+---------+
; spi_master:spi_master_0|busy           ; 1       ;
; spi_master:spi_master_0|ss_n[0]        ; 4       ;
; spi_master:spi_master_0|slave[0]       ; 9       ;
; spi_master:spi_master_0|count[0]       ; 3       ;
; spi_master:spi_master_0|count[31]      ; 2       ;
; Total number of inverted registers = 5 ;         ;
+----------------------------------------+---------+


+------------------------------------------------------------------------------------------------------------------------------------------------------------+
; Multiplexer Restructuring Statistics (Restructuring Performed)                                                                                             ;
+--------------------+-----------+---------------+----------------------+------------------------+------------+----------------------------------------------+
; Multiplexer Inputs ; Bus Width ; Baseline Area ; Area if Restructured ; Saving if Restructured ; Registered ; Example Multiplexer Output                   ;
+--------------------+-----------+---------------+----------------------+------------------------+------------+----------------------------------------------+
; 4:1                ; 30 bits   ; 60 LEs        ; 60 LEs               ; 0 LEs                  ; Yes        ; |main|spi_master:spi_master_0|count[6]       ;
; 5:1                ; 3 bits    ; 9 LEs         ; 3 LEs                ; 6 LEs                  ; Yes        ; |main|spi_master:spi_master_0|clk_toggles[3] ;
; 5:1                ; 2 bits    ; 6 LEs         ; 4 LEs                ; 2 LEs                  ; Yes        ; |main|spi_master:spi_master_0|clk_toggles[4] ;
; 5:1                ; 6 bits    ; 18 LEs        ; 6 LEs                ; 12 LEs                 ; Yes        ; |main|spi_master:spi_master_0|tx_buffer[7]   ;
; 4:1                ; 2 bits    ; 4 LEs         ; 4 LEs                ; 0 LEs                  ; Yes        ; |main|spi_master:spi_master_0|count[31]      ;
+--------------------+-----------+---------------+----------------------+------------------------+------------+----------------------------------------------+


+----------------------------------------------------------------------+
; Parameter Settings for User Entity Instance: spi_master:spi_master_0 ;
+----------------+-------+---------------------------------------------+
; Parameter Name ; Value ; Type                                        ;
+----------------+-------+---------------------------------------------+
; slaves         ; 1     ; Signed Integer                              ;
; d_width        ; 8     ; Signed Integer                              ;
+----------------+-------+---------------------------------------------+
Note: In order to hide this table in the UI and the text report file, please set the "Show Parameter Settings in Synthesis Report" option in "Analysis and Synthesis Settings -> More Settings" to "Off".


+-----------------------------------------------------+
; Port Connectivity Checks: "spi_master:spi_master_0" ;
+----------------+-------+----------+-----------------+
; Port           ; Type  ; Severity ; Details         ;
+----------------+-------+----------+-----------------+
; cpol           ; Input ; Info     ; Stuck at GND    ;
; cpha           ; Input ; Info     ; Stuck at GND    ;
; clk_div[31..2] ; Input ; Info     ; Stuck at GND    ;
; clk_div[1]     ; Input ; Info     ; Stuck at VCC    ;
; clk_div[0]     ; Input ; Info     ; Stuck at GND    ;
; addr[31..1]    ; Input ; Info     ; Stuck at GND    ;
; addr[0]        ; Input ; Info     ; Stuck at VCC    ;
; tx_data[4..3]  ; Input ; Info     ; Stuck at VCC    ;
; tx_data[7]     ; Input ; Info     ; Stuck at GND    ;
; tx_data[6]     ; Input ; Info     ; Stuck at VCC    ;
; tx_data[5]     ; Input ; Info     ; Stuck at GND    ;
; tx_data[2]     ; Input ; Info     ; Stuck at GND    ;
; tx_data[1]     ; Input ; Info     ; Stuck at VCC    ;
; tx_data[0]     ; Input ; Info     ; Stuck at GND    ;
+----------------+-------+----------+-----------------+


+-------------------------------+
; Analysis & Synthesis Messages ;
+-------------------------------+
Info: *******************************************************************
Info: Running Quartus Prime Analysis & Synthesis
    Info: Version 16.0.0 Build 211 04/27/2016 SJ Standard Edition
    Info: Processing started: Thu Aug 09 17:19:16 2018
Info: Command: quartus_map --read_settings_files=on --write_settings_files=off SPI_Master_Project -c SPI_Master_Project
Warning (18236): Number of processors has not been specified which may cause overloading on shared machines.  Set the global assignment NUM_PARALLEL_PROCESSORS in your QSF to an appropriate value for best performance.
Info (20030): Parallel compilation is enabled and will use 2 of the 2 processors detected
Info (12021): Found 2 design units, including 1 entities, in source file main.vhd
    Info (12022): Found design unit 1: main-logic File: C:/Users/David/Desktop/SPI Master CPLD/main.vhd Line: 64
    Info (12023): Found entity 1: main File: C:/Users/David/Desktop/SPI Master CPLD/main.vhd Line: 20
Info (12021): Found 2 design units, including 1 entities, in source file i2c_master.vhd
    Info (12022): Found design unit 1: i2c_master-logic File: C:/Users/David/Desktop/SPI Master CPLD/i2c_master.vhd Line: 54
    Info (12023): Found entity 1: i2c_master File: C:/Users/David/Desktop/SPI Master CPLD/i2c_master.vhd Line: 36
Info (12021): Found 2 design units, including 1 entities, in source file spi_master.vhd
    Info (12022): Found design unit 1: spi_master-logic File: C:/Users/David/Desktop/SPI Master CPLD/spi_master.vhd Line: 52
    Info (12023): Found entity 1: spi_master File: C:/Users/David/Desktop/SPI Master CPLD/spi_master.vhd Line: 30
Info (12127): Elaborating entity "main" for the top level hierarchy
Warning (10036): Verilog HDL or VHDL warning at main.vhd(75): object "miso2_S" assigned a value but never read File: C:/Users/David/Desktop/SPI Master CPLD/main.vhd Line: 75
Info (12128): Elaborating entity "spi_master" for hierarchy "spi_master:spi_master_0" File: C:/Users/David/Desktop/SPI Master CPLD/main.vhd Line: 111
Warning (13024): Output pins are stuck at VCC or GND
    Warning (13410): Pin "PWM9" is stuck at VCC File: C:/Users/David/Desktop/SPI Master CPLD/main.vhd Line: 35
    Warning (13410): Pin "PWM10" is stuck at VCC File: C:/Users/David/Desktop/SPI Master CPLD/main.vhd Line: 36
    Warning (13410): Pin "PWM11" is stuck at VCC File: C:/Users/David/Desktop/SPI Master CPLD/main.vhd Line: 37
    Warning (13410): Pin "PWM12" is stuck at VCC File: C:/Users/David/Desktop/SPI Master CPLD/main.vhd Line: 38
    Warning (13410): Pin "PWM14" is stuck at VCC File: C:/Users/David/Desktop/SPI Master CPLD/main.vhd Line: 40
    Warning (13410): Pin "PWM15" is stuck at VCC File: C:/Users/David/Desktop/SPI Master CPLD/main.vhd Line: 41
    Warning (13410): Pin "PWM16" is stuck at VCC File: C:/Users/David/Desktop/SPI Master CPLD/main.vhd Line: 42
    Warning (13410): Pin "PWM17" is stuck at VCC File: C:/Users/David/Desktop/SPI Master CPLD/main.vhd Line: 43
    Warning (13410): Pin "PWM18" is stuck at VCC File: C:/Users/David/Desktop/SPI Master CPLD/main.vhd Line: 44
    Warning (13410): Pin "PWM19" is stuck at VCC File: C:/Users/David/Desktop/SPI Master CPLD/main.vhd Line: 45
    Warning (13410): Pin "PWM20" is stuck at VCC File: C:/Users/David/Desktop/SPI Master CPLD/main.vhd Line: 46
    Warning (13410): Pin "PWM21" is stuck at VCC File: C:/Users/David/Desktop/SPI Master CPLD/main.vhd Line: 47
    Warning (13410): Pin "PWM22" is stuck at VCC File: C:/Users/David/Desktop/SPI Master CPLD/main.vhd Line: 48
    Warning (13410): Pin "PWM23" is stuck at VCC File: C:/Users/David/Desktop/SPI Master CPLD/main.vhd Line: 49
    Warning (13410): Pin "PWM24" is stuck at VCC File: C:/Users/David/Desktop/SPI Master CPLD/main.vhd Line: 50
Info (18000): Registers with preset signals will power-up high File: C:/Users/David/Desktop/SPI Master CPLD/spi_master.vhd Line: 48
Warning (21074): Design contains 3 input pin(s) that do not drive logic
    Warning (15610): No output dependent on input pin "reset_n" File: C:/Users/David/Desktop/SPI Master CPLD/main.vhd Line: 24
    Warning (15610): No output dependent on input pin "trip" File: C:/Users/David/Desktop/SPI Master CPLD/main.vhd Line: 25
    Warning (15610): No output dependent on input pin "DATA8" File: C:/Users/David/Desktop/SPI Master CPLD/main.vhd Line: 59
Info (21057): Implemented 174 device resources after synthesis - the final resource count might be different
    Info (21058): Implemented 8 input pins
    Info (21059): Implemented 27 output pins
    Info (21061): Implemented 139 logic cells
Info: Quartus Prime Analysis & Synthesis was successful. 0 errors, 22 warnings
    Info: Peak virtual memory: 823 megabytes
    Info: Processing ended: Thu Aug 09 17:19:34 2018
    Info: Elapsed time: 00:00:18
    Info: Total CPU time (on all processors): 00:00:44


