Flow report for SPI_Master_Project
Thu Aug 09 17:19:43 2018
Quartus Prime Version 16.0.0 Build 211 04/27/2016 SJ Standard Edition


---------------------
; Table of Contents ;
---------------------
  1. Legal Notice
  2. Flow Summary
  3. Flow Settings
  4. Flow Non-Default Global Settings
  5. Flow Elapsed Time
  6. Flow OS Summary
  7. Flow Log
  8. Flow Messages
  9. Flow Suppressed Messages



----------------
; Legal Notice ;
----------------
Copyright (C) 1991-2016 Altera Corporation. All rights reserved.
Your use of Altera Corporation's design tools, logic functions 
and other software and tools, and its AMPP partner logic 
functions, and any output files from any of the foregoing 
(including device programming or simulation files), and any 
associated documentation or information are expressly subject 
to the terms and conditions of the Altera Program License 
Subscription Agreement, the Altera Quartus Prime License Agreement,
the Altera MegaCore Function License Agreement, or other 
applicable license agreement, including, without limitation, 
that your use is for the sole purpose of programming logic 
devices manufactured by Altera and sold by Altera or its 
authorized distributors.  Please refer to the applicable 
agreement for further details.



+-------------------------------------------------------------------------+
; Flow Summary                                                            ;
+-----------------------+-------------------------------------------------+
; Flow Status           ; Successful - Thu Aug 09 17:19:43 2018           ;
; Quartus Prime Version ; 16.0.0 Build 211 04/27/2016 SJ Standard Edition ;
; Revision Name         ; SPI_Master_Project                              ;
; Top-level Entity Name ; main                                            ;
; Family                ; MAX II                                          ;
; Device                ; EPM570T100C4                                    ;
; Timing Models         ; Final                                           ;
; Total logic elements  ; 139 / 570 ( 24 % )                              ;
; Total pins            ; 35 / 76 ( 46 % )                                ;
; Total virtual pins    ; 0                                               ;
; UFM blocks            ; 0 / 1 ( 0 % )                                   ;
+-----------------------+-------------------------------------------------+


+-----------------------------------------+
; Flow Settings                           ;
+-------------------+---------------------+
; Option            ; Setting             ;
+-------------------+---------------------+
; Start date & time ; 08/09/2018 17:19:16 ;
; Main task         ; Compilation         ;
; Revision Name     ; SPI_Master_Project  ;
+-------------------+---------------------+


+-----------------------------------------------------------------------------------------------------------------------------+
; Flow Non-Default Global Settings                                                                                            ;
+---------------------------------------+---------------------------------+--------------------+-------------+----------------+
; Assignment Name                       ; Value                           ; Default Value      ; Entity Name ; Section Id     ;
+---------------------------------------+---------------------------------+--------------------+-------------+----------------+
; COMPILER_SIGNATURE_ID                 ; 223163070745555.153384955607500 ; --                 ; --          ; --             ;
; EDA_OUTPUT_DATA_FORMAT                ; Vhdl                            ; --                 ; --          ; eda_simulation ;
; EDA_SIMULATION_TOOL                   ; ModelSim-Altera (VHDL)          ; <None>             ; --          ; --             ;
; EDA_TIME_SCALE                        ; 1 ps                            ; --                 ; --          ; eda_simulation ;
; MAX_CORE_JUNCTION_TEMP                ; 85                              ; --                 ; --          ; --             ;
; MIN_CORE_JUNCTION_TEMP                ; 0                               ; --                 ; --          ; --             ;
; POWER_EXT_SUPPLY_VOLTAGE_TO_REGULATOR ; 3.3V                            ; --                 ; --          ; --             ;
; POWER_PRESET_COOLING_SOLUTION         ; No Heat Sink With Still Air     ; --                 ; --          ; --             ;
; PROJECT_OUTPUT_DIRECTORY              ; output_files                    ; --                 ; --          ; --             ;
; TOP_LEVEL_ENTITY                      ; main                            ; SPI_Master_Project ; --          ; --             ;
+---------------------------------------+---------------------------------+--------------------+-------------+----------------+


+-------------------------------------------------------------------------------------------------------------------------------+
; Flow Elapsed Time                                                                                                             ;
+---------------------------+--------------+-------------------------+---------------------+------------------------------------+
; Module Name               ; Elapsed Time ; Average Processors Used ; Peak Virtual Memory ; Total CPU Time (on all processors) ;
+---------------------------+--------------+-------------------------+---------------------+------------------------------------+
; Analysis & Synthesis      ; 00:00:18     ; 1.0                     ; 823 MB              ; 00:00:44                           ;
; Fitter                    ; 00:00:02     ; 1.0                     ; 1148 MB             ; 00:00:02                           ;
; Assembler                 ; 00:00:01     ; 1.0                     ; 723 MB              ; 00:00:01                           ;
; TimeQuest Timing Analyzer ; 00:00:01     ; 1.0                     ; 745 MB              ; 00:00:01                           ;
; EDA Netlist Writer        ; 00:00:01     ; 1.0                     ; 692 MB              ; 00:00:01                           ;
; Total                     ; 00:00:23     ; --                      ; --                  ; 00:00:49                           ;
+---------------------------+--------------+-------------------------+---------------------+------------------------------------+


+----------------------------------------------------------------------------------------+
; Flow OS Summary                                                                        ;
+---------------------------+------------------+-----------+------------+----------------+
; Module Name               ; Machine Hostname ; OS Name   ; OS Version ; Processor type ;
+---------------------------+------------------+-----------+------------+----------------+
; Analysis & Synthesis      ; David-Notebook   ; Windows 8 ; 6.2        ; x86_64         ;
; Fitter                    ; David-Notebook   ; Windows 8 ; 6.2        ; x86_64         ;
; Assembler                 ; David-Notebook   ; Windows 8 ; 6.2        ; x86_64         ;
; TimeQuest Timing Analyzer ; David-Notebook   ; Windows 8 ; 6.2        ; x86_64         ;
; EDA Netlist Writer        ; David-Notebook   ; Windows 8 ; 6.2        ; x86_64         ;
+---------------------------+------------------+-----------+------------+----------------+


------------
; Flow Log ;
------------
quartus_map --read_settings_files=on --write_settings_files=off SPI_Master_Project -c SPI_Master_Project
quartus_fit --read_settings_files=off --write_settings_files=off SPI_Master_Project -c SPI_Master_Project
quartus_asm --read_settings_files=off --write_settings_files=off SPI_Master_Project -c SPI_Master_Project
quartus_sta SPI_Master_Project -c SPI_Master_Project
quartus_eda --read_settings_files=off --write_settings_files=off SPI_Master_Project -c SPI_Master_Project



