TimeQuest Timing Analyzer report for SPI_Master_Project
Thu Aug 09 17:19:41 2018
Quartus Prime Version 16.0.0 Build 211 04/27/2016 SJ Standard Edition


---------------------
; Table of Contents ;
---------------------
  1. Legal Notice
  2. TimeQuest Timing Analyzer Summary
  3. Parallel Compilation
  4. Clocks
  5. Fmax Summary
  6. Setup Summary
  7. Hold Summary
  8. Recovery Summary
  9. Removal Summary
 10. Minimum Pulse Width Summary
 11. Setup: 'clock'
 12. Hold: 'clock'
 13. Setup Transfers
 14. Hold Transfers
 15. Report TCCS
 16. Report RSKM
 17. Unconstrained Paths Summary
 18. Clock Status Summary
 19. Unconstrained Input Ports
 20. Unconstrained Output Ports
 21. Unconstrained Input Ports
 22. Unconstrained Output Ports
 23. TimeQuest Timing Analyzer Messages



----------------
; Legal Notice ;
----------------
Copyright (C) 1991-2016 Altera Corporation. All rights reserved.
Your use of Altera Corporation's design tools, logic functions 
and other software and tools, and its AMPP partner logic 
functions, and any output files from any of the foregoing 
(including device programming or simulation files), and any 
associated documentation or information are expressly subject 
to the terms and conditions of the Altera Program License 
Subscription Agreement, the Altera Quartus Prime License Agreement,
the Altera MegaCore Function License Agreement, or other 
applicable license agreement, including, without limitation, 
that your use is for the sole purpose of programming logic 
devices manufactured by Altera and sold by Altera or its 
authorized distributors.  Please refer to the applicable 
agreement for further details.



+---------------------------------------------------------------------------------+
; TimeQuest Timing Analyzer Summary                                               ;
+-----------------------+---------------------------------------------------------+
; Quartus Prime Version ; Version 16.0.0 Build 211 04/27/2016 SJ Standard Edition ;
; Timing Analyzer       ; TimeQuest                                               ;
; Revision Name         ; SPI_Master_Project                                      ;
; Device Family         ; MAX II                                                  ;
; Device Name           ; EPM570T100C4                                            ;
; Timing Models         ; Final                                                   ;
; Delay Model           ; Slow Model                                              ;
; Rise/Fall Delays      ; Unavailable                                             ;
+-----------------------+---------------------------------------------------------+


+------------------------------------------+
; Parallel Compilation                     ;
+----------------------------+-------------+
; Processors                 ; Number      ;
+----------------------------+-------------+
; Number detected on machine ; 4           ;
; Maximum allowed            ; 2           ;
;                            ;             ;
; Average used               ; 1.00        ;
; Maximum used               ; 1           ;
;                            ;             ;
; Usage by Processor         ; % Time Used ;
;     Processor 1            ; 100.0%      ;
+----------------------------+-------------+


+-----------------------------------------------------------------------------------------------------------------------------------------------------------------------------------+
; Clocks                                                                                                                                                                            ;
+------------+------+--------+------------+-------+-------+------------+-----------+-------------+-------+--------+-----------+------------+----------+--------+--------+-----------+
; Clock Name ; Type ; Period ; Frequency  ; Rise  ; Fall  ; Duty Cycle ; Divide by ; Multiply by ; Phase ; Offset ; Edge List ; Edge Shift ; Inverted ; Master ; Source ; Targets   ;
+------------+------+--------+------------+-------+-------+------------+-----------+-------------+-------+--------+-----------+------------+----------+--------+--------+-----------+
; clock      ; Base ; 1.000  ; 1000.0 MHz ; 0.000 ; 0.500 ;            ;           ;             ;       ;        ;           ;            ;          ;        ;        ; { clock } ;
+------------+------+--------+------------+-------+-------+------------+-----------+-------------+-------+--------+-----------+------------+----------+--------+--------+-----------+


+--------------------------------------------------+
; Fmax Summary                                     ;
+------------+-----------------+------------+------+
; Fmax       ; Restricted Fmax ; Clock Name ; Note ;
+------------+-----------------+------------+------+
; 108.41 MHz ; 108.41 MHz      ; clock      ;      ;
+------------+-----------------+------------+------+
This panel reports FMAX for every clock in the design, regardless of the user-specified clock periods.  FMAX is only computed for paths where the source and destination registers or ports are driven by the same clock.  Paths of different clocks, including generated clocks, are ignored.  For paths between a clock and its inversion, FMAX is computed as if the rising and falling edges are scaled along with FMAX, such that the duty cycle (in terms of a percentage) is maintained. Altera recommends that you always use clock constraints and other slack reports for sign-off analysis.


+--------------------------------+
; Setup Summary                  ;
+-------+--------+---------------+
; Clock ; Slack  ; End Point TNS ;
+-------+--------+---------------+
; clock ; -8.224 ; -484.984      ;
+-------+--------+---------------+


+-------------------------------+
; Hold Summary                  ;
+-------+-------+---------------+
; Clock ; Slack ; End Point TNS ;
+-------+-------+---------------+
; clock ; 1.120 ; 0.000         ;
+-------+-------+---------------+


--------------------
; Recovery Summary ;
--------------------
No paths to report.


-------------------
; Removal Summary ;
-------------------
No paths to report.


+--------------------------------+
; Minimum Pulse Width Summary    ;
+-------+--------+---------------+
; Clock ; Slack  ; End Point TNS ;
+-------+--------+---------------+
; clock ; -2.289 ; -2.289        ;
+-------+--------+---------------+


+---------------------------------------------------------------------------------------------------------------------------------------------------------+
; Setup: 'clock'                                                                                                                                          ;
+--------+-----------------------------------+--------------------------------------+--------------+-------------+--------------+------------+------------+
; Slack  ; From Node                         ; To Node                              ; Launch Clock ; Latch Clock ; Relationship ; Clock Skew ; Data Delay ;
+--------+-----------------------------------+--------------------------------------+--------------+-------------+--------------+------------+------------+
; -8.224 ; spi_master:spi_master_0|count[21] ; spi_master:spi_master_0|tx_buffer[7] ; clock        ; clock       ; 1.000        ; 0.000      ; 8.953      ;
; -8.224 ; spi_master:spi_master_0|count[21] ; spi_master:spi_master_0|tx_buffer[6] ; clock        ; clock       ; 1.000        ; 0.000      ; 8.953      ;
; -8.224 ; spi_master:spi_master_0|count[21] ; spi_master:spi_master_0|tx_buffer[5] ; clock        ; clock       ; 1.000        ; 0.000      ; 8.953      ;
; -8.224 ; spi_master:spi_master_0|count[21] ; spi_master:spi_master_0|tx_buffer[4] ; clock        ; clock       ; 1.000        ; 0.000      ; 8.953      ;
; -8.224 ; spi_master:spi_master_0|count[21] ; spi_master:spi_master_0|tx_buffer[3] ; clock        ; clock       ; 1.000        ; 0.000      ; 8.953      ;
; -8.224 ; spi_master:spi_master_0|count[21] ; spi_master:spi_master_0|tx_buffer[2] ; clock        ; clock       ; 1.000        ; 0.000      ; 8.953      ;
; -8.087 ; spi_master:spi_master_0|count[20] ; spi_master:spi_master_0|tx_buffer[7] ; clock        ; clock       ; 1.000        ; 0.000      ; 8.816      ;
; -8.087 ; spi_master:spi_master_0|count[20] ; spi_master:spi_master_0|tx_buffer[6] ; clock        ; clock       ; 1.000        ; 0.000      ; 8.816      ;
; -8.087 ; spi_master:spi_master_0|count[20] ; spi_master:spi_master_0|tx_buffer[5] ; clock        ; clock       ; 1.000        ; 0.000      ; 8.816      ;
; -8.087 ; spi_master:spi_master_0|count[20] ; spi_master:spi_master_0|tx_buffer[4] ; clock        ; clock       ; 1.000        ; 0.000      ; 8.816      ;
; -8.087 ; spi_master:spi_master_0|count[20] ; spi_master:spi_master_0|tx_buffer[3] ; clock        ; clock       ; 1.000        ; 0.000      ; 8.816      ;
; -8.087 ; spi_master:spi_master_0|count[20] ; spi_master:spi_master_0|tx_buffer[2] ; clock        ; clock       ; 1.000        ; 0.000      ; 8.816      ;
; -8.013 ; spi_master:spi_master_0|count[15] ; spi_master:spi_master_0|tx_buffer[7] ; clock        ; clock       ; 1.000        ; 0.000      ; 8.742      ;
; -8.013 ; spi_master:spi_master_0|count[15] ; spi_master:spi_master_0|tx_buffer[6] ; clock        ; clock       ; 1.000        ; 0.000      ; 8.742      ;
; -8.013 ; spi_master:spi_master_0|count[15] ; spi_master:spi_master_0|tx_buffer[5] ; clock        ; clock       ; 1.000        ; 0.000      ; 8.742      ;
; -8.013 ; spi_master:spi_master_0|count[15] ; spi_master:spi_master_0|tx_buffer[4] ; clock        ; clock       ; 1.000        ; 0.000      ; 8.742      ;
; -8.013 ; spi_master:spi_master_0|count[15] ; spi_master:spi_master_0|tx_buffer[3] ; clock        ; clock       ; 1.000        ; 0.000      ; 8.742      ;
; -8.013 ; spi_master:spi_master_0|count[15] ; spi_master:spi_master_0|tx_buffer[2] ; clock        ; clock       ; 1.000        ; 0.000      ; 8.742      ;
; -7.959 ; spi_master:spi_master_0|count[21] ; spi_master:spi_master_0|rx_data[0]   ; clock        ; clock       ; 1.000        ; 0.000      ; 8.688      ;
; -7.959 ; spi_master:spi_master_0|count[21] ; spi_master:spi_master_0|rx_data[1]   ; clock        ; clock       ; 1.000        ; 0.000      ; 8.688      ;
; -7.959 ; spi_master:spi_master_0|count[21] ; spi_master:spi_master_0|rx_data[2]   ; clock        ; clock       ; 1.000        ; 0.000      ; 8.688      ;
; -7.959 ; spi_master:spi_master_0|count[21] ; spi_master:spi_master_0|rx_data[3]   ; clock        ; clock       ; 1.000        ; 0.000      ; 8.688      ;
; -7.959 ; spi_master:spi_master_0|count[21] ; spi_master:spi_master_0|rx_data[4]   ; clock        ; clock       ; 1.000        ; 0.000      ; 8.688      ;
; -7.959 ; spi_master:spi_master_0|count[21] ; spi_master:spi_master_0|rx_data[5]   ; clock        ; clock       ; 1.000        ; 0.000      ; 8.688      ;
; -7.959 ; spi_master:spi_master_0|count[21] ; spi_master:spi_master_0|rx_data[6]   ; clock        ; clock       ; 1.000        ; 0.000      ; 8.688      ;
; -7.959 ; spi_master:spi_master_0|count[21] ; spi_master:spi_master_0|rx_data[7]   ; clock        ; clock       ; 1.000        ; 0.000      ; 8.688      ;
; -7.939 ; spi_master:spi_master_0|count[19] ; spi_master:spi_master_0|tx_buffer[7] ; clock        ; clock       ; 1.000        ; 0.000      ; 8.668      ;
; -7.939 ; spi_master:spi_master_0|count[19] ; spi_master:spi_master_0|tx_buffer[6] ; clock        ; clock       ; 1.000        ; 0.000      ; 8.668      ;
; -7.939 ; spi_master:spi_master_0|count[19] ; spi_master:spi_master_0|tx_buffer[5] ; clock        ; clock       ; 1.000        ; 0.000      ; 8.668      ;
; -7.939 ; spi_master:spi_master_0|count[19] ; spi_master:spi_master_0|tx_buffer[4] ; clock        ; clock       ; 1.000        ; 0.000      ; 8.668      ;
; -7.939 ; spi_master:spi_master_0|count[19] ; spi_master:spi_master_0|tx_buffer[3] ; clock        ; clock       ; 1.000        ; 0.000      ; 8.668      ;
; -7.939 ; spi_master:spi_master_0|count[19] ; spi_master:spi_master_0|tx_buffer[2] ; clock        ; clock       ; 1.000        ; 0.000      ; 8.668      ;
; -7.873 ; spi_master:spi_master_0|count[21] ; spi_master:spi_master_0|rx_buffer[0] ; clock        ; clock       ; 1.000        ; 0.000      ; 8.602      ;
; -7.873 ; spi_master:spi_master_0|count[21] ; spi_master:spi_master_0|rx_buffer[1] ; clock        ; clock       ; 1.000        ; 0.000      ; 8.602      ;
; -7.873 ; spi_master:spi_master_0|count[21] ; spi_master:spi_master_0|rx_buffer[2] ; clock        ; clock       ; 1.000        ; 0.000      ; 8.602      ;
; -7.873 ; spi_master:spi_master_0|count[21] ; spi_master:spi_master_0|rx_buffer[3] ; clock        ; clock       ; 1.000        ; 0.000      ; 8.602      ;
; -7.873 ; spi_master:spi_master_0|count[21] ; spi_master:spi_master_0|rx_buffer[4] ; clock        ; clock       ; 1.000        ; 0.000      ; 8.602      ;
; -7.873 ; spi_master:spi_master_0|count[21] ; spi_master:spi_master_0|rx_buffer[5] ; clock        ; clock       ; 1.000        ; 0.000      ; 8.602      ;
; -7.873 ; spi_master:spi_master_0|count[21] ; spi_master:spi_master_0|rx_buffer[6] ; clock        ; clock       ; 1.000        ; 0.000      ; 8.602      ;
; -7.873 ; spi_master:spi_master_0|count[21] ; spi_master:spi_master_0|rx_buffer[7] ; clock        ; clock       ; 1.000        ; 0.000      ; 8.602      ;
; -7.822 ; spi_master:spi_master_0|count[20] ; spi_master:spi_master_0|rx_data[0]   ; clock        ; clock       ; 1.000        ; 0.000      ; 8.551      ;
; -7.822 ; spi_master:spi_master_0|count[20] ; spi_master:spi_master_0|rx_data[1]   ; clock        ; clock       ; 1.000        ; 0.000      ; 8.551      ;
; -7.822 ; spi_master:spi_master_0|count[20] ; spi_master:spi_master_0|rx_data[2]   ; clock        ; clock       ; 1.000        ; 0.000      ; 8.551      ;
; -7.822 ; spi_master:spi_master_0|count[20] ; spi_master:spi_master_0|rx_data[3]   ; clock        ; clock       ; 1.000        ; 0.000      ; 8.551      ;
; -7.822 ; spi_master:spi_master_0|count[20] ; spi_master:spi_master_0|rx_data[4]   ; clock        ; clock       ; 1.000        ; 0.000      ; 8.551      ;
; -7.822 ; spi_master:spi_master_0|count[20] ; spi_master:spi_master_0|rx_data[5]   ; clock        ; clock       ; 1.000        ; 0.000      ; 8.551      ;
; -7.822 ; spi_master:spi_master_0|count[20] ; spi_master:spi_master_0|rx_data[6]   ; clock        ; clock       ; 1.000        ; 0.000      ; 8.551      ;
; -7.822 ; spi_master:spi_master_0|count[20] ; spi_master:spi_master_0|rx_data[7]   ; clock        ; clock       ; 1.000        ; 0.000      ; 8.551      ;
; -7.797 ; spi_master:spi_master_0|count[17] ; spi_master:spi_master_0|tx_buffer[7] ; clock        ; clock       ; 1.000        ; 0.000      ; 8.526      ;
; -7.797 ; spi_master:spi_master_0|count[17] ; spi_master:spi_master_0|tx_buffer[6] ; clock        ; clock       ; 1.000        ; 0.000      ; 8.526      ;
; -7.797 ; spi_master:spi_master_0|count[17] ; spi_master:spi_master_0|tx_buffer[5] ; clock        ; clock       ; 1.000        ; 0.000      ; 8.526      ;
; -7.797 ; spi_master:spi_master_0|count[17] ; spi_master:spi_master_0|tx_buffer[4] ; clock        ; clock       ; 1.000        ; 0.000      ; 8.526      ;
; -7.797 ; spi_master:spi_master_0|count[17] ; spi_master:spi_master_0|tx_buffer[3] ; clock        ; clock       ; 1.000        ; 0.000      ; 8.526      ;
; -7.797 ; spi_master:spi_master_0|count[17] ; spi_master:spi_master_0|tx_buffer[2] ; clock        ; clock       ; 1.000        ; 0.000      ; 8.526      ;
; -7.767 ; spi_master:spi_master_0|count[21] ; spi_master:spi_master_0|tx_buffer[1] ; clock        ; clock       ; 1.000        ; 0.000      ; 8.496      ;
; -7.748 ; spi_master:spi_master_0|count[15] ; spi_master:spi_master_0|rx_data[0]   ; clock        ; clock       ; 1.000        ; 0.000      ; 8.477      ;
; -7.748 ; spi_master:spi_master_0|count[15] ; spi_master:spi_master_0|rx_data[1]   ; clock        ; clock       ; 1.000        ; 0.000      ; 8.477      ;
; -7.748 ; spi_master:spi_master_0|count[15] ; spi_master:spi_master_0|rx_data[2]   ; clock        ; clock       ; 1.000        ; 0.000      ; 8.477      ;
; -7.748 ; spi_master:spi_master_0|count[15] ; spi_master:spi_master_0|rx_data[3]   ; clock        ; clock       ; 1.000        ; 0.000      ; 8.477      ;
; -7.748 ; spi_master:spi_master_0|count[15] ; spi_master:spi_master_0|rx_data[4]   ; clock        ; clock       ; 1.000        ; 0.000      ; 8.477      ;
; -7.748 ; spi_master:spi_master_0|count[15] ; spi_master:spi_master_0|rx_data[5]   ; clock        ; clock       ; 1.000        ; 0.000      ; 8.477      ;
; -7.748 ; spi_master:spi_master_0|count[15] ; spi_master:spi_master_0|rx_data[6]   ; clock        ; clock       ; 1.000        ; 0.000      ; 8.477      ;
; -7.748 ; spi_master:spi_master_0|count[15] ; spi_master:spi_master_0|rx_data[7]   ; clock        ; clock       ; 1.000        ; 0.000      ; 8.477      ;
; -7.736 ; spi_master:spi_master_0|count[20] ; spi_master:spi_master_0|rx_buffer[0] ; clock        ; clock       ; 1.000        ; 0.000      ; 8.465      ;
; -7.736 ; spi_master:spi_master_0|count[20] ; spi_master:spi_master_0|rx_buffer[1] ; clock        ; clock       ; 1.000        ; 0.000      ; 8.465      ;
; -7.736 ; spi_master:spi_master_0|count[20] ; spi_master:spi_master_0|rx_buffer[2] ; clock        ; clock       ; 1.000        ; 0.000      ; 8.465      ;
; -7.736 ; spi_master:spi_master_0|count[20] ; spi_master:spi_master_0|rx_buffer[3] ; clock        ; clock       ; 1.000        ; 0.000      ; 8.465      ;
; -7.736 ; spi_master:spi_master_0|count[20] ; spi_master:spi_master_0|rx_buffer[4] ; clock        ; clock       ; 1.000        ; 0.000      ; 8.465      ;
; -7.736 ; spi_master:spi_master_0|count[20] ; spi_master:spi_master_0|rx_buffer[5] ; clock        ; clock       ; 1.000        ; 0.000      ; 8.465      ;
; -7.736 ; spi_master:spi_master_0|count[20] ; spi_master:spi_master_0|rx_buffer[6] ; clock        ; clock       ; 1.000        ; 0.000      ; 8.465      ;
; -7.736 ; spi_master:spi_master_0|count[20] ; spi_master:spi_master_0|rx_buffer[7] ; clock        ; clock       ; 1.000        ; 0.000      ; 8.465      ;
; -7.715 ; spi_master:spi_master_0|count[21] ; spi_master:spi_master_0|sclk         ; clock        ; clock       ; 1.000        ; 0.000      ; 8.444      ;
; -7.684 ; spi_master:spi_master_0|count[16] ; spi_master:spi_master_0|tx_buffer[7] ; clock        ; clock       ; 1.000        ; 0.000      ; 8.413      ;
; -7.684 ; spi_master:spi_master_0|count[16] ; spi_master:spi_master_0|tx_buffer[6] ; clock        ; clock       ; 1.000        ; 0.000      ; 8.413      ;
; -7.684 ; spi_master:spi_master_0|count[16] ; spi_master:spi_master_0|tx_buffer[5] ; clock        ; clock       ; 1.000        ; 0.000      ; 8.413      ;
; -7.684 ; spi_master:spi_master_0|count[16] ; spi_master:spi_master_0|tx_buffer[4] ; clock        ; clock       ; 1.000        ; 0.000      ; 8.413      ;
; -7.684 ; spi_master:spi_master_0|count[16] ; spi_master:spi_master_0|tx_buffer[3] ; clock        ; clock       ; 1.000        ; 0.000      ; 8.413      ;
; -7.684 ; spi_master:spi_master_0|count[16] ; spi_master:spi_master_0|tx_buffer[2] ; clock        ; clock       ; 1.000        ; 0.000      ; 8.413      ;
; -7.674 ; spi_master:spi_master_0|count[19] ; spi_master:spi_master_0|rx_data[0]   ; clock        ; clock       ; 1.000        ; 0.000      ; 8.403      ;
; -7.674 ; spi_master:spi_master_0|count[19] ; spi_master:spi_master_0|rx_data[1]   ; clock        ; clock       ; 1.000        ; 0.000      ; 8.403      ;
; -7.674 ; spi_master:spi_master_0|count[19] ; spi_master:spi_master_0|rx_data[2]   ; clock        ; clock       ; 1.000        ; 0.000      ; 8.403      ;
; -7.674 ; spi_master:spi_master_0|count[19] ; spi_master:spi_master_0|rx_data[3]   ; clock        ; clock       ; 1.000        ; 0.000      ; 8.403      ;
; -7.674 ; spi_master:spi_master_0|count[19] ; spi_master:spi_master_0|rx_data[4]   ; clock        ; clock       ; 1.000        ; 0.000      ; 8.403      ;
; -7.674 ; spi_master:spi_master_0|count[19] ; spi_master:spi_master_0|rx_data[5]   ; clock        ; clock       ; 1.000        ; 0.000      ; 8.403      ;
; -7.674 ; spi_master:spi_master_0|count[19] ; spi_master:spi_master_0|rx_data[6]   ; clock        ; clock       ; 1.000        ; 0.000      ; 8.403      ;
; -7.674 ; spi_master:spi_master_0|count[19] ; spi_master:spi_master_0|rx_data[7]   ; clock        ; clock       ; 1.000        ; 0.000      ; 8.403      ;
; -7.662 ; spi_master:spi_master_0|count[15] ; spi_master:spi_master_0|rx_buffer[0] ; clock        ; clock       ; 1.000        ; 0.000      ; 8.391      ;
; -7.662 ; spi_master:spi_master_0|count[15] ; spi_master:spi_master_0|rx_buffer[1] ; clock        ; clock       ; 1.000        ; 0.000      ; 8.391      ;
; -7.662 ; spi_master:spi_master_0|count[15] ; spi_master:spi_master_0|rx_buffer[2] ; clock        ; clock       ; 1.000        ; 0.000      ; 8.391      ;
; -7.662 ; spi_master:spi_master_0|count[15] ; spi_master:spi_master_0|rx_buffer[3] ; clock        ; clock       ; 1.000        ; 0.000      ; 8.391      ;
; -7.662 ; spi_master:spi_master_0|count[15] ; spi_master:spi_master_0|rx_buffer[4] ; clock        ; clock       ; 1.000        ; 0.000      ; 8.391      ;
; -7.662 ; spi_master:spi_master_0|count[15] ; spi_master:spi_master_0|rx_buffer[5] ; clock        ; clock       ; 1.000        ; 0.000      ; 8.391      ;
; -7.662 ; spi_master:spi_master_0|count[15] ; spi_master:spi_master_0|rx_buffer[6] ; clock        ; clock       ; 1.000        ; 0.000      ; 8.391      ;
; -7.662 ; spi_master:spi_master_0|count[15] ; spi_master:spi_master_0|rx_buffer[7] ; clock        ; clock       ; 1.000        ; 0.000      ; 8.391      ;
; -7.658 ; spi_master:spi_master_0|count[22] ; spi_master:spi_master_0|tx_buffer[7] ; clock        ; clock       ; 1.000        ; 0.000      ; 8.387      ;
; -7.658 ; spi_master:spi_master_0|count[22] ; spi_master:spi_master_0|tx_buffer[6] ; clock        ; clock       ; 1.000        ; 0.000      ; 8.387      ;
; -7.658 ; spi_master:spi_master_0|count[22] ; spi_master:spi_master_0|tx_buffer[5] ; clock        ; clock       ; 1.000        ; 0.000      ; 8.387      ;
; -7.658 ; spi_master:spi_master_0|count[22] ; spi_master:spi_master_0|tx_buffer[4] ; clock        ; clock       ; 1.000        ; 0.000      ; 8.387      ;
; -7.658 ; spi_master:spi_master_0|count[22] ; spi_master:spi_master_0|tx_buffer[3] ; clock        ; clock       ; 1.000        ; 0.000      ; 8.387      ;
; -7.658 ; spi_master:spi_master_0|count[22] ; spi_master:spi_master_0|tx_buffer[2] ; clock        ; clock       ; 1.000        ; 0.000      ; 8.387      ;
+--------+-----------------------------------+--------------------------------------+--------------+-------------+--------------+------------+------------+


+---------------------------------------------------------------------------------------------------------------------------------------------------------------+
; Hold: 'clock'                                                                                                                                                 ;
+-------+----------------------------------------+----------------------------------------+--------------+-------------+--------------+------------+------------+
; Slack ; From Node                              ; To Node                                ; Launch Clock ; Latch Clock ; Relationship ; Clock Skew ; Data Delay ;
+-------+----------------------------------------+----------------------------------------+--------------+-------------+--------------+------------+------------+
; 1.120 ; spi_master:spi_master_0|rx_buffer[2]   ; spi_master:spi_master_0|rx_buffer[3]   ; clock        ; clock       ; 0.000        ; 0.000      ; 1.299      ;
; 1.127 ; spi_master:spi_master_0|rx_buffer[5]   ; spi_master:spi_master_0|rx_buffer[6]   ; clock        ; clock       ; 0.000        ; 0.000      ; 1.306      ;
; 1.128 ; spi_master:spi_master_0|rx_buffer[1]   ; spi_master:spi_master_0|rx_buffer[2]   ; clock        ; clock       ; 0.000        ; 0.000      ; 1.307      ;
; 1.341 ; spi_master:spi_master_0|tx_buffer[7]   ; spi_master:spi_master_0|mosi~reg0      ; clock        ; clock       ; 0.000        ; 0.000      ; 1.520      ;
; 1.344 ; spi_master:spi_master_0|rx_buffer[6]   ; spi_master:spi_master_0|rx_buffer[7]   ; clock        ; clock       ; 0.000        ; 0.000      ; 1.523      ;
; 1.345 ; spi_master:spi_master_0|rx_buffer[4]   ; spi_master:spi_master_0|rx_buffer[5]   ; clock        ; clock       ; 0.000        ; 0.000      ; 1.524      ;
; 1.348 ; spi_master:spi_master_0|rx_buffer[3]   ; spi_master:spi_master_0|rx_buffer[4]   ; clock        ; clock       ; 0.000        ; 0.000      ; 1.527      ;
; 1.465 ; spi_master:spi_master_0|rx_buffer[0]   ; spi_master:spi_master_0|rx_buffer[1]   ; clock        ; clock       ; 0.000        ; 0.000      ; 1.644      ;
; 1.551 ; spi_master:spi_master_0|tx_buffer[3]   ; spi_master:spi_master_0|tx_buffer[4]   ; clock        ; clock       ; 0.000        ; 0.000      ; 1.730      ;
; 1.553 ; spi_master:spi_master_0|tx_buffer[6]   ; spi_master:spi_master_0|tx_buffer[7]   ; clock        ; clock       ; 0.000        ; 0.000      ; 1.732      ;
; 1.555 ; spi_master:spi_master_0|tx_buffer[4]   ; spi_master:spi_master_0|tx_buffer[5]   ; clock        ; clock       ; 0.000        ; 0.000      ; 1.734      ;
; 1.557 ; spi_master:spi_master_0|tx_buffer[2]   ; spi_master:spi_master_0|tx_buffer[3]   ; clock        ; clock       ; 0.000        ; 0.000      ; 1.736      ;
; 1.566 ; spi_master:spi_master_0|count[0]       ; spi_master:spi_master_0|count[0]       ; clock        ; clock       ; 0.000        ; 0.000      ; 1.745      ;
; 1.580 ; spi_master:spi_master_0|slave[0]       ; spi_master:spi_master_0|slave[0]       ; clock        ; clock       ; 0.000        ; 0.000      ; 1.759      ;
; 1.582 ; spi_master:spi_master_0|slave[0]       ; spi_master:spi_master_0|clk_toggles[0] ; clock        ; clock       ; 0.000        ; 0.000      ; 1.761      ;
; 1.588 ; spi_master:spi_master_0|slave[0]       ; spi_master:spi_master_0|clk_toggles[4] ; clock        ; clock       ; 0.000        ; 0.000      ; 1.767      ;
; 1.649 ; spi_master:spi_master_0|rx_buffer[1]   ; spi_master:spi_master_0|rx_data[1]     ; clock        ; clock       ; 0.000        ; 0.000      ; 1.828      ;
; 1.664 ; spi_master:spi_master_0|rx_buffer[0]   ; spi_master:spi_master_0|rx_data[0]     ; clock        ; clock       ; 0.000        ; 0.000      ; 1.843      ;
; 1.676 ; spi_master:spi_master_0|rx_buffer[7]   ; spi_master:spi_master_0|rx_data[7]     ; clock        ; clock       ; 0.000        ; 0.000      ; 1.855      ;
; 1.719 ; spi_master:spi_master_0|tx_buffer[1]   ; spi_master:spi_master_0|tx_buffer[1]   ; clock        ; clock       ; 0.000        ; 0.000      ; 1.898      ;
; 1.805 ; spi_master:spi_master_0|tx_buffer[5]   ; spi_master:spi_master_0|tx_buffer[6]   ; clock        ; clock       ; 0.000        ; 0.000      ; 1.984      ;
; 1.819 ; spi_master:spi_master_0|sclk           ; spi_master:spi_master_0|sclk           ; clock        ; clock       ; 0.000        ; 0.000      ; 1.998      ;
; 1.820 ; spi_master:spi_master_0|assert_data    ; spi_master:spi_master_0|assert_data    ; clock        ; clock       ; 0.000        ; 0.000      ; 1.999      ;
; 1.821 ; spi_master:spi_master_0|continue       ; spi_master:spi_master_0|continue       ; clock        ; clock       ; 0.000        ; 0.000      ; 2.000      ;
; 1.864 ; spi_master:spi_master_0|rx_buffer[3]   ; spi_master:spi_master_0|rx_data[3]     ; clock        ; clock       ; 0.000        ; 0.000      ; 2.043      ;
; 1.874 ; spi_master:spi_master_0|rx_buffer[4]   ; spi_master:spi_master_0|rx_data[4]     ; clock        ; clock       ; 0.000        ; 0.000      ; 2.053      ;
; 1.875 ; spi_master:spi_master_0|rx_buffer[6]   ; spi_master:spi_master_0|rx_data[6]     ; clock        ; clock       ; 0.000        ; 0.000      ; 2.054      ;
; 2.093 ; spi_master:spi_master_0|state          ; spi_master:spi_master_0|clk_toggles[1] ; clock        ; clock       ; 0.000        ; 0.000      ; 2.272      ;
; 2.101 ; spi_master:spi_master_0|state          ; spi_master:spi_master_0|assert_data    ; clock        ; clock       ; 0.000        ; 0.000      ; 2.280      ;
; 2.104 ; spi_master:spi_master_0|state          ; spi_master:spi_master_0|clk_toggles[3] ; clock        ; clock       ; 0.000        ; 0.000      ; 2.283      ;
; 2.239 ; spi_master:spi_master_0|rx_buffer[5]   ; spi_master:spi_master_0|rx_data[5]     ; clock        ; clock       ; 0.000        ; 0.000      ; 2.418      ;
; 2.244 ; spi_master:spi_master_0|rx_buffer[2]   ; spi_master:spi_master_0|rx_data[2]     ; clock        ; clock       ; 0.000        ; 0.000      ; 2.423      ;
; 2.348 ; spi_master:spi_master_0|state          ; spi_master:spi_master_0|slave[0]       ; clock        ; clock       ; 0.000        ; 0.000      ; 2.527      ;
; 2.355 ; spi_master:spi_master_0|state          ; spi_master:spi_master_0|clk_toggles[2] ; clock        ; clock       ; 0.000        ; 0.000      ; 2.534      ;
; 2.376 ; spi_master:spi_master_0|tx_buffer[1]   ; spi_master:spi_master_0|tx_buffer[2]   ; clock        ; clock       ; 0.000        ; 0.000      ; 2.555      ;
; 2.388 ; spi_master:spi_master_0|state          ; spi_master:spi_master_0|state          ; clock        ; clock       ; 0.000        ; 0.000      ; 2.567      ;
; 2.388 ; spi_master:spi_master_0|state          ; spi_master:spi_master_0|tx_buffer[1]   ; clock        ; clock       ; 0.000        ; 0.000      ; 2.567      ;
; 2.418 ; spi_master:spi_master_0|state          ; spi_master:spi_master_0|count[6]       ; clock        ; clock       ; 0.000        ; 0.000      ; 2.597      ;
; 2.501 ; spi_master:spi_master_0|state          ; spi_master:spi_master_0|tx_buffer[3]   ; clock        ; clock       ; 0.000        ; 0.000      ; 2.680      ;
; 2.502 ; spi_master:spi_master_0|state          ; spi_master:spi_master_0|mosi~en        ; clock        ; clock       ; 0.000        ; 0.000      ; 2.681      ;
; 2.507 ; spi_master:spi_master_0|state          ; spi_master:spi_master_0|tx_buffer[6]   ; clock        ; clock       ; 0.000        ; 0.000      ; 2.686      ;
; 2.572 ; spi_master:spi_master_0|ss_n[0]        ; spi_master:spi_master_0|ss_n[0]        ; clock        ; clock       ; 0.000        ; 0.000      ; 2.751      ;
; 2.672 ; spi_master:spi_master_0|count[29]      ; spi_master:spi_master_0|count[29]      ; clock        ; clock       ; 0.000        ; 0.000      ; 2.851      ;
; 2.737 ; spi_master:spi_master_0|count[1]       ; spi_master:spi_master_0|count[1]       ; clock        ; clock       ; 0.000        ; 0.000      ; 2.916      ;
; 2.738 ; spi_master:spi_master_0|count[2]       ; spi_master:spi_master_0|count[2]       ; clock        ; clock       ; 0.000        ; 0.000      ; 2.917      ;
; 2.801 ; spi_master:spi_master_0|state          ; spi_master:spi_master_0|count[9]       ; clock        ; clock       ; 0.000        ; 0.000      ; 2.980      ;
; 2.802 ; spi_master:spi_master_0|state          ; spi_master:spi_master_0|count[5]       ; clock        ; clock       ; 0.000        ; 0.000      ; 2.981      ;
; 2.806 ; spi_master:spi_master_0|state          ; spi_master:spi_master_0|count[8]       ; clock        ; clock       ; 0.000        ; 0.000      ; 2.985      ;
; 2.807 ; spi_master:spi_master_0|state          ; spi_master:spi_master_0|count[3]       ; clock        ; clock       ; 0.000        ; 0.000      ; 2.986      ;
; 2.808 ; spi_master:spi_master_0|state          ; spi_master:spi_master_0|count[7]       ; clock        ; clock       ; 0.000        ; 0.000      ; 2.987      ;
; 2.811 ; spi_master:spi_master_0|state          ; spi_master:spi_master_0|clk_toggles[4] ; clock        ; clock       ; 0.000        ; 0.000      ; 2.990      ;
; 2.811 ; spi_master:spi_master_0|state          ; spi_master:spi_master_0|clk_toggles[0] ; clock        ; clock       ; 0.000        ; 0.000      ; 2.990      ;
; 2.815 ; spi_master:spi_master_0|state          ; spi_master:spi_master_0|count[22]      ; clock        ; clock       ; 0.000        ; 0.000      ; 2.994      ;
; 2.816 ; spi_master:spi_master_0|state          ; spi_master:spi_master_0|count[20]      ; clock        ; clock       ; 0.000        ; 0.000      ; 2.995      ;
; 2.816 ; spi_master:spi_master_0|state          ; spi_master:spi_master_0|count[19]      ; clock        ; clock       ; 0.000        ; 0.000      ; 2.995      ;
; 2.819 ; spi_master:spi_master_0|state          ; spi_master:spi_master_0|count[21]      ; clock        ; clock       ; 0.000        ; 0.000      ; 2.998      ;
; 2.868 ; spi_master:spi_master_0|count[30]      ; spi_master:spi_master_0|count[30]      ; clock        ; clock       ; 0.000        ; 0.000      ; 3.047      ;
; 2.883 ; spi_master:spi_master_0|continue       ; spi_master:spi_master_0|busy           ; clock        ; clock       ; 0.000        ; 0.000      ; 3.062      ;
; 2.883 ; spi_master:spi_master_0|state          ; spi_master:spi_master_0|tx_buffer[7]   ; clock        ; clock       ; 0.000        ; 0.000      ; 3.062      ;
; 2.884 ; spi_master:spi_master_0|state          ; spi_master:spi_master_0|tx_buffer[4]   ; clock        ; clock       ; 0.000        ; 0.000      ; 3.063      ;
; 2.891 ; spi_master:spi_master_0|state          ; spi_master:spi_master_0|tx_buffer[5]   ; clock        ; clock       ; 0.000        ; 0.000      ; 3.070      ;
; 2.894 ; spi_master:spi_master_0|state          ; spi_master:spi_master_0|tx_buffer[2]   ; clock        ; clock       ; 0.000        ; 0.000      ; 3.073      ;
; 3.105 ; spi_master:spi_master_0|clk_toggles[0] ; spi_master:spi_master_0|mosi~en        ; clock        ; clock       ; 0.000        ; 0.000      ; 3.284      ;
; 3.167 ; spi_master:spi_master_0|continue       ; spi_master:spi_master_0|rx_data[0]     ; clock        ; clock       ; 0.000        ; 0.000      ; 3.346      ;
; 3.167 ; spi_master:spi_master_0|continue       ; spi_master:spi_master_0|rx_data[1]     ; clock        ; clock       ; 0.000        ; 0.000      ; 3.346      ;
; 3.167 ; spi_master:spi_master_0|continue       ; spi_master:spi_master_0|rx_data[2]     ; clock        ; clock       ; 0.000        ; 0.000      ; 3.346      ;
; 3.167 ; spi_master:spi_master_0|continue       ; spi_master:spi_master_0|rx_data[3]     ; clock        ; clock       ; 0.000        ; 0.000      ; 3.346      ;
; 3.167 ; spi_master:spi_master_0|continue       ; spi_master:spi_master_0|rx_data[4]     ; clock        ; clock       ; 0.000        ; 0.000      ; 3.346      ;
; 3.167 ; spi_master:spi_master_0|continue       ; spi_master:spi_master_0|rx_data[5]     ; clock        ; clock       ; 0.000        ; 0.000      ; 3.346      ;
; 3.167 ; spi_master:spi_master_0|continue       ; spi_master:spi_master_0|rx_data[6]     ; clock        ; clock       ; 0.000        ; 0.000      ; 3.346      ;
; 3.167 ; spi_master:spi_master_0|continue       ; spi_master:spi_master_0|rx_data[7]     ; clock        ; clock       ; 0.000        ; 0.000      ; 3.346      ;
; 3.242 ; spi_master:spi_master_0|state          ; spi_master:spi_master_0|count[18]      ; clock        ; clock       ; 0.000        ; 0.000      ; 3.421      ;
; 3.246 ; spi_master:spi_master_0|state          ; spi_master:spi_master_0|count[15]      ; clock        ; clock       ; 0.000        ; 0.000      ; 3.425      ;
; 3.322 ; spi_master:spi_master_0|state          ; spi_master:spi_master_0|count[31]      ; clock        ; clock       ; 0.000        ; 0.000      ; 3.501      ;
; 3.323 ; spi_master:spi_master_0|state          ; spi_master:spi_master_0|count[27]      ; clock        ; clock       ; 0.000        ; 0.000      ; 3.502      ;
; 3.324 ; spi_master:spi_master_0|state          ; spi_master:spi_master_0|count[1]       ; clock        ; clock       ; 0.000        ; 0.000      ; 3.503      ;
; 3.324 ; spi_master:spi_master_0|state          ; spi_master:spi_master_0|count[2]       ; clock        ; clock       ; 0.000        ; 0.000      ; 3.503      ;
; 3.392 ; spi_master:spi_master_0|count[1]       ; spi_master:spi_master_0|count[2]       ; clock        ; clock       ; 0.000        ; 0.000      ; 3.571      ;
; 3.399 ; spi_master:spi_master_0|ss_n[0]        ; spi_master:spi_master_0|sclk           ; clock        ; clock       ; 0.000        ; 0.000      ; 3.578      ;
; 3.414 ; spi_master:spi_master_0|clk_toggles[0] ; spi_master:spi_master_0|tx_buffer[4]   ; clock        ; clock       ; 0.000        ; 0.000      ; 3.593      ;
; 3.416 ; spi_master:spi_master_0|clk_toggles[0] ; spi_master:spi_master_0|tx_buffer[7]   ; clock        ; clock       ; 0.000        ; 0.000      ; 3.595      ;
; 3.421 ; spi_master:spi_master_0|clk_toggles[0] ; spi_master:spi_master_0|tx_buffer[5]   ; clock        ; clock       ; 0.000        ; 0.000      ; 3.600      ;
; 3.422 ; spi_master:spi_master_0|clk_toggles[0] ; spi_master:spi_master_0|tx_buffer[2]   ; clock        ; clock       ; 0.000        ; 0.000      ; 3.601      ;
; 3.567 ; spi_master:spi_master_0|state          ; spi_master:spi_master_0|count[30]      ; clock        ; clock       ; 0.000        ; 0.000      ; 3.746      ;
; 3.569 ; spi_master:spi_master_0|state          ; spi_master:spi_master_0|ss_n[0]        ; clock        ; clock       ; 0.000        ; 0.000      ; 3.748      ;
; 3.569 ; spi_master:spi_master_0|state          ; spi_master:spi_master_0|count[29]      ; clock        ; clock       ; 0.000        ; 0.000      ; 3.748      ;
; 3.574 ; spi_master:spi_master_0|state          ; spi_master:spi_master_0|busy           ; clock        ; clock       ; 0.000        ; 0.000      ; 3.753      ;
; 3.577 ; spi_master:spi_master_0|count[29]      ; spi_master:spi_master_0|count[30]      ; clock        ; clock       ; 0.000        ; 0.000      ; 3.756      ;
; 3.588 ; spi_master:spi_master_0|state          ; spi_master:spi_master_0|count[17]      ; clock        ; clock       ; 0.000        ; 0.000      ; 3.767      ;
; 3.590 ; spi_master:spi_master_0|clk_toggles[4] ; spi_master:spi_master_0|sclk           ; clock        ; clock       ; 0.000        ; 0.000      ; 3.769      ;
; 3.599 ; spi_master:spi_master_0|state          ; spi_master:spi_master_0|count[4]       ; clock        ; clock       ; 0.000        ; 0.000      ; 3.778      ;
; 3.603 ; spi_master:spi_master_0|state          ; spi_master:spi_master_0|count[12]      ; clock        ; clock       ; 0.000        ; 0.000      ; 3.782      ;
; 3.611 ; spi_master:spi_master_0|state          ; spi_master:spi_master_0|count[11]      ; clock        ; clock       ; 0.000        ; 0.000      ; 3.790      ;
; 3.614 ; spi_master:spi_master_0|state          ; spi_master:spi_master_0|count[13]      ; clock        ; clock       ; 0.000        ; 0.000      ; 3.793      ;
; 3.616 ; spi_master:spi_master_0|state          ; spi_master:spi_master_0|count[14]      ; clock        ; clock       ; 0.000        ; 0.000      ; 3.795      ;
; 3.617 ; spi_master:spi_master_0|state          ; spi_master:spi_master_0|count[16]      ; clock        ; clock       ; 0.000        ; 0.000      ; 3.796      ;
; 3.618 ; spi_master:spi_master_0|state          ; spi_master:spi_master_0|count[10]      ; clock        ; clock       ; 0.000        ; 0.000      ; 3.797      ;
; 3.635 ; spi_master:spi_master_0|clk_toggles[2] ; spi_master:spi_master_0|tx_buffer[4]   ; clock        ; clock       ; 0.000        ; 0.000      ; 3.814      ;
; 3.637 ; spi_master:spi_master_0|clk_toggles[2] ; spi_master:spi_master_0|tx_buffer[7]   ; clock        ; clock       ; 0.000        ; 0.000      ; 3.816      ;
; 3.642 ; spi_master:spi_master_0|clk_toggles[2] ; spi_master:spi_master_0|tx_buffer[5]   ; clock        ; clock       ; 0.000        ; 0.000      ; 3.821      ;
+-------+----------------------------------------+----------------------------------------+--------------+-------------+--------------+------------+------------+


+-------------------------------------------------------------------+
; Setup Transfers                                                   ;
+------------+----------+----------+----------+----------+----------+
; From Clock ; To Clock ; RR Paths ; FR Paths ; RF Paths ; FF Paths ;
+------------+----------+----------+----------+----------+----------+
; clock      ; clock    ; 3738     ; 0        ; 0        ; 0        ;
+------------+----------+----------+----------+----------+----------+
Entries labeled "false path" only account for clock-to-clock false paths and not path-based false paths. As a result, actual path counts may be lower than reported.


+-------------------------------------------------------------------+
; Hold Transfers                                                    ;
+------------+----------+----------+----------+----------+----------+
; From Clock ; To Clock ; RR Paths ; FR Paths ; RF Paths ; FF Paths ;
+------------+----------+----------+----------+----------+----------+
; clock      ; clock    ; 3738     ; 0        ; 0        ; 0        ;
+------------+----------+----------+----------+----------+----------+
Entries labeled "false path" only account for clock-to-clock false paths and not path-based false paths. As a result, actual path counts may be lower than reported.


---------------
; Report TCCS ;
---------------
No dedicated SERDES Transmitter circuitry present in device or used in design


---------------
; Report RSKM ;
---------------
No non-DPA dedicated SERDES Receiver circuitry present in device or used in design


+------------------------------------------------+
; Unconstrained Paths Summary                    ;
+---------------------------------+-------+------+
; Property                        ; Setup ; Hold ;
+---------------------------------+-------+------+
; Illegal Clocks                  ; 0     ; 0    ;
; Unconstrained Clocks            ; 0     ; 0    ;
; Unconstrained Input Ports       ; 4     ; 4    ;
; Unconstrained Input Port Paths  ; 144   ; 144  ;
; Unconstrained Output Ports      ; 12    ; 12   ;
; Unconstrained Output Port Paths ; 13    ; 13   ;
+---------------------------------+-------+------+


+-------------------------------------+
; Clock Status Summary                ;
+--------+-------+------+-------------+
; Target ; Clock ; Type ; Status      ;
+--------+-------+------+-------------+
; clock  ; clock ; Base ; Constrained ;
+--------+-------+------+-------------+


+---------------------------------------------------------------------------------------------------+
; Unconstrained Input Ports                                                                         ;
+------------+--------------------------------------------------------------------------------------+
; Input Port ; Comment                                                                              ;
+------------+--------------------------------------------------------------------------------------+
; DATA4      ; No input delay, min/max delays, false-path exceptions, or max skew assignments found ;
; DATA5      ; No input delay, min/max delays, false-path exceptions, or max skew assignments found ;
; DATA6      ; No input delay, min/max delays, false-path exceptions, or max skew assignments found ;
; DATA7      ; No input delay, min/max delays, false-path exceptions, or max skew assignments found ;
+------------+--------------------------------------------------------------------------------------+


+-----------------------------------------------------------------------------------------------------+
; Unconstrained Output Ports                                                                          ;
+-------------+---------------------------------------------------------------------------------------+
; Output Port ; Comment                                                                               ;
+-------------+---------------------------------------------------------------------------------------+
; DATA1       ; No output delay, min/max delays, false-path exceptions, or max skew assignments found ;
; DATA2       ; No output delay, min/max delays, false-path exceptions, or max skew assignments found ;
; DATA3       ; No output delay, min/max delays, false-path exceptions, or max skew assignments found ;
; PWM1        ; No output delay, min/max delays, false-path exceptions, or max skew assignments found ;
; PWM2        ; No output delay, min/max delays, false-path exceptions, or max skew assignments found ;
; PWM3        ; No output delay, min/max delays, false-path exceptions, or max skew assignments found ;
; PWM4        ; No output delay, min/max delays, false-path exceptions, or max skew assignments found ;
; PWM5        ; No output delay, min/max delays, false-path exceptions, or max skew assignments found ;
; PWM6        ; No output delay, min/max delays, false-path exceptions, or max skew assignments found ;
; PWM7        ; No output delay, min/max delays, false-path exceptions, or max skew assignments found ;
; PWM8        ; No output delay, min/max delays, false-path exceptions, or max skew assignments found ;
; PWM13       ; No output delay, min/max delays, false-path exceptions, or max skew assignments found ;
+-------------+---------------------------------------------------------------------------------------+


+---------------------------------------------------------------------------------------------------+
; Unconstrained Input Ports                                                                         ;
+------------+--------------------------------------------------------------------------------------+
; Input Port ; Comment                                                                              ;
+------------+--------------------------------------------------------------------------------------+
; DATA4      ; No input delay, min/max delays, false-path exceptions, or max skew assignments found ;
; DATA5      ; No input delay, min/max delays, false-path exceptions, or max skew assignments found ;
; DATA6      ; No input delay, min/max delays, false-path exceptions, or max skew assignments found ;
; DATA7      ; No input delay, min/max delays, false-path exceptions, or max skew assignments found ;
+------------+--------------------------------------------------------------------------------------+


+-----------------------------------------------------------------------------------------------------+
; Unconstrained Output Ports                                                                          ;
+-------------+---------------------------------------------------------------------------------------+
; Output Port ; Comment                                                                               ;
+-------------+---------------------------------------------------------------------------------------+
; DATA1       ; No output delay, min/max delays, false-path exceptions, or max skew assignments found ;
; DATA2       ; No output delay, min/max delays, false-path exceptions, or max skew assignments found ;
; DATA3       ; No output delay, min/max delays, false-path exceptions, or max skew assignments found ;
; PWM1        ; No output delay, min/max delays, false-path exceptions, or max skew assignments found ;
; PWM2        ; No output delay, min/max delays, false-path exceptions, or max skew assignments found ;
; PWM3        ; No output delay, min/max delays, false-path exceptions, or max skew assignments found ;
; PWM4        ; No output delay, min/max delays, false-path exceptions, or max skew assignments found ;
; PWM5        ; No output delay, min/max delays, false-path exceptions, or max skew assignments found ;
; PWM6        ; No output delay, min/max delays, false-path exceptions, or max skew assignments found ;
; PWM7        ; No output delay, min/max delays, false-path exceptions, or max skew assignments found ;
; PWM8        ; No output delay, min/max delays, false-path exceptions, or max skew assignments found ;
; PWM13       ; No output delay, min/max delays, false-path exceptions, or max skew assignments found ;
+-------------+---------------------------------------------------------------------------------------+


+------------------------------------+
; TimeQuest Timing Analyzer Messages ;
+------------------------------------+
Info: *******************************************************************
Info: Running Quartus Prime TimeQuest Timing Analyzer
    Info: Version 16.0.0 Build 211 04/27/2016 SJ Standard Edition
    Info: Processing started: Thu Aug 09 17:19:40 2018
Info: Command: quartus_sta SPI_Master_Project -c SPI_Master_Project
Info: qsta_default_script.tcl version: #1
Warning (18236): Number of processors has not been specified which may cause overloading on shared machines.  Set the global assignment NUM_PARALLEL_PROCESSORS in your QSF to an appropriate value for best performance.
Info (20030): Parallel compilation is enabled and will use 2 of the 2 processors detected
Info (21077): Low junction temperature is 0 degrees C
Info (21077): High junction temperature is 85 degrees C
Info (334003): Started post-fitting delay annotation
Info (334004): Delay annotation completed successfully
Critical Warning (332012): Synopsys Design Constraints File file not found: 'SPI_Master_Project.sdc'. A Synopsys Design Constraints File is required by the TimeQuest Timing Analyzer to get proper timing constraints. Without it, the Compiler will not properly optimize the design.
Info (332142): No user constrained base clocks found in the design. Calling "derive_clocks -period 1.0"
Info (332105): Deriving Clocks
    Info (332105): create_clock -period 1.000 -name clock clock
Info: Found TIMEQUEST_REPORT_SCRIPT_INCLUDE_DEFAULT_ANALYSIS = ON
Info: Can't run Report Timing Closure Recommendations. The current device family is not supported.
Critical Warning (332148): Timing requirements not met
Info (332146): Worst-case setup slack is -8.224
    Info (332119):     Slack       End Point TNS Clock 
    Info (332119): ========= =================== =====================
    Info (332119):    -8.224            -484.984 clock 
Info (332146): Worst-case hold slack is 1.120
    Info (332119):     Slack       End Point TNS Clock 
    Info (332119): ========= =================== =====================
    Info (332119):     1.120               0.000 clock 
Info (332140): No Recovery paths to report
Info (332140): No Removal paths to report
Info (332146): Worst-case minimum pulse width slack is -2.289
    Info (332119):     Slack       End Point TNS Clock 
    Info (332119): ========= =================== =====================
    Info (332119):    -2.289              -2.289 clock 
Info (332001): The selected device family is not supported by the report_metastability command.
Info (332102): Design is not fully constrained for setup requirements
Info (332102): Design is not fully constrained for hold requirements
Info: Quartus Prime TimeQuest Timing Analyzer was successful. 0 errors, 3 warnings
    Info: Peak virtual memory: 745 megabytes
    Info: Processing ended: Thu Aug 09 17:19:41 2018
    Info: Elapsed time: 00:00:01
    Info: Total CPU time (on all processors): 00:00:01


