|--------------------------------------------------------------|
|- ispLEVER Classic 2.0.00.17.20.15 Fitter Report File        -|
|- Copyright(C), 1992-2012, Lattice Semiconductor Corporation -|
|- All Rights Reserved.                                       -|
|--------------------------------------------------------------|




The Basic/Detailed Report Format can be selected in the dialog box
Tools->Fitter Report File Format...

Project_Summary
~~~~~~~~~~~~~~~
Project Name         :  cpld_digital_opticalv2
Project Path         :  C:\Users\ga92wum\git\UltraZohm\Software\CPLD\03_UltraZohm_CarrierBoard_GatePWMthroughCPLD_withEnable
Project Fitted on    :  Tue Feb 11 18:03:50 2020

Device               :  M4128_64
Package              :  100
GLB Input Mux Size   :  19
Available Blocks     :  8
Speed                :  -7.5
Part Number          :  LA4128V-75TN100E
Source Format        :  ABEL_Schematic


// Project 'cpld_digital_opticalv2' Fit Successfully! //


Compilation_Times
~~~~~~~~~~~~~~~~~
Prefit Time                     0 secs
Load Design Time                0.00 secs
Partition Time                  0.01 secs
Place Time                      0.00 secs
Route Time                      0.00 secs
Total Fit Time                  00:00:01


Design_Summary
~~~~~~~~~~~~~~
Total Input Pins                32
Total Logic Functions           29
  Total Output Pins             29
  Total Bidir I/O Pins          0
  Total Buried Nodes            0
Total Flip-Flops                0
  Total D Flip-Flops            0
  Total T Flip-Flops            0
  Total Latches                 0
Total Product Terms             29

Total Reserved Pins             0
Total Locked Pins               58
Total Locked Nodes              0

Total Unique Output Enables     0
Total Unique Clocks             0
Total Unique Clock Enables      0
Total Unique Resets             0
Total Unique Presets            0

Fmax Logic Levels               -


Device_Resource_Summary
~~~~~~~~~~~~~~~~~~~~~~~
                                 Device
                                 Total    Used   Not Used   Utilization
-----------------------------------------------------------------------
Dedicated Pins
  Clock/Input Pins                  4        3      1    -->    75
  Input-Only Pins                   6        0      6    -->     0
  I/O / Enable Pins                 2        2      0    -->   100
I/O Pins                           62       56      6    -->    90
Logic Functions                   128       29     99    -->    22
  Input Registers                  64        0     64    -->     0

GLB Inputs                        288       44    244    -->    15
Logical Product Terms             640       29    611    -->     4
Occupied GLBs                       8        8      0    -->   100
Macrocells                        128       29     99    -->    22

Control Product Terms:
  GLB Clock/Clock Enables           8        0      8    -->     0
  GLB Reset/Presets                 8        0      8    -->     0
  Macrocell Clocks                128        0    128    -->     0
  Macrocell Clock Enables         128        0    128    -->     0
  Macrocell Enables               128        0    128    -->     0
  Macrocell Resets                128        0    128    -->     0
  Macrocell Presets               128        0    128    -->     0

Global Routing Pool               220       32    188    -->    14
  GRP from IFB                     ..       32     ..    -->    ..
    (from input signals)           ..       32     ..    -->    ..
    (from output signals)          ..        0     ..    -->    ..
    (from bidir signals)           ..        0     ..    -->    ..
  GRP from MFB                     ..        0     ..    -->    ..
----------------------------------------------------------------------

<Note> 1 : The available PT is the product term that has not been used.
<Note> 2 : IFB is I/O feedback.
<Note> 3 : MFB is macrocell feedback.



GLB_Resource_Summary
~~~~~~~~~~~~~~~~~~~~
                                                                                     # of PT
               ---  Fanin  ---    I/O    Input  Macrocells       Macrocells   Logic  clusters
             Unique Shared Total  Pins    Regs Used Inaccessible  available    PTs   used
-------------------------------------------------------------------------------------------
Maximum
  GLB                      36      *(1)     8   --     --             16       80       16
-------------------------------------------------------------------------------------------
  GLB    A      0     0     0      5/8      0    0      0             16        0        0
  GLB    B      0     0     0      8/8      0    0      0             16        0        0
  GLB    C      0     0     0      8/8      0    0      0             16        0        0
  GLB    D      3     0     3      7/8      0    3      0             13        3        3
-------------------------------------------------------------------------------------------
  GLB    E      8     4    12      8/8      0    8      0              8        8        8
  GLB    F      8     4    12      8/8      0    8      0              8        8        8
  GLB    G      5     4     9      7/8      0    6      0             10        6        6
  GLB    H      4     4     8      5/8      0    4      0             12        4        4
-------------------------------------------------------------------------------------------
TOTALS:        28    16    44     56/64     0   29      0             99       29       29

<Note> 1 : For ispMACH 4000 devices, the number of IOs depends on the GLB.
<Note> 2 : Four rightmost columns above reflect last status of the placement process.



GLB_Control_Summary
~~~~~~~~~~~~~~~~~~~
           Shared Shared | Mcell  Mcell  Mcell  Mcell  Mcell 
           Clk/CE Rst/Pr | Clock  CE     Enable Reset  Preset
------------------------------------------------------------------------------
Maximum
  GLB        1      1        16     16     16     16     16  
==============================================================================
  GLB    A   0      0         0      0      0      0      0
  GLB    B   0      0         0      0      0      0      0
  GLB    C   0      0         0      0      0      0      0
  GLB    D   0      0         0      0      0      0      0
------------------------------------------------------------------------------
  GLB    E   0      0         0      0      0      0      0
  GLB    F   0      0         0      0      0      0      0
  GLB    G   0      0         0      0      0      0      0
  GLB    H   0      0         0      0      0      0      0
------------------------------------------------------------------------------

<Note> 1 : For ispMACH 4000 devices, the number of output enables depends on the GLB.



Optimizer_and_Fitter_Options
~~~~~~~~~~~~~~~~~~~~~~~~~~~~
Pin Assignment :                       Yes
Group Assignment :                     No
Pin Reservation :                      No

@Ignore_Project_Constraints :
  Pin Assignments :                    No
      Keep Block Assignment            --
      Keep Segment Assignment          --
  Group Assignments :                  No
  Macrocell Assignment :               No
      Keep Block Assignment            --
      Keep Segment Assignment          --

@Backannotate_Project_Constraints
  Pin Assignments :                    No
  Pin And Block Assignments :          No
  Pin, Macrocell and Block :           No

@Timing_Constraints :                  No

@Global_Project_Optimization :
  Balanced Partitioning :              Yes
  Spread Placement :                   Yes

  Note :
    Pack Design :
       Balanced Partitioning = No
       Spread Placement      = No
    Spread Design :
       Balanced Partitioning = Yes
       Spread Placement      = Yes


@Logic_Synthesis :
  Logic Reduction :                    Yes
  Node Collapsing :                    FMAX
  Fmax_Logic_Level :                   1
  D/T Synthesis :                      Yes
  XOR Synthesis :                      Yes
  Max. P-Term for Collapsing :         16
  Max. P-Term for Splitting :          80
  Max Symbols :                        24

@Utilization_options
  Max. % of Macrocells used :          100
@Usercode                               (HEX)
@IO_Types                              Default = LVCMOS18 (2)
@Output_Slew_Rate                      Default = FAST (2)
@Power                                 Default = HIGH (2)
@Pull                                  Default = PULLUP_UP (2)
@Fast_Bypass                           Default = None (2)
@ORP_Bypass                            Default = None
@Input_Registers                       Default = None (2)
@Register_Powerup                      Default = None

Device Options:
<Note> 1 : Reserved unused I/Os can be independently driven to Low or High, and does not
           follow the drive level set for the Global Configure Unused I/O Option.
<Note> 2 : For user-specified constraints on individual signals, refer to the Output,
           Bidir and Buried Signal Lists.



Pinout_Listing
~~~~~~~~~~~~~~
      | Pin   | Bank |GLB |Assigned|                 | Signal|
Pin No| Type  |Number|Pad |Pin     |     I/O Type    | Type  | Signal name
--------------------------------------------------------------------------
1     | GND   |   -  |    |        |                 |       |
2     | TDI   |   -  |    |        |                 |       |
3     |  I_O  |   0  |B0  |    *   |LVCMOS18         | Input |in_1_
4     |  I_O  |   0  |B2  |    *   |LVCMOS18         | Input |in_2_
5     |  I_O  |   0  |B4  |    *   |LVCMOS18         | Input |in_3_
6     |  I_O  |   0  |B6  |    *   |LVCMOS18         | Input |in_4_
7     |GNDIO0 |   -  |    |        |                 |       |
8     |  I_O  |   0  |B8  |    *   |LVCMOS18         | Input |in_5_
9     |  I_O  |   0  |B10 |    *   |LVCMOS18         | Input |in_6_
10    |  I_O  |   0  |B12 |    *   |LVCMOS18         | Input |in_7_
11    |  I_O  |   0  |B13 |    *   |LVCMOS18         | Input |in_8_
12    | IN0   |   0  |    |        |                 |       |
13    |VCCIO0 |   -  |    |        |                 |       |
14    |  I_O  |   0  |C14 |    *   |LVCMOS18         | Input |in_9_
15    |  I_O  |   0  |C12 |    *   |LVCMOS18         | Input |in_10_
16    |  I_O  |   0  |C10 |    *   |LVCMOS18         | Input |in_11_
17    |  I_O  |   0  |C8  |    *   |LVCMOS18         | Input |in_12_
18    |GNDIO0 |   -  |    |        |                 |       |
19    |  I_O  |   0  |C6  |    *   |LVCMOS18         | Input |in_13_
20    |  I_O  |   0  |C5  |    *   |LVCMOS18         | Input |in_14_
21    |  I_O  |   0  |C4  |    *   |LVCMOS18         | Input |in_15_
22    |  I_O  |   0  |C2  |    *   |LVCMOS18         | Input |in_16_
23    | IN1   |   0  |    |        |                 |       |
24    | TCK   |   -  |    |        |                 |       |
25    | VCC   |   -  |    |        |                 |       |
26    | GND   |   -  |    |        |                 |       |
27    | IN2   |   0  |    |        |                 |       |
28    |  I_O  |   0  |D13 |    *   |LVCMOS18         | Output|out17
29    |  I_O  |   0  |D12 |    *   |LVCMOS18         | Output|out18
30    |  I_O  |   0  |D10 |    *   |LVCMOS18         | Output|out19
31    |  I_O  |   0  |D8  |        |                 |       |
32    |GNDIO0 |   -  |    |        |                 |       |
33    |VCCIO0 |   -  |    |        |                 |       |
34    |  I_O  |   0  |D6  |    *   |LVCMOS18         | Input |in_21_
35    |  I_O  |   0  |D4  |    *   |LVCMOS18         | Input |in_22_
36    |  I_O  |   0  |D2  |    *   |LVCMOS18         | Input |in_23_
37    |  I_O  |   0  |D0  |    *   |LVCMOS18         | Input |in_24_
38    |INCLK1 |   0  |    |    *   |LVCMOS18         | Input |in_18_
39    |INCLK2 |   1  |    |    *   |LVCMOS18         | Input |in_17_
40    | VCC   |   -  |    |        |                 |       |
41    |  I_O  |   1  |E0  |    *   |LVCMOS33         | Output|out_9_
42    |  I_O  |   1  |E2  |    *   |LVCMOS33         | Output|out_11_
43    |  I_O  |   1  |E4  |    *   |LVCMOS33         | Output|out_13_
44    |  I_O  |   1  |E6  |    *   |LVCMOS33         | Output|out_15_
45    |VCCIO1 |   -  |    |        |                 |       |
46    |GNDIO1 |   -  |    |        |                 |       |
47    |  I_O  |   1  |E8  |    *   |LVCMOS33         | Output|out_7_
48    |  I_O  |   1  |E10 |    *   |LVCMOS33         | Output|out_5_
49    |  I_O  |   1  |E12 |    *   |LVCMOS33         | Output|out_3_
50    |  I_O  |   1  |E14 |    *   |LVCMOS33         | Output|out_1_
51    | GND   |   -  |    |        |                 |       |
52    | TMS   |   -  |    |        |                 |       |
53    |  I_O  |   1  |F0  |    *   |LVCMOS33         | Output|out_2_
54    |  I_O  |   1  |F2  |    *   |LVCMOS33         | Output|out_4_
55    |  I_O  |   1  |F4  |    *   |LVCMOS33         | Output|out_6_
56    |  I_O  |   1  |F6  |    *   |LVCMOS33         | Output|out_8_
57    |GNDIO1 |   -  |    |        |                 |       |
58    |  I_O  |   1  |F8  |    *   |LVCMOS33         | Output|out_10_
59    |  I_O  |   1  |F10 |    *   |LVCMOS33         | Output|out_12_
60    |  I_O  |   1  |F12 |    *   |LVCMOS33         | Output|out_14_
61    |  I_O  |   1  |F13 |    *   |LVCMOS33         | Output|out_16_
62    | IN3   |   1  |    |        |                 |       |
63    |VCCIO1 |   -  |    |        |                 |       |
64    |  I_O  |   1  |G14 |    *   |LVCMOS18         | Input |in18
65    |  I_O  |   1  |G12 |    *   |LVCMOS33         | Output|out_20_
66    |  I_O  |   1  |G10 |    *   |LVCMOS33         | Output|out_22_
67    |  I_O  |   1  |G8  |    *   |LVCMOS33         | Output|out_24_
68    |GNDIO1 |   -  |    |        |                 |       |
69    |  I_O  |   1  |G6  |        |                 |       |
70    |  I_O  |   1  |G5  |        |LVCMOS33         | Output|out_18_
71    |  I_O  |   1  |G4  |        |LVCMOS33         | Output|out_19_
72    |  I_O  |   1  |G2  |    *   |LVCMOS33         | Output|out_26_
73    | IN4   |   1  |    |        |                 |       |
74    | TDO   |   -  |    |        |                 |       |
75    | VCC   |   -  |    |        |                 |       |
76    | GND   |   -  |    |        |                 |       |
77    | IN5   |   1  |    |        |                 |       |
78    |  I_O  |   1  |H13 |        |                 |       |
79    |  I_O  |   1  |H12 |        |                 |       |
80    |  I_O  |   1  |H10 |        |LVCMOS33         | Output|out_17_
81    |  I_O  |   1  |H8  |    *   |LVCMOS33         | Output|out_25_
82    |GNDIO1 |   -  |    |        |                 |       |
83    |VCCIO1 |   -  |    |        |                 |       |
84    |  I_O  |   1  |H6  |    *   |LVCMOS18         | Input |in17
85    |  I_O  |   1  |H4  |    *   |LVCMOS18         | Input |in19
86    |  I_O  |   1  |H2  |    *   |LVCMOS33         | Output|out_21_
87    | I_O/OE|   1  |H0  |    *   |LVCMOS33         | Output|out_23_
88    |INCLK3 |   1  |    |        |                 |       |
89    |INCLK0 |   0  |    |    *   |LVCMOS18         | Input |in_19_
90    | VCC   |   -  |    |        |                 |       |
91    | I_O/OE|   0  |A0  |    *   |LVCMOS18         | Input |in_25_
92    |  I_O  |   0  |A2  |    *   |LVCMOS18         | Input |in_26_
93    |  I_O  |   0  |A4  |    *   |LVCMOS18         | Input |in_27_
94    |  I_O  |   0  |A6  |    *   |LVCMOS18         | Input |in_28_
95    |VCCIO0 |   -  |    |        |                 |       |
96    |GNDIO0 |   -  |    |        |                 |       |
97    |  I_O  |   0  |A8  |    *   |LVCMOS18         | Input |in_29_
98    |  I_O  |   0  |A10 |    *   |LVCMOS18         | Input |in_30_
99    |  I_O  |   0  |A12 |        |                 |       |
100   |  I_O  |   0  |A14 |        |                 |       |
--------------------------------------------------------------------------

<Note> GLB Pad : This notation refers to the GLB I/O pad number in the device.
<Note> Assigned Pin : user or dedicated input assignment (E.g. Clock pins).
<Note> Pin Type : 
          ClkIn : Dedicated input or clock pin 
           CLK  : Dedicated clock pin
           I_O  : Input/Output pin
           INP  : Dedicated input pin
           JTAG : JTAG Control and test pin
           NC   : No connected



Input_Signal_List
~~~~~~~~~~~~~~~~~
                Input
         Pin    Fanout
 Pin GLB Type               Pullup Signal
-----------------------------------------
  84   H  I/O   1 ---D----      Up in17
  64   G  I/O   1 ---D----      Up in18
  85   H  I/O   1 ---D----      Up in19
  15   C  I/O   1 -----F--      Up in_10_
  16   C  I/O   1 ----E---      Up in_11_
  17   C  I/O   1 -----F--      Up in_12_
  19   C  I/O   1 ----E---      Up in_13_
  20   C  I/O   1 -----F--      Up in_14_
  21   C  I/O   1 ----E---      Up in_15_
  22   C  I/O   1 -----F--      Up in_16_
  39  -- INCLK  1 -------H      Up in_17_
  38  -- INCLK  1 ------G-      Up in_18_
  89  -- INCLK  1 ------G-      Up in_19_
   3   B  I/O   1 ----E---      Up in_1_
  34   D  I/O   1 -------H      Up in_21_
  35   D  I/O   1 ------G-      Up in_22_
  36   D  I/O   1 -------H      Up in_23_
  37   D  I/O   1 ------G-      Up in_24_
  91   A  I/O   1 -------H      Up in_25_
  92   A  I/O   1 ------G-      Up in_26_
  93   A  I/O   4 ----EFGH      Up in_27_
  94   A  I/O   4 ----EFGH      Up in_28_
  97   A  I/O   4 ----EFGH      Up in_29_
   4   B  I/O   1 -----F--      Up in_2_
  98   A  I/O   4 ----EFGH      Up in_30_
   5   B  I/O   1 ----E---      Up in_3_
   6   B  I/O   1 -----F--      Up in_4_
   8   B  I/O   1 ----E---      Up in_5_
   9   B  I/O   1 -----F--      Up in_6_
  10   B  I/O   1 ----E---      Up in_7_
  11   B  I/O   1 -----F--      Up in_8_
  14   C  I/O   1 ----E---      Up in_9_
-----------------------------------------



Output_Signal_List
~~~~~~~~~~~~~~~~~~
          I         C      P R P       O Output
          N         L Mc   R E U C O F B Fanout
 Pin GLB  P LL PTs  S Type E S P E E P P             Slew Pullup Signal
------------------------------------------------------------------------
  28   D  1  1   1  1 COM                  --------  Fast     Up out17
  29   D  1  1   1  1 COM                  --------  Fast     Up out18
  30   D  1  1   1  1 COM                  --------  Fast     Up out19
  58   F  5  1   1  1 COM                  --------  Fast     Up out_10_
  42   E  5  1   1  1 COM                  --------  Fast     Up out_11_
  59   F  5  1   1  1 COM                  --------  Fast     Up out_12_
  43   E  5  1   1  1 COM                  --------  Fast     Up out_13_
  60   F  5  1   1  1 COM                  --------  Fast     Up out_14_
  44   E  5  1   1  1 COM                  --------  Fast     Up out_15_
  61   F  5  1   1  1 COM                  --------  Fast     Up out_16_
  80   H  5  1   1  1 COM                  --------  Fast     Up out_17_
  70   G  5  1   1  1 COM                  --------  Fast     Up out_18_
  71   G  5  1   1  1 COM                  --------  Fast     Up out_19_
  50   E  5  1   1  1 COM                  --------  Fast     Up out_1_
  65   G  4  1   1  1 COM                  --------  Fast     Up out_20_
  86   H  5  1   1  1 COM                  --------  Fast     Up out_21_
  66   G  5  1   1  1 COM                  --------  Fast     Up out_22_
  87   H  5  1   1  1 COM                  --------  Fast     Up out_23_
  67   G  5  1   1  1 COM                  --------  Fast     Up out_24_
  81   H  5  1   1  1 COM                  --------  Fast     Up out_25_
  72   G  5  1   1  1 COM                  --------  Fast     Up out_26_
  53   F  5  1   1  1 COM                  --------  Fast     Up out_2_
  49   E  5  1   1  1 COM                  --------  Fast     Up out_3_
  54   F  5  1   1  1 COM                  --------  Fast     Up out_4_
  48   E  5  1   1  1 COM                  --------  Fast     Up out_5_
  55   F  5  1   1  1 COM                  --------  Fast     Up out_6_
  47   E  5  1   1  1 COM                  --------  Fast     Up out_7_
  56   F  5  1   1  1 COM                  --------  Fast     Up out_8_
  41   E  5  1   1  1 COM                  --------  Fast     Up out_9_
------------------------------------------------------------------------

<Note> CLS = Number of clusters used
       INP = Number of input signals
       PTs = Number of product terms
        LL = Number of logic levels
       PRE = Has preset equation
       RES = Has reset equation
       PUP = Power-Up initial state: R=Reset, S=Set
        CE = Has clock enable equation
        OE = Has output enable equation
        FP = Fast path used
       OBP = ORP bypass used



Bidir_Signal_List
~~~~~~~~~~~~~~~~~
          I         C      P R P       O Bidir
          N         L Mc   R E U C O F B Fanout
 Pin GLB  P LL PTs  S Type E S P E E P P             Slew Pullup Signal
-----------------------------------------------------------------------
-----------------------------------------------------------------------

<Note> CLS = Number of clusters used
       INP = Number of input signals
       PTs = Number of product terms
        LL = Number of logic levels
       PRE = Has preset equation
       RES = Has reset equation
       PUP = Power-Up initial state: R=Reset, S=Set
        CE = Has clock enable equation
        OE = Has output enable equation
        FP = Fast path used
       OBP = ORP bypass used



Buried_Signal_List
~~~~~~~~~~~~~~~~~~



PostFit_Equations
~~~~~~~~~~~~~~~~~
out17 = in17 ; (1 pterm, 1 signal)

out18 = in18 ; (1 pterm, 1 signal)

out19 = in19 ; (1 pterm, 1 signal)

out_10_ = in_29_ & in_30_ & !in_28_ & !in_27_ & in_10_ ; (1 pterm, 5 signals)

out_11_ = in_29_ & in_30_ & !in_28_ & !in_27_ & in_11_ ; (1 pterm, 5 signals)

out_12_ = in_29_ & in_30_ & !in_28_ & !in_27_ & in_12_ ; (1 pterm, 5 signals)

out_13_ = in_29_ & in_30_ & !in_28_ & !in_27_ & in_13_ ; (1 pterm, 5 signals)

out_14_ = in_29_ & in_30_ & !in_28_ & !in_27_ & in_14_ ; (1 pterm, 5 signals)

out_15_ = in_29_ & in_30_ & !in_28_ & !in_27_ & in_15_ ; (1 pterm, 5 signals)

out_16_ = in_29_ & in_30_ & !in_28_ & !in_27_ & in_16_ ; (1 pterm, 5 signals)

out_17_ = in_17_ & in_29_ & in_30_ & !in_28_ & !in_27_ ; (1 pterm, 5 signals)

out_18_ = in_18_ & in_29_ & in_30_ & !in_28_ & !in_27_ ; (1 pterm, 5 signals)

out_19_ = in_19_ & in_29_ & in_30_ & !in_28_ & !in_27_ ; (1 pterm, 5 signals)

out_1_ = in_29_ & in_30_ & !in_28_ & !in_27_ & in_1_ ; (1 pterm, 5 signals)

out_20_ = in_29_ & in_30_ & !in_28_ & !in_27_ ; (1 pterm, 4 signals)

out_21_ = in_29_ & in_30_ & !in_28_ & !in_27_ & in_21_ ; (1 pterm, 5 signals)

out_22_ = in_29_ & in_30_ & !in_28_ & !in_27_ & in_22_ ; (1 pterm, 5 signals)

out_23_ = in_29_ & in_30_ & !in_28_ & !in_27_ & in_23_ ; (1 pterm, 5 signals)

out_24_ = in_29_ & in_30_ & !in_28_ & !in_27_ & in_24_ ; (1 pterm, 5 signals)

out_25_ = in_29_ & in_30_ & !in_28_ & !in_27_ & in_25_ ; (1 pterm, 5 signals)

out_26_ = in_29_ & in_30_ & !in_28_ & !in_27_ & in_26_ ; (1 pterm, 5 signals)

out_2_ = in_29_ & in_30_ & !in_28_ & !in_27_ & in_2_ ; (1 pterm, 5 signals)

out_3_ = in_29_ & in_30_ & !in_28_ & !in_27_ & in_3_ ; (1 pterm, 5 signals)

out_4_ = in_29_ & in_30_ & !in_28_ & !in_27_ & in_4_ ; (1 pterm, 5 signals)

out_5_ = in_29_ & in_30_ & !in_28_ & !in_27_ & in_5_ ; (1 pterm, 5 signals)

out_6_ = in_29_ & in_30_ & !in_28_ & !in_27_ & in_6_ ; (1 pterm, 5 signals)

out_7_ = in_29_ & in_30_ & !in_28_ & !in_27_ & in_7_ ; (1 pterm, 5 signals)

out_8_ = in_29_ & in_30_ & !in_28_ & !in_27_ & in_8_ ; (1 pterm, 5 signals)

out_9_ = in_29_ & in_30_ & !in_28_ & !in_27_ & in_9_ ; (1 pterm, 5 signals)




