
Loading design for application trce from file uz_rev05_s3c_s3c_171224.ncd.
Design name: Waiting_for_Powerbutton_pressed_V0
NCD version: 3.3
Vendor:      LATTICE
Device:      LCMXO2-4000HC
Package:     TQFP144
Performance: 4
Loading device for application trce from file 'xo2c4000.nph' in environment: C:/lscc/diamond/3.13/ispfpga.
Package Status:                     Final          Version 1.44.
Performance Hardware Data Status:   Final          Version 34.4.
Setup and Hold Report

--------------------------------------------------------------------------------
Lattice TRACE Report - Setup, Version Diamond (64-bit) 3.13.0.56.2
Fri Dec 13 12:43:07 2024

Copyright (c) 1991-1994 by NeoCAD Inc. All rights reserved.
Copyright (c) 1995 AT&T Corp.   All rights reserved.
Copyright (c) 1995-2001 Lucent Technologies Inc.  All rights reserved.
Copyright (c) 2001 Agere Systems   All rights reserved.
Copyright (c) 2002-2023 Lattice Semiconductor Corporation,  All rights reserved.

Report Information
------------------
Command line:    trce -v 10 -gt -sethld -sp 4 -sphld m -o UZ_Rev05_S3C_S3C_171224.twr -gui -msgset C:/cpld/cpld_lattice/MACHXO2/S3C_CPLD_LCMXO2-4000HC-4TG144C/promote.xml UZ_Rev05_S3C_S3C_171224.ncd UZ_Rev05_S3C_S3C_171224.prf 
Design file:     uz_rev05_s3c_s3c_171224.ncd
Preference file: uz_rev05_s3c_s3c_171224.prf
Device,speed:    LCMXO2-4000HC,4
Report level:    verbose report, limited to 10 items per preference
--------------------------------------------------------------------------------


Derating parameters
-------------------
VCCIO Voltage:
                   3.300 V (Bank 0, defined by PAR)
                   1.800 V (Bank 1, defined by PAR)
                   1.800 V (Bank 2, defined by PAR)
                   1.800 V (Bank 3)
                   3.300 V (Bank 4, defined by PAR)
                   3.300 V (Bank 5, defined by PAR)



================================================================================
Preference: FREQUENCY NET "clk" 7.000000 MHz ;
            4096 items scored, 0 timing errors detected.
--------------------------------------------------------------------------------


Passed: The following path meets requirements by 130.531ns

 Logical Details:  Cell type  Pin type       Cell/ASIC name  (clock net +/-)

   Source:         FF         Q              counter__i9  (from clk +)
   Destination:    FF         Data in        counter__i11  (to clk +)
                   FF                        counter__i10

   Delay:              12.044ns  (28.4% logic, 71.6% route), 7 logic levels.

 Constraint Details:

     12.044ns physical path delay SLICE_154 to SLICE_155 meets
    142.857ns delay constraint less
      0.000ns skew and
      0.282ns CE_SET requirement (totaling 142.575ns) by 130.531ns

 Physical Path Details:

      Data path SLICE_154 to SLICE_155:

   Name    Fanout   Delay (ns)          Site               Resource
REG_DEL     ---     0.452     R8C19A.CLK to      R8C19A.Q1 SLICE_154 (from clk)
ROUTE         2     1.747      R8C19A.Q1 to      R6C19D.B1 counter_9
CTOF_DEL    ---     0.495      R6C19D.B1 to      R6C19D.F1 SLICE_185
ROUTE         1     1.004      R6C19D.F1 to      R6C19D.B0 n34_adj_13
CTOF_DEL    ---     0.495      R6C19D.B0 to      R6C19D.F0 SLICE_185
ROUTE         1     0.623      R6C19D.F0 to      R6C20D.D1 n42_adj_14
CTOF_DEL    ---     0.495      R6C20D.D1 to      R6C20D.F1 SLICE_186
ROUTE        20     1.607      R6C20D.F1 to      R8C18A.D1 n3493
CTOF_DEL    ---     0.495      R8C18A.D1 to      R8C18A.F1 SLICE_190
ROUTE         1     1.004      R8C18A.F1 to      R8C18D.B1 n42_adj_1
CTOF_DEL    ---     0.495      R8C18D.B1 to      R8C18D.F1 SLICE_176
ROUTE         2     0.756      R8C18D.F1 to      R8C18B.C1 n34_adj_9
CTOF_DEL    ---     0.495      R8C18B.C1 to      R8C18B.F1 SLICE_133
ROUTE        11     1.881      R8C18B.F1 to      R6C19C.CE clk_enable_65 (to clk)
                  --------
                   12.044   (28.4% logic, 71.6% route), 7 logic levels.

 Clock Skew Details: 

      Source Clock Path OSCInst0 to SLICE_154:

   Name    Fanout   Delay (ns)          Site               Resource
ROUTE       104     4.084        OSC.OSC to     R8C19A.CLK clk
                  --------
                    4.084   (0.0% logic, 100.0% route), 0 logic levels.

      Destination Clock Path OSCInst0 to SLICE_155:

   Name    Fanout   Delay (ns)          Site               Resource
ROUTE       104     4.084        OSC.OSC to     R6C19C.CLK clk
                  --------
                    4.084   (0.0% logic, 100.0% route), 0 logic levels.


Passed: The following path meets requirements by 130.531ns

 Logical Details:  Cell type  Pin type       Cell/ASIC name  (clock net +/-)

   Source:         FF         Q              counter__i9  (from clk +)
   Destination:    FF         Data in        counter__i13  (to clk +)
                   FF                        counter__i12

   Delay:              12.044ns  (28.4% logic, 71.6% route), 7 logic levels.

 Constraint Details:

     12.044ns physical path delay SLICE_154 to SLICE_156 meets
    142.857ns delay constraint less
      0.000ns skew and
      0.282ns CE_SET requirement (totaling 142.575ns) by 130.531ns

 Physical Path Details:

      Data path SLICE_154 to SLICE_156:

   Name    Fanout   Delay (ns)          Site               Resource
REG_DEL     ---     0.452     R8C19A.CLK to      R8C19A.Q1 SLICE_154 (from clk)
ROUTE         2     1.747      R8C19A.Q1 to      R6C19D.B1 counter_9
CTOF_DEL    ---     0.495      R6C19D.B1 to      R6C19D.F1 SLICE_185
ROUTE         1     1.004      R6C19D.F1 to      R6C19D.B0 n34_adj_13
CTOF_DEL    ---     0.495      R6C19D.B0 to      R6C19D.F0 SLICE_185
ROUTE         1     0.623      R6C19D.F0 to      R6C20D.D1 n42_adj_14
CTOF_DEL    ---     0.495      R6C20D.D1 to      R6C20D.F1 SLICE_186
ROUTE        20     1.607      R6C20D.F1 to      R8C18A.D1 n3493
CTOF_DEL    ---     0.495      R8C18A.D1 to      R8C18A.F1 SLICE_190
ROUTE         1     1.004      R8C18A.F1 to      R8C18D.B1 n42_adj_1
CTOF_DEL    ---     0.495      R8C18D.B1 to      R8C18D.F1 SLICE_176
ROUTE         2     0.756      R8C18D.F1 to      R8C18B.C1 n34_adj_9
CTOF_DEL    ---     0.495      R8C18B.C1 to      R8C18B.F1 SLICE_133
ROUTE        11     1.881      R8C18B.F1 to      R6C19A.CE clk_enable_65 (to clk)
                  --------
                   12.044   (28.4% logic, 71.6% route), 7 logic levels.

 Clock Skew Details: 

      Source Clock Path OSCInst0 to SLICE_154:

   Name    Fanout   Delay (ns)          Site               Resource
ROUTE       104     4.084        OSC.OSC to     R8C19A.CLK clk
                  --------
                    4.084   (0.0% logic, 100.0% route), 0 logic levels.

      Destination Clock Path OSCInst0 to SLICE_156:

   Name    Fanout   Delay (ns)          Site               Resource
ROUTE       104     4.084        OSC.OSC to     R6C19A.CLK clk
                  --------
                    4.084   (0.0% logic, 100.0% route), 0 logic levels.


Passed: The following path meets requirements by 130.531ns

 Logical Details:  Cell type  Pin type       Cell/ASIC name  (clock net +/-)

   Source:         FF         Q              counter__i9  (from clk +)
   Destination:    FF         Data in        counter__i15  (to clk +)
                   FF                        counter__i14

   Delay:              12.044ns  (28.4% logic, 71.6% route), 7 logic levels.

 Constraint Details:

     12.044ns physical path delay SLICE_154 to SLICE_157 meets
    142.857ns delay constraint less
      0.000ns skew and
      0.282ns CE_SET requirement (totaling 142.575ns) by 130.531ns

 Physical Path Details:

      Data path SLICE_154 to SLICE_157:

   Name    Fanout   Delay (ns)          Site               Resource
REG_DEL     ---     0.452     R8C19A.CLK to      R8C19A.Q1 SLICE_154 (from clk)
ROUTE         2     1.747      R8C19A.Q1 to      R6C19D.B1 counter_9
CTOF_DEL    ---     0.495      R6C19D.B1 to      R6C19D.F1 SLICE_185
ROUTE         1     1.004      R6C19D.F1 to      R6C19D.B0 n34_adj_13
CTOF_DEL    ---     0.495      R6C19D.B0 to      R6C19D.F0 SLICE_185
ROUTE         1     0.623      R6C19D.F0 to      R6C20D.D1 n42_adj_14
CTOF_DEL    ---     0.495      R6C20D.D1 to      R6C20D.F1 SLICE_186
ROUTE        20     1.607      R6C20D.F1 to      R8C18A.D1 n3493
CTOF_DEL    ---     0.495      R8C18A.D1 to      R8C18A.F1 SLICE_190
ROUTE         1     1.004      R8C18A.F1 to      R8C18D.B1 n42_adj_1
CTOF_DEL    ---     0.495      R8C18D.B1 to      R8C18D.F1 SLICE_176
ROUTE         2     0.756      R8C18D.F1 to      R8C18B.C1 n34_adj_9
CTOF_DEL    ---     0.495      R8C18B.C1 to      R8C18B.F1 SLICE_133
ROUTE        11     1.881      R8C18B.F1 to      R6C20B.CE clk_enable_65 (to clk)
                  --------
                   12.044   (28.4% logic, 71.6% route), 7 logic levels.

 Clock Skew Details: 

      Source Clock Path OSCInst0 to SLICE_154:

   Name    Fanout   Delay (ns)          Site               Resource
ROUTE       104     4.084        OSC.OSC to     R8C19A.CLK clk
                  --------
                    4.084   (0.0% logic, 100.0% route), 0 logic levels.

      Destination Clock Path OSCInst0 to SLICE_157:

   Name    Fanout   Delay (ns)          Site               Resource
ROUTE       104     4.084        OSC.OSC to     R6C20B.CLK clk
                  --------
                    4.084   (0.0% logic, 100.0% route), 0 logic levels.


Passed: The following path meets requirements by 130.531ns

 Logical Details:  Cell type  Pin type       Cell/ASIC name  (clock net +/-)

   Source:         FF         Q              counter__i9  (from clk +)
   Destination:    FF         Data in        counter__i17  (to clk +)
                   FF                        counter__i16

   Delay:              12.044ns  (28.4% logic, 71.6% route), 7 logic levels.

 Constraint Details:

     12.044ns physical path delay SLICE_154 to SLICE_158 meets
    142.857ns delay constraint less
      0.000ns skew and
      0.282ns CE_SET requirement (totaling 142.575ns) by 130.531ns

 Physical Path Details:

      Data path SLICE_154 to SLICE_158:

   Name    Fanout   Delay (ns)          Site               Resource
REG_DEL     ---     0.452     R8C19A.CLK to      R8C19A.Q1 SLICE_154 (from clk)
ROUTE         2     1.747      R8C19A.Q1 to      R6C19D.B1 counter_9
CTOF_DEL    ---     0.495      R6C19D.B1 to      R6C19D.F1 SLICE_185
ROUTE         1     1.004      R6C19D.F1 to      R6C19D.B0 n34_adj_13
CTOF_DEL    ---     0.495      R6C19D.B0 to      R6C19D.F0 SLICE_185
ROUTE         1     0.623      R6C19D.F0 to      R6C20D.D1 n42_adj_14
CTOF_DEL    ---     0.495      R6C20D.D1 to      R6C20D.F1 SLICE_186
ROUTE        20     1.607      R6C20D.F1 to      R8C18A.D1 n3493
CTOF_DEL    ---     0.495      R8C18A.D1 to      R8C18A.F1 SLICE_190
ROUTE         1     1.004      R8C18A.F1 to      R8C18D.B1 n42_adj_1
CTOF_DEL    ---     0.495      R8C18D.B1 to      R8C18D.F1 SLICE_176
ROUTE         2     0.756      R8C18D.F1 to      R8C18B.C1 n34_adj_9
CTOF_DEL    ---     0.495      R8C18B.C1 to      R8C18B.F1 SLICE_133
ROUTE        11     1.881      R8C18B.F1 to      R6C20A.CE clk_enable_65 (to clk)
                  --------
                   12.044   (28.4% logic, 71.6% route), 7 logic levels.

 Clock Skew Details: 

      Source Clock Path OSCInst0 to SLICE_154:

   Name    Fanout   Delay (ns)          Site               Resource
ROUTE       104     4.084        OSC.OSC to     R8C19A.CLK clk
                  --------
                    4.084   (0.0% logic, 100.0% route), 0 logic levels.

      Destination Clock Path OSCInst0 to SLICE_158:

   Name    Fanout   Delay (ns)          Site               Resource
ROUTE       104     4.084        OSC.OSC to     R6C20A.CLK clk
                  --------
                    4.084   (0.0% logic, 100.0% route), 0 logic levels.


Passed: The following path meets requirements by 130.585ns

 Logical Details:  Cell type  Pin type       Cell/ASIC name  (clock net +/-)

   Source:         FF         Q              counter__i9  (from clk +)
   Destination:    FF         Data in        counter__i11  (to clk +)
                   FF                        counter__i10

   Delay:              11.990ns  (28.5% logic, 71.5% route), 7 logic levels.

 Constraint Details:

     11.990ns physical path delay SLICE_154 to SLICE_155 meets
    142.857ns delay constraint less
      0.000ns skew and
      0.282ns CE_SET requirement (totaling 142.575ns) by 130.585ns

 Physical Path Details:

      Data path SLICE_154 to SLICE_155:

   Name    Fanout   Delay (ns)          Site               Resource
REG_DEL     ---     0.452     R8C19A.CLK to      R8C19A.Q1 SLICE_154 (from clk)
ROUTE         2     1.747      R8C19A.Q1 to      R6C19D.B1 counter_9
CTOF_DEL    ---     0.495      R6C19D.B1 to      R6C19D.F1 SLICE_185
ROUTE         1     1.004      R6C19D.F1 to      R6C19D.B0 n34_adj_13
CTOF_DEL    ---     0.495      R6C19D.B0 to      R6C19D.F0 SLICE_185
ROUTE         1     0.623      R6C19D.F0 to      R6C20D.D1 n42_adj_14
CTOF_DEL    ---     0.495      R6C20D.D1 to      R6C20D.F1 SLICE_186
ROUTE        20     1.919      R6C20D.F1 to      R9C19B.B0 n3493
CTOF_DEL    ---     0.495      R9C19B.B0 to      R9C19B.F0 SLICE_175
ROUTE         1     0.436      R9C19B.F0 to      R9C19B.C1 n36_adj_10
CTOF_DEL    ---     0.495      R9C19B.C1 to      R9C19B.F1 SLICE_175
ROUTE         1     0.958      R9C19B.F1 to      R8C18B.D1 n39_adj_12
CTOF_DEL    ---     0.495      R8C18B.D1 to      R8C18B.F1 SLICE_133
ROUTE        11     1.881      R8C18B.F1 to      R6C19C.CE clk_enable_65 (to clk)
                  --------
                   11.990   (28.5% logic, 71.5% route), 7 logic levels.

 Clock Skew Details: 

      Source Clock Path OSCInst0 to SLICE_154:

   Name    Fanout   Delay (ns)          Site               Resource
ROUTE       104     4.084        OSC.OSC to     R8C19A.CLK clk
                  --------
                    4.084   (0.0% logic, 100.0% route), 0 logic levels.

      Destination Clock Path OSCInst0 to SLICE_155:

   Name    Fanout   Delay (ns)          Site               Resource
ROUTE       104     4.084        OSC.OSC to     R6C19C.CLK clk
                  --------
                    4.084   (0.0% logic, 100.0% route), 0 logic levels.


Passed: The following path meets requirements by 130.585ns

 Logical Details:  Cell type  Pin type       Cell/ASIC name  (clock net +/-)

   Source:         FF         Q              counter__i9  (from clk +)
   Destination:    FF         Data in        counter__i13  (to clk +)
                   FF                        counter__i12

   Delay:              11.990ns  (28.5% logic, 71.5% route), 7 logic levels.

 Constraint Details:

     11.990ns physical path delay SLICE_154 to SLICE_156 meets
    142.857ns delay constraint less
      0.000ns skew and
      0.282ns CE_SET requirement (totaling 142.575ns) by 130.585ns

 Physical Path Details:

      Data path SLICE_154 to SLICE_156:

   Name    Fanout   Delay (ns)          Site               Resource
REG_DEL     ---     0.452     R8C19A.CLK to      R8C19A.Q1 SLICE_154 (from clk)
ROUTE         2     1.747      R8C19A.Q1 to      R6C19D.B1 counter_9
CTOF_DEL    ---     0.495      R6C19D.B1 to      R6C19D.F1 SLICE_185
ROUTE         1     1.004      R6C19D.F1 to      R6C19D.B0 n34_adj_13
CTOF_DEL    ---     0.495      R6C19D.B0 to      R6C19D.F0 SLICE_185
ROUTE         1     0.623      R6C19D.F0 to      R6C20D.D1 n42_adj_14
CTOF_DEL    ---     0.495      R6C20D.D1 to      R6C20D.F1 SLICE_186
ROUTE        20     1.919      R6C20D.F1 to      R9C19B.B0 n3493
CTOF_DEL    ---     0.495      R9C19B.B0 to      R9C19B.F0 SLICE_175
ROUTE         1     0.436      R9C19B.F0 to      R9C19B.C1 n36_adj_10
CTOF_DEL    ---     0.495      R9C19B.C1 to      R9C19B.F1 SLICE_175
ROUTE         1     0.958      R9C19B.F1 to      R8C18B.D1 n39_adj_12
CTOF_DEL    ---     0.495      R8C18B.D1 to      R8C18B.F1 SLICE_133
ROUTE        11     1.881      R8C18B.F1 to      R6C19A.CE clk_enable_65 (to clk)
                  --------
                   11.990   (28.5% logic, 71.5% route), 7 logic levels.

 Clock Skew Details: 

      Source Clock Path OSCInst0 to SLICE_154:

   Name    Fanout   Delay (ns)          Site               Resource
ROUTE       104     4.084        OSC.OSC to     R8C19A.CLK clk
                  --------
                    4.084   (0.0% logic, 100.0% route), 0 logic levels.

      Destination Clock Path OSCInst0 to SLICE_156:

   Name    Fanout   Delay (ns)          Site               Resource
ROUTE       104     4.084        OSC.OSC to     R6C19A.CLK clk
                  --------
                    4.084   (0.0% logic, 100.0% route), 0 logic levels.


Passed: The following path meets requirements by 130.585ns

 Logical Details:  Cell type  Pin type       Cell/ASIC name  (clock net +/-)

   Source:         FF         Q              counter__i9  (from clk +)
   Destination:    FF         Data in        counter__i15  (to clk +)
                   FF                        counter__i14

   Delay:              11.990ns  (28.5% logic, 71.5% route), 7 logic levels.

 Constraint Details:

     11.990ns physical path delay SLICE_154 to SLICE_157 meets
    142.857ns delay constraint less
      0.000ns skew and
      0.282ns CE_SET requirement (totaling 142.575ns) by 130.585ns

 Physical Path Details:

      Data path SLICE_154 to SLICE_157:

   Name    Fanout   Delay (ns)          Site               Resource
REG_DEL     ---     0.452     R8C19A.CLK to      R8C19A.Q1 SLICE_154 (from clk)
ROUTE         2     1.747      R8C19A.Q1 to      R6C19D.B1 counter_9
CTOF_DEL    ---     0.495      R6C19D.B1 to      R6C19D.F1 SLICE_185
ROUTE         1     1.004      R6C19D.F1 to      R6C19D.B0 n34_adj_13
CTOF_DEL    ---     0.495      R6C19D.B0 to      R6C19D.F0 SLICE_185
ROUTE         1     0.623      R6C19D.F0 to      R6C20D.D1 n42_adj_14
CTOF_DEL    ---     0.495      R6C20D.D1 to      R6C20D.F1 SLICE_186
ROUTE        20     1.919      R6C20D.F1 to      R9C19B.B0 n3493
CTOF_DEL    ---     0.495      R9C19B.B0 to      R9C19B.F0 SLICE_175
ROUTE         1     0.436      R9C19B.F0 to      R9C19B.C1 n36_adj_10
CTOF_DEL    ---     0.495      R9C19B.C1 to      R9C19B.F1 SLICE_175
ROUTE         1     0.958      R9C19B.F1 to      R8C18B.D1 n39_adj_12
CTOF_DEL    ---     0.495      R8C18B.D1 to      R8C18B.F1 SLICE_133
ROUTE        11     1.881      R8C18B.F1 to      R6C20B.CE clk_enable_65 (to clk)
                  --------
                   11.990   (28.5% logic, 71.5% route), 7 logic levels.

 Clock Skew Details: 

      Source Clock Path OSCInst0 to SLICE_154:

   Name    Fanout   Delay (ns)          Site               Resource
ROUTE       104     4.084        OSC.OSC to     R8C19A.CLK clk
                  --------
                    4.084   (0.0% logic, 100.0% route), 0 logic levels.

      Destination Clock Path OSCInst0 to SLICE_157:

   Name    Fanout   Delay (ns)          Site               Resource
ROUTE       104     4.084        OSC.OSC to     R6C20B.CLK clk
                  --------
                    4.084   (0.0% logic, 100.0% route), 0 logic levels.


Passed: The following path meets requirements by 130.585ns

 Logical Details:  Cell type  Pin type       Cell/ASIC name  (clock net +/-)

   Source:         FF         Q              counter__i9  (from clk +)
   Destination:    FF         Data in        counter__i17  (to clk +)
                   FF                        counter__i16

   Delay:              11.990ns  (28.5% logic, 71.5% route), 7 logic levels.

 Constraint Details:

     11.990ns physical path delay SLICE_154 to SLICE_158 meets
    142.857ns delay constraint less
      0.000ns skew and
      0.282ns CE_SET requirement (totaling 142.575ns) by 130.585ns

 Physical Path Details:

      Data path SLICE_154 to SLICE_158:

   Name    Fanout   Delay (ns)          Site               Resource
REG_DEL     ---     0.452     R8C19A.CLK to      R8C19A.Q1 SLICE_154 (from clk)
ROUTE         2     1.747      R8C19A.Q1 to      R6C19D.B1 counter_9
CTOF_DEL    ---     0.495      R6C19D.B1 to      R6C19D.F1 SLICE_185
ROUTE         1     1.004      R6C19D.F1 to      R6C19D.B0 n34_adj_13
CTOF_DEL    ---     0.495      R6C19D.B0 to      R6C19D.F0 SLICE_185
ROUTE         1     0.623      R6C19D.F0 to      R6C20D.D1 n42_adj_14
CTOF_DEL    ---     0.495      R6C20D.D1 to      R6C20D.F1 SLICE_186
ROUTE        20     1.919      R6C20D.F1 to      R9C19B.B0 n3493
CTOF_DEL    ---     0.495      R9C19B.B0 to      R9C19B.F0 SLICE_175
ROUTE         1     0.436      R9C19B.F0 to      R9C19B.C1 n36_adj_10
CTOF_DEL    ---     0.495      R9C19B.C1 to      R9C19B.F1 SLICE_175
ROUTE         1     0.958      R9C19B.F1 to      R8C18B.D1 n39_adj_12
CTOF_DEL    ---     0.495      R8C18B.D1 to      R8C18B.F1 SLICE_133
ROUTE        11     1.881      R8C18B.F1 to      R6C20A.CE clk_enable_65 (to clk)
                  --------
                   11.990   (28.5% logic, 71.5% route), 7 logic levels.

 Clock Skew Details: 

      Source Clock Path OSCInst0 to SLICE_154:

   Name    Fanout   Delay (ns)          Site               Resource
ROUTE       104     4.084        OSC.OSC to     R8C19A.CLK clk
                  --------
                    4.084   (0.0% logic, 100.0% route), 0 logic levels.

      Destination Clock Path OSCInst0 to SLICE_158:

   Name    Fanout   Delay (ns)          Site               Resource
ROUTE       104     4.084        OSC.OSC to     R6C20A.CLK clk
                  --------
                    4.084   (0.0% logic, 100.0% route), 0 logic levels.


Passed: The following path meets requirements by 130.695ns

 Logical Details:  Cell type  Pin type       Cell/ASIC name  (clock net +/-)

   Source:         FF         Q              counter__i7  (from clk +)
   Destination:    FF         Data in        counter__i11  (to clk +)
                   FF                        counter__i10

   Delay:              11.880ns  (33.0% logic, 67.0% route), 8 logic levels.

 Constraint Details:

     11.880ns physical path delay SLICE_153 to SLICE_155 meets
    142.857ns delay constraint less
      0.000ns skew and
      0.282ns CE_SET requirement (totaling 142.575ns) by 130.695ns

 Physical Path Details:

      Data path SLICE_153 to SLICE_155:

   Name    Fanout   Delay (ns)          Site               Resource
REG_DEL     ---     0.452     R8C19D.CLK to      R8C19D.Q1 SLICE_153 (from clk)
ROUTE         2     1.011      R8C19D.Q1 to      R8C19C.B1 counter_7
CTOF_DEL    ---     0.495      R8C19C.B1 to      R8C19C.F1 SLICE_165
ROUTE         1     0.645      R8C19C.F1 to      R6C19B.D0 n36_adj_6
CTOF_DEL    ---     0.495      R6C19B.D0 to      R6C19B.F0 SLICE_187
ROUTE         1     0.436      R6C19B.F0 to      R6C19D.C0 n40_adj_8
CTOF_DEL    ---     0.495      R6C19D.C0 to      R6C19D.F0 SLICE_185
ROUTE         1     0.623      R6C19D.F0 to      R6C20D.D1 n42_adj_14
CTOF_DEL    ---     0.495      R6C20D.D1 to      R6C20D.F1 SLICE_186
ROUTE        20     1.607      R6C20D.F1 to      R8C18A.D1 n3493
CTOF_DEL    ---     0.495      R8C18A.D1 to      R8C18A.F1 SLICE_190
ROUTE         1     1.004      R8C18A.F1 to      R8C18D.B1 n42_adj_1
CTOF_DEL    ---     0.495      R8C18D.B1 to      R8C18D.F1 SLICE_176
ROUTE         2     0.756      R8C18D.F1 to      R8C18B.C1 n34_adj_9
CTOF_DEL    ---     0.495      R8C18B.C1 to      R8C18B.F1 SLICE_133
ROUTE        11     1.881      R8C18B.F1 to      R6C19C.CE clk_enable_65 (to clk)
                  --------
                   11.880   (33.0% logic, 67.0% route), 8 logic levels.

 Clock Skew Details: 

      Source Clock Path OSCInst0 to SLICE_153:

   Name    Fanout   Delay (ns)          Site               Resource
ROUTE       104     4.084        OSC.OSC to     R8C19D.CLK clk
                  --------
                    4.084   (0.0% logic, 100.0% route), 0 logic levels.

      Destination Clock Path OSCInst0 to SLICE_155:

   Name    Fanout   Delay (ns)          Site               Resource
ROUTE       104     4.084        OSC.OSC to     R6C19C.CLK clk
                  --------
                    4.084   (0.0% logic, 100.0% route), 0 logic levels.


Passed: The following path meets requirements by 130.695ns

 Logical Details:  Cell type  Pin type       Cell/ASIC name  (clock net +/-)

   Source:         FF         Q              counter__i7  (from clk +)
   Destination:    FF         Data in        counter__i13  (to clk +)
                   FF                        counter__i12

   Delay:              11.880ns  (33.0% logic, 67.0% route), 8 logic levels.

 Constraint Details:

     11.880ns physical path delay SLICE_153 to SLICE_156 meets
    142.857ns delay constraint less
      0.000ns skew and
      0.282ns CE_SET requirement (totaling 142.575ns) by 130.695ns

 Physical Path Details:

      Data path SLICE_153 to SLICE_156:

   Name    Fanout   Delay (ns)          Site               Resource
REG_DEL     ---     0.452     R8C19D.CLK to      R8C19D.Q1 SLICE_153 (from clk)
ROUTE         2     1.011      R8C19D.Q1 to      R8C19C.B1 counter_7
CTOF_DEL    ---     0.495      R8C19C.B1 to      R8C19C.F1 SLICE_165
ROUTE         1     0.645      R8C19C.F1 to      R6C19B.D0 n36_adj_6
CTOF_DEL    ---     0.495      R6C19B.D0 to      R6C19B.F0 SLICE_187
ROUTE         1     0.436      R6C19B.F0 to      R6C19D.C0 n40_adj_8
CTOF_DEL    ---     0.495      R6C19D.C0 to      R6C19D.F0 SLICE_185
ROUTE         1     0.623      R6C19D.F0 to      R6C20D.D1 n42_adj_14
CTOF_DEL    ---     0.495      R6C20D.D1 to      R6C20D.F1 SLICE_186
ROUTE        20     1.607      R6C20D.F1 to      R8C18A.D1 n3493
CTOF_DEL    ---     0.495      R8C18A.D1 to      R8C18A.F1 SLICE_190
ROUTE         1     1.004      R8C18A.F1 to      R8C18D.B1 n42_adj_1
CTOF_DEL    ---     0.495      R8C18D.B1 to      R8C18D.F1 SLICE_176
ROUTE         2     0.756      R8C18D.F1 to      R8C18B.C1 n34_adj_9
CTOF_DEL    ---     0.495      R8C18B.C1 to      R8C18B.F1 SLICE_133
ROUTE        11     1.881      R8C18B.F1 to      R6C19A.CE clk_enable_65 (to clk)
                  --------
                   11.880   (33.0% logic, 67.0% route), 8 logic levels.

 Clock Skew Details: 

      Source Clock Path OSCInst0 to SLICE_153:

   Name    Fanout   Delay (ns)          Site               Resource
ROUTE       104     4.084        OSC.OSC to     R8C19D.CLK clk
                  --------
                    4.084   (0.0% logic, 100.0% route), 0 logic levels.

      Destination Clock Path OSCInst0 to SLICE_156:

   Name    Fanout   Delay (ns)          Site               Resource
ROUTE       104     4.084        OSC.OSC to     R6C19A.CLK clk
                  --------
                    4.084   (0.0% logic, 100.0% route), 0 logic levels.

Report:   81.129MHz is the maximum frequency for this preference.

Report Summary
--------------
----------------------------------------------------------------------------
Preference                              |   Constraint|       Actual|Levels
----------------------------------------------------------------------------
                                        |             |             |
FREQUENCY NET "clk" 7.000000 MHz ;      |    7.000 MHz|   81.129 MHz|   7  
                                        |             |             |
----------------------------------------------------------------------------


All preferences were met.


Clock Domains Analysis
------------------------

Found 1 clocks:

Clock Domain: clk   Source: OSCInst0.OSC   Loads: 104
   Covered under: FREQUENCY NET "clk" 7.000000 MHz ;


Timing summary (Setup):
---------------

Timing errors: 0  Score: 0
Cumulative negative slack: 0

Constraints cover 7717 paths, 1 nets, and 1234 connections (99.04% coverage)

--------------------------------------------------------------------------------
Lattice TRACE Report - Hold, Version Diamond (64-bit) 3.13.0.56.2
Fri Dec 13 12:43:07 2024

Copyright (c) 1991-1994 by NeoCAD Inc. All rights reserved.
Copyright (c) 1995 AT&T Corp.   All rights reserved.
Copyright (c) 1995-2001 Lucent Technologies Inc.  All rights reserved.
Copyright (c) 2001 Agere Systems   All rights reserved.
Copyright (c) 2002-2023 Lattice Semiconductor Corporation,  All rights reserved.

Report Information
------------------
Command line:    trce -v 10 -gt -sethld -sp 4 -sphld m -o UZ_Rev05_S3C_S3C_171224.twr -gui -msgset C:/cpld/cpld_lattice/MACHXO2/S3C_CPLD_LCMXO2-4000HC-4TG144C/promote.xml UZ_Rev05_S3C_S3C_171224.ncd UZ_Rev05_S3C_S3C_171224.prf 
Design file:     uz_rev05_s3c_s3c_171224.ncd
Preference file: uz_rev05_s3c_s3c_171224.prf
Device,speed:    LCMXO2-4000HC,m
Report level:    verbose report, limited to 10 items per preference
--------------------------------------------------------------------------------


Derating parameters
-------------------
VCCIO Voltage:
                   3.300 V (Bank 0, defined by PAR)
                   1.800 V (Bank 1, defined by PAR)
                   1.800 V (Bank 2, defined by PAR)
                   1.800 V (Bank 3)
                   3.300 V (Bank 4, defined by PAR)
                   3.300 V (Bank 5, defined by PAR)



================================================================================
Preference: FREQUENCY NET "clk" 7.000000 MHz ;
            4096 items scored, 0 timing errors detected.
--------------------------------------------------------------------------------


Passed: The following path meets requirements by 0.304ns

 Logical Details:  Cell type  Pin type       Cell/ASIC name  (clock net +/-)

   Source:         FF         Q              button_inputs_asyn1_i2  (from clk +)
   Destination:    FF         Data in        button_inputs_asyn2_i2  (to clk +)

   Delay:               0.285ns  (46.7% logic, 53.3% route), 1 logic levels.

 Constraint Details:

      0.285ns physical path delay SLICE_149 to SLICE_183 meets
     -0.019ns M_HLD and
      0.000ns delay constraint less
      0.000ns skew requirement (totaling -0.019ns) by 0.304ns

 Physical Path Details:

      Data path SLICE_149 to SLICE_183:

   Name    Fanout   Delay (ns)          Site               Resource
REG_DEL     ---     0.133    R12C17D.CLK to     R12C17D.Q1 SLICE_149 (from clk)
ROUTE         1     0.152     R12C17D.Q1 to     R12C17A.M1 button_inputs_asyn1_2 (to clk)
                  --------
                    0.285   (46.7% logic, 53.3% route), 1 logic levels.

 Clock Skew Details: 

      Source Clock Path OSCInst0 to SLICE_149:

   Name    Fanout   Delay (ns)          Site               Resource
ROUTE       104     1.424        OSC.OSC to    R12C17D.CLK clk
                  --------
                    1.424   (0.0% logic, 100.0% route), 0 logic levels.

      Destination Clock Path OSCInst0 to SLICE_183:

   Name    Fanout   Delay (ns)          Site               Resource
ROUTE       104     1.424        OSC.OSC to    R12C17A.CLK clk
                  --------
                    1.424   (0.0% logic, 100.0% route), 0 logic levels.


Passed: The following path meets requirements by 0.377ns

 Logical Details:  Cell type  Pin type       Cell/ASIC name  (clock net +/-)

   Source:         FF         Q              debounce_counters_4___i4  (from clk +)
   Destination:    FF         Data in        debounce_counters_4___i4  (to clk +)

   Delay:               0.364ns  (64.3% logic, 35.7% route), 2 logic levels.

 Constraint Details:

      0.364ns physical path delay SLICE_100 to SLICE_100 meets
     -0.013ns DIN_HLD and
      0.000ns delay constraint less
      0.000ns skew requirement (totaling -0.013ns) by 0.377ns

 Physical Path Details:

      Data path SLICE_100 to SLICE_100:

   Name    Fanout   Delay (ns)          Site               Resource
REG_DEL     ---     0.133    R15C17C.CLK to     R15C17C.Q1 SLICE_100 (from clk)
ROUTE         1     0.130     R15C17C.Q1 to     R15C17C.A1 debounce_counters_4_4
CTOF_DEL    ---     0.101     R15C17C.A1 to     R15C17C.F1 SLICE_100
ROUTE         1     0.000     R15C17C.F1 to    R15C17C.DI1 n364 (to clk)
                  --------
                    0.364   (64.3% logic, 35.7% route), 2 logic levels.

 Clock Skew Details: 

      Source Clock Path OSCInst0 to SLICE_100:

   Name    Fanout   Delay (ns)          Site               Resource
ROUTE       104     1.424        OSC.OSC to    R15C17C.CLK clk
                  --------
                    1.424   (0.0% logic, 100.0% route), 0 logic levels.

      Destination Clock Path OSCInst0 to SLICE_100:

   Name    Fanout   Delay (ns)          Site               Resource
ROUTE       104     1.424        OSC.OSC to    R15C17C.CLK clk
                  --------
                    1.424   (0.0% logic, 100.0% route), 0 logic levels.


Passed: The following path meets requirements by 0.377ns

 Logical Details:  Cell type  Pin type       Cell/ASIC name  (clock net +/-)

   Source:         FF         Q              debounce_counters_4___i3  (from clk +)
   Destination:    FF         Data in        debounce_counters_4___i3  (to clk +)

   Delay:               0.364ns  (64.3% logic, 35.7% route), 2 logic levels.

 Constraint Details:

      0.364ns physical path delay SLICE_100 to SLICE_100 meets
     -0.013ns DIN_HLD and
      0.000ns delay constraint less
      0.000ns skew requirement (totaling -0.013ns) by 0.377ns

 Physical Path Details:

      Data path SLICE_100 to SLICE_100:

   Name    Fanout   Delay (ns)          Site               Resource
REG_DEL     ---     0.133    R15C17C.CLK to     R15C17C.Q0 SLICE_100 (from clk)
ROUTE         1     0.130     R15C17C.Q0 to     R15C17C.A0 debounce_counters_4_3
CTOF_DEL    ---     0.101     R15C17C.A0 to     R15C17C.F0 SLICE_100
ROUTE         1     0.000     R15C17C.F0 to    R15C17C.DI0 n365 (to clk)
                  --------
                    0.364   (64.3% logic, 35.7% route), 2 logic levels.

 Clock Skew Details: 

      Source Clock Path OSCInst0 to SLICE_100:

   Name    Fanout   Delay (ns)          Site               Resource
ROUTE       104     1.424        OSC.OSC to    R15C17C.CLK clk
                  --------
                    1.424   (0.0% logic, 100.0% route), 0 logic levels.

      Destination Clock Path OSCInst0 to SLICE_100:

   Name    Fanout   Delay (ns)          Site               Resource
ROUTE       104     1.424        OSC.OSC to    R15C17C.CLK clk
                  --------
                    1.424   (0.0% logic, 100.0% route), 0 logic levels.


Passed: The following path meets requirements by 0.377ns

 Logical Details:  Cell type  Pin type       Cell/ASIC name  (clock net +/-)

   Source:         FF         Q              debounce_counters_4___i1  (from clk +)
   Destination:    FF         Data in        debounce_counters_4___i1  (to clk +)

   Delay:               0.364ns  (64.3% logic, 35.7% route), 2 logic levels.

 Constraint Details:

      0.364ns physical path delay SLICE_102 to SLICE_102 meets
     -0.013ns DIN_HLD and
      0.000ns delay constraint less
      0.000ns skew requirement (totaling -0.013ns) by 0.377ns

 Physical Path Details:

      Data path SLICE_102 to SLICE_102:

   Name    Fanout   Delay (ns)          Site               Resource
REG_DEL     ---     0.133    R15C17B.CLK to     R15C17B.Q0 SLICE_102 (from clk)
ROUTE         1     0.130     R15C17B.Q0 to     R15C17B.A0 debounce_counters_4_1
CTOF_DEL    ---     0.101     R15C17B.A0 to     R15C17B.F0 SLICE_102
ROUTE         1     0.000     R15C17B.F0 to    R15C17B.DI0 n367 (to clk)
                  --------
                    0.364   (64.3% logic, 35.7% route), 2 logic levels.

 Clock Skew Details: 

      Source Clock Path OSCInst0 to SLICE_102:

   Name    Fanout   Delay (ns)          Site               Resource
ROUTE       104     1.424        OSC.OSC to    R15C17B.CLK clk
                  --------
                    1.424   (0.0% logic, 100.0% route), 0 logic levels.

      Destination Clock Path OSCInst0 to SLICE_102:

   Name    Fanout   Delay (ns)          Site               Resource
ROUTE       104     1.424        OSC.OSC to    R15C17B.CLK clk
                  --------
                    1.424   (0.0% logic, 100.0% route), 0 logic levels.


Passed: The following path meets requirements by 0.377ns

 Logical Details:  Cell type  Pin type       Cell/ASIC name  (clock net +/-)

   Source:         FF         Q              debounce_counters_4___i2  (from clk +)
   Destination:    FF         Data in        debounce_counters_4___i2  (to clk +)

   Delay:               0.364ns  (64.3% logic, 35.7% route), 2 logic levels.

 Constraint Details:

      0.364ns physical path delay SLICE_102 to SLICE_102 meets
     -0.013ns DIN_HLD and
      0.000ns delay constraint less
      0.000ns skew requirement (totaling -0.013ns) by 0.377ns

 Physical Path Details:

      Data path SLICE_102 to SLICE_102:

   Name    Fanout   Delay (ns)          Site               Resource
REG_DEL     ---     0.133    R15C17B.CLK to     R15C17B.Q1 SLICE_102 (from clk)
ROUTE         1     0.130     R15C17B.Q1 to     R15C17B.A1 debounce_counters_4_2
CTOF_DEL    ---     0.101     R15C17B.A1 to     R15C17B.F1 SLICE_102
ROUTE         1     0.000     R15C17B.F1 to    R15C17B.DI1 n366 (to clk)
                  --------
                    0.364   (64.3% logic, 35.7% route), 2 logic levels.

 Clock Skew Details: 

      Source Clock Path OSCInst0 to SLICE_102:

   Name    Fanout   Delay (ns)          Site               Resource
ROUTE       104     1.424        OSC.OSC to    R15C17B.CLK clk
                  --------
                    1.424   (0.0% logic, 100.0% route), 0 logic levels.

      Destination Clock Path OSCInst0 to SLICE_102:

   Name    Fanout   Delay (ns)          Site               Resource
ROUTE       104     1.424        OSC.OSC to    R15C17B.CLK clk
                  --------
                    1.424   (0.0% logic, 100.0% route), 0 logic levels.


Passed: The following path meets requirements by 0.377ns

 Logical Details:  Cell type  Pin type       Cell/ASIC name  (clock net +/-)

   Source:         FF         Q              debounce_counters_4___i0  (from clk +)
   Destination:    FF         Data in        debounce_counters_4___i0  (to clk +)

   Delay:               0.364ns  (64.3% logic, 35.7% route), 2 logic levels.

 Constraint Details:

      0.364ns physical path delay SLICE_109 to SLICE_109 meets
     -0.013ns DIN_HLD and
      0.000ns delay constraint less
      0.000ns skew requirement (totaling -0.013ns) by 0.377ns

 Physical Path Details:

      Data path SLICE_109 to SLICE_109:

   Name    Fanout   Delay (ns)          Site               Resource
REG_DEL     ---     0.133    R15C17A.CLK to     R15C17A.Q1 SLICE_109 (from clk)
ROUTE         1     0.130     R15C17A.Q1 to     R15C17A.A1 debounce_counters_4_0
CTOF_DEL    ---     0.101     R15C17A.A1 to     R15C17A.F1 SLICE_109
ROUTE         1     0.000     R15C17A.F1 to    R15C17A.DI1 n368 (to clk)
                  --------
                    0.364   (64.3% logic, 35.7% route), 2 logic levels.

 Clock Skew Details: 

      Source Clock Path OSCInst0 to SLICE_109:

   Name    Fanout   Delay (ns)          Site               Resource
ROUTE       104     1.424        OSC.OSC to    R15C17A.CLK clk
                  --------
                    1.424   (0.0% logic, 100.0% route), 0 logic levels.

      Destination Clock Path OSCInst0 to SLICE_109:

   Name    Fanout   Delay (ns)          Site               Resource
ROUTE       104     1.424        OSC.OSC to    R15C17A.CLK clk
                  --------
                    1.424   (0.0% logic, 100.0% route), 0 logic levels.


Passed: The following path meets requirements by 0.377ns

 Logical Details:  Cell type  Pin type       Cell/ASIC name  (clock net +/-)

   Source:         FF         Q              debounce_counters_1___i0  (from clk +)
   Destination:    FF         Data in        debounce_counters_1___i0  (to clk +)

   Delay:               0.364ns  (64.3% logic, 35.7% route), 2 logic levels.

 Constraint Details:

      0.364ns physical path delay SLICE_14 to SLICE_14 meets
     -0.013ns DIN_HLD and
      0.000ns delay constraint less
      0.000ns skew requirement (totaling -0.013ns) by 0.377ns

 Physical Path Details:

      Data path SLICE_14 to SLICE_14:

   Name    Fanout   Delay (ns)          Site               Resource
REG_DEL     ---     0.133     R17C7A.CLK to      R17C7A.Q1 SLICE_14 (from clk)
ROUTE         1     0.130      R17C7A.Q1 to      R17C7A.A1 debounce_counters_1_0
CTOF_DEL    ---     0.101      R17C7A.A1 to      R17C7A.F1 SLICE_14
ROUTE         1     0.000      R17C7A.F1 to     R17C7A.DI1 n50 (to clk)
                  --------
                    0.364   (64.3% logic, 35.7% route), 2 logic levels.

 Clock Skew Details: 

      Source Clock Path OSCInst0 to SLICE_14:

   Name    Fanout   Delay (ns)          Site               Resource
ROUTE       104     1.424        OSC.OSC to     R17C7A.CLK clk
                  --------
                    1.424   (0.0% logic, 100.0% route), 0 logic levels.

      Destination Clock Path OSCInst0 to SLICE_14:

   Name    Fanout   Delay (ns)          Site               Resource
ROUTE       104     1.424        OSC.OSC to     R17C7A.CLK clk
                  --------
                    1.424   (0.0% logic, 100.0% route), 0 logic levels.


Passed: The following path meets requirements by 0.377ns

 Logical Details:  Cell type  Pin type       Cell/ASIC name  (clock net +/-)

   Source:         FF         Q              debounce_counters_2___i5  (from clk +)
   Destination:    FF         Data in        debounce_counters_2___i5  (to clk +)

   Delay:               0.364ns  (64.3% logic, 35.7% route), 2 logic levels.

 Constraint Details:

      0.364ns physical path delay SLICE_20 to SLICE_20 meets
     -0.013ns DIN_HLD and
      0.000ns delay constraint less
      0.000ns skew requirement (totaling -0.013ns) by 0.377ns

 Physical Path Details:

      Data path SLICE_20 to SLICE_20:

   Name    Fanout   Delay (ns)          Site               Resource
REG_DEL     ---     0.133    R20C23D.CLK to     R20C23D.Q0 SLICE_20 (from clk)
ROUTE         1     0.130     R20C23D.Q0 to     R20C23D.A0 debounce_counters_2_5
CTOF_DEL    ---     0.101     R20C23D.A0 to     R20C23D.F0 SLICE_20
ROUTE         1     0.000     R20C23D.F0 to    R20C23D.DI0 n151 (to clk)
                  --------
                    0.364   (64.3% logic, 35.7% route), 2 logic levels.

 Clock Skew Details: 

      Source Clock Path OSCInst0 to SLICE_20:

   Name    Fanout   Delay (ns)          Site               Resource
ROUTE       104     1.424        OSC.OSC to    R20C23D.CLK clk
                  --------
                    1.424   (0.0% logic, 100.0% route), 0 logic levels.

      Destination Clock Path OSCInst0 to SLICE_20:

   Name    Fanout   Delay (ns)          Site               Resource
ROUTE       104     1.424        OSC.OSC to    R20C23D.CLK clk
                  --------
                    1.424   (0.0% logic, 100.0% route), 0 logic levels.


Passed: The following path meets requirements by 0.377ns

 Logical Details:  Cell type  Pin type       Cell/ASIC name  (clock net +/-)

   Source:         FF         Q              debounce_counters_2___i4  (from clk +)
   Destination:    FF         Data in        debounce_counters_2___i4  (to clk +)

   Delay:               0.364ns  (64.3% logic, 35.7% route), 2 logic levels.

 Constraint Details:

      0.364ns physical path delay SLICE_26 to SLICE_26 meets
     -0.013ns DIN_HLD and
      0.000ns delay constraint less
      0.000ns skew requirement (totaling -0.013ns) by 0.377ns

 Physical Path Details:

      Data path SLICE_26 to SLICE_26:

   Name    Fanout   Delay (ns)          Site               Resource
REG_DEL     ---     0.133    R20C23C.CLK to     R20C23C.Q1 SLICE_26 (from clk)
ROUTE         1     0.130     R20C23C.Q1 to     R20C23C.A1 debounce_counters_2_4
CTOF_DEL    ---     0.101     R20C23C.A1 to     R20C23C.F1 SLICE_26
ROUTE         1     0.000     R20C23C.F1 to    R20C23C.DI1 n152 (to clk)
                  --------
                    0.364   (64.3% logic, 35.7% route), 2 logic levels.

 Clock Skew Details: 

      Source Clock Path OSCInst0 to SLICE_26:

   Name    Fanout   Delay (ns)          Site               Resource
ROUTE       104     1.424        OSC.OSC to    R20C23C.CLK clk
                  --------
                    1.424   (0.0% logic, 100.0% route), 0 logic levels.

      Destination Clock Path OSCInst0 to SLICE_26:

   Name    Fanout   Delay (ns)          Site               Resource
ROUTE       104     1.424        OSC.OSC to    R20C23C.CLK clk
                  --------
                    1.424   (0.0% logic, 100.0% route), 0 logic levels.


Passed: The following path meets requirements by 0.377ns

 Logical Details:  Cell type  Pin type       Cell/ASIC name  (clock net +/-)

   Source:         FF         Q              debounce_counters_2___i3  (from clk +)
   Destination:    FF         Data in        debounce_counters_2___i3  (to clk +)

   Delay:               0.364ns  (64.3% logic, 35.7% route), 2 logic levels.

 Constraint Details:

      0.364ns physical path delay SLICE_26 to SLICE_26 meets
     -0.013ns DIN_HLD and
      0.000ns delay constraint less
      0.000ns skew requirement (totaling -0.013ns) by 0.377ns

 Physical Path Details:

      Data path SLICE_26 to SLICE_26:

   Name    Fanout   Delay (ns)          Site               Resource
REG_DEL     ---     0.133    R20C23C.CLK to     R20C23C.Q0 SLICE_26 (from clk)
ROUTE         1     0.130     R20C23C.Q0 to     R20C23C.A0 debounce_counters_2_3
CTOF_DEL    ---     0.101     R20C23C.A0 to     R20C23C.F0 SLICE_26
ROUTE         1     0.000     R20C23C.F0 to    R20C23C.DI0 n153 (to clk)
                  --------
                    0.364   (64.3% logic, 35.7% route), 2 logic levels.

 Clock Skew Details: 

      Source Clock Path OSCInst0 to SLICE_26:

   Name    Fanout   Delay (ns)          Site               Resource
ROUTE       104     1.424        OSC.OSC to    R20C23C.CLK clk
                  --------
                    1.424   (0.0% logic, 100.0% route), 0 logic levels.

      Destination Clock Path OSCInst0 to SLICE_26:

   Name    Fanout   Delay (ns)          Site               Resource
ROUTE       104     1.424        OSC.OSC to    R20C23C.CLK clk
                  --------
                    1.424   (0.0% logic, 100.0% route), 0 logic levels.

Report Summary
--------------
----------------------------------------------------------------------------
Preference(MIN Delays)                  |   Constraint|       Actual|Levels
----------------------------------------------------------------------------
                                        |             |             |
FREQUENCY NET "clk" 7.000000 MHz ;      |     0.000 ns|     0.304 ns|   1  
                                        |             |             |
----------------------------------------------------------------------------


All preferences were met.


Clock Domains Analysis
------------------------

Found 1 clocks:

Clock Domain: clk   Source: OSCInst0.OSC   Loads: 104
   Covered under: FREQUENCY NET "clk" 7.000000 MHz ;


Timing summary (Hold):
---------------

Timing errors: 0  Score: 0
Cumulative negative slack: 0

Constraints cover 7717 paths, 1 nets, and 1234 connections (99.04% coverage)



Timing summary (Setup and Hold):
---------------

Timing errors: 0 (setup), 0 (hold)
Score: 0 (setup), 0 (hold)
Cumulative negative slack: 0 (0+0)
--------------------------------------------------------------------------------

--------------------------------------------------------------------------------

