
Loading design for application trce from file uz_rev05_s3c_s3c_171224.ncd.
Design name: Waiting_for_Powerbutton_pressed_V0
NCD version: 3.3
Vendor:      LATTICE
Device:      LCMXO2-4000HC
Package:     TQFP144
Performance: 4
Loading device for application trce from file 'xo2c4000.nph' in environment: C:/lscc/diamond/3.13/ispfpga.
Package Status:                     Final          Version 1.44.
Performance Hardware Data Status:   Final          Version 34.4.
Setup and Hold Report

--------------------------------------------------------------------------------
Lattice TRACE Report - Setup, Version Diamond (64-bit) 3.13.0.56.2
Tue Dec 17 17:55:19 2024

Copyright (c) 1991-1994 by NeoCAD Inc. All rights reserved.
Copyright (c) 1995 AT&T Corp.   All rights reserved.
Copyright (c) 1995-2001 Lucent Technologies Inc.  All rights reserved.
Copyright (c) 2001 Agere Systems   All rights reserved.
Copyright (c) 2002-2023 Lattice Semiconductor Corporation,  All rights reserved.

Report Information
------------------
Command line:    trce -v 10 -gt -sethld -sp 4 -sphld m -o UZ_Rev05_S3C_S3C_171224.twr -gui -msgset C:/cpld/cpld_lattice/MACHXO2/S3C_CPLD_LCMXO2-4000HC-4TG144C/promote.xml UZ_Rev05_S3C_S3C_171224.ncd UZ_Rev05_S3C_S3C_171224.prf 
Design file:     uz_rev05_s3c_s3c_171224.ncd
Preference file: uz_rev05_s3c_s3c_171224.prf
Device,speed:    LCMXO2-4000HC,4
Report level:    verbose report, limited to 10 items per preference
--------------------------------------------------------------------------------


Derating parameters
-------------------
VCCIO Voltage:
                   3.300 V (Bank 0, defined by PAR)
                   1.800 V (Bank 1, defined by PAR)
                   1.800 V (Bank 2, defined by PAR)
                   1.800 V (Bank 3, defined by PAR)
                   3.300 V (Bank 4, defined by PAR)
                   3.300 V (Bank 5, defined by PAR)



================================================================================
Preference: FREQUENCY NET "clk" 2.080000 MHz ;
            4096 items scored, 0 timing errors detected.
--------------------------------------------------------------------------------


Passed: The following path meets requirements by 461.827ns

 Logical Details:  Cell type  Pin type       Cell/ASIC name  (clock net +/-)

   Source:         FF         Q              counter_i0_i9  (from clk +)
   Destination:    FF         Data in        counter_i0_i21  (to clk +)

   Delay:              18.668ns  (24.8% logic, 75.2% route), 9 logic levels.

 Constraint Details:

     18.668ns physical path delay SLICE_145 to SLICE_154 meets
    480.769ns delay constraint less
      0.000ns skew and
      0.274ns LSR_SET requirement (totaling 480.495ns) by 461.827ns

 Physical Path Details:

      Data path SLICE_145 to SLICE_154:

   Name    Fanout   Delay (ns)          Site               Resource
REG_DEL     ---     0.452     R9C17D.CLK to      R9C17D.Q1 SLICE_145 (from clk)
ROUTE         2     1.191      R9C17D.Q1 to     R12C17A.D0 counter_9
CTOF_DEL    ---     0.495     R12C17A.D0 to     R12C17A.F0 SLICE_159
ROUTE         1     1.562     R12C17A.F0 to     R10C19B.B0 n42
CTOF_DEL    ---     0.495     R10C19B.B0 to     R10C19B.F0 SLICE_213
ROUTE         1     0.436     R10C19B.F0 to     R10C19D.C0 n46
CTOF_DEL    ---     0.495     R10C19D.C0 to     R10C19D.F0 SLICE_212
ROUTE         1     1.498     R10C19D.F0 to      R9C16A.A1 n48
CTOF_DEL    ---     0.495      R9C16A.A1 to      R9C16A.F1 SLICE_207
ROUTE        23     4.136      R9C16A.F1 to     R13C16A.B1 FP_UsrLED_4__N_3
CTOOFX_DEL  ---     0.721     R13C16A.B1 to   R13C16A.OFX0 i2953/SLICE_187
ROUTE         1     1.079   R13C16A.OFX0 to     R12C18A.C1 n5614
CTOF_DEL    ---     0.495     R12C18A.C1 to     R12C18A.F1 SLICE_151
ROUTE        15     1.915     R12C18A.F1 to     R10C15B.B0 n2563
CTOF_DEL    ---     0.495     R10C15B.B0 to     R10C15B.F0 SLICE_228
ROUTE         1     0.710     R10C15B.F0 to     R12C15A.D0 n5308
CTOF_DEL    ---     0.495     R12C15A.D0 to     R12C15A.F0 SLICE_209
ROUTE         2     1.503     R12C15A.F0 to    R12C18B.LSR n3947 (to clk)
                  --------
                   18.668   (24.8% logic, 75.2% route), 9 logic levels.

 Clock Skew Details: 

      Source Clock Path OSCInst0 to SLICE_145:

   Name    Fanout   Delay (ns)          Site               Resource
ROUTE       114     4.084        OSC.OSC to     R9C17D.CLK clk
                  --------
                    4.084   (0.0% logic, 100.0% route), 0 logic levels.

      Destination Clock Path OSCInst0 to SLICE_154:

   Name    Fanout   Delay (ns)          Site               Resource
ROUTE       114     4.084        OSC.OSC to    R12C18B.CLK clk
                  --------
                    4.084   (0.0% logic, 100.0% route), 0 logic levels.


Passed: The following path meets requirements by 461.827ns

 Logical Details:  Cell type  Pin type       Cell/ASIC name  (clock net +/-)

   Source:         FF         Q              counter_i0_i9  (from clk +)
   Destination:    FF         Data in        counter_i0_i21  (to clk +)

   Delay:              18.668ns  (24.8% logic, 75.2% route), 9 logic levels.

 Constraint Details:

     18.668ns physical path delay SLICE_145 to SLICE_154 meets
    480.769ns delay constraint less
      0.000ns skew and
      0.274ns LSR_SET requirement (totaling 480.495ns) by 461.827ns

 Physical Path Details:

      Data path SLICE_145 to SLICE_154:

   Name    Fanout   Delay (ns)          Site               Resource
REG_DEL     ---     0.452     R9C17D.CLK to      R9C17D.Q1 SLICE_145 (from clk)
ROUTE         2     1.191      R9C17D.Q1 to     R12C17A.D0 counter_9
CTOF_DEL    ---     0.495     R12C17A.D0 to     R12C17A.F0 SLICE_159
ROUTE         1     1.562     R12C17A.F0 to     R10C19B.B0 n42
CTOF_DEL    ---     0.495     R10C19B.B0 to     R10C19B.F0 SLICE_213
ROUTE         1     0.436     R10C19B.F0 to     R10C19D.C0 n46
CTOF_DEL    ---     0.495     R10C19D.C0 to     R10C19D.F0 SLICE_212
ROUTE         1     1.498     R10C19D.F0 to      R9C16A.A1 n48
CTOF_DEL    ---     0.495      R9C16A.A1 to      R9C16A.F1 SLICE_207
ROUTE        23     4.136      R9C16A.F1 to     R13C16A.B0 FP_UsrLED_4__N_3
CTOOFX_DEL  ---     0.721     R13C16A.B0 to   R13C16A.OFX0 i2953/SLICE_187
ROUTE         1     1.079   R13C16A.OFX0 to     R12C18A.C1 n5614
CTOF_DEL    ---     0.495     R12C18A.C1 to     R12C18A.F1 SLICE_151
ROUTE        15     1.915     R12C18A.F1 to     R10C15B.B0 n2563
CTOF_DEL    ---     0.495     R10C15B.B0 to     R10C15B.F0 SLICE_228
ROUTE         1     0.710     R10C15B.F0 to     R12C15A.D0 n5308
CTOF_DEL    ---     0.495     R12C15A.D0 to     R12C15A.F0 SLICE_209
ROUTE         2     1.503     R12C15A.F0 to    R12C18B.LSR n3947 (to clk)
                  --------
                   18.668   (24.8% logic, 75.2% route), 9 logic levels.

 Clock Skew Details: 

      Source Clock Path OSCInst0 to SLICE_145:

   Name    Fanout   Delay (ns)          Site               Resource
ROUTE       114     4.084        OSC.OSC to     R9C17D.CLK clk
                  --------
                    4.084   (0.0% logic, 100.0% route), 0 logic levels.

      Destination Clock Path OSCInst0 to SLICE_154:

   Name    Fanout   Delay (ns)          Site               Resource
ROUTE       114     4.084        OSC.OSC to    R12C18B.CLK clk
                  --------
                    4.084   (0.0% logic, 100.0% route), 0 logic levels.


Passed: The following path meets requirements by 461.868ns

 Logical Details:  Cell type  Pin type       Cell/ASIC name  (clock net +/-)

   Source:         FF         Q              counter_i0_i2  (from clk +)
   Destination:    FF         Data in        counter_i0_i21  (to clk +)

   Delay:              18.627ns  (24.9% logic, 75.1% route), 9 logic levels.

 Constraint Details:

     18.627ns physical path delay SLICE_72 to SLICE_154 meets
    480.769ns delay constraint less
      0.000ns skew and
      0.274ns LSR_SET requirement (totaling 480.495ns) by 461.868ns

 Physical Path Details:

      Data path SLICE_72 to SLICE_154:

   Name    Fanout   Delay (ns)          Site               Resource
REG_DEL     ---     0.452    R10C16B.CLK to     R10C16B.Q1 SLICE_72 (from clk)
ROUTE         2     1.150     R10C16B.Q1 to     R12C17A.C0 counter_2
CTOF_DEL    ---     0.495     R12C17A.C0 to     R12C17A.F0 SLICE_159
ROUTE         1     1.562     R12C17A.F0 to     R10C19B.B0 n42
CTOF_DEL    ---     0.495     R10C19B.B0 to     R10C19B.F0 SLICE_213
ROUTE         1     0.436     R10C19B.F0 to     R10C19D.C0 n46
CTOF_DEL    ---     0.495     R10C19D.C0 to     R10C19D.F0 SLICE_212
ROUTE         1     1.498     R10C19D.F0 to      R9C16A.A1 n48
CTOF_DEL    ---     0.495      R9C16A.A1 to      R9C16A.F1 SLICE_207
ROUTE        23     4.136      R9C16A.F1 to     R13C16A.B1 FP_UsrLED_4__N_3
CTOOFX_DEL  ---     0.721     R13C16A.B1 to   R13C16A.OFX0 i2953/SLICE_187
ROUTE         1     1.079   R13C16A.OFX0 to     R12C18A.C1 n5614
CTOF_DEL    ---     0.495     R12C18A.C1 to     R12C18A.F1 SLICE_151
ROUTE        15     1.915     R12C18A.F1 to     R10C15B.B0 n2563
CTOF_DEL    ---     0.495     R10C15B.B0 to     R10C15B.F0 SLICE_228
ROUTE         1     0.710     R10C15B.F0 to     R12C15A.D0 n5308
CTOF_DEL    ---     0.495     R12C15A.D0 to     R12C15A.F0 SLICE_209
ROUTE         2     1.503     R12C15A.F0 to    R12C18B.LSR n3947 (to clk)
                  --------
                   18.627   (24.9% logic, 75.1% route), 9 logic levels.

 Clock Skew Details: 

      Source Clock Path OSCInst0 to SLICE_72:

   Name    Fanout   Delay (ns)          Site               Resource
ROUTE       114     4.084        OSC.OSC to    R10C16B.CLK clk
                  --------
                    4.084   (0.0% logic, 100.0% route), 0 logic levels.

      Destination Clock Path OSCInst0 to SLICE_154:

   Name    Fanout   Delay (ns)          Site               Resource
ROUTE       114     4.084        OSC.OSC to    R12C18B.CLK clk
                  --------
                    4.084   (0.0% logic, 100.0% route), 0 logic levels.


Passed: The following path meets requirements by 461.868ns

 Logical Details:  Cell type  Pin type       Cell/ASIC name  (clock net +/-)

   Source:         FF         Q              counter_i0_i2  (from clk +)
   Destination:    FF         Data in        counter_i0_i21  (to clk +)

   Delay:              18.627ns  (24.9% logic, 75.1% route), 9 logic levels.

 Constraint Details:

     18.627ns physical path delay SLICE_72 to SLICE_154 meets
    480.769ns delay constraint less
      0.000ns skew and
      0.274ns LSR_SET requirement (totaling 480.495ns) by 461.868ns

 Physical Path Details:

      Data path SLICE_72 to SLICE_154:

   Name    Fanout   Delay (ns)          Site               Resource
REG_DEL     ---     0.452    R10C16B.CLK to     R10C16B.Q1 SLICE_72 (from clk)
ROUTE         2     1.150     R10C16B.Q1 to     R12C17A.C0 counter_2
CTOF_DEL    ---     0.495     R12C17A.C0 to     R12C17A.F0 SLICE_159
ROUTE         1     1.562     R12C17A.F0 to     R10C19B.B0 n42
CTOF_DEL    ---     0.495     R10C19B.B0 to     R10C19B.F0 SLICE_213
ROUTE         1     0.436     R10C19B.F0 to     R10C19D.C0 n46
CTOF_DEL    ---     0.495     R10C19D.C0 to     R10C19D.F0 SLICE_212
ROUTE         1     1.498     R10C19D.F0 to      R9C16A.A1 n48
CTOF_DEL    ---     0.495      R9C16A.A1 to      R9C16A.F1 SLICE_207
ROUTE        23     4.136      R9C16A.F1 to     R13C16A.B0 FP_UsrLED_4__N_3
CTOOFX_DEL  ---     0.721     R13C16A.B0 to   R13C16A.OFX0 i2953/SLICE_187
ROUTE         1     1.079   R13C16A.OFX0 to     R12C18A.C1 n5614
CTOF_DEL    ---     0.495     R12C18A.C1 to     R12C18A.F1 SLICE_151
ROUTE        15     1.915     R12C18A.F1 to     R10C15B.B0 n2563
CTOF_DEL    ---     0.495     R10C15B.B0 to     R10C15B.F0 SLICE_228
ROUTE         1     0.710     R10C15B.F0 to     R12C15A.D0 n5308
CTOF_DEL    ---     0.495     R12C15A.D0 to     R12C15A.F0 SLICE_209
ROUTE         2     1.503     R12C15A.F0 to    R12C18B.LSR n3947 (to clk)
                  --------
                   18.627   (24.9% logic, 75.1% route), 9 logic levels.

 Clock Skew Details: 

      Source Clock Path OSCInst0 to SLICE_72:

   Name    Fanout   Delay (ns)          Site               Resource
ROUTE       114     4.084        OSC.OSC to    R10C16B.CLK clk
                  --------
                    4.084   (0.0% logic, 100.0% route), 0 logic levels.

      Destination Clock Path OSCInst0 to SLICE_154:

   Name    Fanout   Delay (ns)          Site               Resource
ROUTE       114     4.084        OSC.OSC to    R12C18B.CLK clk
                  --------
                    4.084   (0.0% logic, 100.0% route), 0 logic levels.


Passed: The following path meets requirements by 462.010ns

 Logical Details:  Cell type  Pin type       Cell/ASIC name  (clock net +/-)

   Source:         FF         Q              counter_i0_i13  (from clk +)
   Destination:    FF         Data in        counter_i0_i21  (to clk +)

   Delay:              18.485ns  (25.1% logic, 74.9% route), 9 logic levels.

 Constraint Details:

     18.485ns physical path delay SLICE_148 to SLICE_154 meets
    480.769ns delay constraint less
      0.000ns skew and
      0.274ns LSR_SET requirement (totaling 480.495ns) by 462.010ns

 Physical Path Details:

      Data path SLICE_148 to SLICE_154:

   Name    Fanout   Delay (ns)          Site               Resource
REG_DEL     ---     0.452    R12C18D.CLK to     R12C18D.Q0 SLICE_148 (from clk)
ROUTE         2     1.008     R12C18D.Q0 to     R12C17A.B0 counter_13
CTOF_DEL    ---     0.495     R12C17A.B0 to     R12C17A.F0 SLICE_159
ROUTE         1     1.562     R12C17A.F0 to     R10C19B.B0 n42
CTOF_DEL    ---     0.495     R10C19B.B0 to     R10C19B.F0 SLICE_213
ROUTE         1     0.436     R10C19B.F0 to     R10C19D.C0 n46
CTOF_DEL    ---     0.495     R10C19D.C0 to     R10C19D.F0 SLICE_212
ROUTE         1     1.498     R10C19D.F0 to      R9C16A.A1 n48
CTOF_DEL    ---     0.495      R9C16A.A1 to      R9C16A.F1 SLICE_207
ROUTE        23     4.136      R9C16A.F1 to     R13C16A.B1 FP_UsrLED_4__N_3
CTOOFX_DEL  ---     0.721     R13C16A.B1 to   R13C16A.OFX0 i2953/SLICE_187
ROUTE         1     1.079   R13C16A.OFX0 to     R12C18A.C1 n5614
CTOF_DEL    ---     0.495     R12C18A.C1 to     R12C18A.F1 SLICE_151
ROUTE        15     1.915     R12C18A.F1 to     R10C15B.B0 n2563
CTOF_DEL    ---     0.495     R10C15B.B0 to     R10C15B.F0 SLICE_228
ROUTE         1     0.710     R10C15B.F0 to     R12C15A.D0 n5308
CTOF_DEL    ---     0.495     R12C15A.D0 to     R12C15A.F0 SLICE_209
ROUTE         2     1.503     R12C15A.F0 to    R12C18B.LSR n3947 (to clk)
                  --------
                   18.485   (25.1% logic, 74.9% route), 9 logic levels.

 Clock Skew Details: 

      Source Clock Path OSCInst0 to SLICE_148:

   Name    Fanout   Delay (ns)          Site               Resource
ROUTE       114     4.084        OSC.OSC to    R12C18D.CLK clk
                  --------
                    4.084   (0.0% logic, 100.0% route), 0 logic levels.

      Destination Clock Path OSCInst0 to SLICE_154:

   Name    Fanout   Delay (ns)          Site               Resource
ROUTE       114     4.084        OSC.OSC to    R12C18B.CLK clk
                  --------
                    4.084   (0.0% logic, 100.0% route), 0 logic levels.


Passed: The following path meets requirements by 462.010ns

 Logical Details:  Cell type  Pin type       Cell/ASIC name  (clock net +/-)

   Source:         FF         Q              counter_i0_i13  (from clk +)
   Destination:    FF         Data in        counter_i0_i21  (to clk +)

   Delay:              18.485ns  (25.1% logic, 74.9% route), 9 logic levels.

 Constraint Details:

     18.485ns physical path delay SLICE_148 to SLICE_154 meets
    480.769ns delay constraint less
      0.000ns skew and
      0.274ns LSR_SET requirement (totaling 480.495ns) by 462.010ns

 Physical Path Details:

      Data path SLICE_148 to SLICE_154:

   Name    Fanout   Delay (ns)          Site               Resource
REG_DEL     ---     0.452    R12C18D.CLK to     R12C18D.Q0 SLICE_148 (from clk)
ROUTE         2     1.008     R12C18D.Q0 to     R12C17A.B0 counter_13
CTOF_DEL    ---     0.495     R12C17A.B0 to     R12C17A.F0 SLICE_159
ROUTE         1     1.562     R12C17A.F0 to     R10C19B.B0 n42
CTOF_DEL    ---     0.495     R10C19B.B0 to     R10C19B.F0 SLICE_213
ROUTE         1     0.436     R10C19B.F0 to     R10C19D.C0 n46
CTOF_DEL    ---     0.495     R10C19D.C0 to     R10C19D.F0 SLICE_212
ROUTE         1     1.498     R10C19D.F0 to      R9C16A.A1 n48
CTOF_DEL    ---     0.495      R9C16A.A1 to      R9C16A.F1 SLICE_207
ROUTE        23     4.136      R9C16A.F1 to     R13C16A.B0 FP_UsrLED_4__N_3
CTOOFX_DEL  ---     0.721     R13C16A.B0 to   R13C16A.OFX0 i2953/SLICE_187
ROUTE         1     1.079   R13C16A.OFX0 to     R12C18A.C1 n5614
CTOF_DEL    ---     0.495     R12C18A.C1 to     R12C18A.F1 SLICE_151
ROUTE        15     1.915     R12C18A.F1 to     R10C15B.B0 n2563
CTOF_DEL    ---     0.495     R10C15B.B0 to     R10C15B.F0 SLICE_228
ROUTE         1     0.710     R10C15B.F0 to     R12C15A.D0 n5308
CTOF_DEL    ---     0.495     R12C15A.D0 to     R12C15A.F0 SLICE_209
ROUTE         2     1.503     R12C15A.F0 to    R12C18B.LSR n3947 (to clk)
                  --------
                   18.485   (25.1% logic, 74.9% route), 9 logic levels.

 Clock Skew Details: 

      Source Clock Path OSCInst0 to SLICE_148:

   Name    Fanout   Delay (ns)          Site               Resource
ROUTE       114     4.084        OSC.OSC to    R12C18D.CLK clk
                  --------
                    4.084   (0.0% logic, 100.0% route), 0 logic levels.

      Destination Clock Path OSCInst0 to SLICE_154:

   Name    Fanout   Delay (ns)          Site               Resource
ROUTE       114     4.084        OSC.OSC to    R12C18B.CLK clk
                  --------
                    4.084   (0.0% logic, 100.0% route), 0 logic levels.


Passed: The following path meets requirements by 462.025ns

 Logical Details:  Cell type  Pin type       Cell/ASIC name  (clock net +/-)

   Source:         FF         Q              counter_i0_i18  (from clk +)
   Destination:    FF         Data in        counter_i0_i21  (to clk +)

   Delay:              18.470ns  (25.1% logic, 74.9% route), 9 logic levels.

 Constraint Details:

     18.470ns physical path delay SLICE_152 to SLICE_154 meets
    480.769ns delay constraint less
      0.000ns skew and
      0.274ns LSR_SET requirement (totaling 480.495ns) by 462.025ns

 Physical Path Details:

      Data path SLICE_152 to SLICE_154:

   Name    Fanout   Delay (ns)          Site               Resource
REG_DEL     ---     0.452    R12C18C.CLK to     R12C18C.Q0 SLICE_152 (from clk)
ROUTE         2     0.993     R12C18C.Q0 to     R12C17A.A0 counter_18
CTOF_DEL    ---     0.495     R12C17A.A0 to     R12C17A.F0 SLICE_159
ROUTE         1     1.562     R12C17A.F0 to     R10C19B.B0 n42
CTOF_DEL    ---     0.495     R10C19B.B0 to     R10C19B.F0 SLICE_213
ROUTE         1     0.436     R10C19B.F0 to     R10C19D.C0 n46
CTOF_DEL    ---     0.495     R10C19D.C0 to     R10C19D.F0 SLICE_212
ROUTE         1     1.498     R10C19D.F0 to      R9C16A.A1 n48
CTOF_DEL    ---     0.495      R9C16A.A1 to      R9C16A.F1 SLICE_207
ROUTE        23     4.136      R9C16A.F1 to     R13C16A.B1 FP_UsrLED_4__N_3
CTOOFX_DEL  ---     0.721     R13C16A.B1 to   R13C16A.OFX0 i2953/SLICE_187
ROUTE         1     1.079   R13C16A.OFX0 to     R12C18A.C1 n5614
CTOF_DEL    ---     0.495     R12C18A.C1 to     R12C18A.F1 SLICE_151
ROUTE        15     1.915     R12C18A.F1 to     R10C15B.B0 n2563
CTOF_DEL    ---     0.495     R10C15B.B0 to     R10C15B.F0 SLICE_228
ROUTE         1     0.710     R10C15B.F0 to     R12C15A.D0 n5308
CTOF_DEL    ---     0.495     R12C15A.D0 to     R12C15A.F0 SLICE_209
ROUTE         2     1.503     R12C15A.F0 to    R12C18B.LSR n3947 (to clk)
                  --------
                   18.470   (25.1% logic, 74.9% route), 9 logic levels.

 Clock Skew Details: 

      Source Clock Path OSCInst0 to SLICE_152:

   Name    Fanout   Delay (ns)          Site               Resource
ROUTE       114     4.084        OSC.OSC to    R12C18C.CLK clk
                  --------
                    4.084   (0.0% logic, 100.0% route), 0 logic levels.

      Destination Clock Path OSCInst0 to SLICE_154:

   Name    Fanout   Delay (ns)          Site               Resource
ROUTE       114     4.084        OSC.OSC to    R12C18B.CLK clk
                  --------
                    4.084   (0.0% logic, 100.0% route), 0 logic levels.


Passed: The following path meets requirements by 462.025ns

 Logical Details:  Cell type  Pin type       Cell/ASIC name  (clock net +/-)

   Source:         FF         Q              counter_i0_i18  (from clk +)
   Destination:    FF         Data in        counter_i0_i21  (to clk +)

   Delay:              18.470ns  (25.1% logic, 74.9% route), 9 logic levels.

 Constraint Details:

     18.470ns physical path delay SLICE_152 to SLICE_154 meets
    480.769ns delay constraint less
      0.000ns skew and
      0.274ns LSR_SET requirement (totaling 480.495ns) by 462.025ns

 Physical Path Details:

      Data path SLICE_152 to SLICE_154:

   Name    Fanout   Delay (ns)          Site               Resource
REG_DEL     ---     0.452    R12C18C.CLK to     R12C18C.Q0 SLICE_152 (from clk)
ROUTE         2     0.993     R12C18C.Q0 to     R12C17A.A0 counter_18
CTOF_DEL    ---     0.495     R12C17A.A0 to     R12C17A.F0 SLICE_159
ROUTE         1     1.562     R12C17A.F0 to     R10C19B.B0 n42
CTOF_DEL    ---     0.495     R10C19B.B0 to     R10C19B.F0 SLICE_213
ROUTE         1     0.436     R10C19B.F0 to     R10C19D.C0 n46
CTOF_DEL    ---     0.495     R10C19D.C0 to     R10C19D.F0 SLICE_212
ROUTE         1     1.498     R10C19D.F0 to      R9C16A.A1 n48
CTOF_DEL    ---     0.495      R9C16A.A1 to      R9C16A.F1 SLICE_207
ROUTE        23     4.136      R9C16A.F1 to     R13C16A.B0 FP_UsrLED_4__N_3
CTOOFX_DEL  ---     0.721     R13C16A.B0 to   R13C16A.OFX0 i2953/SLICE_187
ROUTE         1     1.079   R13C16A.OFX0 to     R12C18A.C1 n5614
CTOF_DEL    ---     0.495     R12C18A.C1 to     R12C18A.F1 SLICE_151
ROUTE        15     1.915     R12C18A.F1 to     R10C15B.B0 n2563
CTOF_DEL    ---     0.495     R10C15B.B0 to     R10C15B.F0 SLICE_228
ROUTE         1     0.710     R10C15B.F0 to     R12C15A.D0 n5308
CTOF_DEL    ---     0.495     R12C15A.D0 to     R12C15A.F0 SLICE_209
ROUTE         2     1.503     R12C15A.F0 to    R12C18B.LSR n3947 (to clk)
                  --------
                   18.470   (25.1% logic, 74.9% route), 9 logic levels.

 Clock Skew Details: 

      Source Clock Path OSCInst0 to SLICE_152:

   Name    Fanout   Delay (ns)          Site               Resource
ROUTE       114     4.084        OSC.OSC to    R12C18C.CLK clk
                  --------
                    4.084   (0.0% logic, 100.0% route), 0 logic levels.

      Destination Clock Path OSCInst0 to SLICE_154:

   Name    Fanout   Delay (ns)          Site               Resource
ROUTE       114     4.084        OSC.OSC to    R12C18B.CLK clk
                  --------
                    4.084   (0.0% logic, 100.0% route), 0 logic levels.


Passed: The following path meets requirements by 462.094ns

 Logical Details:  Cell type  Pin type       Cell/ASIC name  (clock net +/-)

   Source:         FF         Q              counter_i0_i9  (from clk +)
   Destination:    FF         Data in        counter_i0_i21  (to clk +)

   Delay:              18.401ns  (26.7% logic, 73.3% route), 10 logic levels.

 Constraint Details:

     18.401ns physical path delay SLICE_145 to SLICE_154 meets
    480.769ns delay constraint less
      0.000ns skew and
      0.274ns LSR_SET requirement (totaling 480.495ns) by 462.094ns

 Physical Path Details:

      Data path SLICE_145 to SLICE_154:

   Name    Fanout   Delay (ns)          Site               Resource
REG_DEL     ---     0.452     R9C17D.CLK to      R9C17D.Q1 SLICE_145 (from clk)
ROUTE         2     1.191      R9C17D.Q1 to     R12C17A.D0 counter_9
CTOF_DEL    ---     0.495     R12C17A.D0 to     R12C17A.F0 SLICE_159
ROUTE         1     1.562     R12C17A.F0 to     R10C19B.B0 n42
CTOF_DEL    ---     0.495     R10C19B.B0 to     R10C19B.F0 SLICE_213
ROUTE         1     0.436     R10C19B.F0 to     R10C19D.C0 n46
CTOF_DEL    ---     0.495     R10C19D.C0 to     R10C19D.F0 SLICE_212
ROUTE         1     1.498     R10C19D.F0 to      R9C16A.A1 n48
CTOF_DEL    ---     0.495      R9C16A.A1 to      R9C16A.F1 SLICE_207
ROUTE        23     3.257      R9C16A.F1 to     R12C16C.B0 FP_UsrLED_4__N_3
CTOF_DEL    ---     0.495     R12C16C.B0 to     R12C16C.F0 SLICE_189
ROUTE         1     0.436     R12C16C.F0 to     R12C16C.C1 n2796
CTOF_DEL    ---     0.495     R12C16C.C1 to     R12C16C.F1 SLICE_189
ROUTE         1     0.986     R12C16C.F1 to     R12C18A.A1 n29_adj_2
CTOF_DEL    ---     0.495     R12C18A.A1 to     R12C18A.F1 SLICE_151
ROUTE        15     1.915     R12C18A.F1 to     R10C15B.B0 n2563
CTOF_DEL    ---     0.495     R10C15B.B0 to     R10C15B.F0 SLICE_228
ROUTE         1     0.710     R10C15B.F0 to     R12C15A.D0 n5308
CTOF_DEL    ---     0.495     R12C15A.D0 to     R12C15A.F0 SLICE_209
ROUTE         2     1.503     R12C15A.F0 to    R12C18B.LSR n3947 (to clk)
                  --------
                   18.401   (26.7% logic, 73.3% route), 10 logic levels.

 Clock Skew Details: 

      Source Clock Path OSCInst0 to SLICE_145:

   Name    Fanout   Delay (ns)          Site               Resource
ROUTE       114     4.084        OSC.OSC to     R9C17D.CLK clk
                  --------
                    4.084   (0.0% logic, 100.0% route), 0 logic levels.

      Destination Clock Path OSCInst0 to SLICE_154:

   Name    Fanout   Delay (ns)          Site               Resource
ROUTE       114     4.084        OSC.OSC to    R12C18B.CLK clk
                  --------
                    4.084   (0.0% logic, 100.0% route), 0 logic levels.


Passed: The following path meets requirements by 462.135ns

 Logical Details:  Cell type  Pin type       Cell/ASIC name  (clock net +/-)

   Source:         FF         Q              counter_i0_i2  (from clk +)
   Destination:    FF         Data in        counter_i0_i21  (to clk +)

   Delay:              18.360ns  (26.7% logic, 73.3% route), 10 logic levels.

 Constraint Details:

     18.360ns physical path delay SLICE_72 to SLICE_154 meets
    480.769ns delay constraint less
      0.000ns skew and
      0.274ns LSR_SET requirement (totaling 480.495ns) by 462.135ns

 Physical Path Details:

      Data path SLICE_72 to SLICE_154:

   Name    Fanout   Delay (ns)          Site               Resource
REG_DEL     ---     0.452    R10C16B.CLK to     R10C16B.Q1 SLICE_72 (from clk)
ROUTE         2     1.150     R10C16B.Q1 to     R12C17A.C0 counter_2
CTOF_DEL    ---     0.495     R12C17A.C0 to     R12C17A.F0 SLICE_159
ROUTE         1     1.562     R12C17A.F0 to     R10C19B.B0 n42
CTOF_DEL    ---     0.495     R10C19B.B0 to     R10C19B.F0 SLICE_213
ROUTE         1     0.436     R10C19B.F0 to     R10C19D.C0 n46
CTOF_DEL    ---     0.495     R10C19D.C0 to     R10C19D.F0 SLICE_212
ROUTE         1     1.498     R10C19D.F0 to      R9C16A.A1 n48
CTOF_DEL    ---     0.495      R9C16A.A1 to      R9C16A.F1 SLICE_207
ROUTE        23     3.257      R9C16A.F1 to     R12C16C.B0 FP_UsrLED_4__N_3
CTOF_DEL    ---     0.495     R12C16C.B0 to     R12C16C.F0 SLICE_189
ROUTE         1     0.436     R12C16C.F0 to     R12C16C.C1 n2796
CTOF_DEL    ---     0.495     R12C16C.C1 to     R12C16C.F1 SLICE_189
ROUTE         1     0.986     R12C16C.F1 to     R12C18A.A1 n29_adj_2
CTOF_DEL    ---     0.495     R12C18A.A1 to     R12C18A.F1 SLICE_151
ROUTE        15     1.915     R12C18A.F1 to     R10C15B.B0 n2563
CTOF_DEL    ---     0.495     R10C15B.B0 to     R10C15B.F0 SLICE_228
ROUTE         1     0.710     R10C15B.F0 to     R12C15A.D0 n5308
CTOF_DEL    ---     0.495     R12C15A.D0 to     R12C15A.F0 SLICE_209
ROUTE         2     1.503     R12C15A.F0 to    R12C18B.LSR n3947 (to clk)
                  --------
                   18.360   (26.7% logic, 73.3% route), 10 logic levels.

 Clock Skew Details: 

      Source Clock Path OSCInst0 to SLICE_72:

   Name    Fanout   Delay (ns)          Site               Resource
ROUTE       114     4.084        OSC.OSC to    R10C16B.CLK clk
                  --------
                    4.084   (0.0% logic, 100.0% route), 0 logic levels.

      Destination Clock Path OSCInst0 to SLICE_154:

   Name    Fanout   Delay (ns)          Site               Resource
ROUTE       114     4.084        OSC.OSC to    R12C18B.CLK clk
                  --------
                    4.084   (0.0% logic, 100.0% route), 0 logic levels.

Report:   52.793MHz is the maximum frequency for this preference.

Report Summary
--------------
----------------------------------------------------------------------------
Preference                              |   Constraint|       Actual|Levels
----------------------------------------------------------------------------
                                        |             |             |
FREQUENCY NET "clk" 2.080000 MHz ;      |    2.080 MHz|   52.793 MHz|   9  
                                        |             |             |
----------------------------------------------------------------------------


All preferences were met.


Clock Domains Analysis
------------------------

Found 1 clocks:

Clock Domain: clk   Source: OSCInst0.OSC   Loads: 114
   Covered under: FREQUENCY NET "clk" 2.080000 MHz ;


Timing summary (Setup):
---------------

Timing errors: 0  Score: 0
Cumulative negative slack: 0

Constraints cover 11258 paths, 1 nets, and 1521 connections (99.22% coverage)

--------------------------------------------------------------------------------
Lattice TRACE Report - Hold, Version Diamond (64-bit) 3.13.0.56.2
Tue Dec 17 17:55:19 2024

Copyright (c) 1991-1994 by NeoCAD Inc. All rights reserved.
Copyright (c) 1995 AT&T Corp.   All rights reserved.
Copyright (c) 1995-2001 Lucent Technologies Inc.  All rights reserved.
Copyright (c) 2001 Agere Systems   All rights reserved.
Copyright (c) 2002-2023 Lattice Semiconductor Corporation,  All rights reserved.

Report Information
------------------
Command line:    trce -v 10 -gt -sethld -sp 4 -sphld m -o UZ_Rev05_S3C_S3C_171224.twr -gui -msgset C:/cpld/cpld_lattice/MACHXO2/S3C_CPLD_LCMXO2-4000HC-4TG144C/promote.xml UZ_Rev05_S3C_S3C_171224.ncd UZ_Rev05_S3C_S3C_171224.prf 
Design file:     uz_rev05_s3c_s3c_171224.ncd
Preference file: uz_rev05_s3c_s3c_171224.prf
Device,speed:    LCMXO2-4000HC,m
Report level:    verbose report, limited to 10 items per preference
--------------------------------------------------------------------------------


Derating parameters
-------------------
VCCIO Voltage:
                   3.300 V (Bank 0, defined by PAR)
                   1.800 V (Bank 1, defined by PAR)
                   1.800 V (Bank 2, defined by PAR)
                   1.800 V (Bank 3, defined by PAR)
                   3.300 V (Bank 4, defined by PAR)
                   3.300 V (Bank 5, defined by PAR)



================================================================================
Preference: FREQUENCY NET "clk" 2.080000 MHz ;
            4096 items scored, 0 timing errors detected.
--------------------------------------------------------------------------------


Passed: The following path meets requirements by 0.304ns

 Logical Details:  Cell type  Pin type       Cell/ASIC name  (clock net +/-)

   Source:         FF         Q              debounce_inputs_asyn1_i2  (from clk +)
   Destination:    FF         Data in        debounce_inputs_asyn2_i2  (to clk +)

   Delay:               0.285ns  (46.7% logic, 53.3% route), 1 logic levels.

 Constraint Details:

      0.285ns physical path delay SLICE_162 to SLICE_159 meets
     -0.019ns M_HLD and
      0.000ns delay constraint less
      0.000ns skew requirement (totaling -0.019ns) by 0.304ns

 Physical Path Details:

      Data path SLICE_162 to SLICE_159:

   Name    Fanout   Delay (ns)          Site               Resource
REG_DEL     ---     0.133    R12C17B.CLK to     R12C17B.Q1 SLICE_162 (from clk)
ROUTE         1     0.152     R12C17B.Q1 to     R12C17A.M1 debounce_inputs_asyn1_2 (to clk)
                  --------
                    0.285   (46.7% logic, 53.3% route), 1 logic levels.

 Clock Skew Details: 

      Source Clock Path OSCInst0 to SLICE_162:

   Name    Fanout   Delay (ns)          Site               Resource
ROUTE       114     1.424        OSC.OSC to    R12C17B.CLK clk
                  --------
                    1.424   (0.0% logic, 100.0% route), 0 logic levels.

      Destination Clock Path OSCInst0 to SLICE_159:

   Name    Fanout   Delay (ns)          Site               Resource
ROUTE       114     1.424        OSC.OSC to    R12C17A.CLK clk
                  --------
                    1.424   (0.0% logic, 100.0% route), 0 logic levels.


Passed: The following path meets requirements by 0.306ns

 Logical Details:  Cell type  Pin type       Cell/ASIC name  (clock net +/-)

   Source:         FF         Q              debounce_inputs_asyn1_i3  (from clk +)
   Destination:    FF         Data in        debounce_inputs_asyn2_i3  (to clk +)

   Delay:               0.287ns  (46.3% logic, 53.7% route), 1 logic levels.

 Constraint Details:

      0.287ns physical path delay SLICE_222 to SLICE_160 meets
     -0.019ns M_HLD and
      0.000ns delay constraint less
      0.000ns skew requirement (totaling -0.019ns) by 0.306ns

 Physical Path Details:

      Data path SLICE_222 to SLICE_160:

   Name    Fanout   Delay (ns)          Site               Resource
REG_DEL     ---     0.133    R12C16D.CLK to     R12C16D.Q0 SLICE_222 (from clk)
ROUTE         1     0.154     R12C16D.Q0 to     R12C17D.M0 debounce_inputs_asyn1_3 (to clk)
                  --------
                    0.287   (46.3% logic, 53.7% route), 1 logic levels.

 Clock Skew Details: 

      Source Clock Path OSCInst0 to SLICE_222:

   Name    Fanout   Delay (ns)          Site               Resource
ROUTE       114     1.424        OSC.OSC to    R12C16D.CLK clk
                  --------
                    1.424   (0.0% logic, 100.0% route), 0 logic levels.

      Destination Clock Path OSCInst0 to SLICE_160:

   Name    Fanout   Delay (ns)          Site               Resource
ROUTE       114     1.424        OSC.OSC to    R12C17D.CLK clk
                  --------
                    1.424   (0.0% logic, 100.0% route), 0 logic levels.


Passed: The following path meets requirements by 0.345ns

 Logical Details:  Cell type  Pin type       Cell/ASIC name  (clock net +/-)

   Source:         FF         Q              signals_debounced_syn_i2  (from clk +)
   Destination:    FF         Data in        externstop_last_380  (to clk +)

   Delay:               0.326ns  (40.8% logic, 59.2% route), 1 logic levels.

 Constraint Details:

      0.326ns physical path delay SLICE_173 to SLICE_162 meets
     -0.019ns M_HLD and
      0.000ns delay constraint less
      0.000ns skew requirement (totaling -0.019ns) by 0.345ns

 Physical Path Details:

      Data path SLICE_173 to SLICE_162:

   Name    Fanout   Delay (ns)          Site               Resource
REG_DEL     ---     0.133    R13C17B.CLK to     R13C17B.Q0 SLICE_173 (from clk)
ROUTE         5     0.193     R13C17B.Q0 to     R12C17B.M0 signals_debounced_syn_2 (to clk)
                  --------
                    0.326   (40.8% logic, 59.2% route), 1 logic levels.

 Clock Skew Details: 

      Source Clock Path OSCInst0 to SLICE_173:

   Name    Fanout   Delay (ns)          Site               Resource
ROUTE       114     1.424        OSC.OSC to    R13C17B.CLK clk
                  --------
                    1.424   (0.0% logic, 100.0% route), 0 logic levels.

      Destination Clock Path OSCInst0 to SLICE_162:

   Name    Fanout   Delay (ns)          Site               Resource
ROUTE       114     1.424        OSC.OSC to    R12C17B.CLK clk
                  --------
                    1.424   (0.0% logic, 100.0% route), 0 logic levels.


Passed: The following path meets requirements by 0.377ns

 Logical Details:  Cell type  Pin type       Cell/ASIC name  (clock net +/-)

   Source:         FF         Q              debounce_counters_3___i5  (from clk +)
   Destination:    FF         Data in        debounce_counters_3___i5  (to clk +)

   Delay:               0.364ns  (64.3% logic, 35.7% route), 2 logic levels.

 Constraint Details:

      0.364ns physical path delay SLICE_117 to SLICE_117 meets
     -0.013ns DIN_HLD and
      0.000ns delay constraint less
      0.000ns skew requirement (totaling -0.013ns) by 0.377ns

 Physical Path Details:

      Data path SLICE_117 to SLICE_117:

   Name    Fanout   Delay (ns)          Site               Resource
REG_DEL     ---     0.133    R20C20D.CLK to     R20C20D.Q0 SLICE_117 (from clk)
ROUTE         1     0.130     R20C20D.Q0 to     R20C20D.A0 debounce_counters_3_5
CTOF_DEL    ---     0.101     R20C20D.A0 to     R20C20D.F0 SLICE_117
ROUTE         1     0.000     R20C20D.F0 to    R20C20D.DI0 n413 (to clk)
                  --------
                    0.364   (64.3% logic, 35.7% route), 2 logic levels.

 Clock Skew Details: 

      Source Clock Path OSCInst0 to SLICE_117:

   Name    Fanout   Delay (ns)          Site               Resource
ROUTE       114     1.424        OSC.OSC to    R20C20D.CLK clk
                  --------
                    1.424   (0.0% logic, 100.0% route), 0 logic levels.

      Destination Clock Path OSCInst0 to SLICE_117:

   Name    Fanout   Delay (ns)          Site               Resource
ROUTE       114     1.424        OSC.OSC to    R20C20D.CLK clk
                  --------
                    1.424   (0.0% logic, 100.0% route), 0 logic levels.


Passed: The following path meets requirements by 0.377ns

 Logical Details:  Cell type  Pin type       Cell/ASIC name  (clock net +/-)

   Source:         FF         Q              debounce_counters_3___i4  (from clk +)
   Destination:    FF         Data in        debounce_counters_3___i4  (to clk +)

   Delay:               0.364ns  (64.3% logic, 35.7% route), 2 logic levels.

 Constraint Details:

      0.364ns physical path delay SLICE_119 to SLICE_119 meets
     -0.013ns DIN_HLD and
      0.000ns delay constraint less
      0.000ns skew requirement (totaling -0.013ns) by 0.377ns

 Physical Path Details:

      Data path SLICE_119 to SLICE_119:

   Name    Fanout   Delay (ns)          Site               Resource
REG_DEL     ---     0.133    R20C20C.CLK to     R20C20C.Q1 SLICE_119 (from clk)
ROUTE         1     0.130     R20C20C.Q1 to     R20C20C.A1 debounce_counters_3_4
CTOF_DEL    ---     0.101     R20C20C.A1 to     R20C20C.F1 SLICE_119
ROUTE         1     0.000     R20C20C.F1 to    R20C20C.DI1 n414 (to clk)
                  --------
                    0.364   (64.3% logic, 35.7% route), 2 logic levels.

 Clock Skew Details: 

      Source Clock Path OSCInst0 to SLICE_119:

   Name    Fanout   Delay (ns)          Site               Resource
ROUTE       114     1.424        OSC.OSC to    R20C20C.CLK clk
                  --------
                    1.424   (0.0% logic, 100.0% route), 0 logic levels.

      Destination Clock Path OSCInst0 to SLICE_119:

   Name    Fanout   Delay (ns)          Site               Resource
ROUTE       114     1.424        OSC.OSC to    R20C20C.CLK clk
                  --------
                    1.424   (0.0% logic, 100.0% route), 0 logic levels.


Passed: The following path meets requirements by 0.377ns

 Logical Details:  Cell type  Pin type       Cell/ASIC name  (clock net +/-)

   Source:         FF         Q              debounce_counters_3___i3  (from clk +)
   Destination:    FF         Data in        debounce_counters_3___i3  (to clk +)

   Delay:               0.364ns  (64.3% logic, 35.7% route), 2 logic levels.

 Constraint Details:

      0.364ns physical path delay SLICE_119 to SLICE_119 meets
     -0.013ns DIN_HLD and
      0.000ns delay constraint less
      0.000ns skew requirement (totaling -0.013ns) by 0.377ns

 Physical Path Details:

      Data path SLICE_119 to SLICE_119:

   Name    Fanout   Delay (ns)          Site               Resource
REG_DEL     ---     0.133    R20C20C.CLK to     R20C20C.Q0 SLICE_119 (from clk)
ROUTE         1     0.130     R20C20C.Q0 to     R20C20C.A0 debounce_counters_3_3
CTOF_DEL    ---     0.101     R20C20C.A0 to     R20C20C.F0 SLICE_119
ROUTE         1     0.000     R20C20C.F0 to    R20C20C.DI0 n415 (to clk)
                  --------
                    0.364   (64.3% logic, 35.7% route), 2 logic levels.

 Clock Skew Details: 

      Source Clock Path OSCInst0 to SLICE_119:

   Name    Fanout   Delay (ns)          Site               Resource
ROUTE       114     1.424        OSC.OSC to    R20C20C.CLK clk
                  --------
                    1.424   (0.0% logic, 100.0% route), 0 logic levels.

      Destination Clock Path OSCInst0 to SLICE_119:

   Name    Fanout   Delay (ns)          Site               Resource
ROUTE       114     1.424        OSC.OSC to    R20C20C.CLK clk
                  --------
                    1.424   (0.0% logic, 100.0% route), 0 logic levels.


Passed: The following path meets requirements by 0.377ns

 Logical Details:  Cell type  Pin type       Cell/ASIC name  (clock net +/-)

   Source:         FF         Q              debounce_counters_3___i1  (from clk +)
   Destination:    FF         Data in        debounce_counters_3___i1  (to clk +)

   Delay:               0.364ns  (64.3% logic, 35.7% route), 2 logic levels.

 Constraint Details:

      0.364ns physical path delay SLICE_124 to SLICE_124 meets
     -0.013ns DIN_HLD and
      0.000ns delay constraint less
      0.000ns skew requirement (totaling -0.013ns) by 0.377ns

 Physical Path Details:

      Data path SLICE_124 to SLICE_124:

   Name    Fanout   Delay (ns)          Site               Resource
REG_DEL     ---     0.133    R20C20B.CLK to     R20C20B.Q0 SLICE_124 (from clk)
ROUTE         1     0.130     R20C20B.Q0 to     R20C20B.A0 debounce_counters_3_1
CTOF_DEL    ---     0.101     R20C20B.A0 to     R20C20B.F0 SLICE_124
ROUTE         1     0.000     R20C20B.F0 to    R20C20B.DI0 n417 (to clk)
                  --------
                    0.364   (64.3% logic, 35.7% route), 2 logic levels.

 Clock Skew Details: 

      Source Clock Path OSCInst0 to SLICE_124:

   Name    Fanout   Delay (ns)          Site               Resource
ROUTE       114     1.424        OSC.OSC to    R20C20B.CLK clk
                  --------
                    1.424   (0.0% logic, 100.0% route), 0 logic levels.

      Destination Clock Path OSCInst0 to SLICE_124:

   Name    Fanout   Delay (ns)          Site               Resource
ROUTE       114     1.424        OSC.OSC to    R20C20B.CLK clk
                  --------
                    1.424   (0.0% logic, 100.0% route), 0 logic levels.


Passed: The following path meets requirements by 0.377ns

 Logical Details:  Cell type  Pin type       Cell/ASIC name  (clock net +/-)

   Source:         FF         Q              debounce_counters_3___i2  (from clk +)
   Destination:    FF         Data in        debounce_counters_3___i2  (to clk +)

   Delay:               0.364ns  (64.3% logic, 35.7% route), 2 logic levels.

 Constraint Details:

      0.364ns physical path delay SLICE_124 to SLICE_124 meets
     -0.013ns DIN_HLD and
      0.000ns delay constraint less
      0.000ns skew requirement (totaling -0.013ns) by 0.377ns

 Physical Path Details:

      Data path SLICE_124 to SLICE_124:

   Name    Fanout   Delay (ns)          Site               Resource
REG_DEL     ---     0.133    R20C20B.CLK to     R20C20B.Q1 SLICE_124 (from clk)
ROUTE         1     0.130     R20C20B.Q1 to     R20C20B.A1 debounce_counters_3_2
CTOF_DEL    ---     0.101     R20C20B.A1 to     R20C20B.F1 SLICE_124
ROUTE         1     0.000     R20C20B.F1 to    R20C20B.DI1 n416 (to clk)
                  --------
                    0.364   (64.3% logic, 35.7% route), 2 logic levels.

 Clock Skew Details: 

      Source Clock Path OSCInst0 to SLICE_124:

   Name    Fanout   Delay (ns)          Site               Resource
ROUTE       114     1.424        OSC.OSC to    R20C20B.CLK clk
                  --------
                    1.424   (0.0% logic, 100.0% route), 0 logic levels.

      Destination Clock Path OSCInst0 to SLICE_124:

   Name    Fanout   Delay (ns)          Site               Resource
ROUTE       114     1.424        OSC.OSC to    R20C20B.CLK clk
                  --------
                    1.424   (0.0% logic, 100.0% route), 0 logic levels.


Passed: The following path meets requirements by 0.377ns

 Logical Details:  Cell type  Pin type       Cell/ASIC name  (clock net +/-)

   Source:         FF         Q              debounce_counters_3___i0  (from clk +)
   Destination:    FF         Data in        debounce_counters_3___i0  (to clk +)

   Delay:               0.364ns  (64.3% logic, 35.7% route), 2 logic levels.

 Constraint Details:

      0.364ns physical path delay SLICE_125 to SLICE_125 meets
     -0.013ns DIN_HLD and
      0.000ns delay constraint less
      0.000ns skew requirement (totaling -0.013ns) by 0.377ns

 Physical Path Details:

      Data path SLICE_125 to SLICE_125:

   Name    Fanout   Delay (ns)          Site               Resource
REG_DEL     ---     0.133    R20C20A.CLK to     R20C20A.Q1 SLICE_125 (from clk)
ROUTE         1     0.130     R20C20A.Q1 to     R20C20A.A1 debounce_counters_3_0
CTOF_DEL    ---     0.101     R20C20A.A1 to     R20C20A.F1 SLICE_125
ROUTE         1     0.000     R20C20A.F1 to    R20C20A.DI1 n418 (to clk)
                  --------
                    0.364   (64.3% logic, 35.7% route), 2 logic levels.

 Clock Skew Details: 

      Source Clock Path OSCInst0 to SLICE_125:

   Name    Fanout   Delay (ns)          Site               Resource
ROUTE       114     1.424        OSC.OSC to    R20C20A.CLK clk
                  --------
                    1.424   (0.0% logic, 100.0% route), 0 logic levels.

      Destination Clock Path OSCInst0 to SLICE_125:

   Name    Fanout   Delay (ns)          Site               Resource
ROUTE       114     1.424        OSC.OSC to    R20C20A.CLK clk
                  --------
                    1.424   (0.0% logic, 100.0% route), 0 logic levels.


Passed: The following path meets requirements by 0.377ns

 Logical Details:  Cell type  Pin type       Cell/ASIC name  (clock net +/-)

   Source:         FF         Q              debounce_counters_4___i5  (from clk +)
   Destination:    FF         Data in        debounce_counters_4___i5  (to clk +)

   Delay:               0.364ns  (64.3% logic, 35.7% route), 2 logic levels.

 Constraint Details:

      0.364ns physical path delay SLICE_45 to SLICE_45 meets
     -0.013ns DIN_HLD and
      0.000ns delay constraint less
      0.000ns skew requirement (totaling -0.013ns) by 0.377ns

 Physical Path Details:

      Data path SLICE_45 to SLICE_45:

   Name    Fanout   Delay (ns)          Site               Resource
REG_DEL     ---     0.133    R15C27D.CLK to     R15C27D.Q0 SLICE_45 (from clk)
ROUTE         1     0.130     R15C27D.Q0 to     R15C27D.A0 debounce_counters_4_5
CTOF_DEL    ---     0.101     R15C27D.A0 to     R15C27D.F0 SLICE_45
ROUTE         1     0.000     R15C27D.F0 to    R15C27D.DI0 n519 (to clk)
                  --------
                    0.364   (64.3% logic, 35.7% route), 2 logic levels.

 Clock Skew Details: 

      Source Clock Path OSCInst0 to SLICE_45:

   Name    Fanout   Delay (ns)          Site               Resource
ROUTE       114     1.424        OSC.OSC to    R15C27D.CLK clk
                  --------
                    1.424   (0.0% logic, 100.0% route), 0 logic levels.

      Destination Clock Path OSCInst0 to SLICE_45:

   Name    Fanout   Delay (ns)          Site               Resource
ROUTE       114     1.424        OSC.OSC to    R15C27D.CLK clk
                  --------
                    1.424   (0.0% logic, 100.0% route), 0 logic levels.

Report Summary
--------------
----------------------------------------------------------------------------
Preference(MIN Delays)                  |   Constraint|       Actual|Levels
----------------------------------------------------------------------------
                                        |             |             |
FREQUENCY NET "clk" 2.080000 MHz ;      |     0.000 ns|     0.304 ns|   1  
                                        |             |             |
----------------------------------------------------------------------------


All preferences were met.


Clock Domains Analysis
------------------------

Found 1 clocks:

Clock Domain: clk   Source: OSCInst0.OSC   Loads: 114
   Covered under: FREQUENCY NET "clk" 2.080000 MHz ;


Timing summary (Hold):
---------------

Timing errors: 0  Score: 0
Cumulative negative slack: 0

Constraints cover 11258 paths, 1 nets, and 1521 connections (99.22% coverage)



Timing summary (Setup and Hold):
---------------

Timing errors: 0 (setup), 0 (hold)
Score: 0 (setup), 0 (hold)
Cumulative negative slack: 0 (0+0)
--------------------------------------------------------------------------------

--------------------------------------------------------------------------------

