
Lattice Mapping Report File for Design Module
     'Waiting_for_Powerbutton_pressed_V0'


Design Information
------------------

Command line:   map -a MachXO2 -p LCMXO2-4000HC -t TQFP144 -s 4 -oc Commercial
     UZ_Rev05_S3C_S3C_171224.ngd -o UZ_Rev05_S3C_S3C_171224_map.ncd -pr
     UZ_Rev05_S3C_S3C_171224.prf -mp UZ_Rev05_S3C_S3C_171224.mrp -lpf C:/cpld/cp
     ld_lattice/MACHXO2/S3C_CPLD_LCMXO2-4000HC-4TG144C/S3C_171224/UZ_Rev05_S3C_S
     3C_171224.lpf -lpf C:/cpld/cpld_lattice/MACHXO2/S3C_CPLD_LCMXO2-4000HC-4TG1
     44C/S3C_171224/source/UZ_Rev05_S3C.lpf -c 0 -u -gui -msgset
     C:/cpld/cpld_lattice/MACHXO2/S3C_CPLD_LCMXO2-4000HC-4TG144C/promote.xml 
Target Vendor:  LATTICE
Target Device:  LCMXO2-4000HCTQFP144
Target Performance:   4
Mapper:  xo2c00,  version:  Diamond (64-bit) 3.13.0.56.2
Mapped on:  12/16/24  07:28:21

Design Summary
--------------

   Number of registers:     73 out of  4665 (2%)
      PFU registers:           73 out of  4320 (2%)
      PIO registers:            0 out of   345 (0%)
   Number of SLICEs:        93 out of  2160 (4%)
      SLICEs as Logic/ROM:     93 out of  2160 (4%)
      SLICEs as RAM:            0 out of  1620 (0%)
      SLICEs as Carry:         42 out of  2160 (2%)
   Number of LUT4s:        186 out of  4320 (4%)
      Number used as logic LUTs:        102
      Number used as distributed RAM:     0
      Number used as ripple logic:       84
      Number used as shift registers:     0
   Number of PIO sites used: 40 + 1(JTAGENB) out of 115 (36%)
   Number of block RAMs:  0 out of 10 (0%)
   Number of GSRs:        0 out of 1 (0%)
   EFB used :        No
   JTAG used :       No
   Readback used :   No
   Oscillator used : Yes
   Startup used :    No
   POR :             On
   Bandgap :         On
   Number of Power Controller:  0 out of 1 (0%)
   Number of Dynamic Bank Controller (BCINRD):  0 out of 6 (0%)
   Number of Dynamic Bank Controller (BCLVDSO):  0 out of 1 (0%)
   Number of DCCA:  0 out of 8 (0%)
   Number of DCMA:  0 out of 2 (0%)
   Number of PLLs:  0 out of 2 (0%)
   Number of DQSDLLs:  0 out of 2 (0%)
   Number of CLKDIVC:  0 out of 4 (0%)
   Number of ECLKSYNCA:  0 out of 4 (0%)
   Number of ECLKBRIDGECS:  0 out of 2 (0%)
   Notes:-
      1. Total number of LUT4s = (Number of logic LUT4s) + 2*(Number of
     distributed RAMs) + 2*(Number of ripple logic)
      2. Number of logic LUT4s does not include count of distributed RAM and
     ripple logic.
   Number of clocks:  1

                                    Page 1




Design:  Waiting_for_Powerbutton_pressed_V0            Date:  12/16/24  07:28:21

Design Summary (cont)
---------------------
     Net clk: 46 loads, 46 rising, 0 falling (Driver: OSCInst0 )
   Number of Clock Enables:  15
     Net clk_enable_1: 1 loads, 1 LSLICEs
     Net clk_enable_2: 1 loads, 1 LSLICEs
     Net clk_enable_3: 1 loads, 1 LSLICEs
     Net clk_enable_4: 1 loads, 1 LSLICEs
     Net clk_enable_7: 3 loads, 3 LSLICEs
     Net clk_enable_63: 17 loads, 17 LSLICEs
     Net clk_enable_10: 2 loads, 2 LSLICEs
     Net Carrier_PG_1V8_N_479: 1 loads, 1 LSLICEs
     Net clk_enable_65: 11 loads, 11 LSLICEs
     Net clk_enable_32: 1 loads, 1 LSLICEs
     Net clk_enable_68: 1 loads, 1 LSLICEs
     Net clk_enable_66: 1 loads, 1 LSLICEs
     Net clk_enable_64: 1 loads, 1 LSLICEs
     Net clk_enable_69: 1 loads, 1 LSLICEs
     Net clk_enable_67: 1 loads, 1 LSLICEs
   Number of LSRs:  2
     Net button_inputs_asyn2_1: 18 loads, 18 LSLICEs
     Net n1843: 11 loads, 11 LSLICEs
   Number of nets driven by tri-state buffers:  0
   Top 10 highest fanout non-clock nets:
     Net next_state_1: 47 loads
     Net next_state_2: 44 loads
     Net next_state_0: 41 loads
     Net next_state_3: 41 loads
     Net n1518: 22 loads
     Net n2928: 22 loads
     Net FPIO_isoCtrlRSTn_N_462: 21 loads
     Net next_state_3_N_322_2: 20 loads
     Net button_inputs_asyn2_1: 19 loads
     Net clk_enable_63: 17 loads




   Number of warnings:  19
   Number of errors:    0
     

Design Errors/Warnings
----------------------

WARNING - map: C:/cpld/cpld_lattice/MACHXO2/S3C_CPLD_LCMXO2-4000HC-4TG144C/S3C_1
     71224/source/UZ_Rev05_S3C.lpf(9): Semantic error in "IOBUF PORT "FP_UsrSW2"
     IO_TYPE=LVCMOS33 ;": Port "FP_UsrSW2" does not exist in the design. This
     preference has been disabled.
WARNING - map: C:/cpld/cpld_lattice/MACHXO2/S3C_CPLD_LCMXO2-4000HC-4TG144C/S3C_1
     71224/source/UZ_Rev05_S3C.lpf(10): Semantic error in "IOBUF PORT
     "PG_Module" IO_TYPE=LVCMOS33 PULLMODE=NONE ;": Port "PG_Module" does not
     exist in the design. This preference has been disabled.
WARNING - map: C:/cpld/cpld_lattice/MACHXO2/S3C_CPLD_LCMXO2-4000HC-4TG144C/S3C_1
     71224/source/UZ_Rev05_S3C.lpf(61): Semantic error in "IOBUF PORT "SCL"
     IO_TYPE=LVCMOS33 ;": Port "SCL" does not exist in the design. This
     preference has been disabled.
WARNING - map: C:/cpld/cpld_lattice/MACHXO2/S3C_CPLD_LCMXO2-4000HC-4TG144C/S3C_1

                                    Page 2




Design:  Waiting_for_Powerbutton_pressed_V0            Date:  12/16/24  07:28:21

Design Errors/Warnings (cont)
-----------------------------
     71224/source/UZ_Rev05_S3C.lpf(62): Semantic error in "IOBUF PORT "SDA"
     IO_TYPE=LVCMOS33 ;": Port "SDA" does not exist in the design. This
     preference has been disabled.
WARNING - map: input pad net 'SCL' has no legal load.
WARNING - map: input pad net 'SDA' has no legal load.
WARNING - map: input pad net 'FP_UsrSW2' has no legal load.
WARNING - map: input pad net 'SD0_CD' has no legal load.
WARNING - map: input pad net 'SD1_CD' has no legal load.
WARNING - map: input pad net 'DIGS3C_SlotD_SlotOK[5]' has no legal load.
WARNING - map: input pad net 'DIGS3C_SlotD_SlotOK[4]' has no legal load.
WARNING - map: input pad net 'DIGS3C_SlotD_SlotOK[3]' has no legal load.
WARNING - map: input pad net 'DIGS3C_SlotD_SlotOK[2]' has no legal load.
WARNING - map: input pad net 'DIGS3C_SlotD_SlotOK[1]' has no legal load.
WARNING - map: input pad net 'ANL_S3C_SLOTOK[3]' has no legal load.
WARNING - map: input pad net 'ANL_S3C_SLOTOK[2]' has no legal load.
WARNING - map: input pad net 'ANL_S3C_SLOTOK[1]' has no legal load.
WARNING - map: input pad net 'PG_Module' has no legal load.
WARNING - map: The JTAG port has been disabled in this project and JTAG pins
     will be configured as General Purpose IO.  You have to use JTAGENB pin in
     hardware to change the personality of the port from JTAG pins to general
     purpose IO.  Reference MachXO2 Handbook for details on dual function JTAG
     port.

IO (PIO) Attributes
-------------------

+---------------------+-----------+-----------+------------+
| IO Name             | Direction | Levelmode | IO         |
|                     |           |  IO_TYPE  | Register   |
+---------------------+-----------+-----------+------------+
| FP_SysLEDg          | OUTPUT    | LVCMOS33  |            |
+---------------------+-----------+-----------+------------+
| TDnALERT            | INPUT     | LVCMOS33  |            |
+---------------------+-----------+-----------+------------+
| TDnFFnFS            | INPUT     | LVCMOS33  |            |
+---------------------+-----------+-----------+------------+
| TDnSHDN             | INPUT     | LVCMOS33  |            |
+---------------------+-----------+-----------+------------+
| PPn_VIN             | INPUT     | LVCMOS33  |            |
+---------------------+-----------+-----------+------------+
| PG_VIN              | INPUT     | LVCMOS33  |            |
+---------------------+-----------+-----------+------------+
| FlexMIOs52_PCIe     | INPUT     | LVCMOS33  |            |
+---------------------+-----------+-----------+------------+
| DIGS3C_SlotD_ReqOE[1]| INPUT     | LVCMOS18  |            |
+---------------------+-----------+-----------+------------+
| DIGS3C_SlotD_ReqOE[2]| INPUT     | LVCMOS18  |            |
+---------------------+-----------+-----------+------------+
| DIGS3C_SlotD_ReqOE[3]| INPUT     | LVCMOS18  |            |
+---------------------+-----------+-----------+------------+
| DIGS3C_SlotD_ReqOE[4]| INPUT     | LVCMOS18  |            |
+---------------------+-----------+-----------+------------+
| DIGS3C_SlotD_ReqOE[5]| INPUT     | LVCMOS18  |            |
+---------------------+-----------+-----------+------------+
| FP_UsrSW3           | INPUT     | LVCMOS33  |            |
+---------------------+-----------+-----------+------------+

                                    Page 3




Design:  Waiting_for_Powerbutton_pressed_V0            Date:  12/16/24  07:28:21

IO (PIO) Attributes (cont)
--------------------------
| FP_UsrSW1           | INPUT     | LVCMOS33  |            |
+---------------------+-----------+-----------+------------+
| SysSW_Pwr_NC        | INPUT     | LVCMOS33  |            |
+---------------------+-----------+-----------+------------+
| FPIO_ExternalStop   | INPUT     | LVCMOS33  |            |
+---------------------+-----------+-----------+------------+
| Carrier_PwrOn       | OUTPUT    | LVCMOS33  |            |
+---------------------+-----------+-----------+------------+
| DIGS3C_SlotD_SlotOE[1]| OUTPUT    | LVCMOS33  |            |
+---------------------+-----------+-----------+------------+
| DIGS3C_SlotD_SlotOE[2]| OUTPUT    | LVCMOS33  |            |
+---------------------+-----------+-----------+------------+
| DIGS3C_SlotD_SlotOE[3]| OUTPUT    | LVCMOS33  |            |
+---------------------+-----------+-----------+------------+
| DIGS3C_SlotD_SlotOE[4]| OUTPUT    | LVCMOS33  |            |
+---------------------+-----------+-----------+------------+
| DIGS3C_SlotD_SlotOE[5]| OUTPUT    | LVCMOS33  |            |
+---------------------+-----------+-----------+------------+
| ANL_S3C_P54_Legacy  | OUTPUT    | LVCMOS33  |            |
+---------------------+-----------+-----------+------------+
| ANL_S3C_CarrierReady| OUTPUT    | LVCMOS33  |            |
+---------------------+-----------+-----------+------------+
| FlexMIOs53_GPIO_PowerDown| OUTPUT    | LVCMOS18  |            |
+---------------------+-----------+-----------+------------+
| FlexMio61ExternalStop| OUTPUT    | LVCMOS33  |            |
+---------------------+-----------+-----------+------------+
| SD_SEL              | OUTPUT    | LVCMOS33  |            |
+---------------------+-----------+-----------+------------+
| DIGS3C_Shared_ReqSafeState| OUTPUT    | LVCMOS18  |            |
+---------------------+-----------+-----------+------------+
| DIGS3C_Shared_CarrierReady| OUTPUT    | LVCMOS18  |            |
+---------------------+-----------+-----------+------------+
| Carrier_PG_1V8      | OUTPUT    | LVCMOS18  |            |
+---------------------+-----------+-----------+------------+
| FP_SysLEDs          | OUTPUT    | LVCMOS18  |            |
+---------------------+-----------+-----------+------------+
| FP_UsrLED4          | OUTPUT    | LVCMOS18  |            |
+---------------------+-----------+-----------+------------+
| FP_UsrLED3          | OUTPUT    | LVCMOS18  |            |
+---------------------+-----------+-----------+------------+
| FP_UsrLED2          | OUTPUT    | LVCMOS18  |            |
+---------------------+-----------+-----------+------------+
| FP_UsrLED1          | OUTPUT    | LVCMOS18  |            |
+---------------------+-----------+-----------+------------+
| FPIO_isoCtrlRSTn    | OUTPUT    | LVCMOS33  |            |
+---------------------+-----------+-----------+------------+
| FPIO_FlexMIO52      | OUTPUT    | LVCMOS33  |            |
+---------------------+-----------+-----------+------------+
| Carrier_PG_3V3      | OUTPUT    | LVCMOS33  |            |
+---------------------+-----------+-----------+------------+
| FP_SysLEDb          | OUTPUT    | LVCMOS33  |            |
+---------------------+-----------+-----------+------------+
| FP_SysLEDr          | OUTPUT    | LVCMOS33  |            |
+---------------------+-----------+-----------+------------+



                                    Page 4




Design:  Waiting_for_Powerbutton_pressed_V0            Date:  12/16/24  07:28:21

Removed logic
-------------

Block i2 undriven or does not drive anything - clipped.
Block GSR_INST undriven or does not drive anything - clipped.
Signal n1851 was merged into signal Carrier_PG_1V8_N_466
Signal VCC_net undriven or does not drive anything - clipped.
Block i427_1_lut was optimized away.

     

OSC Summary
-----------

OSC 1:                                     Pin/Node Value
  OSC Instance Name:                                OSCInst0
  OSC Type:                                         OSCH
  STDBY Input:                                      NONE
  OSC Output:                              NODE     clk
  OSC Nominal Frequency (MHz):                      2.08

ASIC Components
---------------

Instance Name: OSCInst0
         Type: OSCH

Run Time and Memory Usage
-------------------------

   Total CPU Time: 0 secs  
   Total REAL Time: 0 secs  
   Peak Memory Usage: 53 MB
        

























                                    Page 5


Copyright (c) 1991-1994 by NeoCAD Inc. All rights reserved.
     Copyright (c) 1995 AT&T Corp.   All rights reserved.
     Copyright (c) 1995-2001 Lucent Technologies Inc.  All rights reserved.
     Copyright (c) 2001 Agere Systems   All rights reserved.
     Copyright (c) 2002-2023 Lattice Semiconductor Corporation,  All rights
     reserved.
