--------------------------------------------------------------------------------
Lattice Synthesis Timing Report, Version  
Thu Dec 12 10:47:37 2024

Copyright (c) 1991-1994 by NeoCAD Inc. All rights reserved.
Copyright (c) 1995 AT&T Corp.   All rights reserved.
Copyright (c) 1995-2001 Lucent Technologies Inc.  All rights reserved.
Copyright (c) 2001 Agere Systems   All rights reserved.
Copyright (c) 2002-2023 Lattice Semiconductor Corporation,  All rights reserved.

Report Information
------------------
Design:     Waiting_for_Powerbutton_pressed_V0
Constraint file:  
Report level:    verbose report, limited to 3 items per constraint
--------------------------------------------------------------------------------



================================================================================
Constraint: create_clock -period 5.000000 -name clk0 [get_nets clk]
            2880 items scored, 2880 timing errors detected.
--------------------------------------------------------------------------------


Error:  The following path violates requirements by 9.458ns

 Logical Details:  Cell type  Pin type       Cell name  (clock net +/-)

   Source:         FD1P3IX    CK             counter__i21  (from clk +)
   Destination:    FD1P3IX    D              counter__i20  (to clk +)

   Delay:                  14.298ns  (28.9% logic, 71.1% route), 9 logic levels.

 Constraint Details:

     14.298ns data_path counter__i21 to counter__i20 violates
      5.000ns delay constraint less
      0.160ns L_S requirement (totaling 4.840ns) by 9.458ns

 Path Details: counter__i21 to counter__i20

   Name    Fanout   Delay (ns)          Pins               Resource(Cell.Net)
L_CO        ---     0.444             CK to Q              counter__i21 (from clk)
Route         2   e 1.198                                  counter[21]
LUT4        ---     0.493              B to Z              i4_2_lut
Route         1   e 0.941                                  n26_adj_5
LUT4        ---     0.493              C to Z              i18_4_lut
Route         1   e 0.941                                  n40_adj_9
LUT4        ---     0.493              B to Z              i20_4_lut
Route         1   e 0.941                                  n42_adj_7
LUT4        ---     0.493              B to Z              i21_4_lut_rep_30
Route        14   e 1.807                                  n2909
LUT4        ---     0.493              B to Z              i292_4_lut
Route         1   e 0.020                                  n1421
MUXL5       ---     0.233           BLUT to Z              i298
Route        14   e 1.807                                  n1772
LUT4        ---     0.493              B to Z              i399_2_lut
Route         9   e 1.574                                  n1362
LUT4        ---     0.493              C to Z              mux_277_i21_4_lut_4_lut
Route         1   e 0.941                                  n1365
                  --------
                   14.298  (28.9% logic, 71.1% route), 9 logic levels.


Error:  The following path violates requirements by 9.458ns

 Logical Details:  Cell type  Pin type       Cell name  (clock net +/-)

   Source:         FD1P3IX    CK             counter__i21  (from clk +)
   Destination:    FD1P3IX    D              counter__i20  (to clk +)

   Delay:                  14.298ns  (28.9% logic, 71.1% route), 9 logic levels.

 Constraint Details:

     14.298ns data_path counter__i21 to counter__i20 violates
      5.000ns delay constraint less
      0.160ns L_S requirement (totaling 4.840ns) by 9.458ns

 Path Details: counter__i21 to counter__i20

   Name    Fanout   Delay (ns)          Pins               Resource(Cell.Net)
L_CO        ---     0.444             CK to Q              counter__i21 (from clk)
Route         2   e 1.198                                  counter[21]
LUT4        ---     0.493              B to Z              i4_2_lut
Route         1   e 0.941                                  n26_adj_5
LUT4        ---     0.493              C to Z              i18_4_lut
Route         1   e 0.941                                  n40_adj_9
LUT4        ---     0.493              B to Z              i20_4_lut
Route         1   e 0.941                                  n42_adj_7
LUT4        ---     0.493              B to Z              i21_4_lut_rep_30
Route        14   e 1.807                                  n2909
LUT4        ---     0.493              B to Z              i296_2_lut_2_lut
Route         1   e 0.020                                  n1425
MUXL5       ---     0.233           ALUT to Z              i298
Route        14   e 1.807                                  n1772
LUT4        ---     0.493              B to Z              i399_2_lut
Route         9   e 1.574                                  n1362
LUT4        ---     0.493              C to Z              mux_277_i21_4_lut_4_lut
Route         1   e 0.941                                  n1365
                  --------
                   14.298  (28.9% logic, 71.1% route), 9 logic levels.


Error:  The following path violates requirements by 9.458ns

 Logical Details:  Cell type  Pin type       Cell name  (clock net +/-)

   Source:         FD1P3IX    CK             counter__i21  (from clk +)
   Destination:    FD1P3IX    D              counter__i19  (to clk +)

   Delay:                  14.298ns  (28.9% logic, 71.1% route), 9 logic levels.

 Constraint Details:

     14.298ns data_path counter__i21 to counter__i19 violates
      5.000ns delay constraint less
      0.160ns L_S requirement (totaling 4.840ns) by 9.458ns

 Path Details: counter__i21 to counter__i19

   Name    Fanout   Delay (ns)          Pins               Resource(Cell.Net)
L_CO        ---     0.444             CK to Q              counter__i21 (from clk)
Route         2   e 1.198                                  counter[21]
LUT4        ---     0.493              B to Z              i4_2_lut
Route         1   e 0.941                                  n26_adj_5
LUT4        ---     0.493              C to Z              i18_4_lut
Route         1   e 0.941                                  n40_adj_9
LUT4        ---     0.493              B to Z              i20_4_lut
Route         1   e 0.941                                  n42_adj_7
LUT4        ---     0.493              B to Z              i21_4_lut_rep_30
Route        14   e 1.807                                  n2909
LUT4        ---     0.493              B to Z              i292_4_lut
Route         1   e 0.020                                  n1421
MUXL5       ---     0.233           BLUT to Z              i298
Route        14   e 1.807                                  n1772
LUT4        ---     0.493              B to Z              i399_2_lut
Route         9   e 1.574                                  n1362
LUT4        ---     0.493              C to Z              mux_277_i20_4_lut_4_lut
Route         1   e 0.941                                  n1366
                  --------
                   14.298  (28.9% logic, 71.1% route), 9 logic levels.

Warning: 14.458 ns is the maximum delay for this constraint.


Timing Report Summary
--------------
--------------------------------------------------------------------------------
Constraint                              |   Constraint|       Actual|Levels
--------------------------------------------------------------------------------
                                        |             |             |
create_clock -period 5.000000 -name     |             |             |
clk0 [get_nets clk]                     |     5.000 ns|    14.458 ns|     9 *
                                        |             |             |
--------------------------------------------------------------------------------


1 constraints not met.

--------------------------------------------------------------------------------
Critical Nets                           |   Loads|  Errors| % of total
--------------------------------------------------------------------------------
n2909                                   |      14|    2030|     70.49%
                                        |        |        |
n42_adj_7                               |       1|    1318|     45.76%
                                        |        |        |
n1772                                   |      14|     986|     34.24%
                                        |        |        |
clk_enable_65                           |      22|     968|     33.61%
                                        |        |        |
n40_adj_9                               |       1|     772|     26.81%
                                        |        |        |
n1421                                   |       1|     502|     17.43%
                                        |        |        |
n1425                                   |       1|     484|     16.81%
                                        |        |        |
n2198                                   |       1|     484|     16.81%
                                        |        |        |
n2930                                   |       1|     484|     16.81%
                                        |        |        |
n2932                                   |       1|     484|     16.81%
                                        |        |        |
n1362                                   |       9|     414|     14.38%
                                        |        |        |
n36_adj_3                               |       1|     392|     13.61%
                                        |        |        |
n34_adj_4                               |       1|     368|     12.78%
                                        |        |        |
n38_adj_2                               |       1|     356|     12.36%
                                        |        |        |
--------------------------------------------------------------------------------


Timing summary:
---------------

Timing errors: 2880  Score: 15979806

Constraints cover  9135 paths, 550 nets, and 1395 connections (97.9% coverage)


Peak memory: 85291008 bytes, TRCE: 5148672 bytes, DLYMAN: 163840 bytes
CPU_TIME_REPORT: 0 secs 
