Timer started ...
MOD: delay(175 175), type(tORP+tBUF+tIOO(LVCMOS33)), from(O_29.OUT), to(O_29.PAD)
MOD: delay(124 124), type(tPDi), from(O_29 ), to(O_29.OUT)
MOD: delay(175 175), type(tORP+tBUF+tIOO(LVCMOS33)), from(O_28.OUT), to(O_28.PAD)
MOD: delay(124 124), type(tPDi), from(O_28 ), to(O_28.OUT)
MOD: delay(175 175), type(tORP+tBUF+tIOO(LVCMOS33)), from(O_27.OUT), to(O_27.PAD)
MOD: delay(124 124), type(tPDi), from(O_27 ), to(O_27.OUT)
MOD: delay(175 175), type(tORP+tBUF+tIOO(LVCMOS33)), from(O_26.OUT), to(O_26.PAD)
MOD: delay(124 124), type(tPDi), from(O_26 ), to(O_26.OUT)
MOD: delay(175 175), type(tORP+tBUF+tIOO(LVCMOS33)), from(O_25.OUT), to(O_25.PAD)
MOD: delay(124 124), type(tPDi), from(O_25 ), to(O_25.OUT)
MOD: delay(175 175), type(tORP+tBUF+tIOO(LVCMOS33)), from(O_24.OUT), to(O_24.PAD)
MOD: delay(124 124), type(tPDi), from(O_24 ), to(O_24.OUT)
MOD: delay(175 175), type(tORP+tBUF+tIOO(LVCMOS33)), from(O_23.OUT), to(O_23.PAD)
MOD: delay(124 124), type(tPDi), from(O_23 ), to(O_23.OUT)
MOD: delay(175 175), type(tORP+tBUF+tIOO(LVCMOS33)), from(O_22.OUT), to(O_22.PAD)
MOD: delay(124 124), type(tPDi), from(O_22 ), to(O_22.OUT)
MOD: delay(175 175), type(tORP+tBUF+tIOO(LVCMOS33)), from(O_21.OUT), to(O_21.PAD)
MOD: delay(124 124), type(tPDi), from(O_21 ), to(O_21.OUT)
MOD: delay(175 175), type(tORP+tBUF+tIOO(LVCMOS33)), from(O_20.OUT), to(O_20.PAD)
MOD: delay(124 124), type(tPDi), from(O_20 ), to(O_20.OUT)
MOD: delay(175 175), type(tORP+tBUF+tIOO(LVCMOS33)), from(O_19.OUT), to(O_19.PAD)
MOD: delay(124 124), type(tPDi), from(O_19 ), to(O_19.OUT)
MOD: delay(175 175), type(tORP+tBUF+tIOO(LVCMOS33)), from(O_18.OUT), to(O_18.PAD)
MOD: delay(124 124), type(tPDi), from(O_18 ), to(O_18.OUT)
MOD: delay(155 155), type(tORP+tBUF+tIOO(LVCMOS18)), from(O_17.OUT), to(O_17.PAD)
MOD: delay(124 124), type(tPDi), from(O_17 ), to(O_17.OUT)
MOD: delay(155 155), type(tORP+tBUF+tIOO(LVCMOS18)), from(O_16.OUT), to(O_16.PAD)
MOD: delay(124 124), type(tPDi), from(O_16 ), to(O_16.OUT)
MOD: delay(175 175), type(tORP+tBUF+tIOO(LVCMOS33)), from(O_15.OUT), to(O_15.PAD)
MOD: delay(124 124), type(tPDi), from(O_15 ), to(O_15.OUT)
MOD: delay(155 155), type(tORP+tBUF+tIOO(LVCMOS18)), from(O_14.OUT), to(O_14.PAD)
MOD: delay(124 124), type(tPDi), from(O_14 ), to(O_14.OUT)
MOD: delay(175 175), type(tORP+tBUF+tIOO(LVCMOS33)), from(O_13.OUT), to(O_13.PAD)
MOD: delay(124 124), type(tPDi), from(O_13 ), to(O_13.OUT)
MOD: delay(175 175), type(tORP+tBUF+tIOO(LVCMOS33)), from(O_12.OUT), to(O_12.PAD)
MOD: delay(124 124), type(tPDi), from(O_12 ), to(O_12.OUT)
MOD: delay(155 155), type(tORP+tBUF+tIOO(LVCMOS18)), from(O_11.OUT), to(O_11.PAD)
MOD: delay(124 124), type(tPDi), from(O_11 ), to(O_11.OUT)
MOD: delay(155 155), type(tORP+tBUF+tIOO(LVCMOS18)), from(O_10.OUT), to(O_10.PAD)
MOD: delay(124 124), type(tPDi), from(O_10 ), to(O_10.OUT)
MOD: delay(175 175), type(tORP+tBUF+tIOO(LVCMOS33)), from(O_9.OUT), to(O_9.PAD)
MOD: delay(124 124), type(tPDi), from(O_9 ), to(O_9.OUT)
MOD: delay(155 155), type(tORP+tBUF+tIOO(LVCMOS18)), from(O_8.OUT), to(O_8.PAD)
MOD: delay(124 124), type(tPDi), from(O_8 ), to(O_8.OUT)
MOD: delay(175 175), type(tORP+tBUF+tIOO(LVCMOS33)), from(O_7.OUT), to(O_7.PAD)
MOD: delay(124 124), type(tPDi), from(O_7 ), to(O_7.OUT)
MOD: delay(175 175), type(tORP+tBUF+tIOO(LVCMOS33)), from(O_6.OUT), to(O_6.PAD)
MOD: delay(124 124), type(tPDi), from(O_6 ), to(O_6.OUT)
MOD: delay(155 155), type(tORP+tBUF+tIOO(LVCMOS18)), from(O_5.OUT), to(O_5.PAD)
MOD: delay(124 124), type(tPDi), from(O_5 ), to(O_5.OUT)
MOD: delay(155 155), type(tORP+tBUF+tIOO(LVCMOS18)), from(O_4.OUT), to(O_4.PAD)
MOD: delay(124 124), type(tPDi), from(O_4 ), to(O_4.OUT)
MOD: delay(175 175), type(tORP+tBUF+tIOO(LVCMOS33)), from(O_3.OUT), to(O_3.PAD)
MOD: delay(124 124), type(tPDi), from(O_3 ), to(O_3.OUT)
MOD: delay(155 155), type(tORP+tBUF+tIOO(LVCMOS18)), from(O_2.OUT), to(O_2.PAD)
MOD: delay(124 124), type(tPDi), from(O_2 ), to(O_2.OUT)
MOD: delay(175 175), type(tORP+tBUF+tIOO(LVCMOS33)), from(O_1.OUT), to(O_1.PAD)
MOD: delay(124 124), type(tPDi), from(O_1 ), to(O_1.OUT)
MOD: delay(175 175), type(tORP+tBUF+tIOO(LVCMOS33)), from(O_0.OUT), to(O_0.PAD)
MOD: delay(124 124), type(tPDi), from(O_0 ), to(O_0.OUT)
NET: delay(521 521), type(tIN+tIOI(LVCMOS18)+tROUTE+tMCELL), from(I_0.PAD), to(O_0 )
NET: delay(521 521), type(tIN+tIOI(LVCMOS18)+tROUTE+tMCELL), from(I_29.PAD), to(O_29 )
NET: delay(521 521), type(tIN+tIOI(LVCMOS18)+tROUTE+tMCELL), from(I_28.PAD), to(O_28 )
NET: delay(521 521), type(tIN+tIOI(LVCMOS18)+tROUTE+tMCELL), from(I_27.PAD), to(O_27 )
NET: delay(521 521), type(tIN+tIOI(LVCMOS18)+tROUTE+tMCELL), from(I_26.PAD), to(O_26 )
NET: delay(521 521), type(tIN+tIOI(LVCMOS18)+tROUTE+tMCELL), from(I_25.PAD), to(O_25 )
NET: delay(521 521), type(tIN+tIOI(LVCMOS18)+tROUTE+tMCELL), from(I_24.PAD), to(O_24 )
NET: delay(521 521), type(tIN+tIOI(LVCMOS18)+tROUTE+tMCELL), from(I_23.PAD), to(O_23 )
NET: delay(521 521), type(tIN+tIOI(LVCMOS18)+tROUTE+tMCELL), from(I_22.PAD), to(O_22 )
NET: delay(521 521), type(tIN+tIOI(LVCMOS18)+tROUTE+tMCELL), from(I_21.PAD), to(O_21 )
NET: delay(521 521), type(tIN+tIOI(LVCMOS18)+tROUTE+tMCELL), from(I_20.PAD), to(O_20 )
NET: delay(521 521), type(tIN+tIOI(LVCMOS18)+tROUTE+tMCELL), from(I_19.PAD), to(O_19 )
NET: delay(521 521), type(tIN+tIOI(LVCMOS18)+tROUTE+tMCELL), from(I_18.PAD), to(O_18 )
NET: delay(581 581), type(tIN+tIOI(LVCMOS33)+tROUTE+tMCELL), from(I_17.PAD), to(O_17 )
NET: delay(581 581), type(tIN+tIOI(LVCMOS33)+tROUTE+tMCELL), from(I_16.PAD), to(O_16 )
NET: delay(521 521), type(tIN+tIOI(LVCMOS18)+tROUTE+tMCELL), from(I_15.PAD), to(O_15 )
NET: delay(581 581), type(tIN+tIOI(LVCMOS33)+tROUTE+tMCELL), from(I_14.PAD), to(O_14 )
NET: delay(521 521), type(tIN+tIOI(LVCMOS18)+tROUTE+tMCELL), from(I_13.PAD), to(O_13 )
NET: delay(521 521), type(tIN+tIOI(LVCMOS18)+tROUTE+tMCELL), from(I_12.PAD), to(O_12 )
NET: delay(581 581), type(tIN+tIOI(LVCMOS33)+tROUTE+tMCELL), from(I_11.PAD), to(O_11 )
NET: delay(581 581), type(tIN+tIOI(LVCMOS33)+tROUTE+tMCELL), from(I_10.PAD), to(O_10 )
NET: delay(521 521), type(tIN+tIOI(LVCMOS18)+tROUTE+tMCELL), from(I_7.PAD), to(O_7 )
NET: delay(521 521), type(tIN+tIOI(LVCMOS18)+tROUTE+tMCELL), from(I_6.PAD), to(O_6 )
NET: delay(581 581), type(tIN+tIOI(LVCMOS33)+tROUTE+tMCELL), from(I_8.PAD), to(O_8 )
NET: delay(581 581), type(tIN+tIOI(LVCMOS33)+tROUTE+tMCELL), from(I_2.PAD), to(O_2 )
NET: delay(521 521), type(tIN+tIOI(LVCMOS18)+tROUTE+tMCELL), from(I_9.PAD), to(O_9 )
NET: delay(581 581), type(tIN+tIOI(LVCMOS33)+tROUTE+tMCELL), from(I_5.PAD), to(O_5 )
NET: delay(581 581), type(tIN+tIOI(LVCMOS33)+tROUTE+tMCELL), from(I_4.PAD), to(O_4 )
NET: delay(521 521), type(tIN+tIOI(LVCMOS18)+tROUTE+tMCELL), from(I_3.PAD), to(O_3 )
NET: delay(521 521), type(tIN+tIOI(LVCMOS18)+tROUTE+tMCELL), from(I_1.PAD), to(O_1 )
Timer started ...
MOD: delay(175 175), type(tORP+tBUF+tIOO(LVCMOS33)), from(O_29.OUT), to(O_29.PAD)
MOD: delay(124 124), type(tPDi), from(O_29 ), to(O_29.OUT)
MOD: delay(175 175), type(tORP+tBUF+tIOO(LVCMOS33)), from(O_28.OUT), to(O_28.PAD)
MOD: delay(124 124), type(tPDi), from(O_28 ), to(O_28.OUT)
MOD: delay(175 175), type(tORP+tBUF+tIOO(LVCMOS33)), from(O_27.OUT), to(O_27.PAD)
MOD: delay(124 124), type(tPDi), from(O_27 ), to(O_27.OUT)
MOD: delay(175 175), type(tORP+tBUF+tIOO(LVCMOS33)), from(O_26.OUT), to(O_26.PAD)
MOD: delay(124 124), type(tPDi), from(O_26 ), to(O_26.OUT)
MOD: delay(175 175), type(tORP+tBUF+tIOO(LVCMOS33)), from(O_25.OUT), to(O_25.PAD)
MOD: delay(124 124), type(tPDi), from(O_25 ), to(O_25.OUT)
MOD: delay(175 175), type(tORP+tBUF+tIOO(LVCMOS33)), from(O_24.OUT), to(O_24.PAD)
MOD: delay(124 124), type(tPDi), from(O_24 ), to(O_24.OUT)
MOD: delay(175 175), type(tORP+tBUF+tIOO(LVCMOS33)), from(O_23.OUT), to(O_23.PAD)
MOD: delay(124 124), type(tPDi), from(O_23 ), to(O_23.OUT)
MOD: delay(175 175), type(tORP+tBUF+tIOO(LVCMOS33)), from(O_22.OUT), to(O_22.PAD)
MOD: delay(124 124), type(tPDi), from(O_22 ), to(O_22.OUT)
MOD: delay(175 175), type(tORP+tBUF+tIOO(LVCMOS33)), from(O_21.OUT), to(O_21.PAD)
MOD: delay(124 124), type(tPDi), from(O_21 ), to(O_21.OUT)
MOD: delay(175 175), type(tORP+tBUF+tIOO(LVCMOS33)), from(O_20.OUT), to(O_20.PAD)
MOD: delay(124 124), type(tPDi), from(O_20 ), to(O_20.OUT)
MOD: delay(175 175), type(tORP+tBUF+tIOO(LVCMOS33)), from(O_19.OUT), to(O_19.PAD)
MOD: delay(124 124), type(tPDi), from(O_19 ), to(O_19.OUT)
MOD: delay(175 175), type(tORP+tBUF+tIOO(LVCMOS33)), from(O_18.OUT), to(O_18.PAD)
MOD: delay(124 124), type(tPDi), from(O_18 ), to(O_18.OUT)
MOD: delay(155 155), type(tORP+tBUF+tIOO(LVCMOS18)), from(O_17.OUT), to(O_17.PAD)
MOD: delay(124 124), type(tPDi), from(O_17 ), to(O_17.OUT)
MOD: delay(155 155), type(tORP+tBUF+tIOO(LVCMOS18)), from(O_16.OUT), to(O_16.PAD)
MOD: delay(124 124), type(tPDi), from(O_16 ), to(O_16.OUT)
MOD: delay(175 175), type(tORP+tBUF+tIOO(LVCMOS33)), from(O_15.OUT), to(O_15.PAD)
MOD: delay(124 124), type(tPDi), from(O_15 ), to(O_15.OUT)
MOD: delay(155 155), type(tORP+tBUF+tIOO(LVCMOS18)), from(O_14.OUT), to(O_14.PAD)
MOD: delay(124 124), type(tPDi), from(O_14 ), to(O_14.OUT)
MOD: delay(175 175), type(tORP+tBUF+tIOO(LVCMOS33)), from(O_13.OUT), to(O_13.PAD)
MOD: delay(124 124), type(tPDi), from(O_13 ), to(O_13.OUT)
MOD: delay(175 175), type(tORP+tBUF+tIOO(LVCMOS33)), from(O_12.OUT), to(O_12.PAD)
MOD: delay(124 124), type(tPDi), from(O_12 ), to(O_12.OUT)
MOD: delay(155 155), type(tORP+tBUF+tIOO(LVCMOS18)), from(O_11.OUT), to(O_11.PAD)
MOD: delay(124 124), type(tPDi), from(O_11 ), to(O_11.OUT)
MOD: delay(155 155), type(tORP+tBUF+tIOO(LVCMOS18)), from(O_10.OUT), to(O_10.PAD)
MOD: delay(124 124), type(tPDi), from(O_10 ), to(O_10.OUT)
MOD: delay(175 175), type(tORP+tBUF+tIOO(LVCMOS33)), from(O_9.OUT), to(O_9.PAD)
MOD: delay(124 124), type(tPDi), from(O_9 ), to(O_9.OUT)
MOD: delay(155 155), type(tORP+tBUF+tIOO(LVCMOS18)), from(O_8.OUT), to(O_8.PAD)
MOD: delay(124 124), type(tPDi), from(O_8 ), to(O_8.OUT)
MOD: delay(175 175), type(tORP+tBUF+tIOO(LVCMOS33)), from(O_7.OUT), to(O_7.PAD)
MOD: delay(124 124), type(tPDi), from(O_7 ), to(O_7.OUT)
MOD: delay(175 175), type(tORP+tBUF+tIOO(LVCMOS33)), from(O_6.OUT), to(O_6.PAD)
MOD: delay(124 124), type(tPDi), from(O_6 ), to(O_6.OUT)
MOD: delay(155 155), type(tORP+tBUF+tIOO(LVCMOS18)), from(O_5.OUT), to(O_5.PAD)
MOD: delay(124 124), type(tPDi), from(O_5 ), to(O_5.OUT)
MOD: delay(155 155), type(tORP+tBUF+tIOO(LVCMOS18)), from(O_4.OUT), to(O_4.PAD)
MOD: delay(124 124), type(tPDi), from(O_4 ), to(O_4.OUT)
MOD: delay(175 175), type(tORP+tBUF+tIOO(LVCMOS33)), from(O_3.OUT), to(O_3.PAD)
MOD: delay(124 124), type(tPDi), from(O_3 ), to(O_3.OUT)
MOD: delay(155 155), type(tORP+tBUF+tIOO(LVCMOS18)), from(O_2.OUT), to(O_2.PAD)
MOD: delay(124 124), type(tPDi), from(O_2 ), to(O_2.OUT)
MOD: delay(175 175), type(tORP+tBUF+tIOO(LVCMOS33)), from(O_1.OUT), to(O_1.PAD)
MOD: delay(124 124), type(tPDi), from(O_1 ), to(O_1.OUT)
MOD: delay(175 175), type(tORP+tBUF+tIOO(LVCMOS33)), from(O_0.OUT), to(O_0.PAD)
MOD: delay(124 124), type(tPDi), from(O_0 ), to(O_0.OUT)
NET: delay(521 521), type(tIN+tIOI(LVCMOS18)+tROUTE+tMCELL), from(I_0.PAD), to(O_0 )
NET: delay(521 521), type(tIN+tIOI(LVCMOS18)+tROUTE+tMCELL), from(I_29.PAD), to(O_29 )
NET: delay(521 521), type(tIN+tIOI(LVCMOS18)+tROUTE+tMCELL), from(I_28.PAD), to(O_28 )
NET: delay(521 521), type(tIN+tIOI(LVCMOS18)+tROUTE+tMCELL), from(I_27.PAD), to(O_27 )
NET: delay(521 521), type(tIN+tIOI(LVCMOS18)+tROUTE+tMCELL), from(I_26.PAD), to(O_26 )
NET: delay(521 521), type(tIN+tIOI(LVCMOS18)+tROUTE+tMCELL), from(I_25.PAD), to(O_25 )
NET: delay(521 521), type(tIN+tIOI(LVCMOS18)+tROUTE+tMCELL), from(I_24.PAD), to(O_24 )
NET: delay(521 521), type(tIN+tIOI(LVCMOS18)+tROUTE+tMCELL), from(I_23.PAD), to(O_23 )
NET: delay(521 521), type(tIN+tIOI(LVCMOS18)+tROUTE+tMCELL), from(I_22.PAD), to(O_22 )
NET: delay(521 521), type(tIN+tIOI(LVCMOS18)+tROUTE+tMCELL), from(I_21.PAD), to(O_21 )
NET: delay(521 521), type(tIN+tIOI(LVCMOS18)+tROUTE+tMCELL), from(I_20.PAD), to(O_20 )
NET: delay(521 521), type(tIN+tIOI(LVCMOS18)+tROUTE+tMCELL), from(I_19.PAD), to(O_19 )
NET: delay(521 521), type(tIN+tIOI(LVCMOS18)+tROUTE+tMCELL), from(I_18.PAD), to(O_18 )
NET: delay(581 581), type(tIN+tIOI(LVCMOS33)+tROUTE+tMCELL), from(I_17.PAD), to(O_17 )
NET: delay(581 581), type(tIN+tIOI(LVCMOS33)+tROUTE+tMCELL), from(I_16.PAD), to(O_16 )
NET: delay(521 521), type(tIN+tIOI(LVCMOS18)+tROUTE+tMCELL), from(I_15.PAD), to(O_15 )
NET: delay(581 581), type(tIN+tIOI(LVCMOS33)+tROUTE+tMCELL), from(I_14.PAD), to(O_14 )
NET: delay(521 521), type(tIN+tIOI(LVCMOS18)+tROUTE+tMCELL), from(I_13.PAD), to(O_13 )
NET: delay(521 521), type(tIN+tIOI(LVCMOS18)+tROUTE+tMCELL), from(I_12.PAD), to(O_12 )
NET: delay(581 581), type(tIN+tIOI(LVCMOS33)+tROUTE+tMCELL), from(I_11.PAD), to(O_11 )
NET: delay(581 581), type(tIN+tIOI(LVCMOS33)+tROUTE+tMCELL), from(I_10.PAD), to(O_10 )
NET: delay(521 521), type(tIN+tIOI(LVCMOS18)+tROUTE+tMCELL), from(I_7.PAD), to(O_7 )
NET: delay(521 521), type(tIN+tIOI(LVCMOS18)+tROUTE+tMCELL), from(I_6.PAD), to(O_6 )
NET: delay(581 581), type(tIN+tIOI(LVCMOS33)+tROUTE+tMCELL), from(I_8.PAD), to(O_8 )
NET: delay(581 581), type(tIN+tIOI(LVCMOS33)+tROUTE+tMCELL), from(I_2.PAD), to(O_2 )
NET: delay(521 521), type(tIN+tIOI(LVCMOS18)+tROUTE+tMCELL), from(I_9.PAD), to(O_9 )
NET: delay(581 581), type(tIN+tIOI(LVCMOS33)+tROUTE+tMCELL), from(I_5.PAD), to(O_5 )
NET: delay(581 581), type(tIN+tIOI(LVCMOS33)+tROUTE+tMCELL), from(I_4.PAD), to(O_4 )
NET: delay(521 521), type(tIN+tIOI(LVCMOS18)+tROUTE+tMCELL), from(I_3.PAD), to(O_3 )
NET: delay(521 521), type(tIN+tIOI(LVCMOS18)+tROUTE+tMCELL), from(I_1.PAD), to(O_1 )

Timer ended.
Timer started ...
MOD: delay(175 175), type(tORP+tBUF+tIOO(LVCMOS33)), from(O_29.OUT), to(O_29.PAD)
MOD: delay(124 124), type(tPDi), from(O_29 ), to(O_29.OUT)
MOD: delay(175 175), type(tORP+tBUF+tIOO(LVCMOS33)), from(O_28.OUT), to(O_28.PAD)
MOD: delay(124 124), type(tPDi), from(O_28 ), to(O_28.OUT)
MOD: delay(175 175), type(tORP+tBUF+tIOO(LVCMOS33)), from(O_27.OUT), to(O_27.PAD)
MOD: delay(124 124), type(tPDi), from(O_27 ), to(O_27.OUT)
MOD: delay(175 175), type(tORP+tBUF+tIOO(LVCMOS33)), from(O_26.OUT), to(O_26.PAD)
MOD: delay(124 124), type(tPDi), from(O_26 ), to(O_26.OUT)
MOD: delay(175 175), type(tORP+tBUF+tIOO(LVCMOS33)), from(O_25.OUT), to(O_25.PAD)
MOD: delay(124 124), type(tPDi), from(O_25 ), to(O_25.OUT)
MOD: delay(175 175), type(tORP+tBUF+tIOO(LVCMOS33)), from(O_24.OUT), to(O_24.PAD)
MOD: delay(124 124), type(tPDi), from(O_24 ), to(O_24.OUT)
MOD: delay(175 175), type(tORP+tBUF+tIOO(LVCMOS33)), from(O_23.OUT), to(O_23.PAD)
MOD: delay(124 124), type(tPDi), from(O_23 ), to(O_23.OUT)
MOD: delay(175 175), type(tORP+tBUF+tIOO(LVCMOS33)), from(O_22.OUT), to(O_22.PAD)
MOD: delay(124 124), type(tPDi), from(O_22 ), to(O_22.OUT)
MOD: delay(175 175), type(tORP+tBUF+tIOO(LVCMOS33)), from(O_21.OUT), to(O_21.PAD)
MOD: delay(124 124), type(tPDi), from(O_21 ), to(O_21.OUT)
MOD: delay(175 175), type(tORP+tBUF+tIOO(LVCMOS33)), from(O_20.OUT), to(O_20.PAD)
MOD: delay(124 124), type(tPDi), from(O_20 ), to(O_20.OUT)
MOD: delay(175 175), type(tORP+tBUF+tIOO(LVCMOS33)), from(O_19.OUT), to(O_19.PAD)
MOD: delay(124 124), type(tPDi), from(O_19 ), to(O_19.OUT)
MOD: delay(175 175), type(tORP+tBUF+tIOO(LVCMOS33)), from(O_18.OUT), to(O_18.PAD)
MOD: delay(124 124), type(tPDi), from(O_18 ), to(O_18.OUT)
MOD: delay(155 155), type(tORP+tBUF+tIOO(LVCMOS18)), from(O_17.OUT), to(O_17.PAD)
MOD: delay(124 124), type(tPDi), from(O_17 ), to(O_17.OUT)
MOD: delay(155 155), type(tORP+tBUF+tIOO(LVCMOS18)), from(O_16.OUT), to(O_16.PAD)
MOD: delay(124 124), type(tPDi), from(O_16 ), to(O_16.OUT)
MOD: delay(175 175), type(tORP+tBUF+tIOO(LVCMOS33)), from(O_15.OUT), to(O_15.PAD)
MOD: delay(124 124), type(tPDi), from(O_15 ), to(O_15.OUT)
MOD: delay(155 155), type(tORP+tBUF+tIOO(LVCMOS18)), from(O_14.OUT), to(O_14.PAD)
MOD: delay(124 124), type(tPDi), from(O_14 ), to(O_14.OUT)
MOD: delay(175 175), type(tORP+tBUF+tIOO(LVCMOS33)), from(O_13.OUT), to(O_13.PAD)
MOD: delay(124 124), type(tPDi), from(O_13 ), to(O_13.OUT)
MOD: delay(175 175), type(tORP+tBUF+tIOO(LVCMOS33)), from(O_12.OUT), to(O_12.PAD)
MOD: delay(124 124), type(tPDi), from(O_12 ), to(O_12.OUT)
MOD: delay(155 155), type(tORP+tBUF+tIOO(LVCMOS18)), from(O_11.OUT), to(O_11.PAD)
MOD: delay(124 124), type(tPDi), from(O_11 ), to(O_11.OUT)
MOD: delay(155 155), type(tORP+tBUF+tIOO(LVCMOS18)), from(O_10.OUT), to(O_10.PAD)
MOD: delay(124 124), type(tPDi), from(O_10 ), to(O_10.OUT)
MOD: delay(175 175), type(tORP+tBUF+tIOO(LVCMOS33)), from(O_9.OUT), to(O_9.PAD)
MOD: delay(124 124), type(tPDi), from(O_9 ), to(O_9.OUT)
MOD: delay(155 155), type(tORP+tBUF+tIOO(LVCMOS18)), from(O_8.OUT), to(O_8.PAD)
MOD: delay(124 124), type(tPDi), from(O_8 ), to(O_8.OUT)
MOD: delay(175 175), type(tORP+tBUF+tIOO(LVCMOS33)), from(O_7.OUT), to(O_7.PAD)
MOD: delay(124 124), type(tPDi), from(O_7 ), to(O_7.OUT)
MOD: delay(175 175), type(tORP+tBUF+tIOO(LVCMOS33)), from(O_6.OUT), to(O_6.PAD)
MOD: delay(124 124), type(tPDi), from(O_6 ), to(O_6.OUT)
MOD: delay(155 155), type(tORP+tBUF+tIOO(LVCMOS18)), from(O_5.OUT), to(O_5.PAD)
MOD: delay(124 124), type(tPDi), from(O_5 ), to(O_5.OUT)
MOD: delay(155 155), type(tORP+tBUF+tIOO(LVCMOS18)), from(O_4.OUT), to(O_4.PAD)
MOD: delay(124 124), type(tPDi), from(O_4 ), to(O_4.OUT)
MOD: delay(175 175), type(tORP+tBUF+tIOO(LVCMOS33)), from(O_3.OUT), to(O_3.PAD)
MOD: delay(124 124), type(tPDi), from(O_3 ), to(O_3.OUT)
MOD: delay(155 155), type(tORP+tBUF+tIOO(LVCMOS18)), from(O_2.OUT), to(O_2.PAD)
MOD: delay(124 124), type(tPDi), from(O_2 ), to(O_2.OUT)
MOD: delay(175 175), type(tORP+tBUF+tIOO(LVCMOS33)), from(O_1.OUT), to(O_1.PAD)
MOD: delay(124 124), type(tPDi), from(O_1 ), to(O_1.OUT)
MOD: delay(175 175), type(tORP+tBUF+tIOO(LVCMOS33)), from(O_0.OUT), to(O_0.PAD)
MOD: delay(124 124), type(tPDi), from(O_0 ), to(O_0.OUT)
NET: delay(521 521), type(tIN+tIOI(LVCMOS18)+tROUTE+tMCELL), from(I_0.PAD), to(O_0 )
NET: delay(521 521), type(tIN+tIOI(LVCMOS18)+tROUTE+tMCELL), from(I_29.PAD), to(O_29 )
NET: delay(521 521), type(tIN+tIOI(LVCMOS18)+tROUTE+tMCELL), from(I_28.PAD), to(O_28 )
NET: delay(521 521), type(tIN+tIOI(LVCMOS18)+tROUTE+tMCELL), from(I_27.PAD), to(O_27 )
NET: delay(521 521), type(tIN+tIOI(LVCMOS18)+tROUTE+tMCELL), from(I_26.PAD), to(O_26 )
NET: delay(521 521), type(tIN+tIOI(LVCMOS18)+tROUTE+tMCELL), from(I_25.PAD), to(O_25 )
NET: delay(521 521), type(tIN+tIOI(LVCMOS18)+tROUTE+tMCELL), from(I_24.PAD), to(O_24 )
NET: delay(521 521), type(tIN+tIOI(LVCMOS18)+tROUTE+tMCELL), from(I_23.PAD), to(O_23 )
NET: delay(521 521), type(tIN+tIOI(LVCMOS18)+tROUTE+tMCELL), from(I_22.PAD), to(O_22 )
NET: delay(521 521), type(tIN+tIOI(LVCMOS18)+tROUTE+tMCELL), from(I_21.PAD), to(O_21 )
NET: delay(521 521), type(tIN+tIOI(LVCMOS18)+tROUTE+tMCELL), from(I_20.PAD), to(O_20 )
NET: delay(521 521), type(tIN+tIOI(LVCMOS18)+tROUTE+tMCELL), from(I_19.PAD), to(O_19 )
NET: delay(521 521), type(tIN+tIOI(LVCMOS18)+tROUTE+tMCELL), from(I_18.PAD), to(O_18 )
NET: delay(581 581), type(tIN+tIOI(LVCMOS33)+tROUTE+tMCELL), from(I_17.PAD), to(O_17 )
NET: delay(581 581), type(tIN+tIOI(LVCMOS33)+tROUTE+tMCELL), from(I_16.PAD), to(O_16 )
NET: delay(521 521), type(tIN+tIOI(LVCMOS18)+tROUTE+tMCELL), from(I_15.PAD), to(O_15 )
NET: delay(581 581), type(tIN+tIOI(LVCMOS33)+tROUTE+tMCELL), from(I_14.PAD), to(O_14 )
NET: delay(521 521), type(tIN+tIOI(LVCMOS18)+tROUTE+tMCELL), from(I_13.PAD), to(O_13 )
NET: delay(521 521), type(tIN+tIOI(LVCMOS18)+tROUTE+tMCELL), from(I_12.PAD), to(O_12 )
NET: delay(581 581), type(tIN+tIOI(LVCMOS33)+tROUTE+tMCELL), from(I_11.PAD), to(O_11 )
NET: delay(581 581), type(tIN+tIOI(LVCMOS33)+tROUTE+tMCELL), from(I_10.PAD), to(O_10 )
NET: delay(521 521), type(tIN+tIOI(LVCMOS18)+tROUTE+tMCELL), from(I_7.PAD), to(O_7 )
NET: delay(521 521), type(tIN+tIOI(LVCMOS18)+tROUTE+tMCELL), from(I_6.PAD), to(O_6 )
NET: delay(581 581), type(tIN+tIOI(LVCMOS33)+tROUTE+tMCELL), from(I_8.PAD), to(O_8 )
NET: delay(581 581), type(tIN+tIOI(LVCMOS33)+tROUTE+tMCELL), from(I_2.PAD), to(O_2 )
NET: delay(521 521), type(tIN+tIOI(LVCMOS18)+tROUTE+tMCELL), from(I_9.PAD), to(O_9 )
NET: delay(581 581), type(tIN+tIOI(LVCMOS33)+tROUTE+tMCELL), from(I_5.PAD), to(O_5 )
NET: delay(581 581), type(tIN+tIOI(LVCMOS33)+tROUTE+tMCELL), from(I_4.PAD), to(O_4 )
NET: delay(521 521), type(tIN+tIOI(LVCMOS18)+tROUTE+tMCELL), from(I_3.PAD), to(O_3 )
NET: delay(521 521), type(tIN+tIOI(LVCMOS18)+tROUTE+tMCELL), from(I_1.PAD), to(O_1 )

Timer ended.

Timer ended.
