--------------------------------------------------------------------------------
Lattice Synthesis Timing Report, Version  
Thu Dec 05 11:34:39 2024

Copyright (c) 1991-1994 by NeoCAD Inc. All rights reserved.
Copyright (c) 1995 AT&T Corp.   All rights reserved.
Copyright (c) 1995-2001 Lucent Technologies Inc.  All rights reserved.
Copyright (c) 2001 Agere Systems   All rights reserved.
Copyright (c) 2002-2023 Lattice Semiconductor Corporation,  All rights reserved.

Report Information
------------------
Design:     Waiting_for_Powerbutton_pressed_V0
Constraint file:  
Report level:    verbose report, limited to 3 items per constraint
--------------------------------------------------------------------------------



================================================================================
Constraint: create_clock -period 1000.000000 -name clk0 [get_nets clk]
            2852 items scored, 0 timing errors detected.
--------------------------------------------------------------------------------


Passed:  The following path meets requirements by 986.980ns

 Logical Details:  Cell type  Pin type       Cell name  (clock net +/-)

   Source:         FD1P3IX    CK             counter__i20  (from clk +)
   Destination:    FD1P3IX    D              counter__i20  (to clk +)

   Delay:                  12.860ns  (28.3% logic, 71.7% route), 8 logic levels.

 Constraint Details:

     12.860ns data_path counter__i20 to counter__i20 meets
    1000.000ns delay constraint less
      0.160ns L_S requirement (totaling 999.840ns) by 986.980ns

 Path Details: counter__i20 to counter__i20

   Name    Fanout   Delay (ns)          Pins               Resource(Cell.Net)
L_CO        ---     0.444             CK to Q              counter__i20 (from clk)
Route         2   e 1.198                                  counter[20]
LUT4        ---     0.493              A to Z              i14_4_lut
Route         1   e 0.941                                  n36_adj_319
LUT4        ---     0.493              B to Z              i18_4_lut
Route         1   e 0.941                                  n40_adj_314
LUT4        ---     0.493              D to Z              i21_4_lut
Route        13   e 1.803                                  FPIO_isoCtrlRSTn_N_295
LUT4        ---     0.493              A to Z              next_state[2]_bdd_4_lut_1585
Route         1   e 0.020                                  n2451
MUXL5       ---     0.233           ALUT to Z              i1549
Route        14   e 1.807                                  n2453
LUT4        ---     0.493              B to Z              next_state[3]_bdd_2_lut_1560
Route         9   e 1.574                                  n1001
LUT4        ---     0.493              C to Z              mux_248_i21_4_lut
Route         1   e 0.941                                  n1004
                  --------
                   12.860  (28.3% logic, 71.7% route), 8 logic levels.


Passed:  The following path meets requirements by 986.980ns

 Logical Details:  Cell type  Pin type       Cell name  (clock net +/-)

   Source:         FD1P3IX    CK             counter__i20  (from clk +)
   Destination:    FD1P3IX    D              counter__i20  (to clk +)

   Delay:                  12.860ns  (28.3% logic, 71.7% route), 8 logic levels.

 Constraint Details:

     12.860ns data_path counter__i20 to counter__i20 meets
    1000.000ns delay constraint less
      0.160ns L_S requirement (totaling 999.840ns) by 986.980ns

 Path Details: counter__i20 to counter__i20

   Name    Fanout   Delay (ns)          Pins               Resource(Cell.Net)
L_CO        ---     0.444             CK to Q              counter__i20 (from clk)
Route         2   e 1.198                                  counter[20]
LUT4        ---     0.493              A to Z              i14_4_lut
Route         1   e 0.941                                  n36_adj_319
LUT4        ---     0.493              B to Z              i18_4_lut
Route         1   e 0.941                                  n40_adj_314
LUT4        ---     0.493              D to Z              i21_4_lut
Route        13   e 1.803                                  FPIO_isoCtrlRSTn_N_295
LUT4        ---     0.493              A to Z              next_state[2]_bdd_2_lut_1588
Route         1   e 0.020                                  n2452
MUXL5       ---     0.233           BLUT to Z              i1549
Route        14   e 1.807                                  n2453
LUT4        ---     0.493              B to Z              next_state[3]_bdd_2_lut_1560
Route         9   e 1.574                                  n1001
LUT4        ---     0.493              C to Z              mux_248_i21_4_lut
Route         1   e 0.941                                  n1004
                  --------
                   12.860  (28.3% logic, 71.7% route), 8 logic levels.


Passed:  The following path meets requirements by 986.980ns

 Logical Details:  Cell type  Pin type       Cell name  (clock net +/-)

   Source:         FD1P3IX    CK             counter__i20  (from clk +)
   Destination:    FD1P3IX    D              counter__i19  (to clk +)

   Delay:                  12.860ns  (28.3% logic, 71.7% route), 8 logic levels.

 Constraint Details:

     12.860ns data_path counter__i20 to counter__i19 meets
    1000.000ns delay constraint less
      0.160ns L_S requirement (totaling 999.840ns) by 986.980ns

 Path Details: counter__i20 to counter__i19

   Name    Fanout   Delay (ns)          Pins               Resource(Cell.Net)
L_CO        ---     0.444             CK to Q              counter__i20 (from clk)
Route         2   e 1.198                                  counter[20]
LUT4        ---     0.493              A to Z              i14_4_lut
Route         1   e 0.941                                  n36_adj_319
LUT4        ---     0.493              B to Z              i18_4_lut
Route         1   e 0.941                                  n40_adj_314
LUT4        ---     0.493              D to Z              i21_4_lut
Route        13   e 1.803                                  FPIO_isoCtrlRSTn_N_295
LUT4        ---     0.493              A to Z              next_state[2]_bdd_2_lut_1588
Route         1   e 0.020                                  n2452
MUXL5       ---     0.233           BLUT to Z              i1549
Route        14   e 1.807                                  n2453
LUT4        ---     0.493              B to Z              next_state[3]_bdd_2_lut_1560
Route         9   e 1.574                                  n1001
LUT4        ---     0.493              C to Z              mux_248_i20_4_lut
Route         1   e 0.941                                  n1005
                  --------
                   12.860  (28.3% logic, 71.7% route), 8 logic levels.

Report: 13.020 ns is the maximum delay for this constraint.


Timing Report Summary
--------------
--------------------------------------------------------------------------------
Constraint                              |   Constraint|       Actual|Levels
--------------------------------------------------------------------------------
                                        |             |             |
create_clock -period 1000.000000 -name  |             |             |
clk0 [get_nets clk]                     |  1000.000 ns|    13.020 ns|     8  
                                        |             |             |
--------------------------------------------------------------------------------


All constraints were met.



Timing summary:
---------------

Timing errors: 0  Score: 0

Constraints cover  6168 paths, 339 nets, and 912 connections (95.2% coverage)


Peak memory: 83820544 bytes, TRCE: 3215360 bytes, DLYMAN: 0 bytes
CPU_TIME_REPORT: 0 secs 
