Flow report for I2C_Project
Wed Aug 01 18:14:31 2018
Quartus Prime Version 16.0.0 Build 211 04/27/2016 SJ Standard Edition


---------------------
; Table of Contents ;
---------------------
  1. Legal Notice
  2. Flow Summary
  3. Flow Settings
  4. Flow Non-Default Global Settings
  5. Flow Elapsed Time
  6. Flow OS Summary
  7. Flow Log
  8. Flow Messages
  9. Flow Suppressed Messages



----------------
; Legal Notice ;
----------------
Copyright (C) 1991-2016 Altera Corporation. All rights reserved.
Your use of Altera Corporation's design tools, logic functions 
and other software and tools, and its AMPP partner logic 
functions, and any output files from any of the foregoing 
(including device programming or simulation files), and any 
associated documentation or information are expressly subject 
to the terms and conditions of the Altera Program License 
Subscription Agreement, the Altera Quartus Prime License Agreement,
the Altera MegaCore Function License Agreement, or other 
applicable license agreement, including, without limitation, 
that your use is for the sole purpose of programming logic 
devices manufactured by Altera and sold by Altera or its 
authorized distributors.  Please refer to the applicable 
agreement for further details.



+-------------------------------------------------------------------------+
; Flow Summary                                                            ;
+-----------------------+-------------------------------------------------+
; Flow Status           ; Successful - Wed Aug 01 18:14:29 2018           ;
; Quartus Prime Version ; 16.0.0 Build 211 04/27/2016 SJ Standard Edition ;
; Revision Name         ; I2C_Project                                     ;
; Top-level Entity Name ; main                                            ;
; Family                ; MAX II                                          ;
; Device                ; EPM570T100C4                                    ;
; Timing Models         ; Final                                           ;
; Total logic elements  ; 93 / 570 ( 16 % )                               ;
; Total pins            ; 34 / 76 ( 45 % )                                ;
; Total virtual pins    ; 0                                               ;
; UFM blocks            ; 0 / 1 ( 0 % )                                   ;
+-----------------------+-------------------------------------------------+


+-----------------------------------------+
; Flow Settings                           ;
+-------------------+---------------------+
; Option            ; Setting             ;
+-------------------+---------------------+
; Start date & time ; 08/01/2018 18:14:13 ;
; Main task         ; Compilation         ;
; Revision Name     ; I2C_Project         ;
+-------------------+---------------------+


+----------------------------------------------------------------------------------------------------+
; Flow Non-Default Global Settings                                                                   ;
+------------------------+--------------------------------+---------------+-------------+------------+
; Assignment Name        ; Value                          ; Default Value ; Entity Name ; Section Id ;
+------------------------+--------------------------------+---------------+-------------+------------+
; COMPILER_SIGNATURE_ID  ; 18005768079794.153316165309036 ; --            ; --          ; --         ;
; MAX_CORE_JUNCTION_TEMP ; 85                             ; --            ; --          ; --         ;
; MIN_CORE_JUNCTION_TEMP ; 0                              ; --            ; --          ; --         ;
; TOP_LEVEL_ENTITY       ; main                           ; I2C_Project   ; --          ; --         ;
+------------------------+--------------------------------+---------------+-------------+------------+


+-------------------------------------------------------------------------------------------------------------------------------+
; Flow Elapsed Time                                                                                                             ;
+---------------------------+--------------+-------------------------+---------------------+------------------------------------+
; Module Name               ; Elapsed Time ; Average Processors Used ; Peak Virtual Memory ; Total CPU Time (on all processors) ;
+---------------------------+--------------+-------------------------+---------------------+------------------------------------+
; Analysis & Synthesis      ; 00:00:12     ; 1.0                     ; 819 MB              ; 00:00:25                           ;
; Fitter                    ; 00:00:01     ; 1.0                     ; 1365 MB             ; 00:00:02                           ;
; Assembler                 ; 00:00:01     ; 1.0                     ; 710 MB              ; 00:00:01                           ;
; TimeQuest Timing Analyzer ; 00:00:01     ; 1.0                     ; 747 MB              ; 00:00:01                           ;
; Total                     ; 00:00:15     ; --                      ; --                  ; 00:00:29                           ;
+---------------------------+--------------+-------------------------+---------------------+------------------------------------+


+----------------------------------------------------------------------------------------+
; Flow OS Summary                                                                        ;
+---------------------------+------------------+-----------+------------+----------------+
; Module Name               ; Machine Hostname ; OS Name   ; OS Version ; Processor type ;
+---------------------------+------------------+-----------+------------+----------------+
; Analysis & Synthesis      ; LAB_EDP-PC       ; Windows 7 ; 6.1        ; x86_64         ;
; Fitter                    ; LAB_EDP-PC       ; Windows 7 ; 6.1        ; x86_64         ;
; Assembler                 ; LAB_EDP-PC       ; Windows 7 ; 6.1        ; x86_64         ;
; TimeQuest Timing Analyzer ; LAB_EDP-PC       ; Windows 7 ; 6.1        ; x86_64         ;
+---------------------------+------------------+-----------+------------+----------------+


------------
; Flow Log ;
------------
quartus_map --read_settings_files=on --write_settings_files=off I2C_Project -c I2C_Project
quartus_fit --read_settings_files=off --write_settings_files=off I2C_Project -c I2C_Project
quartus_asm --read_settings_files=off --write_settings_files=off I2C_Project -c I2C_Project
quartus_sta I2C_Project -c I2C_Project



