Analysis & Synthesis report for I2C_Project
Wed Aug 01 18:14:25 2018
Quartus Prime Version 16.0.0 Build 211 04/27/2016 SJ Standard Edition


---------------------
; Table of Contents ;
---------------------
  1. Legal Notice
  2. Analysis & Synthesis Summary
  3. Analysis & Synthesis Settings
  4. Parallel Compilation
  5. Analysis & Synthesis Source Files Read
  6. Analysis & Synthesis Resource Usage Summary
  7. Analysis & Synthesis Resource Utilization by Entity
  8. State Machine - |main|i2c_slave:I2C_slave_0|state
  9. Registers Removed During Synthesis
 10. General Register Statistics
 11. Inverted Register Statistics
 12. Multiplexer Restructuring Statistics (Restructuring Performed)
 13. Parameter Settings for User Entity Instance: i2c_slave:I2C_slave_0
 14. Port Connectivity Checks: "i2c_slave:I2C_slave_0"
 15. Analysis & Synthesis Messages



----------------
; Legal Notice ;
----------------
Copyright (C) 1991-2016 Altera Corporation. All rights reserved.
Your use of Altera Corporation's design tools, logic functions 
and other software and tools, and its AMPP partner logic 
functions, and any output files from any of the foregoing 
(including device programming or simulation files), and any 
associated documentation or information are expressly subject 
to the terms and conditions of the Altera Program License 
Subscription Agreement, the Altera Quartus Prime License Agreement,
the Altera MegaCore Function License Agreement, or other 
applicable license agreement, including, without limitation, 
that your use is for the sole purpose of programming logic 
devices manufactured by Altera and sold by Altera or its 
authorized distributors.  Please refer to the applicable 
agreement for further details.



+-------------------------------------------------------------------------------+
; Analysis & Synthesis Summary                                                  ;
+-----------------------------+-------------------------------------------------+
; Analysis & Synthesis Status ; Successful - Wed Aug 01 18:14:25 2018           ;
; Quartus Prime Version       ; 16.0.0 Build 211 04/27/2016 SJ Standard Edition ;
; Revision Name               ; I2C_Project                                     ;
; Top-level Entity Name       ; main                                            ;
; Family                      ; MAX II                                          ;
; Total logic elements        ; 94                                              ;
; Total pins                  ; 34                                              ;
; Total virtual pins          ; 0                                               ;
; UFM blocks                  ; 0 / 1 ( 0 % )                                   ;
+-----------------------------+-------------------------------------------------+


+----------------------------------------------------------------------------------------------------------------------+
; Analysis & Synthesis Settings                                                                                        ;
+----------------------------------------------------------------------------+--------------------+--------------------+
; Option                                                                     ; Setting            ; Default Value      ;
+----------------------------------------------------------------------------+--------------------+--------------------+
; Device                                                                     ; EPM570T100C4       ;                    ;
; Top-level entity name                                                      ; main               ; I2C_Project        ;
; Family name                                                                ; MAX II             ; Cyclone V          ;
; Use smart compilation                                                      ; Off                ; Off                ;
; Enable parallel Assembler and TimeQuest Timing Analyzer during compilation ; On                 ; On                 ;
; Enable compact report table                                                ; Off                ; Off                ;
; Restructure Multiplexers                                                   ; Auto               ; Auto               ;
; Create Debugging Nodes for IP Cores                                        ; Off                ; Off                ;
; Preserve fewer node names                                                  ; On                 ; On                 ;
; Disable OpenCore Plus hardware evaluation                                  ; Off                ; Off                ;
; Verilog Version                                                            ; Verilog_2001       ; Verilog_2001       ;
; VHDL Version                                                               ; VHDL_1993          ; VHDL_1993          ;
; State Machine Processing                                                   ; Auto               ; Auto               ;
; Safe State Machine                                                         ; Off                ; Off                ;
; Extract Verilog State Machines                                             ; On                 ; On                 ;
; Extract VHDL State Machines                                                ; On                 ; On                 ;
; Ignore Verilog initial constructs                                          ; Off                ; Off                ;
; Iteration limit for constant Verilog loops                                 ; 5000               ; 5000               ;
; Iteration limit for non-constant Verilog loops                             ; 250                ; 250                ;
; Add Pass-Through Logic to Inferred RAMs                                    ; On                 ; On                 ;
; Infer RAMs from Raw Logic                                                  ; On                 ; On                 ;
; Parallel Synthesis                                                         ; On                 ; On                 ;
; NOT Gate Push-Back                                                         ; On                 ; On                 ;
; Power-Up Don't Care                                                        ; On                 ; On                 ;
; Remove Redundant Logic Cells                                               ; Off                ; Off                ;
; Remove Duplicate Registers                                                 ; On                 ; On                 ;
; Ignore CARRY Buffers                                                       ; Off                ; Off                ;
; Ignore CASCADE Buffers                                                     ; Off                ; Off                ;
; Ignore GLOBAL Buffers                                                      ; Off                ; Off                ;
; Ignore ROW GLOBAL Buffers                                                  ; Off                ; Off                ;
; Ignore LCELL Buffers                                                       ; Off                ; Off                ;
; Ignore SOFT Buffers                                                        ; On                 ; On                 ;
; Limit AHDL Integers to 32 Bits                                             ; Off                ; Off                ;
; Optimization Technique                                                     ; Balanced           ; Balanced           ;
; Carry Chain Length                                                         ; 70                 ; 70                 ;
; Auto Carry Chains                                                          ; On                 ; On                 ;
; Auto Open-Drain Pins                                                       ; On                 ; On                 ;
; Perform WYSIWYG Primitive Resynthesis                                      ; Off                ; Off                ;
; Auto Shift Register Replacement                                            ; Auto               ; Auto               ;
; Allow Shift Register Merging across Hierarchies                            ; Auto               ; Auto               ;
; Auto Clock Enable Replacement                                              ; On                 ; On                 ;
; Allow Synchronous Control Signals                                          ; On                 ; On                 ;
; Force Use of Synchronous Clear Signals                                     ; Off                ; Off                ;
; Auto Resource Sharing                                                      ; Off                ; Off                ;
; Use LogicLock Constraints during Resource Balancing                        ; On                 ; On                 ;
; Ignore translate_off and synthesis_off directives                          ; Off                ; Off                ;
; Report Parameter Settings                                                  ; On                 ; On                 ;
; Report Source Assignments                                                  ; On                 ; On                 ;
; Report Connectivity Checks                                                 ; On                 ; On                 ;
; Ignore Maximum Fan-Out Assignments                                         ; Off                ; Off                ;
; Synchronization Register Chain Length                                      ; 2                  ; 2                  ;
; PowerPlay Power Optimization During Synthesis                              ; Normal compilation ; Normal compilation ;
; HDL message level                                                          ; Level2             ; Level2             ;
; Suppress Register Optimization Related Messages                            ; Off                ; Off                ;
; Number of Removed Registers Reported in Synthesis Report                   ; 5000               ; 5000               ;
; Number of Swept Nodes Reported in Synthesis Report                         ; 5000               ; 5000               ;
; Number of Inverted Registers Reported in Synthesis Report                  ; 100                ; 100                ;
; Clock MUX Protection                                                       ; On                 ; On                 ;
; Block Design Naming                                                        ; Auto               ; Auto               ;
; Synthesis Effort                                                           ; Auto               ; Auto               ;
; Shift Register Replacement - Allow Asynchronous Clear Signal               ; On                 ; On                 ;
; Analysis & Synthesis Message Level                                         ; Medium             ; Medium             ;
; Disable Register Merging Across Hierarchies                                ; Auto               ; Auto               ;
; Synthesis Seed                                                             ; 1                  ; 1                  ;
+----------------------------------------------------------------------------+--------------------+--------------------+


+------------------------------------------+
; Parallel Compilation                     ;
+----------------------------+-------------+
; Processors                 ; Number      ;
+----------------------------+-------------+
; Number detected on machine ; 4           ;
; Maximum allowed            ; 4           ;
;                            ;             ;
; Average used               ; 1.00        ;
; Maximum used               ; 1           ;
;                            ;             ;
; Usage by Processor         ; % Time Used ;
;     Processor 1            ; 100.0%      ;
+----------------------------+-------------+


+---------------------------------------------------------------------------------------------------------------------------------+
; Analysis & Synthesis Source Files Read                                                                                          ;
+----------------------------------+-----------------+-----------------------+------------------------------------------+---------+
; File Name with User-Entered Path ; Used in Netlist ; File Type             ; File Name with Absolute Path             ; Library ;
+----------------------------------+-----------------+-----------------------+------------------------------------------+---------+
; main.vhd                         ; yes             ; User VHDL File        ; C:/Users/David/Desktop/I2C/main.vhd      ;         ;
; i2c_slave.vhd                    ; yes             ; Auto-Found VHDL File  ; C:/Users/David/Desktop/I2C/i2c_slave.vhd ;         ;
+----------------------------------+-----------------+-----------------------+------------------------------------------+---------+


+-----------------------------------------------------+
; Analysis & Synthesis Resource Usage Summary         ;
+---------------------------------------------+-------+
; Resource                                    ; Usage ;
+---------------------------------------------+-------+
; Total logic elements                        ; 94    ;
;     -- Combinational with no register       ; 53    ;
;     -- Register only                        ; 3     ;
;     -- Combinational with a register        ; 38    ;
;                                             ;       ;
; Logic element usage by number of LUT inputs ;       ;
;     -- 4 input functions                    ; 58    ;
;     -- 3 input functions                    ; 22    ;
;     -- 2 input functions                    ; 9     ;
;     -- 1 input functions                    ; 2     ;
;     -- 0 input functions                    ; 0     ;
;                                             ;       ;
; Logic elements by mode                      ;       ;
;     -- normal mode                          ; 94    ;
;     -- arithmetic mode                      ; 0     ;
;     -- qfbk mode                            ; 0     ;
;     -- register cascade mode                ; 0     ;
;     -- synchronous clear/load mode          ; 1     ;
;     -- asynchronous clear/load mode         ; 0     ;
;                                             ;       ;
; Total registers                             ; 41    ;
; I/O pins                                    ; 34    ;
; Maximum fan-out node                        ; clock ;
; Maximum fan-out                             ; 41    ;
; Total fan-out                               ; 376   ;
; Average fan-out                             ; 2.94  ;
+---------------------------------------------+-------+


+--------------------------------------------------------------------------------------------------------------------------------------------------------------------------------------------------------------------------------------------+
; Analysis & Synthesis Resource Utilization by Entity                                                                                                                                                                                        ;
+----------------------------+-------------+--------------+------------+------+--------------+--------------+-------------------+------------------+-----------------+------------+-----------------------------+-------------+--------------+
; Compilation Hierarchy Node ; Logic Cells ; LC Registers ; UFM Blocks ; Pins ; Virtual Pins ; LUT-Only LCs ; Register-Only LCs ; LUT/Register LCs ; Carry Chain LCs ; Packed LCs ; Full Hierarchy Name         ; Entity Name ; Library Name ;
+----------------------------+-------------+--------------+------------+------+--------------+--------------+-------------------+------------------+-----------------+------------+-----------------------------+-------------+--------------+
; |main                      ; 94 (0)      ; 41           ; 0          ; 34   ; 0            ; 53 (0)       ; 3 (0)             ; 38 (0)           ; 0 (0)           ; 0 (0)      ; |main                       ; main        ; work         ;
;    |i2c_slave:I2C_slave_0| ; 94 (94)     ; 41           ; 0          ; 0    ; 0            ; 53 (53)      ; 3 (3)             ; 38 (38)          ; 0 (0)           ; 0 (0)      ; |main|i2c_slave:I2C_slave_0 ; i2c_slave   ; work         ;
+----------------------------+-------------+--------------+------------+------+--------------+--------------+-------------------+------------------+-----------------+------------+-----------------------------+-------------+--------------+
Note: For table entries with two numbers listed, the numbers in parentheses indicate the number of resources of the given type used by the specific entity alone. The numbers listed outside of parentheses indicate the total resources of the given type used by the specific entity and all of its sub-entities in the hierarchy.


Encoding Type:  One-Hot
+--------------------------------------------------------------------------------------------------------------------------------------------------------------------+
; State Machine - |main|i2c_slave:I2C_slave_0|state                                                                                                                  ;
+--------------------+-----------------+------------------+------------------+----------------+-----------------+------------------+--------------------+------------+
; Name               ; state.WAIT_STOP ; state.WAIT_ACK_2 ; state.WAIT_ACK_1 ; state.READ_CMD ; state.WRITE_CMD ; state.SEND_ACK_1 ; state.READ_ADDRESS ; state.IDLE ;
+--------------------+-----------------+------------------+------------------+----------------+-----------------+------------------+--------------------+------------+
; state.IDLE         ; 0               ; 0                ; 0                ; 0              ; 0               ; 0                ; 0                  ; 0          ;
; state.READ_ADDRESS ; 0               ; 0                ; 0                ; 0              ; 0               ; 0                ; 1                  ; 1          ;
; state.SEND_ACK_1   ; 0               ; 0                ; 0                ; 0              ; 0               ; 1                ; 0                  ; 1          ;
; state.WRITE_CMD    ; 0               ; 0                ; 0                ; 0              ; 1               ; 0                ; 0                  ; 1          ;
; state.READ_CMD     ; 0               ; 0                ; 0                ; 1              ; 0               ; 0                ; 0                  ; 1          ;
; state.WAIT_ACK_1   ; 0               ; 0                ; 1                ; 0              ; 0               ; 0                ; 0                  ; 1          ;
; state.WAIT_ACK_2   ; 0               ; 1                ; 0                ; 0              ; 0               ; 0                ; 0                  ; 1          ;
; state.WAIT_STOP    ; 1               ; 0                ; 0                ; 0              ; 0               ; 0                ; 0                  ; 1          ;
+--------------------+-----------------+------------------+------------------+----------------+-----------------+------------------+--------------------+------------+


+-----------------------------------------------------------------------------------------------+
; Registers Removed During Synthesis                                                            ;
+--------------------------------------------+--------------------------------------------------+
; Register name                              ; Reason for Removal                               ;
+--------------------------------------------+--------------------------------------------------+
; i2c_slave:I2C_slave_0|tx_byte_buf[1,3,5,7] ; Merged with i2c_slave:I2C_slave_0|tx_byte_buf[0] ;
; i2c_slave:I2C_slave_0|tx_byte_buf[4,6]     ; Merged with i2c_slave:I2C_slave_0|tx_byte_buf[2] ;
; i2c_slave:I2C_slave_0|tx_byte_buf[0]       ; Stuck at GND due to stuck port data_in           ;
; Total Number of Removed Registers = 7      ;                                                  ;
+--------------------------------------------+--------------------------------------------------+


+------------------------------------------------------+
; General Register Statistics                          ;
+----------------------------------------------+-------+
; Statistic                                    ; Value ;
+----------------------------------------------+-------+
; Total registers                              ; 41    ;
; Number of registers using Synchronous Clear  ; 1     ;
; Number of registers using Synchronous Load   ; 0     ;
; Number of registers using Asynchronous Clear ; 0     ;
; Number of registers using Asynchronous Load  ; 0     ;
; Number of registers using Clock Enable       ; 0     ;
; Number of registers using Preset             ; 0     ;
+----------------------------------------------+-------+


+--------------------------------------------------+
; Inverted Register Statistics                     ;
+----------------------------------------+---------+
; Inverted Register                      ; Fan out ;
+----------------------------------------+---------+
; i2c_slave:I2C_slave_0|sda_d            ; 20      ;
; i2c_slave:I2C_slave_0|scl_d2           ; 4       ;
; i2c_slave:I2C_slave_0|scl_d            ; 5       ;
; i2c_slave:I2C_slave_0|sda_d2           ; 2       ;
; Total number of inverted registers = 4 ;         ;
+----------------------------------------+---------+


+----------------------------------------------------------------------------------------------------------------------------------------------------------+
; Multiplexer Restructuring Statistics (Restructuring Performed)                                                                                           ;
+--------------------+-----------+---------------+----------------------+------------------------+------------+--------------------------------------------+
; Multiplexer Inputs ; Bus Width ; Baseline Area ; Area if Restructured ; Saving if Restructured ; Registered ; Example Multiplexer Output                 ;
+--------------------+-----------+---------------+----------------------+------------------------+------------+--------------------------------------------+
; 5:1                ; 2 bits    ; 6 LEs         ; 0 LEs                ; 6 LEs                  ; Yes        ; |main|i2c_slave:I2C_slave_0|tx_byte_buf[0] ;
; 15:1               ; 4 bits    ; 40 LEs        ; 4 LEs                ; 36 LEs                 ; Yes        ; |main|i2c_slave:I2C_slave_0|bit_counter[0] ;
; 13:1               ; 3 bits    ; 24 LEs        ; 12 LEs               ; 12 LEs                 ; No         ; |main|i2c_slave:I2C_slave_0|state          ;
; 15:1               ; 2 bits    ; 20 LEs        ; 8 LEs                ; 12 LEs                 ; No         ; |main|i2c_slave:I2C_slave_0|state          ;
; 16:1               ; 2 bits    ; 20 LEs        ; 4 LEs                ; 16 LEs                 ; No         ; |main|i2c_slave:I2C_slave_0|state          ;
+--------------------+-----------+---------------+----------------------+------------------------+------------+--------------------------------------------+


+--------------------------------------------------------------------+
; Parameter Settings for User Entity Instance: i2c_slave:I2C_slave_0 ;
+----------------+---------+-----------------------------------------+
; Parameter Name ; Value   ; Type                                    ;
+----------------+---------+-----------------------------------------+
; slave_addr     ; 0010000 ; Unsigned Binary                         ;
+----------------+---------+-----------------------------------------+
Note: In order to hide this table in the UI and the text report file, please set the "Show Parameter Settings in Synthesis Report" option in "Analysis and Synthesis Settings -> More Settings" to "Off".


+-------------------------------------------------------------------------------------------------------------------------+
; Port Connectivity Checks: "i2c_slave:I2C_slave_0"                                                                       ;
+---------------+--------+----------+-------------------------------------------------------------------------------------+
; Port          ; Type   ; Severity ; Details                                                                             ;
+---------------+--------+----------+-------------------------------------------------------------------------------------+
; tx_done       ; Output ; Info     ; Connected to dangling logic. Logic that only feeds a dangling port will be removed. ;
; tx_byte[1..0] ; Input  ; Info     ; Stuck at GND                                                                        ;
; tx_byte[7]    ; Input  ; Info     ; Stuck at GND                                                                        ;
; tx_byte[6]    ; Input  ; Info     ; Stuck at VCC                                                                        ;
; tx_byte[5]    ; Input  ; Info     ; Stuck at GND                                                                        ;
; tx_byte[4]    ; Input  ; Info     ; Stuck at VCC                                                                        ;
; tx_byte[3]    ; Input  ; Info     ; Stuck at GND                                                                        ;
; tx_byte[2]    ; Input  ; Info     ; Stuck at VCC                                                                        ;
+---------------+--------+----------+-------------------------------------------------------------------------------------+


+-------------------------------+
; Analysis & Synthesis Messages ;
+-------------------------------+
Info: *******************************************************************
Info: Running Quartus Prime Analysis & Synthesis
    Info: Version 16.0.0 Build 211 04/27/2016 SJ Standard Edition
    Info: Processing started: Wed Aug 01 18:14:13 2018
Info: Command: quartus_map --read_settings_files=on --write_settings_files=off I2C_Project -c I2C_Project
Warning (18236): Number of processors has not been specified which may cause overloading on shared machines.  Set the global assignment NUM_PARALLEL_PROCESSORS in your QSF to an appropriate value for best performance.
Info (20030): Parallel compilation is enabled and will use 4 of the 4 processors detected
Info (12021): Found 2 design units, including 1 entities, in source file main.vhd
    Info (12022): Found design unit 1: main-logic File: C:/Users/David/Desktop/I2C/main.vhd Line: 61
    Info (12023): Found entity 1: main File: C:/Users/David/Desktop/I2C/main.vhd Line: 18
Info (12127): Elaborating entity "main" for the top level hierarchy
Warning (10036): Verilog HDL or VHDL warning at main.vhd(63): object "read_req_S" assigned a value but never read File: C:/Users/David/Desktop/I2C/main.vhd Line: 63
Warning (12125): Using design file i2c_slave.vhd, which is not specified as a design file for the current project, but contains definitions for 2 design units and 1 entities in project
    Info (12022): Found design unit 1: i2c_slave-i2c_slave File: C:/Users/David/Desktop/I2C/i2c_slave.vhd Line: 34
    Info (12023): Found entity 1: i2c_slave File: C:/Users/David/Desktop/I2C/i2c_slave.vhd Line: 9
Info (12128): Elaborating entity "i2c_slave" for hierarchy "i2c_slave:I2C_slave_0" File: C:/Users/David/Desktop/I2C/main.vhd Line: 99
Warning (13024): Output pins are stuck at VCC or GND
    Warning (13410): Pin "PWM9" is stuck at VCC File: C:/Users/David/Desktop/I2C/main.vhd Line: 32
    Warning (13410): Pin "PWM10" is stuck at VCC File: C:/Users/David/Desktop/I2C/main.vhd Line: 33
    Warning (13410): Pin "PWM11" is stuck at VCC File: C:/Users/David/Desktop/I2C/main.vhd Line: 34
    Warning (13410): Pin "PWM12" is stuck at VCC File: C:/Users/David/Desktop/I2C/main.vhd Line: 35
    Warning (13410): Pin "PWM14" is stuck at VCC File: C:/Users/David/Desktop/I2C/main.vhd Line: 37
    Warning (13410): Pin "PWM15" is stuck at VCC File: C:/Users/David/Desktop/I2C/main.vhd Line: 38
    Warning (13410): Pin "PWM16" is stuck at VCC File: C:/Users/David/Desktop/I2C/main.vhd Line: 39
    Warning (13410): Pin "PWM17" is stuck at VCC File: C:/Users/David/Desktop/I2C/main.vhd Line: 40
    Warning (13410): Pin "PWM18" is stuck at VCC File: C:/Users/David/Desktop/I2C/main.vhd Line: 41
    Warning (13410): Pin "PWM19" is stuck at VCC File: C:/Users/David/Desktop/I2C/main.vhd Line: 42
    Warning (13410): Pin "PWM20" is stuck at VCC File: C:/Users/David/Desktop/I2C/main.vhd Line: 43
    Warning (13410): Pin "PWM21" is stuck at VCC File: C:/Users/David/Desktop/I2C/main.vhd Line: 44
    Warning (13410): Pin "PWM22" is stuck at VCC File: C:/Users/David/Desktop/I2C/main.vhd Line: 45
    Warning (13410): Pin "PWM23" is stuck at VCC File: C:/Users/David/Desktop/I2C/main.vhd Line: 46
    Warning (13410): Pin "PWM24" is stuck at VCC File: C:/Users/David/Desktop/I2C/main.vhd Line: 47
    Warning (13410): Pin "DATA5" is stuck at VCC File: C:/Users/David/Desktop/I2C/main.vhd Line: 53
    Warning (13410): Pin "DATA6" is stuck at VCC File: C:/Users/David/Desktop/I2C/main.vhd Line: 54
    Warning (13410): Pin "DATA7" is stuck at VCC File: C:/Users/David/Desktop/I2C/main.vhd Line: 55
    Warning (13410): Pin "DATA8" is stuck at VCC File: C:/Users/David/Desktop/I2C/main.vhd Line: 56
Warning (21074): Design contains 1 input pin(s) that do not drive logic
    Warning (15610): No output dependent on input pin "reset_n" File: C:/Users/David/Desktop/I2C/main.vhd Line: 22
Info (21057): Implemented 128 device resources after synthesis - the final resource count might be different
    Info (21058): Implemented 2 input pins
    Info (21059): Implemented 30 output pins
    Info (21060): Implemented 2 bidirectional pins
    Info (21061): Implemented 94 logic cells
Info: Quartus Prime Analysis & Synthesis was successful. 0 errors, 25 warnings
    Info: Peak virtual memory: 819 megabytes
    Info: Processing ended: Wed Aug 01 18:14:25 2018
    Info: Elapsed time: 00:00:12
    Info: Total CPU time (on all processors): 00:00:25


