
Loading design for application trce from file uz_rev05_s3c_i2c_state.ncd.
Design name: Waiting_for_Powerbutton_pressed_V0
NCD version: 3.3
Vendor:      LATTICE
Device:      LCMXO2-4000HC
Package:     TQFP144
Performance: 4
Loading device for application trce from file 'xo2c4000.nph' in environment: C:/lscc/diamond/3.13/ispfpga.
Package Status:                     Final          Version 1.44.
Performance Hardware Data Status:   Final          Version 34.4.
Setup and Hold Report

--------------------------------------------------------------------------------
Lattice TRACE Report - Setup, Version Diamond (64-bit) 3.13.0.56.2
Tue Dec 10 16:23:15 2024

Copyright (c) 1991-1994 by NeoCAD Inc. All rights reserved.
Copyright (c) 1995 AT&T Corp.   All rights reserved.
Copyright (c) 1995-2001 Lucent Technologies Inc.  All rights reserved.
Copyright (c) 2001 Agere Systems   All rights reserved.
Copyright (c) 2002-2023 Lattice Semiconductor Corporation,  All rights reserved.

Report Information
------------------
Command line:    trce -v 10 -gt -sethld -sp 4 -sphld m -o UZ_Rev05_S3C_i2c_state.twr -gui -msgset C:/cpld/cpld_lattice/MACHXO2/S3C_CPLD_LCMXO2-4000HC-4TG144C/promote.xml UZ_Rev05_S3C_i2c_state.ncd UZ_Rev05_S3C_i2c_state.prf 
Design file:     uz_rev05_s3c_i2c_state.ncd
Preference file: uz_rev05_s3c_i2c_state.prf
Device,speed:    LCMXO2-4000HC,4
Report level:    verbose report, limited to 10 items per preference
--------------------------------------------------------------------------------


Derating parameters
-------------------
VCCIO Voltage:
                   3.300 V (Bank 0, defined by PAR)
                   1.800 V (Bank 1, defined by PAR)
                   1.800 V (Bank 2, defined by PAR)
                   1.800 V (Bank 3)
                   3.300 V (Bank 4, defined by PAR)
                   3.300 V (Bank 5, defined by PAR)



================================================================================
Preference: FREQUENCY NET "clk" 7.000000 MHz ;
            4096 items scored, 0 timing errors detected.
--------------------------------------------------------------------------------


Passed: The following path meets requirements by 128.832ns

 Logical Details:  Cell type  Pin type       Cell/ASIC name  (clock net +/-)

   Source:         FF         Q              counter__i10  (from clk +)
   Destination:    FF         Data in        counter__i1  (to clk +)
                   FF                        counter__i0

   Delay:              13.743ns  (24.9% logic, 75.1% route), 7 logic levels.

 Constraint Details:

     13.743ns physical path delay SLICE_56 to SLICE_51 meets
    142.857ns delay constraint less
      0.000ns skew and
      0.282ns CE_SET requirement (totaling 142.575ns) by 128.832ns

 Physical Path Details:

      Data path SLICE_56 to SLICE_51:

   Name    Fanout   Delay (ns)          Site               Resource
REG_DEL     ---     0.452    R13C13B.CLK to     R13C13B.Q0 SLICE_56 (from clk)
ROUTE         2     1.306     R13C13B.Q0 to     R12C15D.A1 counter_10
CTOF_DEL    ---     0.495     R12C15D.A1 to     R12C15D.F1 SLICE_49
ROUTE         1     0.645     R12C15D.F1 to     R12C13A.D0 n36_adj_319
CTOF_DEL    ---     0.495     R12C13A.D0 to     R12C13A.F0 SLICE_91
ROUTE         1     1.001     R12C13A.F0 to     R12C12A.B0 n40_adj_314
CTOF_DEL    ---     0.495     R12C12A.B0 to     R12C12A.F0 SLICE_88
ROUTE        13     2.982     R12C12A.F0 to     R12C14D.A1 FPIO_isoCtrlRSTn_N_295
CTOF_DEL    ---     0.495     R12C14D.A1 to     R12C14D.F1 SLICE_78
ROUTE         1     0.436     R12C14D.F1 to     R12C14D.C0 n2231
CTOF_DEL    ---     0.495     R12C14D.C0 to     R12C14D.F0 SLICE_78
ROUTE         1     0.693     R12C14D.F0 to     R12C15A.B0 n28_adj_329
CTOF_DEL    ---     0.495     R12C15A.B0 to     R12C15A.F0 SLICE_93
ROUTE        11     3.258     R12C15A.F0 to     R13C12A.CE clk_enable_91 (to clk)
                  --------
                   13.743   (24.9% logic, 75.1% route), 7 logic levels.

 Clock Skew Details: 

      Source Clock Path OSCInst0 to SLICE_56:

   Name    Fanout   Delay (ns)          Site               Resource
ROUTE        66     4.084        OSC.OSC to    R13C13B.CLK clk
                  --------
                    4.084   (0.0% logic, 100.0% route), 0 logic levels.

      Destination Clock Path OSCInst0 to SLICE_51:

   Name    Fanout   Delay (ns)          Site               Resource
ROUTE        66     4.084        OSC.OSC to    R13C12A.CLK clk
                  --------
                    4.084   (0.0% logic, 100.0% route), 0 logic levels.


Passed: The following path meets requirements by 128.832ns

 Logical Details:  Cell type  Pin type       Cell/ASIC name  (clock net +/-)

   Source:         FF         Q              counter__i10  (from clk +)
   Destination:    FF         Data in        counter__i5  (to clk +)
                   FF                        counter__i4

   Delay:              13.743ns  (24.9% logic, 75.1% route), 7 logic levels.

 Constraint Details:

     13.743ns physical path delay SLICE_56 to SLICE_53 meets
    142.857ns delay constraint less
      0.000ns skew and
      0.282ns CE_SET requirement (totaling 142.575ns) by 128.832ns

 Physical Path Details:

      Data path SLICE_56 to SLICE_53:

   Name    Fanout   Delay (ns)          Site               Resource
REG_DEL     ---     0.452    R13C13B.CLK to     R13C13B.Q0 SLICE_56 (from clk)
ROUTE         2     1.306     R13C13B.Q0 to     R12C15D.A1 counter_10
CTOF_DEL    ---     0.495     R12C15D.A1 to     R12C15D.F1 SLICE_49
ROUTE         1     0.645     R12C15D.F1 to     R12C13A.D0 n36_adj_319
CTOF_DEL    ---     0.495     R12C13A.D0 to     R12C13A.F0 SLICE_91
ROUTE         1     1.001     R12C13A.F0 to     R12C12A.B0 n40_adj_314
CTOF_DEL    ---     0.495     R12C12A.B0 to     R12C12A.F0 SLICE_88
ROUTE        13     2.982     R12C12A.F0 to     R12C14D.A1 FPIO_isoCtrlRSTn_N_295
CTOF_DEL    ---     0.495     R12C14D.A1 to     R12C14D.F1 SLICE_78
ROUTE         1     0.436     R12C14D.F1 to     R12C14D.C0 n2231
CTOF_DEL    ---     0.495     R12C14D.C0 to     R12C14D.F0 SLICE_78
ROUTE         1     0.693     R12C14D.F0 to     R12C15A.B0 n28_adj_329
CTOF_DEL    ---     0.495     R12C15A.B0 to     R12C15A.F0 SLICE_93
ROUTE        11     3.258     R12C15A.F0 to     R13C12B.CE clk_enable_91 (to clk)
                  --------
                   13.743   (24.9% logic, 75.1% route), 7 logic levels.

 Clock Skew Details: 

      Source Clock Path OSCInst0 to SLICE_56:

   Name    Fanout   Delay (ns)          Site               Resource
ROUTE        66     4.084        OSC.OSC to    R13C13B.CLK clk
                  --------
                    4.084   (0.0% logic, 100.0% route), 0 logic levels.

      Destination Clock Path OSCInst0 to SLICE_53:

   Name    Fanout   Delay (ns)          Site               Resource
ROUTE        66     4.084        OSC.OSC to    R13C12B.CLK clk
                  --------
                    4.084   (0.0% logic, 100.0% route), 0 logic levels.


Passed: The following path meets requirements by 128.832ns

 Logical Details:  Cell type  Pin type       Cell/ASIC name  (clock net +/-)

   Source:         FF         Q              counter__i10  (from clk +)
   Destination:    FF         Data in        counter__i9  (to clk +)
                   FF                        counter__i8

   Delay:              13.743ns  (24.9% logic, 75.1% route), 7 logic levels.

 Constraint Details:

     13.743ns physical path delay SLICE_56 to SLICE_55 meets
    142.857ns delay constraint less
      0.000ns skew and
      0.282ns CE_SET requirement (totaling 142.575ns) by 128.832ns

 Physical Path Details:

      Data path SLICE_56 to SLICE_55:

   Name    Fanout   Delay (ns)          Site               Resource
REG_DEL     ---     0.452    R13C13B.CLK to     R13C13B.Q0 SLICE_56 (from clk)
ROUTE         2     1.306     R13C13B.Q0 to     R12C15D.A1 counter_10
CTOF_DEL    ---     0.495     R12C15D.A1 to     R12C15D.F1 SLICE_49
ROUTE         1     0.645     R12C15D.F1 to     R12C13A.D0 n36_adj_319
CTOF_DEL    ---     0.495     R12C13A.D0 to     R12C13A.F0 SLICE_91
ROUTE         1     1.001     R12C13A.F0 to     R12C12A.B0 n40_adj_314
CTOF_DEL    ---     0.495     R12C12A.B0 to     R12C12A.F0 SLICE_88
ROUTE        13     2.982     R12C12A.F0 to     R12C14D.A1 FPIO_isoCtrlRSTn_N_295
CTOF_DEL    ---     0.495     R12C14D.A1 to     R12C14D.F1 SLICE_78
ROUTE         1     0.436     R12C14D.F1 to     R12C14D.C0 n2231
CTOF_DEL    ---     0.495     R12C14D.C0 to     R12C14D.F0 SLICE_78
ROUTE         1     0.693     R12C14D.F0 to     R12C15A.B0 n28_adj_329
CTOF_DEL    ---     0.495     R12C15A.B0 to     R12C15A.F0 SLICE_93
ROUTE        11     3.258     R12C15A.F0 to     R13C13C.CE clk_enable_91 (to clk)
                  --------
                   13.743   (24.9% logic, 75.1% route), 7 logic levels.

 Clock Skew Details: 

      Source Clock Path OSCInst0 to SLICE_56:

   Name    Fanout   Delay (ns)          Site               Resource
ROUTE        66     4.084        OSC.OSC to    R13C13B.CLK clk
                  --------
                    4.084   (0.0% logic, 100.0% route), 0 logic levels.

      Destination Clock Path OSCInst0 to SLICE_55:

   Name    Fanout   Delay (ns)          Site               Resource
ROUTE        66     4.084        OSC.OSC to    R13C13C.CLK clk
                  --------
                    4.084   (0.0% logic, 100.0% route), 0 logic levels.


Passed: The following path meets requirements by 128.832ns

 Logical Details:  Cell type  Pin type       Cell/ASIC name  (clock net +/-)

   Source:         FF         Q              counter__i10  (from clk +)
   Destination:    FF         Data in        counter__i13  (to clk +)
                   FF                        counter__i12

   Delay:              13.743ns  (24.9% logic, 75.1% route), 7 logic levels.

 Constraint Details:

     13.743ns physical path delay SLICE_56 to SLICE_57 meets
    142.857ns delay constraint less
      0.000ns skew and
      0.282ns CE_SET requirement (totaling 142.575ns) by 128.832ns

 Physical Path Details:

      Data path SLICE_56 to SLICE_57:

   Name    Fanout   Delay (ns)          Site               Resource
REG_DEL     ---     0.452    R13C13B.CLK to     R13C13B.Q0 SLICE_56 (from clk)
ROUTE         2     1.306     R13C13B.Q0 to     R12C15D.A1 counter_10
CTOF_DEL    ---     0.495     R12C15D.A1 to     R12C15D.F1 SLICE_49
ROUTE         1     0.645     R12C15D.F1 to     R12C13A.D0 n36_adj_319
CTOF_DEL    ---     0.495     R12C13A.D0 to     R12C13A.F0 SLICE_91
ROUTE         1     1.001     R12C13A.F0 to     R12C12A.B0 n40_adj_314
CTOF_DEL    ---     0.495     R12C12A.B0 to     R12C12A.F0 SLICE_88
ROUTE        13     2.982     R12C12A.F0 to     R12C14D.A1 FPIO_isoCtrlRSTn_N_295
CTOF_DEL    ---     0.495     R12C14D.A1 to     R12C14D.F1 SLICE_78
ROUTE         1     0.436     R12C14D.F1 to     R12C14D.C0 n2231
CTOF_DEL    ---     0.495     R12C14D.C0 to     R12C14D.F0 SLICE_78
ROUTE         1     0.693     R12C14D.F0 to     R12C15A.B0 n28_adj_329
CTOF_DEL    ---     0.495     R12C15A.B0 to     R12C15A.F0 SLICE_93
ROUTE        11     3.258     R12C15A.F0 to     R13C13D.CE clk_enable_91 (to clk)
                  --------
                   13.743   (24.9% logic, 75.1% route), 7 logic levels.

 Clock Skew Details: 

      Source Clock Path OSCInst0 to SLICE_56:

   Name    Fanout   Delay (ns)          Site               Resource
ROUTE        66     4.084        OSC.OSC to    R13C13B.CLK clk
                  --------
                    4.084   (0.0% logic, 100.0% route), 0 logic levels.

      Destination Clock Path OSCInst0 to SLICE_57:

   Name    Fanout   Delay (ns)          Site               Resource
ROUTE        66     4.084        OSC.OSC to    R13C13D.CLK clk
                  --------
                    4.084   (0.0% logic, 100.0% route), 0 logic levels.


Passed: The following path meets requirements by 128.832ns

 Logical Details:  Cell type  Pin type       Cell/ASIC name  (clock net +/-)

   Source:         FF         Q              counter__i10  (from clk +)
   Destination:    FF         Data in        counter__i15  (to clk +)
                   FF                        counter__i14

   Delay:              13.743ns  (24.9% logic, 75.1% route), 7 logic levels.

 Constraint Details:

     13.743ns physical path delay SLICE_56 to SLICE_58 meets
    142.857ns delay constraint less
      0.000ns skew and
      0.282ns CE_SET requirement (totaling 142.575ns) by 128.832ns

 Physical Path Details:

      Data path SLICE_56 to SLICE_58:

   Name    Fanout   Delay (ns)          Site               Resource
REG_DEL     ---     0.452    R13C13B.CLK to     R13C13B.Q0 SLICE_56 (from clk)
ROUTE         2     1.306     R13C13B.Q0 to     R12C15D.A1 counter_10
CTOF_DEL    ---     0.495     R12C15D.A1 to     R12C15D.F1 SLICE_49
ROUTE         1     0.645     R12C15D.F1 to     R12C13A.D0 n36_adj_319
CTOF_DEL    ---     0.495     R12C13A.D0 to     R12C13A.F0 SLICE_91
ROUTE         1     1.001     R12C13A.F0 to     R12C12A.B0 n40_adj_314
CTOF_DEL    ---     0.495     R12C12A.B0 to     R12C12A.F0 SLICE_88
ROUTE        13     2.982     R12C12A.F0 to     R12C14D.A1 FPIO_isoCtrlRSTn_N_295
CTOF_DEL    ---     0.495     R12C14D.A1 to     R12C14D.F1 SLICE_78
ROUTE         1     0.436     R12C14D.F1 to     R12C14D.C0 n2231
CTOF_DEL    ---     0.495     R12C14D.C0 to     R12C14D.F0 SLICE_78
ROUTE         1     0.693     R12C14D.F0 to     R12C15A.B0 n28_adj_329
CTOF_DEL    ---     0.495     R12C15A.B0 to     R12C15A.F0 SLICE_93
ROUTE        11     3.258     R12C15A.F0 to     R13C14A.CE clk_enable_91 (to clk)
                  --------
                   13.743   (24.9% logic, 75.1% route), 7 logic levels.

 Clock Skew Details: 

      Source Clock Path OSCInst0 to SLICE_56:

   Name    Fanout   Delay (ns)          Site               Resource
ROUTE        66     4.084        OSC.OSC to    R13C13B.CLK clk
                  --------
                    4.084   (0.0% logic, 100.0% route), 0 logic levels.

      Destination Clock Path OSCInst0 to SLICE_58:

   Name    Fanout   Delay (ns)          Site               Resource
ROUTE        66     4.084        OSC.OSC to    R13C14A.CLK clk
                  --------
                    4.084   (0.0% logic, 100.0% route), 0 logic levels.


Passed: The following path meets requirements by 128.832ns

 Logical Details:  Cell type  Pin type       Cell/ASIC name  (clock net +/-)

   Source:         FF         Q              counter__i10  (from clk +)
   Destination:    FF         Data in        counter__i17  (to clk +)
                   FF                        counter__i16

   Delay:              13.743ns  (24.9% logic, 75.1% route), 7 logic levels.

 Constraint Details:

     13.743ns physical path delay SLICE_56 to SLICE_59 meets
    142.857ns delay constraint less
      0.000ns skew and
      0.282ns CE_SET requirement (totaling 142.575ns) by 128.832ns

 Physical Path Details:

      Data path SLICE_56 to SLICE_59:

   Name    Fanout   Delay (ns)          Site               Resource
REG_DEL     ---     0.452    R13C13B.CLK to     R13C13B.Q0 SLICE_56 (from clk)
ROUTE         2     1.306     R13C13B.Q0 to     R12C15D.A1 counter_10
CTOF_DEL    ---     0.495     R12C15D.A1 to     R12C15D.F1 SLICE_49
ROUTE         1     0.645     R12C15D.F1 to     R12C13A.D0 n36_adj_319
CTOF_DEL    ---     0.495     R12C13A.D0 to     R12C13A.F0 SLICE_91
ROUTE         1     1.001     R12C13A.F0 to     R12C12A.B0 n40_adj_314
CTOF_DEL    ---     0.495     R12C12A.B0 to     R12C12A.F0 SLICE_88
ROUTE        13     2.982     R12C12A.F0 to     R12C14D.A1 FPIO_isoCtrlRSTn_N_295
CTOF_DEL    ---     0.495     R12C14D.A1 to     R12C14D.F1 SLICE_78
ROUTE         1     0.436     R12C14D.F1 to     R12C14D.C0 n2231
CTOF_DEL    ---     0.495     R12C14D.C0 to     R12C14D.F0 SLICE_78
ROUTE         1     0.693     R12C14D.F0 to     R12C15A.B0 n28_adj_329
CTOF_DEL    ---     0.495     R12C15A.B0 to     R12C15A.F0 SLICE_93
ROUTE        11     3.258     R12C15A.F0 to     R13C14C.CE clk_enable_91 (to clk)
                  --------
                   13.743   (24.9% logic, 75.1% route), 7 logic levels.

 Clock Skew Details: 

      Source Clock Path OSCInst0 to SLICE_56:

   Name    Fanout   Delay (ns)          Site               Resource
ROUTE        66     4.084        OSC.OSC to    R13C13B.CLK clk
                  --------
                    4.084   (0.0% logic, 100.0% route), 0 logic levels.

      Destination Clock Path OSCInst0 to SLICE_59:

   Name    Fanout   Delay (ns)          Site               Resource
ROUTE        66     4.084        OSC.OSC to    R13C14C.CLK clk
                  --------
                    4.084   (0.0% logic, 100.0% route), 0 logic levels.


Passed: The following path meets requirements by 128.832ns

 Logical Details:  Cell type  Pin type       Cell/ASIC name  (clock net +/-)

   Source:         FF         Q              counter__i10  (from clk +)
   Destination:    FF         Data in        counter__i19  (to clk +)
                   FF                        counter__i18

   Delay:              13.743ns  (24.9% logic, 75.1% route), 7 logic levels.

 Constraint Details:

     13.743ns physical path delay SLICE_56 to SLICE_60 meets
    142.857ns delay constraint less
      0.000ns skew and
      0.282ns CE_SET requirement (totaling 142.575ns) by 128.832ns

 Physical Path Details:

      Data path SLICE_56 to SLICE_60:

   Name    Fanout   Delay (ns)          Site               Resource
REG_DEL     ---     0.452    R13C13B.CLK to     R13C13B.Q0 SLICE_56 (from clk)
ROUTE         2     1.306     R13C13B.Q0 to     R12C15D.A1 counter_10
CTOF_DEL    ---     0.495     R12C15D.A1 to     R12C15D.F1 SLICE_49
ROUTE         1     0.645     R12C15D.F1 to     R12C13A.D0 n36_adj_319
CTOF_DEL    ---     0.495     R12C13A.D0 to     R12C13A.F0 SLICE_91
ROUTE         1     1.001     R12C13A.F0 to     R12C12A.B0 n40_adj_314
CTOF_DEL    ---     0.495     R12C12A.B0 to     R12C12A.F0 SLICE_88
ROUTE        13     2.982     R12C12A.F0 to     R12C14D.A1 FPIO_isoCtrlRSTn_N_295
CTOF_DEL    ---     0.495     R12C14D.A1 to     R12C14D.F1 SLICE_78
ROUTE         1     0.436     R12C14D.F1 to     R12C14D.C0 n2231
CTOF_DEL    ---     0.495     R12C14D.C0 to     R12C14D.F0 SLICE_78
ROUTE         1     0.693     R12C14D.F0 to     R12C15A.B0 n28_adj_329
CTOF_DEL    ---     0.495     R12C15A.B0 to     R12C15A.F0 SLICE_93
ROUTE        11     3.258     R12C15A.F0 to     R13C14B.CE clk_enable_91 (to clk)
                  --------
                   13.743   (24.9% logic, 75.1% route), 7 logic levels.

 Clock Skew Details: 

      Source Clock Path OSCInst0 to SLICE_56:

   Name    Fanout   Delay (ns)          Site               Resource
ROUTE        66     4.084        OSC.OSC to    R13C13B.CLK clk
                  --------
                    4.084   (0.0% logic, 100.0% route), 0 logic levels.

      Destination Clock Path OSCInst0 to SLICE_60:

   Name    Fanout   Delay (ns)          Site               Resource
ROUTE        66     4.084        OSC.OSC to    R13C14B.CLK clk
                  --------
                    4.084   (0.0% logic, 100.0% route), 0 logic levels.


Passed: The following path meets requirements by 128.832ns

 Logical Details:  Cell type  Pin type       Cell/ASIC name  (clock net +/-)

   Source:         FF         Q              counter__i10  (from clk +)
   Destination:    FF         Data in        counter__i21  (to clk +)
                   FF                        counter__i20

   Delay:              13.743ns  (24.9% logic, 75.1% route), 7 logic levels.

 Constraint Details:

     13.743ns physical path delay SLICE_56 to SLICE_61 meets
    142.857ns delay constraint less
      0.000ns skew and
      0.282ns CE_SET requirement (totaling 142.575ns) by 128.832ns

 Physical Path Details:

      Data path SLICE_56 to SLICE_61:

   Name    Fanout   Delay (ns)          Site               Resource
REG_DEL     ---     0.452    R13C13B.CLK to     R13C13B.Q0 SLICE_56 (from clk)
ROUTE         2     1.306     R13C13B.Q0 to     R12C15D.A1 counter_10
CTOF_DEL    ---     0.495     R12C15D.A1 to     R12C15D.F1 SLICE_49
ROUTE         1     0.645     R12C15D.F1 to     R12C13A.D0 n36_adj_319
CTOF_DEL    ---     0.495     R12C13A.D0 to     R12C13A.F0 SLICE_91
ROUTE         1     1.001     R12C13A.F0 to     R12C12A.B0 n40_adj_314
CTOF_DEL    ---     0.495     R12C12A.B0 to     R12C12A.F0 SLICE_88
ROUTE        13     2.982     R12C12A.F0 to     R12C14D.A1 FPIO_isoCtrlRSTn_N_295
CTOF_DEL    ---     0.495     R12C14D.A1 to     R12C14D.F1 SLICE_78
ROUTE         1     0.436     R12C14D.F1 to     R12C14D.C0 n2231
CTOF_DEL    ---     0.495     R12C14D.C0 to     R12C14D.F0 SLICE_78
ROUTE         1     0.693     R12C14D.F0 to     R12C15A.B0 n28_adj_329
CTOF_DEL    ---     0.495     R12C15A.B0 to     R12C15A.F0 SLICE_93
ROUTE        11     3.258     R12C15A.F0 to     R13C14D.CE clk_enable_91 (to clk)
                  --------
                   13.743   (24.9% logic, 75.1% route), 7 logic levels.

 Clock Skew Details: 

      Source Clock Path OSCInst0 to SLICE_56:

   Name    Fanout   Delay (ns)          Site               Resource
ROUTE        66     4.084        OSC.OSC to    R13C13B.CLK clk
                  --------
                    4.084   (0.0% logic, 100.0% route), 0 logic levels.

      Destination Clock Path OSCInst0 to SLICE_61:

   Name    Fanout   Delay (ns)          Site               Resource
ROUTE        66     4.084        OSC.OSC to    R13C14D.CLK clk
                  --------
                    4.084   (0.0% logic, 100.0% route), 0 logic levels.


Passed: The following path meets requirements by 128.847ns

 Logical Details:  Cell type  Pin type       Cell/ASIC name  (clock net +/-)

   Source:         FF         Q              counter__i10  (from clk +)
   Destination:    FF         Data in        counter__i3  (to clk +)
                   FF                        counter__i2

   Delay:              13.728ns  (24.9% logic, 75.1% route), 7 logic levels.

 Constraint Details:

     13.728ns physical path delay SLICE_56 to SLICE_52 meets
    142.857ns delay constraint less
      0.000ns skew and
      0.282ns CE_SET requirement (totaling 142.575ns) by 128.847ns

 Physical Path Details:

      Data path SLICE_56 to SLICE_52:

   Name    Fanout   Delay (ns)          Site               Resource
REG_DEL     ---     0.452    R13C13B.CLK to     R13C13B.Q0 SLICE_56 (from clk)
ROUTE         2     1.306     R13C13B.Q0 to     R12C15D.A1 counter_10
CTOF_DEL    ---     0.495     R12C15D.A1 to     R12C15D.F1 SLICE_49
ROUTE         1     0.645     R12C15D.F1 to     R12C13A.D0 n36_adj_319
CTOF_DEL    ---     0.495     R12C13A.D0 to     R12C13A.F0 SLICE_91
ROUTE         1     1.001     R12C13A.F0 to     R12C12A.B0 n40_adj_314
CTOF_DEL    ---     0.495     R12C12A.B0 to     R12C12A.F0 SLICE_88
ROUTE        13     2.982     R12C12A.F0 to     R12C14D.A1 FPIO_isoCtrlRSTn_N_295
CTOF_DEL    ---     0.495     R12C14D.A1 to     R12C14D.F1 SLICE_78
ROUTE         1     0.436     R12C14D.F1 to     R12C14D.C0 n2231
CTOF_DEL    ---     0.495     R12C14D.C0 to     R12C14D.F0 SLICE_78
ROUTE         1     0.693     R12C14D.F0 to     R12C15A.B0 n28_adj_329
CTOF_DEL    ---     0.495     R12C15A.B0 to     R12C15A.F0 SLICE_93
ROUTE        11     3.243     R12C15A.F0 to     R13C12C.CE clk_enable_91 (to clk)
                  --------
                   13.728   (24.9% logic, 75.1% route), 7 logic levels.

 Clock Skew Details: 

      Source Clock Path OSCInst0 to SLICE_56:

   Name    Fanout   Delay (ns)          Site               Resource
ROUTE        66     4.084        OSC.OSC to    R13C13B.CLK clk
                  --------
                    4.084   (0.0% logic, 100.0% route), 0 logic levels.

      Destination Clock Path OSCInst0 to SLICE_52:

   Name    Fanout   Delay (ns)          Site               Resource
ROUTE        66     4.084        OSC.OSC to    R13C12C.CLK clk
                  --------
                    4.084   (0.0% logic, 100.0% route), 0 logic levels.


Passed: The following path meets requirements by 128.847ns

 Logical Details:  Cell type  Pin type       Cell/ASIC name  (clock net +/-)

   Source:         FF         Q              counter__i10  (from clk +)
   Destination:    FF         Data in        counter__i7  (to clk +)
                   FF                        counter__i6

   Delay:              13.728ns  (24.9% logic, 75.1% route), 7 logic levels.

 Constraint Details:

     13.728ns physical path delay SLICE_56 to SLICE_54 meets
    142.857ns delay constraint less
      0.000ns skew and
      0.282ns CE_SET requirement (totaling 142.575ns) by 128.847ns

 Physical Path Details:

      Data path SLICE_56 to SLICE_54:

   Name    Fanout   Delay (ns)          Site               Resource
REG_DEL     ---     0.452    R13C13B.CLK to     R13C13B.Q0 SLICE_56 (from clk)
ROUTE         2     1.306     R13C13B.Q0 to     R12C15D.A1 counter_10
CTOF_DEL    ---     0.495     R12C15D.A1 to     R12C15D.F1 SLICE_49
ROUTE         1     0.645     R12C15D.F1 to     R12C13A.D0 n36_adj_319
CTOF_DEL    ---     0.495     R12C13A.D0 to     R12C13A.F0 SLICE_91
ROUTE         1     1.001     R12C13A.F0 to     R12C12A.B0 n40_adj_314
CTOF_DEL    ---     0.495     R12C12A.B0 to     R12C12A.F0 SLICE_88
ROUTE        13     2.982     R12C12A.F0 to     R12C14D.A1 FPIO_isoCtrlRSTn_N_295
CTOF_DEL    ---     0.495     R12C14D.A1 to     R12C14D.F1 SLICE_78
ROUTE         1     0.436     R12C14D.F1 to     R12C14D.C0 n2231
CTOF_DEL    ---     0.495     R12C14D.C0 to     R12C14D.F0 SLICE_78
ROUTE         1     0.693     R12C14D.F0 to     R12C15A.B0 n28_adj_329
CTOF_DEL    ---     0.495     R12C15A.B0 to     R12C15A.F0 SLICE_93
ROUTE        11     3.243     R12C15A.F0 to     R12C13B.CE clk_enable_91 (to clk)
                  --------
                   13.728   (24.9% logic, 75.1% route), 7 logic levels.

 Clock Skew Details: 

      Source Clock Path OSCInst0 to SLICE_56:

   Name    Fanout   Delay (ns)          Site               Resource
ROUTE        66     4.084        OSC.OSC to    R13C13B.CLK clk
                  --------
                    4.084   (0.0% logic, 100.0% route), 0 logic levels.

      Destination Clock Path OSCInst0 to SLICE_54:

   Name    Fanout   Delay (ns)          Site               Resource
ROUTE        66     4.084        OSC.OSC to    R12C13B.CLK clk
                  --------
                    4.084   (0.0% logic, 100.0% route), 0 logic levels.

Report:   71.301MHz is the maximum frequency for this preference.

Report Summary
--------------
----------------------------------------------------------------------------
Preference                              |   Constraint|       Actual|Levels
----------------------------------------------------------------------------
                                        |             |             |
FREQUENCY NET "clk" 7.000000 MHz ;      |    7.000 MHz|   71.301 MHz|   7  
                                        |             |             |
----------------------------------------------------------------------------


All preferences were met.


Clock Domains Analysis
------------------------

Found 3 clocks:

Clock Domain: i2c1_sclo   Source: dut/EFBInst_0.I2C1SCLO   Loads: 1
   No transfer within this clock domain is found

Clock Domain: i2c1_scli   Source: SCL.PAD   Loads: 1
   No transfer within this clock domain is found

Clock Domain: clk   Source: OSCInst0.OSC   Loads: 66
   Covered under: FREQUENCY NET "clk" 7.000000 MHz ;


Timing summary (Setup):
---------------

Timing errors: 0  Score: 0
Cumulative negative slack: 0

Constraints cover 4626 paths, 1 nets, and 821 connections (98.68% coverage)

--------------------------------------------------------------------------------
Lattice TRACE Report - Hold, Version Diamond (64-bit) 3.13.0.56.2
Tue Dec 10 16:23:15 2024

Copyright (c) 1991-1994 by NeoCAD Inc. All rights reserved.
Copyright (c) 1995 AT&T Corp.   All rights reserved.
Copyright (c) 1995-2001 Lucent Technologies Inc.  All rights reserved.
Copyright (c) 2001 Agere Systems   All rights reserved.
Copyright (c) 2002-2023 Lattice Semiconductor Corporation,  All rights reserved.

Report Information
------------------
Command line:    trce -v 10 -gt -sethld -sp 4 -sphld m -o UZ_Rev05_S3C_i2c_state.twr -gui -msgset C:/cpld/cpld_lattice/MACHXO2/S3C_CPLD_LCMXO2-4000HC-4TG144C/promote.xml UZ_Rev05_S3C_i2c_state.ncd UZ_Rev05_S3C_i2c_state.prf 
Design file:     uz_rev05_s3c_i2c_state.ncd
Preference file: uz_rev05_s3c_i2c_state.prf
Device,speed:    LCMXO2-4000HC,m
Report level:    verbose report, limited to 10 items per preference
--------------------------------------------------------------------------------


Derating parameters
-------------------
VCCIO Voltage:
                   3.300 V (Bank 0, defined by PAR)
                   1.800 V (Bank 1, defined by PAR)
                   1.800 V (Bank 2, defined by PAR)
                   1.800 V (Bank 3)
                   3.300 V (Bank 4, defined by PAR)
                   3.300 V (Bank 5, defined by PAR)



================================================================================
Preference: FREQUENCY NET "clk" 7.000000 MHz ;
            4096 items scored, 0 timing errors detected.
--------------------------------------------------------------------------------


Passed: The following path meets requirements by 0.377ns

 Logical Details:  Cell type  Pin type       Cell/ASIC name  (clock net +/-)

   Source:         FF         Q              debounce_counters_1___i0  (from clk +)
   Destination:    FF         Data in        debounce_counters_1___i0  (to clk +)

   Delay:               0.364ns  (64.3% logic, 35.7% route), 2 logic levels.

 Constraint Details:

      0.364ns physical path delay SLICE_0 to SLICE_0 meets
     -0.013ns DIN_HLD and
      0.000ns delay constraint less
      0.000ns skew requirement (totaling -0.013ns) by 0.377ns

 Physical Path Details:

      Data path SLICE_0 to SLICE_0:

   Name    Fanout   Delay (ns)          Site               Resource
REG_DEL     ---     0.133    R10C14A.CLK to     R10C14A.Q1 SLICE_0 (from clk)
ROUTE         1     0.130     R10C14A.Q1 to     R10C14A.A1 debounce_counters_1_0
CTOF_DEL    ---     0.101     R10C14A.A1 to     R10C14A.F1 SLICE_0
ROUTE         1     0.000     R10C14A.F1 to    R10C14A.DI1 n154 (to clk)
                  --------
                    0.364   (64.3% logic, 35.7% route), 2 logic levels.

 Clock Skew Details: 

      Source Clock Path OSCInst0 to SLICE_0:

   Name    Fanout   Delay (ns)          Site               Resource
ROUTE        66     1.424        OSC.OSC to    R10C14A.CLK clk
                  --------
                    1.424   (0.0% logic, 100.0% route), 0 logic levels.

      Destination Clock Path OSCInst0 to SLICE_0:

   Name    Fanout   Delay (ns)          Site               Resource
ROUTE        66     1.424        OSC.OSC to    R10C14A.CLK clk
                  --------
                    1.424   (0.0% logic, 100.0% route), 0 logic levels.


Passed: The following path meets requirements by 0.377ns

 Logical Details:  Cell type  Pin type       Cell/ASIC name  (clock net +/-)

   Source:         FF         Q              debounce_counters_0___i5  (from clk +)
   Destination:    FF         Data in        debounce_counters_0___i5  (to clk +)

   Delay:               0.364ns  (64.3% logic, 35.7% route), 2 logic levels.

 Constraint Details:

      0.364ns physical path delay SLICE_12 to SLICE_12 meets
     -0.013ns DIN_HLD and
      0.000ns delay constraint less
      0.000ns skew requirement (totaling -0.013ns) by 0.377ns

 Physical Path Details:

      Data path SLICE_12 to SLICE_12:

   Name    Fanout   Delay (ns)          Site               Resource
REG_DEL     ---     0.133    R13C17D.CLK to     R13C17D.Q0 SLICE_12 (from clk)
ROUTE         1     0.130     R13C17D.Q0 to     R13C17D.A0 debounce_counters_0_5
CTOF_DEL    ---     0.101     R13C17D.A0 to     R13C17D.F0 SLICE_12
ROUTE         1     0.000     R13C17D.F0 to    R13C17D.DI0 n43 (to clk)
                  --------
                    0.364   (64.3% logic, 35.7% route), 2 logic levels.

 Clock Skew Details: 

      Source Clock Path OSCInst0 to SLICE_12:

   Name    Fanout   Delay (ns)          Site               Resource
ROUTE        66     1.424        OSC.OSC to    R13C17D.CLK clk
                  --------
                    1.424   (0.0% logic, 100.0% route), 0 logic levels.

      Destination Clock Path OSCInst0 to SLICE_12:

   Name    Fanout   Delay (ns)          Site               Resource
ROUTE        66     1.424        OSC.OSC to    R13C17D.CLK clk
                  --------
                    1.424   (0.0% logic, 100.0% route), 0 logic levels.


Passed: The following path meets requirements by 0.377ns

 Logical Details:  Cell type  Pin type       Cell/ASIC name  (clock net +/-)

   Source:         FF         Q              debounce_counters_0___i4  (from clk +)
   Destination:    FF         Data in        debounce_counters_0___i4  (to clk +)

   Delay:               0.364ns  (64.3% logic, 35.7% route), 2 logic levels.

 Constraint Details:

      0.364ns physical path delay SLICE_14 to SLICE_14 meets
     -0.013ns DIN_HLD and
      0.000ns delay constraint less
      0.000ns skew requirement (totaling -0.013ns) by 0.377ns

 Physical Path Details:

      Data path SLICE_14 to SLICE_14:

   Name    Fanout   Delay (ns)          Site               Resource
REG_DEL     ---     0.133    R13C17C.CLK to     R13C17C.Q1 SLICE_14 (from clk)
ROUTE         1     0.130     R13C17C.Q1 to     R13C17C.A1 debounce_counters_0_4
CTOF_DEL    ---     0.101     R13C17C.A1 to     R13C17C.F1 SLICE_14
ROUTE         1     0.000     R13C17C.F1 to    R13C17C.DI1 n44 (to clk)
                  --------
                    0.364   (64.3% logic, 35.7% route), 2 logic levels.

 Clock Skew Details: 

      Source Clock Path OSCInst0 to SLICE_14:

   Name    Fanout   Delay (ns)          Site               Resource
ROUTE        66     1.424        OSC.OSC to    R13C17C.CLK clk
                  --------
                    1.424   (0.0% logic, 100.0% route), 0 logic levels.

      Destination Clock Path OSCInst0 to SLICE_14:

   Name    Fanout   Delay (ns)          Site               Resource
ROUTE        66     1.424        OSC.OSC to    R13C17C.CLK clk
                  --------
                    1.424   (0.0% logic, 100.0% route), 0 logic levels.


Passed: The following path meets requirements by 0.377ns

 Logical Details:  Cell type  Pin type       Cell/ASIC name  (clock net +/-)

   Source:         FF         Q              debounce_counters_0___i3  (from clk +)
   Destination:    FF         Data in        debounce_counters_0___i3  (to clk +)

   Delay:               0.364ns  (64.3% logic, 35.7% route), 2 logic levels.

 Constraint Details:

      0.364ns physical path delay SLICE_14 to SLICE_14 meets
     -0.013ns DIN_HLD and
      0.000ns delay constraint less
      0.000ns skew requirement (totaling -0.013ns) by 0.377ns

 Physical Path Details:

      Data path SLICE_14 to SLICE_14:

   Name    Fanout   Delay (ns)          Site               Resource
REG_DEL     ---     0.133    R13C17C.CLK to     R13C17C.Q0 SLICE_14 (from clk)
ROUTE         1     0.130     R13C17C.Q0 to     R13C17C.A0 debounce_counters_0_3
CTOF_DEL    ---     0.101     R13C17C.A0 to     R13C17C.F0 SLICE_14
ROUTE         1     0.000     R13C17C.F0 to    R13C17C.DI0 n45 (to clk)
                  --------
                    0.364   (64.3% logic, 35.7% route), 2 logic levels.

 Clock Skew Details: 

      Source Clock Path OSCInst0 to SLICE_14:

   Name    Fanout   Delay (ns)          Site               Resource
ROUTE        66     1.424        OSC.OSC to    R13C17C.CLK clk
                  --------
                    1.424   (0.0% logic, 100.0% route), 0 logic levels.

      Destination Clock Path OSCInst0 to SLICE_14:

   Name    Fanout   Delay (ns)          Site               Resource
ROUTE        66     1.424        OSC.OSC to    R13C17C.CLK clk
                  --------
                    1.424   (0.0% logic, 100.0% route), 0 logic levels.


Passed: The following path meets requirements by 0.377ns

 Logical Details:  Cell type  Pin type       Cell/ASIC name  (clock net +/-)

   Source:         FF         Q              debounce_counters_0___i2  (from clk +)
   Destination:    FF         Data in        debounce_counters_0___i2  (to clk +)

   Delay:               0.364ns  (64.3% logic, 35.7% route), 2 logic levels.

 Constraint Details:

      0.364ns physical path delay SLICE_22 to SLICE_22 meets
     -0.013ns DIN_HLD and
      0.000ns delay constraint less
      0.000ns skew requirement (totaling -0.013ns) by 0.377ns

 Physical Path Details:

      Data path SLICE_22 to SLICE_22:

   Name    Fanout   Delay (ns)          Site               Resource
REG_DEL     ---     0.133    R13C17B.CLK to     R13C17B.Q1 SLICE_22 (from clk)
ROUTE         1     0.130     R13C17B.Q1 to     R13C17B.A1 debounce_counters_0_2
CTOF_DEL    ---     0.101     R13C17B.A1 to     R13C17B.F1 SLICE_22
ROUTE         1     0.000     R13C17B.F1 to    R13C17B.DI1 n46 (to clk)
                  --------
                    0.364   (64.3% logic, 35.7% route), 2 logic levels.

 Clock Skew Details: 

      Source Clock Path OSCInst0 to SLICE_22:

   Name    Fanout   Delay (ns)          Site               Resource
ROUTE        66     1.424        OSC.OSC to    R13C17B.CLK clk
                  --------
                    1.424   (0.0% logic, 100.0% route), 0 logic levels.

      Destination Clock Path OSCInst0 to SLICE_22:

   Name    Fanout   Delay (ns)          Site               Resource
ROUTE        66     1.424        OSC.OSC to    R13C17B.CLK clk
                  --------
                    1.424   (0.0% logic, 100.0% route), 0 logic levels.


Passed: The following path meets requirements by 0.377ns

 Logical Details:  Cell type  Pin type       Cell/ASIC name  (clock net +/-)

   Source:         FF         Q              debounce_counters_0___i1  (from clk +)
   Destination:    FF         Data in        debounce_counters_0___i1  (to clk +)

   Delay:               0.364ns  (64.3% logic, 35.7% route), 2 logic levels.

 Constraint Details:

      0.364ns physical path delay SLICE_22 to SLICE_22 meets
     -0.013ns DIN_HLD and
      0.000ns delay constraint less
      0.000ns skew requirement (totaling -0.013ns) by 0.377ns

 Physical Path Details:

      Data path SLICE_22 to SLICE_22:

   Name    Fanout   Delay (ns)          Site               Resource
REG_DEL     ---     0.133    R13C17B.CLK to     R13C17B.Q0 SLICE_22 (from clk)
ROUTE         1     0.130     R13C17B.Q0 to     R13C17B.A0 debounce_counters_0_1
CTOF_DEL    ---     0.101     R13C17B.A0 to     R13C17B.F0 SLICE_22
ROUTE         1     0.000     R13C17B.F0 to    R13C17B.DI0 n47 (to clk)
                  --------
                    0.364   (64.3% logic, 35.7% route), 2 logic levels.

 Clock Skew Details: 

      Source Clock Path OSCInst0 to SLICE_22:

   Name    Fanout   Delay (ns)          Site               Resource
ROUTE        66     1.424        OSC.OSC to    R13C17B.CLK clk
                  --------
                    1.424   (0.0% logic, 100.0% route), 0 logic levels.

      Destination Clock Path OSCInst0 to SLICE_22:

   Name    Fanout   Delay (ns)          Site               Resource
ROUTE        66     1.424        OSC.OSC to    R13C17B.CLK clk
                  --------
                    1.424   (0.0% logic, 100.0% route), 0 logic levels.


Passed: The following path meets requirements by 0.377ns

 Logical Details:  Cell type  Pin type       Cell/ASIC name  (clock net +/-)

   Source:         FF         Q              debounce_counters_1___i5  (from clk +)
   Destination:    FF         Data in        debounce_counters_1___i5  (to clk +)

   Delay:               0.364ns  (64.3% logic, 35.7% route), 2 logic levels.

 Constraint Details:

      0.364ns physical path delay SLICE_30 to SLICE_30 meets
     -0.013ns DIN_HLD and
      0.000ns delay constraint less
      0.000ns skew requirement (totaling -0.013ns) by 0.377ns

 Physical Path Details:

      Data path SLICE_30 to SLICE_30:

   Name    Fanout   Delay (ns)          Site               Resource
REG_DEL     ---     0.133    R10C14D.CLK to     R10C14D.Q0 SLICE_30 (from clk)
ROUTE         1     0.130     R10C14D.Q0 to     R10C14D.A0 debounce_counters_1_5
CTOF_DEL    ---     0.101     R10C14D.A0 to     R10C14D.F0 SLICE_30
ROUTE         1     0.000     R10C14D.F0 to    R10C14D.DI0 n149 (to clk)
                  --------
                    0.364   (64.3% logic, 35.7% route), 2 logic levels.

 Clock Skew Details: 

      Source Clock Path OSCInst0 to SLICE_30:

   Name    Fanout   Delay (ns)          Site               Resource
ROUTE        66     1.424        OSC.OSC to    R10C14D.CLK clk
                  --------
                    1.424   (0.0% logic, 100.0% route), 0 logic levels.

      Destination Clock Path OSCInst0 to SLICE_30:

   Name    Fanout   Delay (ns)          Site               Resource
ROUTE        66     1.424        OSC.OSC to    R10C14D.CLK clk
                  --------
                    1.424   (0.0% logic, 100.0% route), 0 logic levels.


Passed: The following path meets requirements by 0.377ns

 Logical Details:  Cell type  Pin type       Cell/ASIC name  (clock net +/-)

   Source:         FF         Q              debounce_counters_1___i4  (from clk +)
   Destination:    FF         Data in        debounce_counters_1___i4  (to clk +)

   Delay:               0.364ns  (64.3% logic, 35.7% route), 2 logic levels.

 Constraint Details:

      0.364ns physical path delay SLICE_39 to SLICE_39 meets
     -0.013ns DIN_HLD and
      0.000ns delay constraint less
      0.000ns skew requirement (totaling -0.013ns) by 0.377ns

 Physical Path Details:

      Data path SLICE_39 to SLICE_39:

   Name    Fanout   Delay (ns)          Site               Resource
REG_DEL     ---     0.133    R10C14C.CLK to     R10C14C.Q1 SLICE_39 (from clk)
ROUTE         1     0.130     R10C14C.Q1 to     R10C14C.A1 debounce_counters_1_4
CTOF_DEL    ---     0.101     R10C14C.A1 to     R10C14C.F1 SLICE_39
ROUTE         1     0.000     R10C14C.F1 to    R10C14C.DI1 n150 (to clk)
                  --------
                    0.364   (64.3% logic, 35.7% route), 2 logic levels.

 Clock Skew Details: 

      Source Clock Path OSCInst0 to SLICE_39:

   Name    Fanout   Delay (ns)          Site               Resource
ROUTE        66     1.424        OSC.OSC to    R10C14C.CLK clk
                  --------
                    1.424   (0.0% logic, 100.0% route), 0 logic levels.

      Destination Clock Path OSCInst0 to SLICE_39:

   Name    Fanout   Delay (ns)          Site               Resource
ROUTE        66     1.424        OSC.OSC to    R10C14C.CLK clk
                  --------
                    1.424   (0.0% logic, 100.0% route), 0 logic levels.


Passed: The following path meets requirements by 0.377ns

 Logical Details:  Cell type  Pin type       Cell/ASIC name  (clock net +/-)

   Source:         FF         Q              debounce_counters_1___i3  (from clk +)
   Destination:    FF         Data in        debounce_counters_1___i3  (to clk +)

   Delay:               0.364ns  (64.3% logic, 35.7% route), 2 logic levels.

 Constraint Details:

      0.364ns physical path delay SLICE_39 to SLICE_39 meets
     -0.013ns DIN_HLD and
      0.000ns delay constraint less
      0.000ns skew requirement (totaling -0.013ns) by 0.377ns

 Physical Path Details:

      Data path SLICE_39 to SLICE_39:

   Name    Fanout   Delay (ns)          Site               Resource
REG_DEL     ---     0.133    R10C14C.CLK to     R10C14C.Q0 SLICE_39 (from clk)
ROUTE         1     0.130     R10C14C.Q0 to     R10C14C.A0 debounce_counters_1_3
CTOF_DEL    ---     0.101     R10C14C.A0 to     R10C14C.F0 SLICE_39
ROUTE         1     0.000     R10C14C.F0 to    R10C14C.DI0 n151 (to clk)
                  --------
                    0.364   (64.3% logic, 35.7% route), 2 logic levels.

 Clock Skew Details: 

      Source Clock Path OSCInst0 to SLICE_39:

   Name    Fanout   Delay (ns)          Site               Resource
ROUTE        66     1.424        OSC.OSC to    R10C14C.CLK clk
                  --------
                    1.424   (0.0% logic, 100.0% route), 0 logic levels.

      Destination Clock Path OSCInst0 to SLICE_39:

   Name    Fanout   Delay (ns)          Site               Resource
ROUTE        66     1.424        OSC.OSC to    R10C14C.CLK clk
                  --------
                    1.424   (0.0% logic, 100.0% route), 0 logic levels.


Passed: The following path meets requirements by 0.377ns

 Logical Details:  Cell type  Pin type       Cell/ASIC name  (clock net +/-)

   Source:         FF         Q              debounce_counters_0___i0  (from clk +)
   Destination:    FF         Data in        debounce_counters_0___i0  (to clk +)

   Delay:               0.364ns  (64.3% logic, 35.7% route), 2 logic levels.

 Constraint Details:

      0.364ns physical path delay SLICE_40 to SLICE_40 meets
     -0.013ns DIN_HLD and
      0.000ns delay constraint less
      0.000ns skew requirement (totaling -0.013ns) by 0.377ns

 Physical Path Details:

      Data path SLICE_40 to SLICE_40:

   Name    Fanout   Delay (ns)          Site               Resource
REG_DEL     ---     0.133    R13C17A.CLK to     R13C17A.Q1 SLICE_40 (from clk)
ROUTE         1     0.130     R13C17A.Q1 to     R13C17A.A1 debounce_counters_0_0
CTOF_DEL    ---     0.101     R13C17A.A1 to     R13C17A.F1 SLICE_40
ROUTE         1     0.000     R13C17A.F1 to    R13C17A.DI1 n48 (to clk)
                  --------
                    0.364   (64.3% logic, 35.7% route), 2 logic levels.

 Clock Skew Details: 

      Source Clock Path OSCInst0 to SLICE_40:

   Name    Fanout   Delay (ns)          Site               Resource
ROUTE        66     1.424        OSC.OSC to    R13C17A.CLK clk
                  --------
                    1.424   (0.0% logic, 100.0% route), 0 logic levels.

      Destination Clock Path OSCInst0 to SLICE_40:

   Name    Fanout   Delay (ns)          Site               Resource
ROUTE        66     1.424        OSC.OSC to    R13C17A.CLK clk
                  --------
                    1.424   (0.0% logic, 100.0% route), 0 logic levels.

Report Summary
--------------
----------------------------------------------------------------------------
Preference(MIN Delays)                  |   Constraint|       Actual|Levels
----------------------------------------------------------------------------
                                        |             |             |
FREQUENCY NET "clk" 7.000000 MHz ;      |     0.000 ns|     0.377 ns|   2  
                                        |             |             |
----------------------------------------------------------------------------


All preferences were met.


Clock Domains Analysis
------------------------

Found 3 clocks:

Clock Domain: i2c1_sclo   Source: dut/EFBInst_0.I2C1SCLO   Loads: 1
   No transfer within this clock domain is found

Clock Domain: i2c1_scli   Source: SCL.PAD   Loads: 1
   No transfer within this clock domain is found

Clock Domain: clk   Source: OSCInst0.OSC   Loads: 66
   Covered under: FREQUENCY NET "clk" 7.000000 MHz ;


Timing summary (Hold):
---------------

Timing errors: 0  Score: 0
Cumulative negative slack: 0

Constraints cover 4626 paths, 1 nets, and 821 connections (98.68% coverage)



Timing summary (Setup and Hold):
---------------

Timing errors: 0 (setup), 0 (hold)
Score: 0 (setup), 0 (hold)
Cumulative negative slack: 0 (0+0)
--------------------------------------------------------------------------------

--------------------------------------------------------------------------------

