|--------------------------------------------------------------|
|- ispLEVER Classic 2.1.00.02.49.20 Fitter Report File        -|
|- Copyright(C), 1992-2012, Lattice Semiconductor Corporation -|
|- All Rights Reserved.                                       -|
|--------------------------------------------------------------|




The Basic/Detailed Report Format can be selected in the dialog box
Tools->Fitter Report File Format...

Project_Summary
~~~~~~~~~~~~~~~
Project Name         :  uz_cpld_enc01_2_increip
Project Path         :  C:\GIT\UltraZohm\software\cpld_lattice\encoder_rev01_2_increEncoderIP
Project Fitted on    :  Wed Mar 30 14:38:20 2022

Device               :  M4128_64
Package              :  100
GLB Input Mux Size   :  19
Available Blocks     :  8
Speed                :  -7.5
Part Number          :  LA4128V-75TN100E
Source Format        :  ABEL_Schematic


// Project 'uz_cpld_enc01_2_increip' Fit Successfully! //


Compilation_Times
~~~~~~~~~~~~~~~~~
Prefit Time                     0 secs
Load Design Time                0.02 secs
Partition Time                  0.00 secs
Place Time                      0.00 secs
Route Time                      0.00 secs
Total Fit Time                  00:00:01


Design_Summary
~~~~~~~~~~~~~~
Total Input Pins                30
Total Logic Functions           30
  Total Output Pins             30
  Total Bidir I/O Pins          0
  Total Buried Nodes            0
Total Flip-Flops                0
  Total D Flip-Flops            0
  Total T Flip-Flops            0
  Total Latches                 0
Total Product Terms             30

Total Reserved Pins             0
Total Locked Pins               60
Total Locked Nodes              0

Total Unique Output Enables     0
Total Unique Clocks             0
Total Unique Clock Enables      0
Total Unique Resets             0
Total Unique Presets            0

Fmax Logic Levels               -


Device_Resource_Summary
~~~~~~~~~~~~~~~~~~~~~~~
                                 Device
                                 Total    Used   Not Used   Utilization
-----------------------------------------------------------------------
Dedicated Pins
  Clock/Input Pins                  4        0      4    -->     0
  Input-Only Pins                   6        0      6    -->     0
  I/O / Enable Pins                 2        2      0    -->   100
I/O Pins                           62       58      4    -->    93
Logic Functions                   128       30     98    -->    23
  Input Registers                  64        0     64    -->     0

GLB Inputs                        288       30    258    -->    10
Logical Product Terms             640       30    610    -->     4
Occupied GLBs                       8        8      0    -->   100
Macrocells                        128       30     98    -->    23

Control Product Terms:
  GLB Clock/Clock Enables           8        0      8    -->     0
  GLB Reset/Presets                 8        0      8    -->     0
  Macrocell Clocks                128        0    128    -->     0
  Macrocell Clock Enables         128        0    128    -->     0
  Macrocell Enables               128        0    128    -->     0
  Macrocell Resets                128        0    128    -->     0
  Macrocell Presets               128        0    128    -->     0

Global Routing Pool               220       30    190    -->    13
  GRP from IFB                     ..       30     ..    -->    ..
    (from input signals)           ..       30     ..    -->    ..
    (from output signals)          ..        0     ..    -->    ..
    (from bidir signals)           ..        0     ..    -->    ..
  GRP from MFB                     ..        0     ..    -->    ..
----------------------------------------------------------------------

<Note> 1 : The available PT is the product term that has not been used.
<Note> 2 : IFB is I/O feedback.
<Note> 3 : MFB is macrocell feedback.



GLB_Resource_Summary
~~~~~~~~~~~~~~~~~~~~
                                                                                     # of PT
               ---  Fanin  ---    I/O    Input  Macrocells       Macrocells   Logic  clusters
             Unique Shared Total  Pins    Regs Used Inaccessible  available    PTs   used
-------------------------------------------------------------------------------------------
Maximum
  GLB                      36      *(1)     8   --     --             16       80       16
-------------------------------------------------------------------------------------------
  GLB    A      6     0     6      5/8      0    6      0             10        6        6
  GLB    B      8     0     8      8/8      0    8      0              8        8        8
  GLB    C      8     0     8      8/8      0    8      0              8        8        8
  GLB    D      8     0     8      8/8      0    8      0              8        8        8
-------------------------------------------------------------------------------------------
  GLB    E      0     0     0      8/8      0    0      0             16        0        0
  GLB    F      0     0     0      8/8      0    0      0             16        0        0
  GLB    G      0     0     0      7/8      0    0      0             16        0        0
  GLB    H      0     0     0      6/8      0    0      0             16        0        0
-------------------------------------------------------------------------------------------
TOTALS:        30     0    30     58/64     0   30      0             98       30       30

<Note> 1 : For ispMACH 4000 devices, the number of IOs depends on the GLB.
<Note> 2 : Four rightmost columns above reflect last status of the placement process.



GLB_Control_Summary
~~~~~~~~~~~~~~~~~~~
           Shared Shared | Mcell  Mcell  Mcell  Mcell  Mcell 
           Clk/CE Rst/Pr | Clock  CE     Enable Reset  Preset
------------------------------------------------------------------------------
Maximum
  GLB        1      1        16     16     16     16     16  
==============================================================================
  GLB    A   0      0         0      0      0      0      0
  GLB    B   0      0         0      0      0      0      0
  GLB    C   0      0         0      0      0      0      0
  GLB    D   0      0         0      0      0      0      0
------------------------------------------------------------------------------
  GLB    E   0      0         0      0      0      0      0
  GLB    F   0      0         0      0      0      0      0
  GLB    G   0      0         0      0      0      0      0
  GLB    H   0      0         0      0      0      0      0
------------------------------------------------------------------------------

<Note> 1 : For ispMACH 4000 devices, the number of output enables depends on the GLB.



Optimizer_and_Fitter_Options
~~~~~~~~~~~~~~~~~~~~~~~~~~~~
Pin Assignment :                       Yes
Group Assignment :                     No
Pin Reservation :                      No

@Ignore_Project_Constraints :
  Pin Assignments :                    No
      Keep Block Assignment            --
      Keep Segment Assignment          --
  Group Assignments :                  No
  Macrocell Assignment :               No
      Keep Block Assignment            --
      Keep Segment Assignment          --

@Backannotate_Project_Constraints
  Pin Assignments :                    No
  Pin And Block Assignments :          No
  Pin, Macrocell and Block :           No

@Timing_Constraints :                  No

@Global_Project_Optimization :
  Balanced Partitioning :              Yes
  Spread Placement :                   Yes

  Note :
    Pack Design :
       Balanced Partitioning = No
       Spread Placement      = No
    Spread Design :
       Balanced Partitioning = Yes
       Spread Placement      = Yes


@Logic_Synthesis :
  Logic Reduction :                    Yes
  Node Collapsing :                    FMAX
  Fmax_Logic_Level :                   1
  D/T Synthesis :                      Yes
  XOR Synthesis :                      Yes
  Max. P-Term for Collapsing :         16
  Max. P-Term for Splitting :          80
  Max Symbols :                        24

@Utilization_options
  Max. % of Macrocells used :          100
@Usercode                               (HEX)
@IO_Types                              Default = LVCMOS18 (2)
@Output_Slew_Rate                      Default = FAST (2)
@Power                                 Default = HIGH (2)
@Pull                                  Default = PULLUP_DOWN (2)
@Fast_Bypass                           Default = None (2)
@ORP_Bypass                            Default = None
@Input_Registers                       Default = None (2)
@Register_Powerup                      Default = None

Device Options:
<Note> 1 : Reserved unused I/Os can be independently driven to Low or High, and does not
           follow the drive level set for the Global Configure Unused I/O Option.
<Note> 2 : For user-specified constraints on individual signals, refer to the Output,
           Bidir and Buried Signal Lists.



Pinout_Listing
~~~~~~~~~~~~~~
      | Pin   | Bank |GLB |Assigned|                 | Signal|
Pin No| Type  |Number|Pad |Pin     |     I/O Type    | Type  | Signal name
--------------------------------------------------------------------------
1     | GND   |   -  |    |        |                 |       |
2     | TDI   |   -  |    |        |                 |       |
3     |  I_O  |   0  |B0  |    *   |LVCMOS18         | Output|fpga_00
4     |  I_O  |   0  |B2  |    *   |LVCMOS18         | Output|fpga_01
5     |  I_O  |   0  |B4  |    *   |LVCMOS18         | Output|fpga_02
6     |  I_O  |   0  |B6  |    *   |LVCMOS18         | Output|fpga_03
7     |GNDIO0 |   -  |    |        |                 |       |
8     |  I_O  |   0  |B8  |    *   |LVCMOS18         | Output|fpga_04
9     |  I_O  |   0  |B10 |    *   |LVCMOS18         | Output|fpga_05
10    |  I_O  |   0  |B12 |    *   |LVCMOS18         | Output|fpga_06
11    |  I_O  |   0  |B13 |    *   |LVCMOS18         | Output|fpga_07
12    | IN0   |   0  |    |        |                 |       |
13    |VCCIO0 |   -  |    |        |                 |       |
14    |  I_O  |   0  |C14 |    *   |LVCMOS18         | Output|fpga_08
15    |  I_O  |   0  |C12 |    *   |LVCMOS18         | Output|fpga_09
16    |  I_O  |   0  |C10 |    *   |LVCMOS18         | Output|fpga_10
17    |  I_O  |   0  |C8  |    *   |LVCMOS18         | Output|fpga_11
18    |GNDIO0 |   -  |    |        |                 |       |
19    |  I_O  |   0  |C6  |    *   |LVCMOS18         | Output|fpga_12
20    |  I_O  |   0  |C5  |    *   |LVCMOS18         | Output|fpga_13
21    |  I_O  |   0  |C4  |    *   |LVCMOS18         | Output|fpga_14
22    |  I_O  |   0  |C2  |    *   |LVCMOS18         | Output|fpga_15
23    | IN1   |   0  |    |        |                 |       |
24    | TCK   |   -  |    |        |                 |       |
25    | VCC   |   -  |    |        |                 |       |
26    | GND   |   -  |    |        |                 |       |
27    | IN2   |   0  |    |        |                 |       |
28    |  I_O  |   0  |D13 |    *   |LVCMOS18         | Output|fpga_16
29    |  I_O  |   0  |D12 |    *   |LVCMOS18         | Output|fpga_17
30    |  I_O  |   0  |D10 |    *   |LVCMOS18         | Output|fpga_18
31    |  I_O  |   0  |D8  |    *   |LVCMOS18         | Output|fpga_19
32    |GNDIO0 |   -  |    |        |                 |       |
33    |VCCIO0 |   -  |    |        |                 |       |
34    |  I_O  |   0  |D6  |    *   |LVCMOS18         | Output|fpga_20
35    |  I_O  |   0  |D4  |    *   |LVCMOS18         | Output|fpga_21
36    |  I_O  |   0  |D2  |    *   |LVCMOS18         | Output|fpga_22
37    |  I_O  |   0  |D0  |    *   |LVCMOS18         | Output|fpga_23
38    |INCLK1 |   0  |    |        |                 |       |
39    |INCLK2 |   1  |    |        |                 |       |
40    | VCC   |   -  |    |        |                 |       |
41    |  I_O  |   1  |E0  |    *   |LVCMOS33         | Input |d_08
42    |  I_O  |   1  |E2  |    *   |LVCMOS33         | Input |d_10
43    |  I_O  |   1  |E4  |    *   |LVCMOS33         | Input |d_12
44    |  I_O  |   1  |E6  |    *   |LVCMOS33         | Input |d_14
45    |VCCIO1 |   -  |    |        |                 |       |
46    |GNDIO1 |   -  |    |        |                 |       |
47    |  I_O  |   1  |E8  |    *   |LVCMOS33         | Input |d_06
48    |  I_O  |   1  |E10 |    *   |LVCMOS33         | Input |d_04
49    |  I_O  |   1  |E12 |    *   |LVCMOS33         | Input |d_02
50    |  I_O  |   1  |E14 |    *   |LVCMOS33         | Input |d_00
51    | GND   |   -  |    |        |                 |       |
52    | TMS   |   -  |    |        |                 |       |
53    |  I_O  |   1  |F0  |    *   |LVCMOS33         | Input |d_01
54    |  I_O  |   1  |F2  |    *   |LVCMOS33         | Input |d_03
55    |  I_O  |   1  |F4  |    *   |LVCMOS33         | Input |d_05
56    |  I_O  |   1  |F6  |    *   |LVCMOS33         | Input |d_07
57    |GNDIO1 |   -  |    |        |                 |       |
58    |  I_O  |   1  |F8  |    *   |LVCMOS33         | Input |d_09
59    |  I_O  |   1  |F10 |    *   |LVCMOS33         | Input |d_11
60    |  I_O  |   1  |F12 |    *   |LVCMOS33         | Input |d_13
61    |  I_O  |   1  |F13 |    *   |LVCMOS33         | Input |d_15
62    | IN3   |   1  |    |        |                 |       |
63    |VCCIO1 |   -  |    |        |                 |       |
64    |  I_O  |   1  |G14 |    *   |LVCMOS33         | Input |d_17
65    |  I_O  |   1  |G12 |    *   |LVCMOS33         | Input |d_19
66    |  I_O  |   1  |G10 |    *   |LVCMOS33         | Input |d_21
67    |  I_O  |   1  |G8  |    *   |LVCMOS33         | Input |d_23
68    |GNDIO1 |   -  |    |        |                 |       |
69    |  I_O  |   1  |G6  |        |                 |       |
70    |  I_O  |   1  |G5  |    *   |LVCMOS33         | Input |d_29
71    |  I_O  |   1  |G4  |    *   |LVCMOS33         | Input |d_27
72    |  I_O  |   1  |G2  |    *   |LVCMOS33         | Input |d_25
73    | IN4   |   1  |    |        |                 |       |
74    | TDO   |   -  |    |        |                 |       |
75    | VCC   |   -  |    |        |                 |       |
76    | GND   |   -  |    |        |                 |       |
77    | IN5   |   1  |    |        |                 |       |
78    |  I_O  |   1  |H13 |        |                 |       |
79    |  I_O  |   1  |H12 |    *   |LVCMOS33         | Input |d_28
80    |  I_O  |   1  |H10 |    *   |LVCMOS33         | Input |d_26
81    |  I_O  |   1  |H8  |    *   |LVCMOS33         | Input |d_24
82    |GNDIO1 |   -  |    |        |                 |       |
83    |VCCIO1 |   -  |    |        |                 |       |
84    |  I_O  |   1  |H6  |    *   |LVCMOS33         | Input |d_16
85    |  I_O  |   1  |H4  |    *   |LVCMOS33         | Input |d_18
86    |  I_O  |   1  |H2  |    *   |LVCMOS33         | Input |d_20
87    | I_O/OE|   1  |H0  |    *   |LVCMOS33         | Input |d_22
88    |INCLK3 |   1  |    |        |                 |       |
89    |INCLK0 |   0  |    |        |                 |       |
90    | VCC   |   -  |    |        |                 |       |
91    | I_O/OE|   0  |A0  |    *   |LVCMOS18         | Output|fpga_24
92    |  I_O  |   0  |A2  |    *   |LVCMOS18         | Output|fpga_25
93    |  I_O  |   0  |A4  |    *   |LVCMOS18         | Output|fpga_26
94    |  I_O  |   0  |A6  |    *   |LVCMOS18         | Output|fpga_27
95    |VCCIO0 |   -  |    |        |                 |       |
96    |GNDIO0 |   -  |    |        |                 |       |
97    |  I_O  |   0  |A8  |    *   |LVCMOS18         | Output|fpga_28
98    |  I_O  |   0  |A10 |    *   |LVCMOS18         | Output|fpga_29
99    |  I_O  |   0  |A12 |        |                 |       |
100   |  I_O  |   0  |A14 |        |                 |       |
--------------------------------------------------------------------------

<Note> GLB Pad : This notation refers to the GLB I/O pad number in the device.
<Note> Assigned Pin : user or dedicated input assignment (E.g. Clock pins).
<Note> Pin Type : 
          ClkIn : Dedicated input or clock pin 
           CLK  : Dedicated clock pin
           I_O  : Input/Output pin
           INP  : Dedicated input pin
           JTAG : JTAG Control and test pin
           NC   : No connected



Input_Signal_List
~~~~~~~~~~~~~~~~~
                Input
         Pin    Fanout
 Pin GLB Type               Pullup Signal
-----------------------------------------
  50   E  I/O   1 -B------    Down d_00
  53   F  I/O   1 -B------    Down d_01
  49   E  I/O   1 -B------    Down d_02
  54   F  I/O   1 -B------    Down d_03
  48   E  I/O   1 -B------    Down d_04
  55   F  I/O   1 -B------    Down d_05
  47   E  I/O   1 -B------    Down d_06
  56   F  I/O   1 -B------    Down d_07
  41   E  I/O   1 --C-----    Down d_08
  58   F  I/O   1 --C-----    Down d_09
  42   E  I/O   1 --C-----    Down d_10
  59   F  I/O   1 ---D----    Down d_11
  43   E  I/O   1 --C-----    Down d_12
  60   F  I/O   1 --C-----    Down d_13
  44   E  I/O   1 --C-----    Down d_14
  61   F  I/O   1 --C-----    Down d_15
  84   H  I/O   1 --C-----    Down d_16
  64   G  I/O   1 ---D----    Down d_17
  85   H  I/O   1 ---D----    Down d_18
  65   G  I/O   1 ---D----    Down d_19
  86   H  I/O   1 ---D----    Down d_20
  66   G  I/O   1 ---D----    Down d_21
  87   H  I/O   1 ---D----    Down d_22
  67   G  I/O   1 ---D----    Down d_23
  81   H  I/O   1 A-------    Down d_24
  72   G  I/O   1 A-------    Down d_25
  80   H  I/O   1 A-------    Down d_26
  71   G  I/O   1 A-------    Down d_27
  79   H  I/O   1 A-------    Down d_28
  70   G  I/O   1 A-------    Down d_29
-----------------------------------------



Output_Signal_List
~~~~~~~~~~~~~~~~~~
          I         C      P R P       O Output
          N         L Mc   R E U C O F B Fanout
 Pin GLB  P LL PTs  S Type E S P E E P P             Slew Pullup Signal
------------------------------------------------------------------------
   3   B  1  1   1  1 COM                  --------  Fast   Down fpga_00
   4   B  1  1   1  1 COM                  --------  Fast   Down fpga_01
   5   B  1  1   1  1 COM                  --------  Fast   Down fpga_02
   6   B  1  1   1  1 COM                  --------  Fast   Down fpga_03
   8   B  1  1   1  1 COM                  --------  Fast   Down fpga_04
   9   B  1  1   1  1 COM                  --------  Fast   Down fpga_05
  10   B  1  1   1  1 COM                  --------  Fast   Down fpga_06
  11   B  1  1   1  1 COM                  --------  Fast   Down fpga_07
  14   C  1  1   1  1 COM                  --------  Fast   Down fpga_08
  15   C  1  1   1  1 COM                  --------  Fast   Down fpga_09
  16   C  1  1   1  1 COM                  --------  Fast   Down fpga_10
  17   C  1  1   1  1 COM                  --------  Fast   Down fpga_11
  19   C  1  1   1  1 COM                  --------  Fast   Down fpga_12
  20   C  1  1   1  1 COM                  --------  Fast   Down fpga_13
  21   C  1  1   1  1 COM                  --------  Fast   Down fpga_14
  22   C  1  1   1  1 COM                  --------  Fast   Down fpga_15
  28   D  1  1   1  1 COM                  --------  Fast   Down fpga_16
  29   D  1  1   1  1 COM                  --------  Fast   Down fpga_17
  30   D  1  1   1  1 COM                  --------  Fast   Down fpga_18
  31   D  1  1   1  1 COM                  --------  Fast   Down fpga_19
  34   D  1  1   1  1 COM                  --------  Fast   Down fpga_20
  35   D  1  1   1  1 COM                  --------  Fast   Down fpga_21
  36   D  1  1   1  1 COM                  --------  Fast   Down fpga_22
  37   D  1  1   1  1 COM                  --------  Fast   Down fpga_23
  91   A  1  1   1  1 COM                  --------  Fast   Down fpga_24
  92   A  1  1   1  1 COM                  --------  Fast   Down fpga_25
  93   A  1  1   1  1 COM                  --------  Fast   Down fpga_26
  94   A  1  1   1  1 COM                  --------  Fast   Down fpga_27
  97   A  1  1   1  1 COM                  --------  Fast   Down fpga_28
  98   A  1  1   1  1 COM                  --------  Fast   Down fpga_29
------------------------------------------------------------------------

<Note> CLS = Number of clusters used
       INP = Number of input signals
       PTs = Number of product terms
        LL = Number of logic levels
       PRE = Has preset equation
       RES = Has reset equation
       PUP = Power-Up initial state: R=Reset, S=Set
        CE = Has clock enable equation
        OE = Has output enable equation
        FP = Fast path used
       OBP = ORP bypass used



Bidir_Signal_List
~~~~~~~~~~~~~~~~~
          I         C      P R P       O Bidir
          N         L Mc   R E U C O F B Fanout
 Pin GLB  P LL PTs  S Type E S P E E P P             Slew Pullup Signal
-----------------------------------------------------------------------
-----------------------------------------------------------------------

<Note> CLS = Number of clusters used
       INP = Number of input signals
       PTs = Number of product terms
        LL = Number of logic levels
       PRE = Has preset equation
       RES = Has reset equation
       PUP = Power-Up initial state: R=Reset, S=Set
        CE = Has clock enable equation
        OE = Has output enable equation
        FP = Fast path used
       OBP = ORP bypass used



Buried_Signal_List
~~~~~~~~~~~~~~~~~~



PostFit_Equations
~~~~~~~~~~~~~~~~~
fpga_00 = d_00 ; (1 pterm, 1 signal)

fpga_01 = d_01 ; (1 pterm, 1 signal)

fpga_02 = d_02 ; (1 pterm, 1 signal)

fpga_03 = d_03 ; (1 pterm, 1 signal)

fpga_04 = d_04 ; (1 pterm, 1 signal)

fpga_05 = d_05 ; (1 pterm, 1 signal)

fpga_06 = d_06 ; (1 pterm, 1 signal)

fpga_07 = d_07 ; (1 pterm, 1 signal)

fpga_08 = d_08 ; (1 pterm, 1 signal)

fpga_09 = d_09 ; (1 pterm, 1 signal)

fpga_10 = d_10 ; (1 pterm, 1 signal)

fpga_11 = d_16 ; (1 pterm, 1 signal)

fpga_12 = d_14 ; (1 pterm, 1 signal)

fpga_13 = d_15 ; (1 pterm, 1 signal)

fpga_14 = d_12 ; (1 pterm, 1 signal)

fpga_15 = d_13 ; (1 pterm, 1 signal)

fpga_16 = d_11 ; (1 pterm, 1 signal)

fpga_17 = d_17 ; (1 pterm, 1 signal)

fpga_18 = d_18 ; (1 pterm, 1 signal)

fpga_19 = d_19 ; (1 pterm, 1 signal)

fpga_20 = d_20 ; (1 pterm, 1 signal)

fpga_21 = d_21 ; (1 pterm, 1 signal)

fpga_22 = d_22 ; (1 pterm, 1 signal)

fpga_23 = d_23 ; (1 pterm, 1 signal)

fpga_24 = d_24 ; (1 pterm, 1 signal)

fpga_25 = d_25 ; (1 pterm, 1 signal)

fpga_26 = d_26 ; (1 pterm, 1 signal)

fpga_27 = d_27 ; (1 pterm, 1 signal)

fpga_28 = d_28 ; (1 pterm, 1 signal)

fpga_29 = d_29 ; (1 pterm, 1 signal)




