
         Lattice Mapping Report File for Design Module 'SignalRouter'


Design Information
------------------

Command line:   map -a MachXO2 -p LCMXO2-2000HC -t TQFP100 -s 4 -oc Commercial
     uz_d_slots_rx30.ngd -o uz_d_slots_rx30_map.ncd -pr uz_d_slots_rx30.prf -mp
     uz_d_slots_rx30.mrp -lpf C:/git/cpld_lattice/MACHXO2/D_Slot_CPLD_LCMXO2-200
     0HC-4TG100C/uz_d_slots/rx30/uz_d_slots_rx30.lpf -lpf C:/git/cpld_lattice/MA
     CHXO2/D_Slot_CPLD_LCMXO2-2000HC-4TG100C/uz_d_slots/uz_d_slots.lpf -c 0 -gui
     -msgset C:/git/cpld_lattice/MACHXO2/D_Slot_CPLD_LCMXO2-2000HC-4TG100C/uz_d_
     slots/promote.xml 
Target Vendor:  LATTICE
Target Device:  LCMXO2-2000HCTQFP100
Target Performance:   4
Mapper:  xo2c00,  version:  Diamond (64-bit) 3.14.0.75.2
Mapped on:  11/01/24  14:30:34

Design Summary
--------------

   Number of registers:      0 out of  2352 (0%)
      PFU registers:            0 out of  2112 (0%)
      PIO registers:            0 out of   240 (0%)
   Number of SLICEs:         0 out of  1056 (0%)
      SLICEs as Logic/ROM:      0 out of  1056 (0%)
      SLICEs as RAM:            0 out of   792 (0%)
      SLICEs as Carry:          0 out of  1056 (0%)
   Number of LUT4s:          0 out of  2112 (0%)
      Number used as logic LUTs:          0
      Number used as distributed RAM:     0
      Number used as ripple logic:        0
      Number used as shift registers:     0
   Number of PIO sites used: 60 + 4(JTAG) out of 80 (80%)
   Number of block RAMs:  0 out of 8 (0%)
   Number of GSRs:        0 out of 1 (0%)
   EFB used :        No
   JTAG used :       No
   Readback used :   No
   Oscillator used : No
   Startup used :    No
   POR :             On
   Bandgap :         On
   Number of Power Controller:  0 out of 1 (0%)
   Number of Dynamic Bank Controller (BCINRD):  0 out of 6 (0%)
   Number of Dynamic Bank Controller (BCLVDSO):  0 out of 1 (0%)
   Number of DCCA:  0 out of 8 (0%)
   Number of DCMA:  0 out of 2 (0%)
   Number of PLLs:  0 out of 1 (0%)
   Number of DQSDLLs:  0 out of 2 (0%)
   Number of CLKDIVC:  0 out of 4 (0%)
   Number of ECLKSYNCA:  0 out of 4 (0%)
   Number of ECLKBRIDGECS:  0 out of 2 (0%)
   Notes:-
      1. Total number of LUT4s = (Number of logic LUT4s) + 2*(Number of
     distributed RAMs) + 2*(Number of ripple logic)
      2. Number of logic LUT4s does not include count of distributed RAM and
     ripple logic.
   Number of clocks:  0
   Number of Clock Enables:  0

                                    Page 1




Design:  SignalRouter                                  Date:  11/01/24  14:30:34

Design Summary (cont)
---------------------
   Number of LSRs:  0
   Number of nets driven by tri-state buffers:  0
   Top 10 highest fanout non-clock nets:
     Net fpga_00_c_c: 1 loads
     Net fpga_01_c_c: 1 loads
     Net fpga_02_c_c: 1 loads
     Net fpga_03_c_c: 1 loads
     Net fpga_04_c_c: 1 loads
     Net fpga_05_c_c: 1 loads
     Net fpga_06_c_c: 1 loads
     Net fpga_07_c_c: 1 loads
     Net fpga_08_c_c: 1 loads
     Net fpga_09_c_c: 1 loads




   Number of warnings:  30
   Number of errors:    0
     

Design Errors/Warnings
----------------------

WARNING - map: SLEWRATE=SLOW for fpga_00_c_pad/IOBUF violates legal combination
     and is ignored.
WARNING - map: SLEWRATE=SLOW for fpga_01_c_pad/IOBUF violates legal combination
     and is ignored.
WARNING - map: SLEWRATE=SLOW for fpga_02_c_pad/IOBUF violates legal combination
     and is ignored.
WARNING - map: SLEWRATE=SLOW for fpga_03_c_pad/IOBUF violates legal combination
     and is ignored.
WARNING - map: SLEWRATE=SLOW for fpga_04_c_pad/IOBUF violates legal combination
     and is ignored.
WARNING - map: SLEWRATE=SLOW for fpga_05_c_pad/IOBUF violates legal combination
     and is ignored.
WARNING - map: SLEWRATE=SLOW for fpga_06_c_pad/IOBUF violates legal combination
     and is ignored.
WARNING - map: SLEWRATE=SLOW for fpga_07_c_pad/IOBUF violates legal combination
     and is ignored.
WARNING - map: SLEWRATE=SLOW for fpga_08_c_pad/IOBUF violates legal combination
     and is ignored.
WARNING - map: SLEWRATE=SLOW for fpga_09_c_pad/IOBUF violates legal combination
     and is ignored.
WARNING - map: SLEWRATE=SLOW for fpga_10_c_pad/IOBUF violates legal combination
     and is ignored.
WARNING - map: SLEWRATE=SLOW for fpga_11_c_pad/IOBUF violates legal combination
     and is ignored.
WARNING - map: SLEWRATE=SLOW for fpga_12_c_pad/IOBUF violates legal combination
     and is ignored.
WARNING - map: SLEWRATE=SLOW for fpga_13_c_pad/IOBUF violates legal combination
     and is ignored.
WARNING - map: SLEWRATE=SLOW for fpga_14_c_pad/IOBUF violates legal combination
     and is ignored.
WARNING - map: SLEWRATE=SLOW for fpga_15_c_pad/IOBUF violates legal combination
     and is ignored.

                                    Page 2




Design:  SignalRouter                                  Date:  11/01/24  14:30:34

Design Errors/Warnings (cont)
-----------------------------
WARNING - map: SLEWRATE=SLOW for fpga_16_c_pad/IOBUF violates legal combination
     and is ignored.
WARNING - map: SLEWRATE=SLOW for fpga_17_c_pad/IOBUF violates legal combination
     and is ignored.
WARNING - map: SLEWRATE=SLOW for fpga_18_c_pad/IOBUF violates legal combination
     and is ignored.
WARNING - map: SLEWRATE=SLOW for fpga_19_c_pad/IOBUF violates legal combination
     and is ignored.
WARNING - map: SLEWRATE=SLOW for fpga_20_c_pad/IOBUF violates legal combination
     and is ignored.
WARNING - map: SLEWRATE=SLOW for fpga_21_c_pad/IOBUF violates legal combination
     and is ignored.
WARNING - map: SLEWRATE=SLOW for fpga_22_c_pad/IOBUF violates legal combination
     and is ignored.
WARNING - map: SLEWRATE=SLOW for fpga_23_c_pad/IOBUF violates legal combination
     and is ignored.
WARNING - map: SLEWRATE=SLOW for fpga_24_c_pad/IOBUF violates legal combination
     and is ignored.
WARNING - map: SLEWRATE=SLOW for fpga_25_c_pad/IOBUF violates legal combination
     and is ignored.
WARNING - map: SLEWRATE=SLOW for fpga_26_c_pad/IOBUF violates legal combination
     and is ignored.
WARNING - map: SLEWRATE=SLOW for fpga_27_c_pad/IOBUF violates legal combination
     and is ignored.
WARNING - map: SLEWRATE=SLOW for fpga_28_c_pad/IOBUF violates legal combination
     and is ignored.
WARNING - map: SLEWRATE=SLOW for fpga_29_c_pad/IOBUF violates legal combination
     and is ignored.

IO (PIO) Attributes
-------------------

+---------------------+-----------+-----------+------------+
| IO Name             | Direction | Levelmode | IO         |
|                     |           |  IO_TYPE  | Register   |
+---------------------+-----------+-----------+------------+
| fpga_00             | OUTPUT    | LVCMOS18  |            |
+---------------------+-----------+-----------+------------+
| fpga_01             | OUTPUT    | LVCMOS18  |            |
+---------------------+-----------+-----------+------------+
| fpga_02             | OUTPUT    | LVCMOS18  |            |
+---------------------+-----------+-----------+------------+
| fpga_03             | OUTPUT    | LVCMOS18  |            |
+---------------------+-----------+-----------+------------+
| fpga_04             | OUTPUT    | LVCMOS18  |            |
+---------------------+-----------+-----------+------------+
| fpga_05             | OUTPUT    | LVCMOS18  |            |
+---------------------+-----------+-----------+------------+
| fpga_06             | OUTPUT    | LVCMOS18  |            |
+---------------------+-----------+-----------+------------+
| fpga_07             | OUTPUT    | LVCMOS18  |            |
+---------------------+-----------+-----------+------------+
| fpga_08             | OUTPUT    | LVCMOS18  |            |
+---------------------+-----------+-----------+------------+
| fpga_09             | OUTPUT    | LVCMOS18  |            |
+---------------------+-----------+-----------+------------+

                                    Page 3




Design:  SignalRouter                                  Date:  11/01/24  14:30:34

IO (PIO) Attributes (cont)
--------------------------
| fpga_10             | OUTPUT    | LVCMOS18  |            |
+---------------------+-----------+-----------+------------+
| fpga_11             | OUTPUT    | LVCMOS18  |            |
+---------------------+-----------+-----------+------------+
| fpga_12             | OUTPUT    | LVCMOS18  |            |
+---------------------+-----------+-----------+------------+
| fpga_13             | OUTPUT    | LVCMOS18  |            |
+---------------------+-----------+-----------+------------+
| fpga_14             | OUTPUT    | LVCMOS18  |            |
+---------------------+-----------+-----------+------------+
| fpga_15             | OUTPUT    | LVCMOS18  |            |
+---------------------+-----------+-----------+------------+
| fpga_16             | OUTPUT    | LVCMOS18  |            |
+---------------------+-----------+-----------+------------+
| fpga_17             | OUTPUT    | LVCMOS18  |            |
+---------------------+-----------+-----------+------------+
| fpga_18             | OUTPUT    | LVCMOS18  |            |
+---------------------+-----------+-----------+------------+
| fpga_19             | OUTPUT    | LVCMOS18  |            |
+---------------------+-----------+-----------+------------+
| fpga_20             | OUTPUT    | LVCMOS18  |            |
+---------------------+-----------+-----------+------------+
| fpga_21             | OUTPUT    | LVCMOS18  |            |
+---------------------+-----------+-----------+------------+
| fpga_22             | OUTPUT    | LVCMOS18  |            |
+---------------------+-----------+-----------+------------+
| fpga_23             | OUTPUT    | LVCMOS18  |            |
+---------------------+-----------+-----------+------------+
| fpga_24             | OUTPUT    | LVCMOS18  |            |
+---------------------+-----------+-----------+------------+
| fpga_25             | OUTPUT    | LVCMOS18  |            |
+---------------------+-----------+-----------+------------+
| fpga_26             | OUTPUT    | LVCMOS18  |            |
+---------------------+-----------+-----------+------------+
| fpga_27             | OUTPUT    | LVCMOS18  |            |
+---------------------+-----------+-----------+------------+
| fpga_28             | OUTPUT    | LVCMOS18  |            |
+---------------------+-----------+-----------+------------+
| fpga_29             | OUTPUT    | LVCMOS18  |            |
+---------------------+-----------+-----------+------------+
| d_00                | INPUT     | LVCMOS33  |            |
+---------------------+-----------+-----------+------------+
| d_01                | INPUT     | LVCMOS33  |            |
+---------------------+-----------+-----------+------------+
| d_02                | INPUT     | LVCMOS33  |            |
+---------------------+-----------+-----------+------------+
| d_03                | INPUT     | LVCMOS33  |            |
+---------------------+-----------+-----------+------------+
| d_04                | INPUT     | LVCMOS33  |            |
+---------------------+-----------+-----------+------------+
| d_05                | INPUT     | LVCMOS33  |            |
+---------------------+-----------+-----------+------------+
| d_06                | INPUT     | LVCMOS33  |            |
+---------------------+-----------+-----------+------------+
| d_07                | INPUT     | LVCMOS33  |            |
+---------------------+-----------+-----------+------------+

                                    Page 4




Design:  SignalRouter                                  Date:  11/01/24  14:30:34

IO (PIO) Attributes (cont)
--------------------------
| d_08                | INPUT     | LVCMOS33  |            |
+---------------------+-----------+-----------+------------+
| d_09                | INPUT     | LVCMOS33  |            |
+---------------------+-----------+-----------+------------+
| d_10                | INPUT     | LVCMOS33  |            |
+---------------------+-----------+-----------+------------+
| d_11                | INPUT     | LVCMOS33  |            |
+---------------------+-----------+-----------+------------+
| d_12                | INPUT     | LVCMOS33  |            |
+---------------------+-----------+-----------+------------+
| d_13                | INPUT     | LVCMOS33  |            |
+---------------------+-----------+-----------+------------+
| d_14                | INPUT     | LVCMOS33  |            |
+---------------------+-----------+-----------+------------+
| d_15                | INPUT     | LVCMOS33  |            |
+---------------------+-----------+-----------+------------+
| d_16                | INPUT     | LVCMOS33  |            |
+---------------------+-----------+-----------+------------+
| d_17                | INPUT     | LVCMOS33  |            |
+---------------------+-----------+-----------+------------+
| d_18                | INPUT     | LVCMOS33  |            |
+---------------------+-----------+-----------+------------+
| d_19                | INPUT     | LVCMOS33  |            |
+---------------------+-----------+-----------+------------+
| d_20                | INPUT     | LVCMOS33  |            |
+---------------------+-----------+-----------+------------+
| d_21                | INPUT     | LVCMOS33  |            |
+---------------------+-----------+-----------+------------+
| d_22                | INPUT     | LVCMOS33  |            |
+---------------------+-----------+-----------+------------+
| d_23                | INPUT     | LVCMOS33  |            |
+---------------------+-----------+-----------+------------+
| d_24                | INPUT     | LVCMOS33  |            |
+---------------------+-----------+-----------+------------+
| d_25                | INPUT     | LVCMOS33  |            |
+---------------------+-----------+-----------+------------+
| d_26                | INPUT     | LVCMOS33  |            |
+---------------------+-----------+-----------+------------+
| d_27                | INPUT     | LVCMOS33  |            |
+---------------------+-----------+-----------+------------+
| d_28                | INPUT     | LVCMOS33  |            |
+---------------------+-----------+-----------+------------+
| d_29                | INPUT     | LVCMOS33  |            |
+---------------------+-----------+-----------+------------+

Removed logic
-------------

Block i24 undriven or does not drive anything - clipped.
Block GSR_INST undriven or does not drive anything - clipped.
Block i23 undriven or does not drive anything - clipped.
Signal VCC_net undriven or does not drive anything - clipped.
Signal GND_net undriven or does not drive anything - clipped.

     


                                    Page 5




Design:  SignalRouter                                  Date:  11/01/24  14:30:34

Run Time and Memory Usage
-------------------------

   Total CPU Time: 0 secs  
   Total REAL Time: 0 secs  
   Peak Memory Usage: 44 MB
        




















































                                    Page 6


Copyright (c) 1991-1994 by NeoCAD Inc. All rights reserved.
     Copyright (c) 1995 AT&T Corp.   All rights reserved.
     Copyright (c) 1995-2001 Lucent Technologies Inc.  All rights reserved.
     Copyright (c) 2001 Agere Systems   All rights reserved.
     Copyright (c) 2002-2024 Lattice Semiconductor Corporation,  All rights
     reserved.
