ispLEVER Auto-Make Log File
---------------------------

Updating: Constraint Editor
Start to record tcl script...
Finished recording TCL script.

Starting: 'C:\ispLEVER_Classic2_1\ispcpld\bin\mblifopt.exe i2c_slave.bl0 -collapse none -reduce none -keepwires -gui -err automake.err -family'

BLIFOPT  Open-ABEL Optimizer 
U.C. Berkeley, SIS Ver. 1.0, supported by Lattice Semiconductor
ispLEVER Classic 2.1 Copyright 1992-2020 Lattice Semiconductor. All Rights Reserved.
Reading Open-ABEL 2 file i2c_slave.bl0...
Writing Open-ABEL 2 (BLIF) file i2c_slave.bl1...
Note    0: 
BLIFOPT complete - Time 0 seconds
Done: completed successfully.

Starting: 'C:\ispLEVER_Classic2_1\ispcpld\bin\mblflink.exe "i2c_slave.bl1" -o "i2c.bl2" -omod "i2c" -gui -err "automake.err"'

BLIFLINK  Top-Down Design Linker
ispLEVER Classic 2.1 Copyright 1992-2020 Lattice Semiconductor. All Rights Reserved.

Top-level file: 'i2c_slave.bl1'

Hierarchical BLIF: 'i2c.bl2'

BLIFLINK complete.  Time: 1 second 
Done: completed successfully.

Starting: 'C:\ispLEVER_Classic2_1\ispcpld\bin\impsrc.exe -gui -prj i2c -lci i2c.lct -log i2c.imp -err automake.err -tti i2c.bl2 -dir c:\git\ultrazohm\software\cpld_lattice\evalboard\rd1054_i2c_slve_peripheral\rd1054\source\vhdl'

No pin assignment or valid property.
No source constraints were imported.
Done: completed successfully.

Starting: 'C:\ispLEVER_Classic2_1\ispcpld\bin\abelvci.exe -vci i2c.lct -blifopt i2c.b2_'

Done: completed successfully.

Starting: 'C:\ispLEVER_Classic2_1\ispcpld\bin\mblifopt.exe i2c.bl2 -sweep -mergefb -err automake.err -o i2c.bl3 @i2c.b2_ -gui'

BLIFOPT  Open-ABEL Optimizer 
U.C. Berkeley, SIS Ver. 1.0, supported by Lattice Semiconductor
ispLEVER Classic 2.1 Copyright 1992-2020 Lattice Semiconductor. All Rights Reserved.
Reading Open-ABEL 2 file i2c.bl2...
Merging feedbacks...
Note 13707: Node shift_6_4__un3_n is collapsed...
Note 13707: Node shift_6_5__un3_n is collapsed...
Note 13707: Node shift_6_3__un3_n is collapsed...
Note 13707: Node shift_6_6__un3_n is collapsed...
Note 13707: Node shift_6_7__un3_n is collapsed...
Note 13707: Node shift_6_2__un3_n is collapsed...
Note 13707: Node shift_6_0_1__un3_n is collapsed...
Note 13707: Node un1_sda_oe is collapsed...
Note 13707: Node shift_6_1__un3_n is collapsed...
Note 13707: Node un1_sm_state_3_0__un3_n is collapsed...
Note 13707: Node shift_6_0__un3_n is collapsed...
Note 13707: Node shift_6_0_7__un3_n is collapsed...
Note 13707: Node N_144 is collapsed...
Note 13707: Node N_222 is collapsed...
Note 13707: Node shift_6_0_6__un3_n is collapsed...
Note 13707: Node N_150 is collapsed...
Note 13707: Node un1_r_w_t_1 is collapsed...
Note 13707: Node shift_6_0_5__un3_n is collapsed...
Note 13707: Node N_149 is collapsed...
Note 13707: Node N_147 is collapsed...
Note 13707: Node shift_6_0_4__un3_n is collapsed...
Note 13707: Node un1_sm_state_3_i_0__n is collapsed...
Note 13707: Node sm_state_i_10__n is collapsed...
Note 13707: Node shift_6_0_3__un3_n is collapsed...
Note 13707: Node ready_i is collapsed...
Note 13707: Node sm_state_i_1__n is collapsed...
Note 13707: Node shift_6_0_2__un3_n is collapsed...
Note 13707: Node data_in_i_7__n is collapsed...
Note 13707: Node shift_i_6__n is collapsed...
Note 13707: Node N_157_i is collapsed...
Note 13707: Node sm_state_i_2__n is collapsed...
Note 13707: Node sm_state_i_3__n is collapsed...
Note 13707: Node data_in_c_0__n is collapsed...
Note 13707: Node data_in_c_1__n is collapsed...
Note 13707: Node data_in_c_2__n is collapsed...
Note 13707: Node data_in_c_3__n is collapsed...
Note 13707: Node data_in_c_4__n is collapsed...
Note 13707: Node data_in_c_5__n is collapsed...
Note 13707: Node data_in_c_6__n is collapsed...
Note 13707: Node ack_out_i is collapsed...
Note 13707: Node sda_en_i is collapsed...
Note 13707: Node N_172_i is collapsed...
Note 13707: Node N_171_i is collapsed...
Note 13707: Node N_170_i is collapsed...
Note 13707: Node N_168_i is collapsed...
Note 13707: Node N_164_i is collapsed...
Note 13707: Node stop_t_i is collapsed...
Note 13707: Node sda_en_2_m_i is collapsed...
Note 13707: Node N_223_i is collapsed...
Note 13707: Node sda_en_1_m_i is collapsed...
Note 13707: Node N_163_i is collapsed...
Note 13707: Node sm_state_1_sqmuxa_i is collapsed...
Note 13707: Node N_162_i is collapsed...
Note 13707: Node N_161_i is collapsed...
Note 13707: Node N_159_i is collapsed...
Note 13707: Node N_160_i is collapsed...
Note 13707: Node sm_state_i_4__n is collapsed...
Note 13707: Node sm_state_i_13__n is collapsed...
Note 13707: Node sm_state_i_12__n is collapsed...
Note 13707: Node sm_state_i_5__n is collapsed...
Note 13707: Node sm_state_i_6__n is collapsed...
Note 13707: Node sm_state_i_8__n is collapsed...
Note 13707: Node sm_state_i_11__n is collapsed...
Note 13707: Node sm_state_i_14__n is collapsed...
Note 13707: Node sm_state_i_16__n is collapsed...
Note 13707: Node sm_state_i_17__n is collapsed...
Note 13707: Node sm_state_i_0__n is collapsed...
Note 13707: Node sm_state_i_7__n is collapsed...
Note 13707: Node ready_c is collapsed...
Note 13707: Node data_in_c_7__n is collapsed...
Note 13707: Node sm_state_i_15__n is collapsed...
Note 13707: Node XRESET_c_i is collapsed...
Note 13707: Node shift_6_3__un0_n is collapsed...
Note 13707: Node sm_state_ns_0_1_0__n is collapsed...
Note 13707: Node stop_async_rst_0 is collapsed...
Note 13707: Node start_async_rst_0 is collapsed...
Note 13707: Node shift_6_3__un1_n is collapsed...
Note 13707: Node sm_state_ns_0_9__n is collapsed...
Note 13707: Node sm_state_ns_0_2_0__n is collapsed...
Note 13707: Node sm_state_ns_0_3_0__n is collapsed...
Note 13707: Node shift_6_4__un1_n is collapsed...
Note 13707: Node ack_out_2_0 is collapsed...
Note 13707: Node N_148_i_1 is collapsed...
Note 13707: Node shift_6_4__un0_n is collapsed...
Note 13707: Node shift_6_2__un0_n is collapsed...
Note 13707: Node un1_sda_oe_0 is collapsed...
Note 13707: Node N_150_0_1 is collapsed...
Note 13707: Node N_222_0_1 is collapsed...
Note 13707: Node shift_6_5__un1_n is collapsed...
Note 13707: Node shift_6_5__un0_n is collapsed...
Note 13707: Node shift_6_2__un1_n is collapsed...
Note 13707: Node N_222_0_2 is collapsed...
Note 13707: Node N_222_0_3 is collapsed...
Note 13707: Node shift_6_6__un1_n is collapsed...
Note 13707: Node shift_6_6__un0_n is collapsed...
Note 13707: Node N_222_2_i_1 is collapsed...
Note 13707: Node N_153_1 is collapsed...
Note 13707: Node N_157_1 is collapsed...
Note 13707: Node N_149_0 is collapsed...
Note 13707: Node shift_6_1__un0_n is collapsed...
Note 13707: Node shift_6_7__un1_n is collapsed...
Note 13707: Node shift_6_7__un0_n is collapsed...
Note 13707: Node N_157_2 is collapsed...
Note 13707: Node shift_6_1__un1_n is collapsed...
Note 13707: Node sda_en_2_m_1 is collapsed...
Note 13707: Node shift_6_0_1__un1_n is collapsed...
Note 13707: Node sda_en_2_m_2 is collapsed...
Note 13707: Node un1_r_w_t_3_1 is collapsed...
Note 13707: Node shift_6_0_7__un0_n is collapsed...
Note 13707: Node un28_r_w_t_1 is collapsed...
Note 13707: Node shift_6_0_1__un0_n is collapsed...
Note 13707: Node sda_en_3_0 is collapsed...
Note 13707: Node shift_6_0_7__un1_n is collapsed...
Note 13707: Node shift_6_0_2__un1_n is collapsed...
Note 13707: Node un1_sm_state_3_0__un1_n is collapsed...
Note 13707: Node un1_sm_state_3_0__un0_n is collapsed...
Note 13707: Node shift_6_0_6__un0_n is collapsed...
Note 13707: Node N_222_0 is collapsed...
Note 13707: Node shift_6_0__un1_n is collapsed...
Note 13707: Node shift_6_0__un0_n is collapsed...
Note 13707: Node shift_6_0_2__un0_n is collapsed...
Note 13707: Node shift_6_0_3__un1_n is collapsed...
Note 13707: Node shift_6_0_6__un1_n is collapsed...
Note 13707: Node shift_6_0_5__un0_n is collapsed...
Note 13707: Node N_163 is collapsed...
Note 13707: Node N_197 is collapsed...
Note 13707: Node N_162 is collapsed...
Note 13707: Node N_161 is collapsed...
Note 13707: Node N_159 is collapsed...
Note 13707: Node N_172 is collapsed...
Note 13707: Node N_171 is collapsed...
Note 13707: Node N_170 is collapsed...
Note 13707: Node N_168 is collapsed...
Note 13707: Node shift_6_0_5__un1_n is collapsed...
Note 13707: Node N_164 is collapsed...
Note 13707: Node shift_6_0_3__un0_n is collapsed...
Note 13707: Node shift_6_0_4__un1_n is collapsed...
Note 13707: Node shift_6_0_4__un0_n is collapsed...
Note 13707: Node sda_en_1_m is collapsed...
Note 13707: Node sm_state_i_9__n is collapsed...
Note 13707: Node start_t_i is collapsed...
Note 13707: Node sda_in_i is collapsed...
Note 13707: Node r_w_t_i is collapsed...
Note 13707: Node shift_i_0__n is collapsed...
Note 13707: Node un13_r_w_t_i is collapsed...
Note 13707: Node un1_r_w_t_1_i is collapsed...
Note 13707: Node N_144_i is collapsed...
Note 13707: Node N_147_i is collapsed...
Note 13707: Node N_222_3_i is collapsed...
Note 13707: Node N_157 is collapsed...
Note 13707: Node sm_state_1_sqmuxa is collapsed...
Note 13707: Node N_196 is collapsed...
Note 13707: Node N_199 is collapsed...
Note 13707: Node N_153 is collapsed...
Note 13707: Node N_200 is collapsed...
Note 13707: Node N_198 is collapsed...
Note 13707: Node N_194 is collapsed...
Note 13707: Node N_160 is collapsed...
Note 13707: Node N_195 is collapsed...
Note 13707: Node N_150_0 is collapsed...
Note 13707: Node un1_r_w_t_3_i is collapsed...
Note 13707: Node N_174 is collapsed...
Note 13707: Node sda_in_c is collapsed...
Note 13707: Node scl_in_i is collapsed...
Note 13707: Node N_222_2_i is collapsed...
Note 13707: Node N_148_i is collapsed...
Note 13707: Node un1_sm_state_3_0__n is collapsed...
Note 13707: Node sda_en_2_m is collapsed...
Note 13707: Node scl_in_c is collapsed...
Note 13707: Node XRESET_c is collapsed...
Note 13707: Node N_223 is collapsed...
Note 13707: Node sm_state_ns_0_0__n is collapsed...
Note 13707: Node un28_r_w_t is collapsed...
Note 13707: Node N_222_0_5 is collapsed...
Note 13707: Node N_222_0_4 is collapsed...
Note 13707: Node N_157_3 is collapsed...
Note 13707: Node sm_state_ns_0_4_0__n is collapsed...
Note 13707: Fmax mode optimizing 16 critical paths, 2 levels ...
Note 13707: Node un13_r_w_t is collapsed...
Note 13707: Node un1_r_w_t_3 is collapsed...
Note 13707: Fmax mode satisfied
Control path optimization...
Performing 'bypin choose' optimization...
.........Note    0: 
Estimated (clusters + macrocells): 57, Fmax Logic Level: 1
Writing Open-ABEL 2 (BLIF) file i2c.bl3...
Note    0: 
BLIFOPT complete - Time 1 seconds
Done: completed successfully.

Starting: 'C:\ispLEVER_Classic2_1\ispcpld\bin\abelvci.exe -vci i2c.lct -dev lc4k -diofft i2c.d0'

Done: completed successfully.

Starting: 'C:\ispLEVER_Classic2_1\ispcpld\bin\mdiofft.exe i2c.bl3 -family AMDMACH -idev van -o i2c.bl4 -oxrf i2c.xrf -err automake.err @i2c.d0 -gui'

DIOFFT  Flip-Flop Transformation program
ispLEVER Classic 2.1 Copyright 1992-2020 Lattice Semiconductor. All Rights Reserved.
Input file: i2c.bl3.
Output file: i2c.bl4.
Cross reference file: i2c.xrf.

.......................................................................
.......................................................................
...............................................................
Shortening signal names...
Writing signal name cross reference file i2c.xrf... 

DIOFFT complete - Time 0 seconds
Done: completed successfully.

Starting: 'C:\ispLEVER_Classic2_1\ispcpld\bin\abelvci.exe -vci i2c.lct -dev lc4k -prefit i2c.l0'

Done: completed successfully.

Starting: 'C:\ispLEVER_Classic2_1\ispcpld\bin\prefit.exe -blif -inp i2c.bl4 -out i2c.bl5 -err automake.err -log i2c.log -mod i2c_slave @i2c.l0 -gui -sc'

Prefit Logic Optimizer (May 31 2012)  Tue Dec 28 14:17:44 2021

C:\ispLEVER_Classic2_1\ispcpld\bin\prefit.exe -blif -inp i2c.bl4 -out i2c.bl5 -err automake.err -log i2c.log -mod i2c_slave @i2c.l0 -gui -sc 
<Note> F34000: stop.AR has too many product terms. An node will be applied.
<Note> F34000: shift_0_.CE has too many product terms. An node will be applied.
<Note> F34000: shift_6_.CE has too many product terms. An node will be applied.
<Note> F34000: shift_1_.CE has too many product terms. An node will be applied.
<Note> F34000: shift_2_.CE has too many product terms. An node will be applied.
<Note> F34000: shift_3_.CE has too many product terms. An node will be applied.
<Note> F34000: shift_4_.CE has too many product terms. An node will be applied.
<Note> F34000: shift_5_.CE has too many product terms. An node will be applied.
<Note> F34000: shift_7_.CE has too many product terms. An node will be applied.
<Note> F34000: buried node stop_0 generated
<Note> F34000: buried node shift_0__0 generated

Number of pins (IO)    :    26
Number of outputs (MC) :    47
Number of registers    :    41
Number of logic pterms :   117
C:\ispLEVER_Classic2_1\ispcpld\bin\prefit.exe complete - Time 0 seconds

Done: completed successfully.

Starting: 'C:\ispLEVER_Classic2_1\ispcpld\bin\blifstat.exe -i i2c.bl5 -o i2c.sif'

Done: completed successfully.

Launching: 'C:\ispLEVER_Classic2_1\ispcpld\bin\lciedit.exe @lattice_cmd.rs2'

