|--------------------------------------------------------------|
|- ispLEVER Classic 2.1.00.02.49.20 Fitter Report File        -|
|- Copyright(C), 1992-2012, Lattice Semiconductor Corporation -|
|- All Rights Reserved.                                       -|
|--------------------------------------------------------------|




The Basic/Detailed Report Format can be selected in the dialog box
Tools->Fitter Report File Format...

Project_Summary
~~~~~~~~~~~~~~~
Project Name         :  i2c
Project Path         :  C:\GIT\UltraZohm\Software\cpld_lattice\EvalBoard\rd1054_i2c_slve_peripheral\rd1054\source\vhdl
Project Fitted on    :  Tue Dec 28 14:11:14 2021

Device               :  M4256_96
Package              :  144
GLB Input Mux Size   :  33
Available Blocks     :  16
Speed                :  -5.8
Part Number          :  LC4256ZE-5TN144C
Source Format        :  Schematic_VHDL


// Project 'i2c' Fit Successfully! //


Compilation_Times
~~~~~~~~~~~~~~~~~
Prefit Time                     0 secs
Load Design Time                0.19 secs
Partition Time                  0.09 secs
Place Time                      0.00 secs
Route Time                      0.00 secs
Total Fit Time                  00:00:01


Design_Summary
~~~~~~~~~~~~~~
Total Input Pins                12
Total Logic Functions           47
  Total Output Pins             14
  Total Bidir I/O Pins          0
  Total Buried Nodes            33
Total Flip-Flops                41
  Total D Flip-Flops            41
  Total T Flip-Flops            0
  Total Latches                 0
Total Product Terms             224

Total Reserved Pins             0
Total Locked Pins               12
Total Locked Nodes              0

Total Unique Output Enables     0
Total Unique Clocks             5
Total Unique Clock Enables      3
Total Unique Resets             4
Total Unique Presets            2

Fmax Logic Levels               2


Device_Resource_Summary
~~~~~~~~~~~~~~~~~~~~~~~
                                 Device
                                 Total    Used   Not Used   Utilization
-----------------------------------------------------------------------
Dedicated Pins
  Clock/Input Pins                  4        4      0    -->   100
  Input-Only Pins                  10        6      4    -->    60
  I/O / Enable Pins                 2        2      0    -->   100
I/O Pins                           94       14     80    -->    14
Logic Functions                   256       47    209    -->    18
  Input Registers                  96        0     96    -->     0

GLB Inputs                        576      157    419    -->    27
Logical Product Terms            1280      154   1126    -->    12
Occupied GLBs                      16       10      6    -->    62
Macrocells                        256       47    209    -->    18

Control Product Terms:
  GLB Clock/Clock Enables          16       10      6    -->    62
  GLB Reset/Presets                16        0     16    -->     0
  Macrocell Clocks                256       11    245    -->     4
  Macrocell Clock Enables         256       16    240    -->     6
  Macrocell Enables               256        0    256    -->     0
  Macrocell Resets                256        2    254    -->     0
  Macrocell Presets               256        0    256    -->     0

Global Routing Pool               356       49    307    -->    13
  GRP from IFB                     ..        6     ..    -->    ..
    (from input signals)           ..        6     ..    -->    ..
    (from output signals)          ..        0     ..    -->    ..
    (from bidir signals)           ..        0     ..    -->    ..
  GRP from MFB                     ..       43     ..    -->    ..
----------------------------------------------------------------------

<Note> 1 : The available PT is the product term that has not been used.
<Note> 2 : IFB is I/O feedback.
<Note> 3 : MFB is macrocell feedback.



GLB_Resource_Summary
~~~~~~~~~~~~~~~~~~~~
                                                                                     # of PT
               ---  Fanin  ---    I/O    Input  Macrocells       Macrocells   Logic  clusters
             Unique Shared Total  Pins    Regs Used Inaccessible  available    PTs   used
-------------------------------------------------------------------------------------------
Maximum
  GLB                      36      *(1)     8   --     --             16       80       16
-------------------------------------------------------------------------------------------
  GLB    A      3    24    27      3/6      0   10      1              5       30       12
  GLB    B      3    25    28      4/6      0    7      1              8       28        9
  GLB    C      0     0     0      0/6      0    0      0             16        0        0
  GLB    D      0     0     0      0/6      0    0      0             16        0        0
-------------------------------------------------------------------------------------------
  GLB    E      2     3     5      1/6      0    3      0             13        7        3
  GLB    F      5     2     7      1/6      0    2      0             14        6        2
  GLB    G      0     0     0      0/6      0    0      0             16        0        0
  GLB    H      2     4     6      0/6      0    2      0             14        5        2
-------------------------------------------------------------------------------------------
  GLB    I      3    25    28      3/6      0    7      1              8       28        9
  GLB    J      0     0     0      0/6      0    0      0             16        0        0
  GLB    K      5    21    26      1/6      0    4      0             12       25        6
  GLB    L      0     0     0      0/6      0    0      0             16        0        0
-------------------------------------------------------------------------------------------
  GLB    M      6    12    18      1/6      0    9      0              7       19        9
  GLB    N      4     2     6      0/6      0    2      0             14        3        2
  GLB    O      0     0     0      0/6      0    0      0             16        0        0
  GLB    P      6     0     6      0/6      0    1      0             15        3        1
-------------------------------------------------------------------------------------------
TOTALS:        39   118   157     14/96     0   47      3            206      154       55

<Note> 1 : For ispMACH 4000 devices, the number of IOs depends on the GLB.
<Note> 2 : Four rightmost columns above reflect last status of the placement process.



GLB_Control_Summary
~~~~~~~~~~~~~~~~~~~
           Shared Shared | Mcell  Mcell  Mcell  Mcell  Mcell 
           Clk/CE Rst/Pr | Clock  CE     Enable Reset  Preset
------------------------------------------------------------------------------
Maximum
  GLB        1      1        16     16     16     16     16  
==============================================================================
  GLB    A   1      0         2      4      0      0      0
  GLB    B   1      0         2      5      0      0      0
  GLB    C   0      0         0      0      0      0      0
  GLB    D   0      0         0      0      0      0      0
------------------------------------------------------------------------------
  GLB    E   1      0         1      0      0      1      0
  GLB    F   1      0         2      0      0      1      0
  GLB    G   0      0         0      0      0      0      0
  GLB    H   1      0         1      0      0      0      0
------------------------------------------------------------------------------
  GLB    I   1      0         2      5      0      0      0
  GLB    J   0      0         0      0      0      0      0
  GLB    K   1      0         1      2      0      0      0
  GLB    L   0      0         0      0      0      0      0
------------------------------------------------------------------------------
  GLB    M   1      0         0      0      0      0      0
  GLB    N   1      0         0      0      0      0      0
  GLB    O   0      0         0      0      0      0      0
  GLB    P   1      0         0      0      0      0      0
------------------------------------------------------------------------------

<Note> 1 : For ispMACH 4000 devices, the number of output enables depends on the GLB.



Optimizer_and_Fitter_Options
~~~~~~~~~~~~~~~~~~~~~~~~~~~~
Pin Assignment :                       Yes
Group Assignment :                     No
Pin Reservation :                      No

@Ignore_Project_Constraints :
  Pin Assignments :                    No
      Keep Block Assignment            --
      Keep Segment Assignment          --
  Group Assignments :                  No
  Macrocell Assignment :               No
      Keep Block Assignment            --
      Keep Segment Assignment          --

@Backannotate_Project_Constraints
  Pin Assignments :                    No
  Pin And Block Assignments :          No
  Pin, Macrocell and Block :           No

@Timing_Constraints :                  No

@Global_Project_Optimization :
  Balanced Partitioning :              Yes
  Spread Placement :                   Yes

  Note :
    Pack Design :
       Balanced Partitioning = No
       Spread Placement      = No
    Spread Design :
       Balanced Partitioning = Yes
       Spread Placement      = Yes


@Logic_Synthesis :
  Logic Reduction :                    Yes
  Node Collapsing :                    FMAX
  Fmax_Logic_Level :                   1
  D/T Synthesis :                      Yes
  XOR Synthesis :                      Yes
  Max. P-Term for Collapsing :         16
  Max. P-Term for Splitting :          80
  Max Symbols :                        24

@Utilization_options
  Max. % of Macrocells used :          100
@Usercode                               (HEX)
@IO_Types                              Default = LVCMOS18 (2)
@Output_Slew_Rate                      Default = FAST (2)
@Power                                 Default = HIGH (2)
@Pull                                  Default = PULLUP_DOWN (2)
@Input_Registers                       Default = None (2)
@Register_Powerup                      Default = None

Device Options:
<Note> 1 : Reserved unused I/Os can be independently driven to Low or High, and does not
           follow the drive level set for the Global Configure Unused I/O Option.
<Note> 2 : For user-specified constraints on individual signals, refer to the Output,
           Bidir and Buried Signal Lists.



Pinout_Listing
~~~~~~~~~~~~~~
      | Pin   | Bank |GLB |Assigned|                 | Signal|            | PG
Pin No| Type  |Number|Pad |Pin     |     I/O Type    | Type  | Signal name| Enable
--------------------------------------------------------------------------------------
1     | GND   |   -  |    |        |                 |       |            |
2     | TDI   |   -  |    |        |                 |       |            |
3     |VCCIO0 |   -  |    |        |                 |       |            |
4     |  I_O  |   0  |C12 |        |                 |       |            |
5     |  I_O  |   0  |C10 |        |                 |       |            |
6     |  I_O  |   0  |C8  |        |                 |       |            |
7     |  I_O  |   0  |C6  |        |                 |       |            |
8     |  I_O  |   0  |C4  |        |                 |       |            |
9     |  I_O  |   0  |C2  |        |                 |       |            |
10    |GNDIO0 |   -  |    |        |                 |       |            |
11    |  I_O  |   0  |D14 |        |                 |       |            |
12    |  I_O  |   0  |D12 |        |                 |       |            |
13    |  I_O  |   0  |D10 |        |                 |       |            |
14    |  I_O  |   0  |D8  |        |                 |       |            |
15    |  I_O  |   0  |D6  |        |                 |       |            |
16    |  I_O  |   0  |D4  |        |                 |       |            |
17    | IN0   |   0  |    |    *   |LVCMOS18         | Input |data_in_5_  |
18    | NC    |   -  |    |        |                 |       |            |
19    |VCCIO0 |   -  |    |        |                 |       |            |
20    | IN1   |   0  |    |    *   |LVCMOS18         | Input |data_in_4_  |
21    |  I_O  |   0  |E2  |        |LVCMOS18         | Output|start       |
22    |  I_O  |   0  |E4  |        |                 |       |            |
23    |  I_O  |   0  |E6  |        |                 |       |            |
24    |  I_O  |   0  |E8  |        |                 |       |            |
25    |  I_O  |   0  |E10 |        |                 |       |            |
26    |  I_O  |   0  |E12 |        |                 |       |            |
27    |GNDIO0 |   -  |    |        |                 |       |            |
28    |  I_O  |   0  |F2  |        |LVCMOS18         | Output|stop        |
29    |  I_O  |   0  |F4  |        |                 |       |            |
30    |  I_O  |   0  |F6  |        |                 |       |            |
31    |  I_O  |   0  |F8  |        |                 |       |            |
32    |  I_O  |   0  |F10 |        |                 |       |            |
33    |  I_O  |   0  |F12 |        |                 |       |            |
34    |VCCIO0 |   -  |    |        |                 |       |            |
35    | TCK   |   -  |    |        |                 |       |            |
36    | VCC   |   -  |    |        |                 |       |            |
37    | GND   |   -  |    |        |                 |       |            |
38    | IN2   |   0  |    |    *   |LVCMOS18         | Input |data_in_3_  |
39    |  I_O  |   0  |G12 |        |                 |       |            |
40    |  I_O  |   0  |G10 |        |                 |       |            |
41    |  I_O  |   0  |G8  |        |                 |       |            |
42    |  I_O  |   0  |G6  |        |                 |       |            |
43    |  I_O  |   0  |G4  |        |                 |       |            |
44    |  I_O  |   0  |G2  |        |                 |       |            |
45    | IN3   |   0  |    |    *   |LVCMOS18         | Input |data_in_2_  |
46    |GNDIO0 |   -  |    |        |                 |       |            |
47    |VCCIO0 |   -  |    |        |                 |       |            |
48    |  I_O  |   0  |H12 |        |                 |       |            |
49    |  I_O  |   0  |H10 |        |                 |       |            |
50    |  I_O  |   0  |H8  |        |                 |       |            |
51    |  I_O  |   0  |H6  |        |                 |       |            |
52    |  I_O  |   0  |H4  |        |                 |       |            |
53    |  I_O  |   0  |H2  |        |                 |       |            |
54    |INCLK1 |   0  |    |    *   |LVCMOS18         | Input |XRESET      |
55    |GNDIO1 |   -  |    |        |                 |       |            |
56    |INCLK2 |   1  |    |    *   |LVCMOS18         | Input |ready       |
57    | VCC   |   -  |    |        |                 |       |            |
58    |  I_O  |   1  |I2  |        |LVCMOS18         | Output|data_out_6_ |
59    |  I_O  |   1  |I4  |        |LVCMOS18         | Output|data_out_5_ |
60    |  I_O  |   1  |I6  |        |                 |       |            |
61    |  I_O  |   1  |I8  |        |                 |       |            |
62    |  I_O  |   1  |I10 |        |LVCMOS18         | Output|data_out_7_ |
63    |  I_O  |   1  |I12 |        |                 |       |            |
64    |VCCIO1 |   -  |    |        |                 |       |            |
65    |GNDIO1 |   -  |    |        |                 |       |            |
66    |  I_O  |   1  |J2  |        |                 |       |            |
67    |  I_O  |   1  |J4  |        |                 |       |            |
68    |  I_O  |   1  |J6  |        |                 |       |            |
69    |  I_O  |   1  |J8  |        |                 |       |            |
70    |  I_O  |   1  |J10 |        |                 |       |            |
71    |  I_O  |   1  |J12 |        |                 |       |            |
72    | IN4   |   0  |    |    *   |LVCMOS18         | Input |data_in_1_  |
73    | GND   |   -  |    |        |                 |       |            |
74    | TMS   |   -  |    |        |                 |       |            |
75    |VCCIO1 |   -  |    |        |                 |       |            |
76    |  I_O  |   1  |K12 |        |                 |       |            |
77    |  I_O  |   1  |K10 |        |                 |       |            |
78    |  I_O  |   1  |K8  |        |                 |       |            |
79    |  I_O  |   1  |K6  |        |                 |       |            |
80    |  I_O  |   1  |K4  |        |LVCMOS18         | Output|data_vld    |
81    |  I_O  |   1  |K2  |        |                 |       |            |
82    |GNDIO1 |   -  |    |        |                 |       |            |
83    |  I_O  |   1  |L14 |        |                 |       |            |
84    |  I_O  |   1  |L12 |        |                 |       |            |
85    |  I_O  |   1  |L10 |        |                 |       |            |
86    |  I_O  |   1  |L8  |        |                 |       |            |
87    |  I_O  |   1  |L6  |        |                 |       |            |
88    |  I_O  |   1  |L4  |        |                 |       |            |
89    | IN5   |   1  |    |    *   |LVCMOS18         | Input |data_in_0_  |
90    | NC    |   -  |    |        |                 |       |            |
91    |VCCIO1 |   -  |    |        |                 |       |            |
92    | IN6   |   1  |    |        |                 |       |            |
93    |  I_O  |   1  |M2  |        |                 |       |            |
94    |  I_O  |   1  |M4  |        |                 |       |            |
95    |  I_O  |   1  |M6  |        |                 |       |            |
96    |  I_O  |   1  |M8  |        |                 |       |            |
97    |  I_O  |   1  |M10 |        |LVCMOS18         | Output|scl_oe      |
98    |  I_O  |   1  |M12 |        |                 |       |            |
99    |GNDIO1 |   -  |    |        |                 |       |            |
100   |  I_O  |   1  |N2  |        |                 |       |            |
101   |  I_O  |   1  |N4  |        |                 |       |            |
102   |  I_O  |   1  |N6  |        |                 |       |            |
103   |  I_O  |   1  |N8  |        |                 |       |            |
104   |  I_O  |   1  |N10 |        |                 |       |            |
105   |  I_O  |   1  |N12 |        |                 |       |            |
106   |VCCIO1 |   -  |    |        |                 |       |            |
107   | TDO   |   -  |    |        |                 |       |            |
108   | VCC   |   -  |    |        |                 |       |            |
109   | GND   |   -  |    |        |                 |       |            |
110   | IN7   |   1  |    |        |                 |       |            |
111   |  I_O  |   1  |O12 |        |                 |       |            |
112   |  I_O  |   1  |O10 |        |                 |       |            |
113   |  I_O  |   1  |O8  |        |                 |       |            |
114   |  I_O  |   1  |O6  |        |                 |       |            |
115   |  I_O  |   1  |O4  |        |                 |       |            |
116   |  I_O  |   1  |O2  |        |                 |       |            |
117   | IN8   |   1  |    |        |                 |       |            |
118   |GNDIO1 |   -  |    |        |                 |       |            |
119   |VCCIO1 |   -  |    |        |                 |       |            |
120   |  I_O  |   1  |P12 |        |                 |       |            |
121   |  I_O  |   1  |P10 |        |                 |       |            |
122   |  I_O  |   1  |P8  |        |                 |       |            |
123   |  I_O  |   1  |P6  |        |                 |       |            |
124   |  I_O  |   1  |P4  |        |                 |       |            |
125   | I_O/OE|   1  |P2  |        |LVCMOS18         | Output|r_w         |
126   |INCLK3 |   1  |    |    *   |LVCMOS18         | Input |data_in_6_  |
127   |GNDIO0 |   -  |    |        |                 |       |            |
128   |INCLK0 |   0  |    |    *   |LVCMOS18         | Input |data_in_7_  |
129   | VCC   |   -  |    |        |                 |       |            |
130   | I_O/OE|   0  |A2  |    *   |LVCMOS33         | Input |scl_in      |
131   |  I_O  |   0  |A4  |    *   |LVCMOS33         | Input |sda_in      |
132   |  I_O  |   0  |A6  |        |LVCMOS18         | Output|data_out_0_ |
133   |  I_O  |   0  |A8  |        |                 |       |            |
134   |  I_O  |   0  |A10 |        |LVCMOS18         | Output|data_out_1_ |
135   |  I_O  |   0  |A12 |        |                 |       |            |
136   |VCCIO0 |   -  |    |        |                 |       |            |
137   |GNDIO0 |   -  |    |        |                 |       |            |
138   |  I_O  |   0  |B2  |        |LVCMOS18         | Output|data_out_3_ |
139   |  I_O  |   0  |B4  |        |LVCMOS18         | Output|data_out_2_ |
140   |  I_O  |   0  |B6  |        |LVCMOS18         | Output|sda_oe      |
141   |  I_O  |   0  |B8  |        |                 |       |            |
142   |  I_O  |   0  |B10 |        |LVCMOS18         | Output|data_out_4_ |
143   |  I_O  |   0  |B12 |        |                 |       |            |
144   | IN9   |   0  |    |        |                 |       |            |
--------------------------------------------------------------------------------------

<Note> GLB Pad : This notation refers to the GLB I/O pad number in the device.
<Note> Assigned Pin : user or dedicated input assignment (E.g. Clock pins).
<Note> Pin Type : 
          ClkIn : Dedicated input or clock pin 
           CLK  : Dedicated clock pin
           I_O  : Input/Output pin
           INP  : Dedicated input pin
           JTAG : JTAG Control and test pin
           NC   : No connected



Input_Signal_List
~~~~~~~~~~~~~~~~~
                Input
         Pin    Fanout
 Pin GLB Type                       Pullup Signal
-----------------------------------------------------
  54  -- INCLK  9  AB---F-HI-K-MN-P    Down XRESET
  89  --  IN       ----------------    Down data_in_0_
  72  --  IN       ----------------    Down data_in_1_
  45  --  IN       ----------------    Down data_in_2_
  38  --  IN       ----------------    Down data_in_3_
  20  --  IN       ----------------    Down data_in_4_
  17  --  IN       ----------------    Down data_in_5_
 126  -- INCLK  1  ----------K-----    Down data_in_6_
 128  -- INCLK  2  --------I-K-----    Down data_in_7_
  56  -- INCLK  1  ------------M---    Down ready
 130   A  I/O   10 AB--EF-HI-K-MN-P     Off scl_in
 131   A  I/O   5  ----EF-H----M--P     Off sda_in
-----------------------------------------------------



Output_Signal_List
~~~~~~~~~~~~~~~~~~
          I         C      P R P       O Output
          N         L Mc   R E U C O F B Fanout
 Pin GLB  P LL PTs  S Type E S P E E P P                     Slew Pullup Signal
------------------------------------------------------------------------------------
 132   A  6  1   2  1 DFF    * R *          ----------------  Fast   Down data_out_0_
 134   A  6  1   2  1 DFF    * R *          ----------------  Fast   Down data_out_1_
 139   B  6  1   2  1 DFF    * R *          ----------------  Fast   Down data_out_2_
 138   B  6  1   2  1 DFF    * R *          ----------------  Fast   Down data_out_3_
 142   B  6  1   2  1 DFF    * R *          ----------------  Fast   Down data_out_4_
  59   I  6  1   2  1 DFF    * R *          ----------------  Fast   Down data_out_5_
  58   I  6  1   2  1 DFF    * R *          ----------------  Fast   Down data_out_6_
  62   I  6  1   2  1 DFF    * R *          ----------------  Fast   Down data_out_7_
  80   K  6  1   3  1 DFF    * R *       3  AB------I-------  Fast   Down data_vld
 125   P  6  1   3  1 DFF  *   S         6  AB-----HI-K----P  Fast   Down r_w
  97   M  2  1   1  1 COM                   ----------------  Fast   Down scl_oe
 140   B  2  -   1  1 COM                   ----------------  Fast   Down sda_oe
  21   E  3  -   2  1 DFF    * R         3  ----------K-MN--  Fast   Down start
  28   F  3  -   3  1 DFF    * R         2  ------------MN--  Fast   Down stop
------------------------------------------------------------------------------------

<Note> CLS = Number of clusters used
       INP = Number of input signals
       PTs = Number of product terms
        LL = Number of logic levels
       PRE = Has preset equation
       RES = Has reset equation
       PUP = Power-Up initial state: R=Reset, S=Set
        CE = Has clock enable equation
        OE = Has output enable equation
        FP = Fast path used
       OBP = ORP bypass used



Bidir_Signal_List
~~~~~~~~~~~~~~~~~
          I         C      P R P       O Bidir
          N         L Mc   R E U C O F B Fanout
 Pin GLB  P LL PTs  S Type E S P E E P P                     Slew Pullup Signal
-------------------------------------------------------------------------------
-------------------------------------------------------------------------------

<Note> CLS = Number of clusters used
       INP = Number of input signals
       PTs = Number of product terms
        LL = Number of logic levels
       PRE = Has preset equation
       RES = Has reset equation
       PUP = Power-Up initial state: R=Reset, S=Set
        CE = Has clock enable equation
        OE = Has output enable equation
        FP = Fast path used
       OBP = ORP bypass used



Buried_Signal_List
~~~~~~~~~~~~~~~~~~
        I         C      P R P       Node
        N         L Mc   R E U C I F Fanout
Mc GLB  P LL PTs  S Type E S P E R P                     Signal
------------------------------------------------------------------------
 3   H  5  1   3  1 DFF    * R       3  AB------I-------  inst_ack_out
 3   K 21  1   8  2 DFF    * R       1  -B--------------  inst_sda_en
 2   E  3  -   3  1 DFF  * * R       1  ----E-----------  inst_sda_f
10   E  2  -   2  1 COM              1  ----E-----------  sda_clk
 9   F  6  1   3  1 DFF    * R *     3  A-----------M--P  shift_0_
 6   K 19  -   5  1 COM              5  AB---F--I-K-----  shift_0__0
 1   A 22  1  10  2 DFF    * R *     1  A---------------  shift_1_
 3   A 22  1  10  2 DFF    * R *     2  AB--------------  shift_2_
 1   B 22  1  10  2 DFF    * R *     1  -B--------------  shift_3_
 3   B 22  1  10  2 DFF    * R *     2  -B------I-------  shift_4_
 1   I 22  1  10  2 DFF    * R *     2  --------I-K-----  shift_5_
 1   K 22  1   9  2 DFF    * R *     2  --------I-K-----  shift_6_
 3   I 22  1  10  2 DFF    * R *     1  --------I-------  shift_7_
 9   I  3  1   1  1 DFF    * R       6  AB-----HI-K-M---  sm_state_0_
 4   M  4  1   1  1 DFF    * R       6  AB------I-K-M--P  sm_state_10_
 8   A  4  1   1  1 DFF    * R       5  AB------I-K-M---  sm_state_11_
 7   A  4  1   1  1 DFF    * R       5  AB------I-K-M---  sm_state_12_
 7   M  4  1   1  1 DFF    * R       5  AB------I-K-M---  sm_state_13_
 5   A  4  1   1  1 DFF    * R       5  AB------I-K-M---  sm_state_14_
 5   M  4  1   1  1 DFF    * R       5  AB------I-K-M---  sm_state_15_
 3   N  6  1   2  1 DFF    * R       1  ------------M---  sm_state_16_
 1   M 18  1  11  3 DFF  *   S       3  ----------K-MN--  sm_state_17_
12   I  3  1   1  1 DFF    * R       4  AB------I-K-----  sm_state_1_
12   B  3  1   1  1 DFF    * R       4  AB------I-K-----  sm_state_2_
12   A  3  1   1  1 DFF    * R       4  AB------I-K-----  sm_state_3_
10   A  3  1   1  1 DFF    * R       4  AB------I-K-----  sm_state_4_
 9   A  3  1   1  1 DFF    * R       4  AB------I-K-----  sm_state_5_
12   M  5  1   1  1 DFF    * R       4  AB------I-K-----  sm_state_6_
 9   M  4  1   1  1 DFF    * R       6  AB------I-K-MN--  sm_state_7_
 9   H  5  1   2  1 DFF    * R       6  AB---F--I-K-M---  sm_state_8_
 3   M  4  1   1  1 DFF    * R       5  AB-----HI-K-----  sm_state_9_
 2   M  2  -   1  1 COM              1  ----E-----------  start_async_rst
 9   N  2  -   1  1 COM              1  -----F----------  stop_0
------------------------------------------------------------------------

<Note> CLS = Number of clusters used
       INP = Number of input signals
       PTs = Number of product terms
        LL = Number of logic levels
       PRE = Has preset equation
       RES = Has reset equation
       PUP = Power-Up initial state: R=Reset, S=Set
        CE = Has clock enable equation
        OE = Has output enable equation
        IR = Input register
        FP = Fast path used
       OBP = ORP bypass used



PostFit_Equations
~~~~~~~~~~~~~~~~~
data_out_0_.D = shift_0_.Q ; (1 pterm, 1 signal)
data_out_0_.C = scl_in ; (1 pterm, 1 signal)
data_out_0_.CE = !r_w.Q & data_vld.Q & inst_ack_out.Q ; (1 pterm, 3 signals)
data_out_0_.AR = XRESET ; (1 pterm, 1 signal)

data_out_1_.D = shift_1_.Q ; (1 pterm, 1 signal)
data_out_1_.C = scl_in ; (1 pterm, 1 signal)
data_out_1_.CE = !r_w.Q & data_vld.Q & inst_ack_out.Q ; (1 pterm, 3 signals)
data_out_1_.AR = XRESET ; (1 pterm, 1 signal)

data_out_2_.D = shift_2_.Q ; (1 pterm, 1 signal)
data_out_2_.C = scl_in ; (1 pterm, 1 signal)
data_out_2_.CE = !r_w.Q & data_vld.Q & inst_ack_out.Q ; (1 pterm, 3 signals)
data_out_2_.AR = XRESET ; (1 pterm, 1 signal)

data_out_3_.D = shift_3_.Q ; (1 pterm, 1 signal)
data_out_3_.C = scl_in ; (1 pterm, 1 signal)
data_out_3_.CE = !r_w.Q & data_vld.Q & inst_ack_out.Q ; (1 pterm, 3 signals)
data_out_3_.AR = XRESET ; (1 pterm, 1 signal)

data_out_4_.D = shift_4_.Q ; (1 pterm, 1 signal)
data_out_4_.C = scl_in ; (1 pterm, 1 signal)
data_out_4_.CE = !r_w.Q & data_vld.Q & inst_ack_out.Q ; (1 pterm, 3 signals)
data_out_4_.AR = XRESET ; (1 pterm, 1 signal)

data_out_5_.D = shift_5_.Q ; (1 pterm, 1 signal)
data_out_5_.C = scl_in ; (1 pterm, 1 signal)
data_out_5_.CE = !r_w.Q & data_vld.Q & inst_ack_out.Q ; (1 pterm, 3 signals)
data_out_5_.AR = XRESET ; (1 pterm, 1 signal)

data_out_6_.D = shift_6_.Q ; (1 pterm, 1 signal)
data_out_6_.C = scl_in ; (1 pterm, 1 signal)
data_out_6_.CE = !r_w.Q & data_vld.Q & inst_ack_out.Q ; (1 pterm, 3 signals)
data_out_6_.AR = XRESET ; (1 pterm, 1 signal)

data_out_7_.D = shift_7_.Q ; (1 pterm, 1 signal)
data_out_7_.C = scl_in ; (1 pterm, 1 signal)
data_out_7_.CE = !r_w.Q & data_vld.Q & inst_ack_out.Q ; (1 pterm, 3 signals)
data_out_7_.AR = XRESET ; (1 pterm, 1 signal)

data_vld.D = sm_state_1_.Q ; (1 pterm, 1 signal)
data_vld.C = scl_in ; (1 pterm, 1 signal)
data_vld.CE = !( !sm_state_0_.Q & !sm_state_8_.Q & !sm_state_17_.Q
       & !sm_state_1_.Q ) ; (1 pterm, 4 signals)
data_vld.AR = XRESET ; (1 pterm, 1 signal)

inst_ack_out.D = !r_w.Q & sm_state_0_.Q
    # sm_state_9_.Q ; (2 pterms, 3 signals)
inst_ack_out.C = !scl_in ; (1 pterm, 1 signal)
inst_ack_out.AR = XRESET ; (1 pterm, 1 signal)

inst_sda_en.D = !( data_in_7_ & !sm_state_10_.Q & !sm_state_1_.Q
       & !sm_state_15_.Q & !sm_state_14_.Q & !sm_state_13_.Q & !sm_state_12_.Q
       & !sm_state_11_.Q & !sm_state_7_.Q & !sm_state_6_.Q & !sm_state_5_.Q
       & !sm_state_4_.Q & !sm_state_3_.Q & !sm_state_2_.Q
    # !sm_state_8_.Q & !sm_state_10_.Q & !sm_state_1_.Q & !sm_state_15_.Q
       & !sm_state_14_.Q & !sm_state_13_.Q & !sm_state_12_.Q & !sm_state_11_.Q
       & !sm_state_7_.Q & !sm_state_6_.Q & !sm_state_5_.Q & !sm_state_4_.Q
       & !sm_state_3_.Q & !sm_state_2_.Q
    # !sm_state_9_.Q & !sm_state_8_.Q & !sm_state_1_.Q & !sm_state_7_.Q
       & !sm_state_6_.Q & !sm_state_5_.Q & !sm_state_4_.Q & !sm_state_3_.Q
       & !sm_state_2_.Q
    # data_in_7_ & shift_6_.Q
    # data_in_7_ & sm_state_0_.Q
    # shift_6_.Q & !sm_state_8_.Q
    # sm_state_0_.Q & !sm_state_8_.Q
    # !r_w.Q ) ; (8 pterms, 19 signals)
inst_sda_en.C = !scl_in ; (1 pterm, 1 signal)
inst_sda_en.AR = XRESET ; (1 pterm, 1 signal)

inst_sda_f.D = sda_in ; (1 pterm, 1 signal)
inst_sda_f.C = sda_clk ; (1 pterm, 1 signal)
inst_sda_f.AR = !sda_in & start_async_rst ; (1 pterm, 2 signals)
inst_sda_f.AP = sda_in & start_async_rst ; (1 pterm, 2 signals)

r_w.D = sda_in & !shift_0_.Q & sm_state_10_.Q
    # r_w.Q & shift_0_.Q
    # r_w.Q & !sm_state_10_.Q ; (3 pterms, 4 signals)
r_w.C = scl_in ; (1 pterm, 1 signal)
r_w.AP = XRESET ; (1 pterm, 1 signal)

scl_oe = !ready & sm_state_8_.Q ; (1 pterm, 2 signals)

sda_clk = sda_in & !inst_sda_f.Q
    # !sda_in & inst_sda_f.Q ; (2 pterms, 2 signals)

sda_oe = !( !inst_ack_out.Q & !inst_sda_en.Q ) ; (1 pterm, 2 signals)

shift_0_.D = sda_in & !sm_state_8_.Q
    # data_in_0_ & sm_state_8_.Q ; (2 pterms, 3 signals)
shift_0_.C = !scl_in ; (1 pterm, 1 signal)
shift_0_.CE = !( shift_0__0 ) ; (1 pterm, 1 signal)
shift_0_.AR = XRESET ; (1 pterm, 1 signal)

shift_0__0 = !start.Q & !sm_state_0_.Q & !sm_state_9_.Q & !sm_state_8_.Q
       & sm_state_17_.Q & !sm_state_1_.Q & !sm_state_7_.Q & !sm_state_6_.Q
       & !sm_state_5_.Q & !sm_state_4_.Q & !sm_state_3_.Q & !sm_state_2_.Q
    # !sm_state_0_.Q & sm_state_9_.Q & !sm_state_8_.Q & !sm_state_10_.Q
       & !sm_state_17_.Q & !sm_state_1_.Q & !sm_state_15_.Q & !sm_state_14_.Q
       & !sm_state_13_.Q & !sm_state_12_.Q & !sm_state_11_.Q & !sm_state_7_.Q
       & !sm_state_6_.Q & !sm_state_5_.Q & !sm_state_4_.Q & !sm_state_3_.Q
       & !sm_state_2_.Q
    # !r_w.Q & !sm_state_0_.Q & sm_state_8_.Q & !sm_state_10_.Q
       & !sm_state_17_.Q & !sm_state_1_.Q & !sm_state_15_.Q & !sm_state_14_.Q
       & !sm_state_13_.Q & !sm_state_12_.Q & !sm_state_11_.Q & !sm_state_7_.Q
       & !sm_state_6_.Q & !sm_state_5_.Q & !sm_state_4_.Q & !sm_state_3_.Q
       & !sm_state_2_.Q
    # !start.Q & !r_w.Q & !sm_state_0_.Q & !sm_state_10_.Q & sm_state_17_.Q
       & !sm_state_1_.Q & !sm_state_15_.Q & !sm_state_14_.Q & !sm_state_13_.Q
       & !sm_state_12_.Q & !sm_state_11_.Q & !sm_state_7_.Q & !sm_state_6_.Q
       & !sm_state_5_.Q & !sm_state_4_.Q & !sm_state_3_.Q & !sm_state_2_.Q
    # !start.Q & !sm_state_0_.Q & !sm_state_8_.Q & !sm_state_10_.Q
       & sm_state_17_.Q & !sm_state_1_.Q & !sm_state_15_.Q & !sm_state_14_.Q
       & !sm_state_13_.Q & !sm_state_12_.Q & !sm_state_11_.Q & !sm_state_7_.Q
       & !sm_state_6_.Q & !sm_state_5_.Q & !sm_state_4_.Q & !sm_state_3_.Q
       & !sm_state_2_.Q ; (5 pterms, 19 signals)

shift_1_.D.X1 = !shift_0_.Q & !sm_state_0_.Q & !sm_state_9_.Q & !sm_state_8_.Q
       & !sm_state_1_.Q & !sm_state_7_.Q & !sm_state_6_.Q & !sm_state_5_.Q
       & !sm_state_4_.Q & !sm_state_3_.Q & !sm_state_2_.Q & shift_1_.Q
    # !shift_0_.Q & !sm_state_0_.Q & !sm_state_8_.Q & !sm_state_10_.Q
       & !sm_state_1_.Q & !sm_state_15_.Q & !sm_state_14_.Q & !sm_state_13_.Q
       & !sm_state_12_.Q & !sm_state_11_.Q & !sm_state_7_.Q & !sm_state_6_.Q
       & !sm_state_5_.Q & !sm_state_4_.Q & !sm_state_3_.Q & !sm_state_2_.Q
       & shift_1_.Q
    # data_in_1_ & !shift_0_.Q & !sm_state_0_.Q & sm_state_8_.Q
       & !sm_state_10_.Q & !sm_state_1_.Q & !sm_state_15_.Q & !sm_state_14_.Q
       & !sm_state_13_.Q & !sm_state_12_.Q & !sm_state_11_.Q & !sm_state_7_.Q
       & !sm_state_6_.Q & !sm_state_5_.Q & !sm_state_4_.Q & !sm_state_3_.Q
       & !sm_state_2_.Q
    # shift_0_.Q & !sm_state_9_.Q & !sm_state_8_.Q & !sm_state_1_.Q
       & !sm_state_7_.Q & !sm_state_6_.Q & !sm_state_5_.Q & !sm_state_4_.Q
       & !sm_state_3_.Q & !sm_state_2_.Q & !shift_1_.Q
    # shift_0_.Q & !sm_state_8_.Q & !sm_state_10_.Q & !sm_state_1_.Q
       & !sm_state_15_.Q & !sm_state_14_.Q & !sm_state_13_.Q & !sm_state_12_.Q
       & !sm_state_11_.Q & !sm_state_7_.Q & !sm_state_6_.Q & !sm_state_5_.Q
       & !sm_state_4_.Q & !sm_state_3_.Q & !sm_state_2_.Q & !shift_1_.Q
    # !data_in_1_ & shift_0_.Q & sm_state_8_.Q & !sm_state_10_.Q
       & !sm_state_1_.Q & !sm_state_15_.Q & !sm_state_14_.Q & !sm_state_13_.Q
       & !sm_state_12_.Q & !sm_state_11_.Q & !sm_state_7_.Q & !sm_state_6_.Q
       & !sm_state_5_.Q & !sm_state_4_.Q & !sm_state_3_.Q & !sm_state_2_.Q
    # shift_0_.Q & sm_state_0_.Q ; (7 pterms, 19 signals)
shift_1_.D.X2 = shift_0_.Q & !sm_state_0_.Q ; (1 pterm, 2 signals)
shift_1_.C = !scl_in ; (1 pterm, 1 signal)
shift_1_.CE = !( shift_0__0 ) ; (1 pterm, 1 signal)
shift_1_.AR = XRESET ; (1 pterm, 1 signal)

shift_2_.D.X1 = !sm_state_0_.Q & !sm_state_9_.Q & !sm_state_8_.Q
       & !sm_state_1_.Q & !sm_state_7_.Q & !sm_state_6_.Q & !sm_state_5_.Q
       & !sm_state_4_.Q & !sm_state_3_.Q & !sm_state_2_.Q & !shift_1_.Q
       & shift_2_.Q
    # !sm_state_0_.Q & !sm_state_8_.Q & !sm_state_10_.Q & !sm_state_1_.Q
       & !sm_state_15_.Q & !sm_state_14_.Q & !sm_state_13_.Q & !sm_state_12_.Q
       & !sm_state_11_.Q & !sm_state_7_.Q & !sm_state_6_.Q & !sm_state_5_.Q
       & !sm_state_4_.Q & !sm_state_3_.Q & !sm_state_2_.Q & !shift_1_.Q
       & shift_2_.Q
    # data_in_2_ & !sm_state_0_.Q & sm_state_8_.Q & !sm_state_10_.Q
       & !sm_state_1_.Q & !sm_state_15_.Q & !sm_state_14_.Q & !sm_state_13_.Q
       & !sm_state_12_.Q & !sm_state_11_.Q & !sm_state_7_.Q & !sm_state_6_.Q
       & !sm_state_5_.Q & !sm_state_4_.Q & !sm_state_3_.Q & !sm_state_2_.Q
       & !shift_1_.Q
    # !sm_state_9_.Q & !sm_state_8_.Q & !sm_state_1_.Q & !sm_state_7_.Q
       & !sm_state_6_.Q & !sm_state_5_.Q & !sm_state_4_.Q & !sm_state_3_.Q
       & !sm_state_2_.Q & shift_1_.Q & !shift_2_.Q
    # !sm_state_8_.Q & !sm_state_10_.Q & !sm_state_1_.Q & !sm_state_15_.Q
       & !sm_state_14_.Q & !sm_state_13_.Q & !sm_state_12_.Q & !sm_state_11_.Q
       & !sm_state_7_.Q & !sm_state_6_.Q & !sm_state_5_.Q & !sm_state_4_.Q
       & !sm_state_3_.Q & !sm_state_2_.Q & shift_1_.Q & !shift_2_.Q
    # !data_in_2_ & sm_state_8_.Q & !sm_state_10_.Q & !sm_state_1_.Q
       & !sm_state_15_.Q & !sm_state_14_.Q & !sm_state_13_.Q & !sm_state_12_.Q
       & !sm_state_11_.Q & !sm_state_7_.Q & !sm_state_6_.Q & !sm_state_5_.Q
       & !sm_state_4_.Q & !sm_state_3_.Q & !sm_state_2_.Q & shift_1_.Q
    # sm_state_0_.Q & shift_1_.Q ; (7 pterms, 19 signals)
shift_2_.D.X2 = !sm_state_0_.Q & shift_1_.Q ; (1 pterm, 2 signals)
shift_2_.C = !scl_in ; (1 pterm, 1 signal)
shift_2_.CE = !( shift_0__0 ) ; (1 pterm, 1 signal)
shift_2_.AR = XRESET ; (1 pterm, 1 signal)

shift_3_.D.X1 = !sm_state_0_.Q & !sm_state_9_.Q & !sm_state_8_.Q
       & !sm_state_1_.Q & !sm_state_7_.Q & !sm_state_6_.Q & !sm_state_5_.Q
       & !sm_state_4_.Q & !sm_state_3_.Q & !sm_state_2_.Q & !shift_2_.Q
       & shift_3_.Q
    # !sm_state_0_.Q & !sm_state_8_.Q & !sm_state_10_.Q & !sm_state_1_.Q
       & !sm_state_15_.Q & !sm_state_14_.Q & !sm_state_13_.Q & !sm_state_12_.Q
       & !sm_state_11_.Q & !sm_state_7_.Q & !sm_state_6_.Q & !sm_state_5_.Q
       & !sm_state_4_.Q & !sm_state_3_.Q & !sm_state_2_.Q & !shift_2_.Q
       & shift_3_.Q
    # data_in_3_ & !sm_state_0_.Q & sm_state_8_.Q & !sm_state_10_.Q
       & !sm_state_1_.Q & !sm_state_15_.Q & !sm_state_14_.Q & !sm_state_13_.Q
       & !sm_state_12_.Q & !sm_state_11_.Q & !sm_state_7_.Q & !sm_state_6_.Q
       & !sm_state_5_.Q & !sm_state_4_.Q & !sm_state_3_.Q & !sm_state_2_.Q
       & !shift_2_.Q
    # !sm_state_9_.Q & !sm_state_8_.Q & !sm_state_1_.Q & !sm_state_7_.Q
       & !sm_state_6_.Q & !sm_state_5_.Q & !sm_state_4_.Q & !sm_state_3_.Q
       & !sm_state_2_.Q & shift_2_.Q & !shift_3_.Q
    # !sm_state_8_.Q & !sm_state_10_.Q & !sm_state_1_.Q & !sm_state_15_.Q
       & !sm_state_14_.Q & !sm_state_13_.Q & !sm_state_12_.Q & !sm_state_11_.Q
       & !sm_state_7_.Q & !sm_state_6_.Q & !sm_state_5_.Q & !sm_state_4_.Q
       & !sm_state_3_.Q & !sm_state_2_.Q & shift_2_.Q & !shift_3_.Q
    # !data_in_3_ & sm_state_8_.Q & !sm_state_10_.Q & !sm_state_1_.Q
       & !sm_state_15_.Q & !sm_state_14_.Q & !sm_state_13_.Q & !sm_state_12_.Q
       & !sm_state_11_.Q & !sm_state_7_.Q & !sm_state_6_.Q & !sm_state_5_.Q
       & !sm_state_4_.Q & !sm_state_3_.Q & !sm_state_2_.Q & shift_2_.Q
    # sm_state_0_.Q & shift_2_.Q ; (7 pterms, 19 signals)
shift_3_.D.X2 = !sm_state_0_.Q & shift_2_.Q ; (1 pterm, 2 signals)
shift_3_.C = !scl_in ; (1 pterm, 1 signal)
shift_3_.CE = !( shift_0__0 ) ; (1 pterm, 1 signal)
shift_3_.AR = XRESET ; (1 pterm, 1 signal)

shift_4_.D.X1 = !sm_state_0_.Q & !sm_state_9_.Q & !sm_state_8_.Q
       & !sm_state_1_.Q & !sm_state_7_.Q & !sm_state_6_.Q & !sm_state_5_.Q
       & !sm_state_4_.Q & !sm_state_3_.Q & !sm_state_2_.Q & !shift_3_.Q
       & shift_4_.Q
    # !sm_state_0_.Q & !sm_state_8_.Q & !sm_state_10_.Q & !sm_state_1_.Q
       & !sm_state_15_.Q & !sm_state_14_.Q & !sm_state_13_.Q & !sm_state_12_.Q
       & !sm_state_11_.Q & !sm_state_7_.Q & !sm_state_6_.Q & !sm_state_5_.Q
       & !sm_state_4_.Q & !sm_state_3_.Q & !sm_state_2_.Q & !shift_3_.Q
       & shift_4_.Q
    # data_in_4_ & !sm_state_0_.Q & sm_state_8_.Q & !sm_state_10_.Q
       & !sm_state_1_.Q & !sm_state_15_.Q & !sm_state_14_.Q & !sm_state_13_.Q
       & !sm_state_12_.Q & !sm_state_11_.Q & !sm_state_7_.Q & !sm_state_6_.Q
       & !sm_state_5_.Q & !sm_state_4_.Q & !sm_state_3_.Q & !sm_state_2_.Q
       & !shift_3_.Q
    # !sm_state_9_.Q & !sm_state_8_.Q & !sm_state_1_.Q & !sm_state_7_.Q
       & !sm_state_6_.Q & !sm_state_5_.Q & !sm_state_4_.Q & !sm_state_3_.Q
       & !sm_state_2_.Q & shift_3_.Q & !shift_4_.Q
    # !sm_state_8_.Q & !sm_state_10_.Q & !sm_state_1_.Q & !sm_state_15_.Q
       & !sm_state_14_.Q & !sm_state_13_.Q & !sm_state_12_.Q & !sm_state_11_.Q
       & !sm_state_7_.Q & !sm_state_6_.Q & !sm_state_5_.Q & !sm_state_4_.Q
       & !sm_state_3_.Q & !sm_state_2_.Q & shift_3_.Q & !shift_4_.Q
    # !data_in_4_ & sm_state_8_.Q & !sm_state_10_.Q & !sm_state_1_.Q
       & !sm_state_15_.Q & !sm_state_14_.Q & !sm_state_13_.Q & !sm_state_12_.Q
       & !sm_state_11_.Q & !sm_state_7_.Q & !sm_state_6_.Q & !sm_state_5_.Q
       & !sm_state_4_.Q & !sm_state_3_.Q & !sm_state_2_.Q & shift_3_.Q
    # sm_state_0_.Q & shift_3_.Q ; (7 pterms, 19 signals)
shift_4_.D.X2 = !sm_state_0_.Q & shift_3_.Q ; (1 pterm, 2 signals)
shift_4_.C = !scl_in ; (1 pterm, 1 signal)
shift_4_.CE = !( shift_0__0 ) ; (1 pterm, 1 signal)
shift_4_.AR = XRESET ; (1 pterm, 1 signal)

shift_5_.D.X1 = !sm_state_0_.Q & !sm_state_9_.Q & !sm_state_8_.Q
       & !sm_state_1_.Q & !sm_state_7_.Q & !sm_state_6_.Q & !sm_state_5_.Q
       & !sm_state_4_.Q & !sm_state_3_.Q & !sm_state_2_.Q & !shift_4_.Q
       & shift_5_.Q
    # !sm_state_0_.Q & !sm_state_8_.Q & !sm_state_10_.Q & !sm_state_1_.Q
       & !sm_state_15_.Q & !sm_state_14_.Q & !sm_state_13_.Q & !sm_state_12_.Q
       & !sm_state_11_.Q & !sm_state_7_.Q & !sm_state_6_.Q & !sm_state_5_.Q
       & !sm_state_4_.Q & !sm_state_3_.Q & !sm_state_2_.Q & !shift_4_.Q
       & shift_5_.Q
    # data_in_5_ & !sm_state_0_.Q & sm_state_8_.Q & !sm_state_10_.Q
       & !sm_state_1_.Q & !sm_state_15_.Q & !sm_state_14_.Q & !sm_state_13_.Q
       & !sm_state_12_.Q & !sm_state_11_.Q & !sm_state_7_.Q & !sm_state_6_.Q
       & !sm_state_5_.Q & !sm_state_4_.Q & !sm_state_3_.Q & !sm_state_2_.Q
       & !shift_4_.Q
    # !sm_state_9_.Q & !sm_state_8_.Q & !sm_state_1_.Q & !sm_state_7_.Q
       & !sm_state_6_.Q & !sm_state_5_.Q & !sm_state_4_.Q & !sm_state_3_.Q
       & !sm_state_2_.Q & shift_4_.Q & !shift_5_.Q
    # !sm_state_8_.Q & !sm_state_10_.Q & !sm_state_1_.Q & !sm_state_15_.Q
       & !sm_state_14_.Q & !sm_state_13_.Q & !sm_state_12_.Q & !sm_state_11_.Q
       & !sm_state_7_.Q & !sm_state_6_.Q & !sm_state_5_.Q & !sm_state_4_.Q
       & !sm_state_3_.Q & !sm_state_2_.Q & shift_4_.Q & !shift_5_.Q
    # !data_in_5_ & sm_state_8_.Q & !sm_state_10_.Q & !sm_state_1_.Q
       & !sm_state_15_.Q & !sm_state_14_.Q & !sm_state_13_.Q & !sm_state_12_.Q
       & !sm_state_11_.Q & !sm_state_7_.Q & !sm_state_6_.Q & !sm_state_5_.Q
       & !sm_state_4_.Q & !sm_state_3_.Q & !sm_state_2_.Q & shift_4_.Q
    # sm_state_0_.Q & shift_4_.Q ; (7 pterms, 19 signals)
shift_5_.D.X2 = !sm_state_0_.Q & shift_4_.Q ; (1 pterm, 2 signals)
shift_5_.C = !scl_in ; (1 pterm, 1 signal)
shift_5_.CE = !( shift_0__0 ) ; (1 pterm, 1 signal)
shift_5_.AR = XRESET ; (1 pterm, 1 signal)

shift_6_.D.X1 = !sm_state_0_.Q & shift_6_.Q & !sm_state_9_.Q & !sm_state_8_.Q
       & !sm_state_1_.Q & !sm_state_7_.Q & !sm_state_6_.Q & !sm_state_5_.Q
       & !sm_state_4_.Q & !sm_state_3_.Q & !sm_state_2_.Q & !shift_5_.Q
    # !sm_state_0_.Q & shift_6_.Q & !sm_state_8_.Q & !sm_state_10_.Q
       & !sm_state_1_.Q & !sm_state_15_.Q & !sm_state_14_.Q & !sm_state_13_.Q
       & !sm_state_12_.Q & !sm_state_11_.Q & !sm_state_7_.Q & !sm_state_6_.Q
       & !sm_state_5_.Q & !sm_state_4_.Q & !sm_state_3_.Q & !sm_state_2_.Q
       & !shift_5_.Q
    # data_in_6_ & !sm_state_0_.Q & sm_state_8_.Q & !sm_state_10_.Q
       & !sm_state_1_.Q & !sm_state_15_.Q & !sm_state_14_.Q & !sm_state_13_.Q
       & !sm_state_12_.Q & !sm_state_11_.Q & !sm_state_7_.Q & !sm_state_6_.Q
       & !sm_state_5_.Q & !sm_state_4_.Q & !sm_state_3_.Q & !sm_state_2_.Q
       & !shift_5_.Q
    # !shift_6_.Q & !sm_state_9_.Q & !sm_state_8_.Q & !sm_state_1_.Q
       & !sm_state_7_.Q & !sm_state_6_.Q & !sm_state_5_.Q & !sm_state_4_.Q
       & !sm_state_3_.Q & !sm_state_2_.Q & shift_5_.Q
    # !shift_6_.Q & !sm_state_8_.Q & !sm_state_10_.Q & !sm_state_1_.Q
       & !sm_state_15_.Q & !sm_state_14_.Q & !sm_state_13_.Q & !sm_state_12_.Q
       & !sm_state_11_.Q & !sm_state_7_.Q & !sm_state_6_.Q & !sm_state_5_.Q
       & !sm_state_4_.Q & !sm_state_3_.Q & !sm_state_2_.Q & shift_5_.Q
    # !data_in_6_ & sm_state_8_.Q & !sm_state_10_.Q & !sm_state_1_.Q
       & !sm_state_15_.Q & !sm_state_14_.Q & !sm_state_13_.Q & !sm_state_12_.Q
       & !sm_state_11_.Q & !sm_state_7_.Q & !sm_state_6_.Q & !sm_state_5_.Q
       & !sm_state_4_.Q & !sm_state_3_.Q & !sm_state_2_.Q & shift_5_.Q
    # sm_state_0_.Q & shift_5_.Q ; (7 pterms, 19 signals)
shift_6_.D.X2 = !sm_state_0_.Q & shift_5_.Q ; (1 pterm, 2 signals)
shift_6_.C = !scl_in ; (1 pterm, 1 signal)
shift_6_.CE = !( shift_0__0 ) ; (1 pterm, 1 signal)
shift_6_.AR = XRESET ; (1 pterm, 1 signal)

shift_7_.D.X1 = !sm_state_0_.Q & !shift_6_.Q & !sm_state_9_.Q & !sm_state_8_.Q
       & !sm_state_1_.Q & !sm_state_7_.Q & !sm_state_6_.Q & !sm_state_5_.Q
       & !sm_state_4_.Q & !sm_state_3_.Q & !sm_state_2_.Q & shift_7_.Q
    # !sm_state_0_.Q & !shift_6_.Q & !sm_state_8_.Q & !sm_state_10_.Q
       & !sm_state_1_.Q & !sm_state_15_.Q & !sm_state_14_.Q & !sm_state_13_.Q
       & !sm_state_12_.Q & !sm_state_11_.Q & !sm_state_7_.Q & !sm_state_6_.Q
       & !sm_state_5_.Q & !sm_state_4_.Q & !sm_state_3_.Q & !sm_state_2_.Q
       & shift_7_.Q
    # data_in_7_ & !sm_state_0_.Q & !shift_6_.Q & sm_state_8_.Q
       & !sm_state_10_.Q & !sm_state_1_.Q & !sm_state_15_.Q & !sm_state_14_.Q
       & !sm_state_13_.Q & !sm_state_12_.Q & !sm_state_11_.Q & !sm_state_7_.Q
       & !sm_state_6_.Q & !sm_state_5_.Q & !sm_state_4_.Q & !sm_state_3_.Q
       & !sm_state_2_.Q
    # shift_6_.Q & !sm_state_9_.Q & !sm_state_8_.Q & !sm_state_1_.Q
       & !sm_state_7_.Q & !sm_state_6_.Q & !sm_state_5_.Q & !sm_state_4_.Q
       & !sm_state_3_.Q & !sm_state_2_.Q & !shift_7_.Q
    # shift_6_.Q & !sm_state_8_.Q & !sm_state_10_.Q & !sm_state_1_.Q
       & !sm_state_15_.Q & !sm_state_14_.Q & !sm_state_13_.Q & !sm_state_12_.Q
       & !sm_state_11_.Q & !sm_state_7_.Q & !sm_state_6_.Q & !sm_state_5_.Q
       & !sm_state_4_.Q & !sm_state_3_.Q & !sm_state_2_.Q & !shift_7_.Q
    # !data_in_7_ & shift_6_.Q & sm_state_8_.Q & !sm_state_10_.Q
       & !sm_state_1_.Q & !sm_state_15_.Q & !sm_state_14_.Q & !sm_state_13_.Q
       & !sm_state_12_.Q & !sm_state_11_.Q & !sm_state_7_.Q & !sm_state_6_.Q
       & !sm_state_5_.Q & !sm_state_4_.Q & !sm_state_3_.Q & !sm_state_2_.Q
    # sm_state_0_.Q & shift_6_.Q ; (7 pterms, 19 signals)
shift_7_.D.X2 = !sm_state_0_.Q & shift_6_.Q ; (1 pterm, 2 signals)
shift_7_.C = !scl_in ; (1 pterm, 1 signal)
shift_7_.CE = !( shift_0__0 ) ; (1 pterm, 1 signal)
shift_7_.AR = XRESET ; (1 pterm, 1 signal)

sm_state_0_.D = sm_state_1_.Q ; (1 pterm, 1 signal)
sm_state_0_.C = scl_in ; (1 pterm, 1 signal)
sm_state_0_.AR = XRESET ; (1 pterm, 1 signal)

sm_state_10_.D = shift_0_.Q & sm_state_11_.Q ; (1 pterm, 2 signals)
sm_state_10_.C = scl_in ; (1 pterm, 1 signal)
sm_state_10_.AR = XRESET ; (1 pterm, 1 signal)

sm_state_11_.D = !shift_0_.Q & sm_state_12_.Q ; (1 pterm, 2 signals)
sm_state_11_.C = scl_in ; (1 pterm, 1 signal)
sm_state_11_.AR = XRESET ; (1 pterm, 1 signal)

sm_state_12_.D = !shift_0_.Q & sm_state_13_.Q ; (1 pterm, 2 signals)
sm_state_12_.C = scl_in ; (1 pterm, 1 signal)
sm_state_12_.AR = XRESET ; (1 pterm, 1 signal)

sm_state_13_.D = shift_0_.Q & sm_state_14_.Q ; (1 pterm, 2 signals)
sm_state_13_.C = scl_in ; (1 pterm, 1 signal)
sm_state_13_.AR = XRESET ; (1 pterm, 1 signal)

sm_state_14_.D = !shift_0_.Q & sm_state_15_.Q ; (1 pterm, 2 signals)
sm_state_14_.C = scl_in ; (1 pterm, 1 signal)
sm_state_14_.AR = XRESET ; (1 pterm, 1 signal)

sm_state_15_.D = shift_0_.Q & sm_state_16_.Q ; (1 pterm, 2 signals)
sm_state_15_.C = scl_in ; (1 pterm, 1 signal)
sm_state_15_.AR = XRESET ; (1 pterm, 1 signal)

sm_state_16_.D = start.Q & sm_state_17_.Q
    # start.Q & !stop.Q & sm_state_7_.Q ; (2 pterms, 4 signals)
sm_state_16_.C = scl_in ; (1 pterm, 1 signal)
sm_state_16_.AR = XRESET ; (1 pterm, 1 signal)

sm_state_17_.D = !start.Q & sm_state_17_.Q
    # !ready & sm_state_8_.Q
    # sda_in & sm_state_0_.Q
    # !shift_0_.Q & sm_state_11_.Q
    # !shift_0_.Q & sm_state_14_.Q
    # !shift_0_.Q & sm_state_16_.Q
    # shift_0_.Q & sm_state_12_.Q
    # shift_0_.Q & sm_state_13_.Q
    # shift_0_.Q & sm_state_15_.Q
    # shift_0_.Q & sm_state_10_.Q
    # stop.Q & sm_state_7_.Q ; (11 pterms, 16 signals)
sm_state_17_.C = scl_in ; (1 pterm, 1 signal)
sm_state_17_.AP = XRESET ; (1 pterm, 1 signal)

sm_state_1_.D = sm_state_2_.Q ; (1 pterm, 1 signal)
sm_state_1_.C = scl_in ; (1 pterm, 1 signal)
sm_state_1_.AR = XRESET ; (1 pterm, 1 signal)

sm_state_2_.D = sm_state_3_.Q ; (1 pterm, 1 signal)
sm_state_2_.C = scl_in ; (1 pterm, 1 signal)
sm_state_2_.AR = XRESET ; (1 pterm, 1 signal)

sm_state_3_.D = sm_state_4_.Q ; (1 pterm, 1 signal)
sm_state_3_.C = scl_in ; (1 pterm, 1 signal)
sm_state_3_.AR = XRESET ; (1 pterm, 1 signal)

sm_state_4_.D = sm_state_5_.Q ; (1 pterm, 1 signal)
sm_state_4_.C = scl_in ; (1 pterm, 1 signal)
sm_state_4_.AR = XRESET ; (1 pterm, 1 signal)

sm_state_5_.D = sm_state_6_.Q ; (1 pterm, 1 signal)
sm_state_5_.C = scl_in ; (1 pterm, 1 signal)
sm_state_5_.AR = XRESET ; (1 pterm, 1 signal)

sm_state_6_.D = !start.Q & !stop.Q & sm_state_7_.Q ; (1 pterm, 3 signals)
sm_state_6_.C = scl_in ; (1 pterm, 1 signal)
sm_state_6_.AR = XRESET ; (1 pterm, 1 signal)

sm_state_7_.D = ready & sm_state_8_.Q ; (1 pterm, 2 signals)
sm_state_7_.C = scl_in ; (1 pterm, 1 signal)
sm_state_7_.AR = XRESET ; (1 pterm, 1 signal)

sm_state_8_.D = !sda_in & sm_state_0_.Q
    # sm_state_9_.Q ; (2 pterms, 3 signals)
sm_state_8_.C = scl_in ; (1 pterm, 1 signal)
sm_state_8_.AR = XRESET ; (1 pterm, 1 signal)

sm_state_9_.D = !shift_0_.Q & sm_state_10_.Q ; (1 pterm, 2 signals)
sm_state_9_.C = scl_in ; (1 pterm, 1 signal)
sm_state_9_.AR = XRESET ; (1 pterm, 1 signal)

start.D = scl_in ; (1 pterm, 1 signal)
start.C = !inst_sda_f.Q ; (1 pterm, 1 signal)
start.AR = start_async_rst ; (1 pterm, 1 signal)

start_async_rst = !( !XRESET & !sm_state_16_.Q ) ; (1 pterm, 2 signals)

stop.D = scl_in ; (1 pterm, 1 signal)
stop.C = sda_in ; (1 pterm, 1 signal)
stop.AR = stop_0 ; (1 pterm, 1 signal)

stop_0 = !( !XRESET & !start.Q ) ; (1 pterm, 2 signals)




