ispLEVER Auto-Make Log File
---------------------------

Updating: Fit Design
Start to record tcl script...
Finished recording TCL script.

Starting: 'C:\ispLEVER_Classic2_0\ispcpld\bin\mblifopt.exe -i top_level.bl0 -o top_level.bl1 -collapse none -reduce none -gui -err automake.err -keepwires -family'

BLIFOPT  Open-ABEL Optimizer 
U.C. Berkeley, SIS Ver. 1.0, supported by Lattice Semiconductor
ispLEVER Classic 2.0 Copyright 1992-2015 Lattice Semiconductor. All Rights Reserved.
Reading Open-ABEL 2 file top_level.bl0...
Writing Open-ABEL 2 (BLIF) file top_level.bl1...
Note    0: 
BLIFOPT complete - Time 0 seconds
Done: completed successfully.

Starting: 'C:\ispLEVER_Classic2_0\ispcpld\bin\mblflink.exe "top_level.bl1" -o "uz_optical_14tx4rx.bl2" -omod "uz_optical_14tx4rx" -gui -err "automake.err"'

BLIFLINK  Top-Down Design Linker
ispLEVER Classic 2.0 Copyright 1992-2015 Lattice Semiconductor. All Rights Reserved.

Top-level file: 'top_level.bl1'

Hierarchical BLIF: 'uz_optical_14tx4rx.bl2'

BLIFLINK complete.  Time: 1 second 
Done: completed successfully.

Starting: 'C:\ispLEVER_Classic2_0\ispcpld\bin\impsrc.exe -gui -prj uz_optical_14tx4rx -lci uz_optical_14tx4rx.lct -log uz_optical_14tx4rx.imp -err automake.err -tti uz_optical_14tx4rx.bl2 -dir c:\users\ga92wum\git\ultrazohm\software\cpld\06_uz_optical_14tx_4rx'

No pin assignment or valid property.
No source constraints were imported.
Done: completed successfully.

Starting: 'C:\ispLEVER_Classic2_0\ispcpld\bin\abelvci.exe -vci uz_optical_14tx4rx.lct -blifopt uz_optical_14tx4rx.b2_'

Done: completed successfully.

Starting: 'C:\ispLEVER_Classic2_0\ispcpld\bin\mblifopt.exe uz_optical_14tx4rx.bl2 -sweep -mergefb -err automake.err -o uz_optical_14tx4rx.bl3 @uz_optical_14tx4rx.b2_ -gui'

BLIFOPT  Open-ABEL Optimizer 
U.C. Berkeley, SIS Ver. 1.0, supported by Lattice Semiconductor
ispLEVER Classic 2.0 Copyright 1992-2015 Lattice Semiconductor. All Rights Reserved.
Reading Open-ABEL 2 file uz_optical_14tx4rx.bl2...
Merging feedbacks...
Note 13707: Node N_7 is collapsed...
Note 13707: Node DIN_4_ is collapsed...
Note 13707: Node DIN_5_ is collapsed...
Note 13707: Node DIN_6_ is collapsed...
Note 13707: Node DIN_3_ is collapsed...
Note 13707: Node DIN_2_ is collapsed...
Note 13707: Node DIN_1_ is collapsed...
Note 13707: Node DIN_7_ is collapsed...
Note 13707: Node DIN_8_ is collapsed...
Note 13707: Node DIN_26_ is collapsed...
Note 13707: Node DIN_25_ is collapsed...
Note 13707: Node DIN_24_ is collapsed...
Note 13707: Node DIN_23_ is collapsed...
Note 13707: Node DIN_22_ is collapsed...
Note 13707: Node DIN_21_ is collapsed...
Note 13707: Node DIN_20_ is collapsed...
Note 13707: Node DIN_19_ is collapsed...
Note 13707: Node DIN_18_ is collapsed...
Note 13707: Node DIN_17_ is collapsed...
Note 13707: Node DIN_16_ is collapsed...
Note 13707: Node DIN_15_ is collapsed...
Note 13707: Node DIN_14_ is collapsed...
Note 13707: Node DIN_13_ is collapsed...
Note 13707: Node DIN_12_ is collapsed...
Note 13707: Node DIN_11_ is collapsed...
Note 13707: Node DIN_10_ is collapsed...
Note 13707: Node DIN_9_ is collapsed...
Note 13707: Node DIN_28_ is collapsed...
Note 13707: Node DIN_27_ is collapsed...
Note 13707: Node DOUT_19_ is collapsed...
Note 13707: Node DOUT_1_ is collapsed...
Note 13707: Node DOUT_2_ is collapsed...
Note 13707: Node DOUT_28_ is collapsed...
Note 13707: Node DOUT_27_ is collapsed...
Note 13707: Node DOUT_26_ is collapsed...
Note 13707: Node DOUT_25_ is collapsed...
Note 13707: Node DOUT_24_ is collapsed...
Note 13707: Node DOUT_23_ is collapsed...
Note 13707: Node DOUT_22_ is collapsed...
Note 13707: Node DOUT_21_ is collapsed...
Note 13707: Node DOUT_20_ is collapsed...
Note 13707: Node DOUT_18_ is collapsed...
Note 13707: Node N_8 is collapsed...
Note 13707: Node N_9 is collapsed...
Note 13707: Node DOUT_15_ is collapsed...
Note 13707: Node N_5 is collapsed...
Note 13707: Node N_1 is collapsed...
Note 13707: Node N_2 is collapsed...
Note 13707: Node N_3 is collapsed...
Note 13707: Node N_4 is collapsed...
Note 13707: Node DIN_30_ is collapsed...
Note 13707: Node DIN_29_ is collapsed...
Note 13707: Node DOUT_14_ is collapsed...
Note 13707: Node DOUT_7_ is collapsed...
Note 13707: Node DOUT_6_ is collapsed...
Note 13707: Node DOUT_5_ is collapsed...
Note 13707: Node DOUT_4_ is collapsed...
Note 13707: Node DOUT_13_ is collapsed...
Note 13707: Node DOUT_9_ is collapsed...
Note 13707: Node DOUT_8_ is collapsed...
Note 13707: Node DOUT_29_ is collapsed...
Note 13707: Node DOUT_10_ is collapsed...
Note 13707: Node DOUT_11_ is collapsed...
Note 13707: Node DOUT_12_ is collapsed...
Note 13707: Node ENABLE is collapsed...
Note 13707: Node DOUT_16_ is collapsed...
Note 13707: Node DOUT_17_ is collapsed...
Note 13707: Node DOUT_3_ is collapsed...
Note 13707: Fmax mode satisfied
Control path optimization...
Warning 13707:Unused pin 'out_30_' removed.
Warning 13707:Unused pin 'out_29_' removed.
Warning 13707:Unused pin 'out_28_' removed.
Warning 13707:Unused pin 'out_27_' removed.
Warning 13707:Unused node 'N_10' removed.
Warning 13707:Unused node 'N_11' removed.
Warning 13707:Unused node 'N_12' removed.
Warning 13707:Unused node 'N_6' removed.
Performing 'bypin choose' optimization...
Note    0: Estimated (clusters + macrocells): 26, Fmax Logic Level: 0
Writing Open-ABEL 2 (BLIF) file uz_optical_14tx4rx.bl3...
Note    0: 
BLIFOPT complete - Time 0 seconds
Done: completed successfully.

Starting: 'C:\ispLEVER_Classic2_0\ispcpld\bin\abelvci.exe -vci uz_optical_14tx4rx.lct -dev lc4k -diofft uz_optical_14tx4rx.d0'

Done: completed successfully.

Starting: 'C:\ispLEVER_Classic2_0\ispcpld\bin\mdiofft.exe uz_optical_14tx4rx.bl3 -family AMDMACH -idev van -o uz_optical_14tx4rx.bl4 -oxrf uz_optical_14tx4rx.xrf -err automake.err @uz_optical_14tx4rx.d0 -gui'

DIOFFT  Flip-Flop Transformation program
ispLEVER Classic 2.0 Copyright 1992-2015 Lattice Semiconductor. All Rights Reserved.
Input file: uz_optical_14tx4rx.bl3.
Output file: uz_optical_14tx4rx.bl4.
Cross reference file: uz_optical_14tx4rx.xrf.

Shortening signal names...
Writing signal name cross reference file uz_optical_14tx4rx.xrf... 

DIOFFT complete - Time 0 seconds
Done: completed successfully.

Starting: 'C:\ispLEVER_Classic2_0\ispcpld\bin\abelvci.exe -vci uz_optical_14tx4rx.lct -dev lc4k -prefit uz_optical_14tx4rx.l0'

Done: completed successfully.

Starting: 'C:\ispLEVER_Classic2_0\ispcpld\bin\prefit.exe -blif -inp uz_optical_14tx4rx.bl4 -out uz_optical_14tx4rx.bl5 -err automake.err -log uz_optical_14tx4rx.log -mod top_level @uz_optical_14tx4rx.l0 -gui -sc'

Prefit Logic Optimizer (May 31 2012)  Fri Mar 05 21:02:11 2021

C:\ispLEVER_Classic2_0\ispcpld\bin\prefit.exe -blif -inp uz_optical_14tx4rx.bl4 -out uz_optical_14tx4rx.bl5 -err automake.err -log uz_optical_14tx4rx.log -mod top_level @uz_optical_14tx4rx.l0 -gui -sc 
Number of pins (IO)    :    56
Number of outputs (MC) :    26
Number of registers    :     0
Number of logic pterms :    26
C:\ispLEVER_Classic2_0\ispcpld\bin\prefit.exe complete - Time 0 seconds

Done: completed successfully.

Starting: 'C:\ispLEVER_Classic2_0\ispcpld\bin\lpf4k.exe @"uz_optical_14tx4rx.rs2"'

Project 'uz_optical_14tx4rx' was Fitted Successfully!

Done: completed successfully.

Starting: 'C:\ispLEVER_Classic2_0\ispcpld\bin\tda.exe -i uz_optical_14tx4rx.bl5 -o uz_optical_14tx4rx.tda -lci uz_optical_14tx4rx.lct -dev m4s_128_64 -family lc4k -mod top_level -ovec NoInput.tmv -err tda.err -gui'

TDA  - Timing Driven Analyze 
Ver. 1.0, supported by Lattice Semiconductor
ispLEVER Classic 2.0 Copyright 1992-2015 Lattice Semiconductor. All Rights Reserved.

TDA complete - Time 1 seconds
Done: completed successfully.

Starting: 'C:\ispLEVER_Classic2_0\ispcpld\bin\synsvf.exe -exe "C:\ispLEVER_Classic2_0\ispvmsystem/ispufw" -prj uz_optical_14tx4rx -if uz_optical_14tx4rx.jed -j2s -log uz_optical_14tx4rx.svl -gui'

Need not generate svf file according to the constraints, exit
Done: completed successfully.
