
         Lattice Mapping Report File for Design Module 'SignalRouter'


Design Information
------------------

Command line:   map -a MachXO2 -p LCMXO2-2000HC -t TQFP100 -s 4 -oc Commercial
     uz_d_slots_tx30.ngd -o uz_d_slots_tx30_map.ncd -pr uz_d_slots_tx30.prf -mp
     uz_d_slots_tx30.mrp -lpf C:/cpld/cpld_lattice/MACHXO2/D_Slot_CPLD_LCMXO2-20
     00HC-4TG100C/uz_d_slots/tx30/uz_d_slots_tx30_synplify.lpf -lpf C:/cpld/cpld
     _lattice/MACHXO2/D_Slot_CPLD_LCMXO2-2000HC-4TG100C/uz_d_slots/uz_d_slots.lp
     f -c 0 
Target Vendor:  LATTICE
Target Device:  LCMXO2-2000HCTQFP100
Target Performance:   4
Mapper:  xo2c00,  version:  Diamond (64-bit) 3.13.0.56.2
Mapped on:  06/24/26  14:45:46

Design Summary
--------------

   Number of registers:     25 out of  2352 (1%)
      PFU registers:           24 out of  2112 (1%)
      PIO registers:            1 out of   240 (0%)
   Number of SLICEs:        45 out of  1056 (4%)
      SLICEs as Logic/ROM:     45 out of  1056 (4%)
      SLICEs as RAM:            0 out of   792 (0%)
      SLICEs as Carry:         13 out of  1056 (1%)
   Number of LUT4s:         90 out of  2112 (4%)
      Number used as logic LUTs:         64
      Number used as distributed RAM:     0
      Number used as ripple logic:       26
      Number used as shift registers:     0
   Number of PIO sites used: 63 + 4(JTAG) out of 80 (84%)
   Number of block RAMs:  0 out of 8 (0%)
   Number of GSRs:        0 out of 1 (0%)
   EFB used :        No
   JTAG used :       No
   Readback used :   No
   Oscillator used : Yes
   Startup used :    No
   POR :             On
   Bandgap :         On
   Number of Power Controller:  0 out of 1 (0%)
   Number of Dynamic Bank Controller (BCINRD):  0 out of 6 (0%)
   Number of Dynamic Bank Controller (BCLVDSO):  0 out of 1 (0%)
   Number of DCCA:  0 out of 8 (0%)
   Number of DCMA:  0 out of 2 (0%)
   Number of PLLs:  0 out of 1 (0%)
   Number of DQSDLLs:  0 out of 2 (0%)
   Number of CLKDIVC:  0 out of 4 (0%)
   Number of ECLKSYNCA:  0 out of 4 (0%)
   Number of ECLKBRIDGECS:  0 out of 2 (0%)
   Notes:-
      1. Total number of LUT4s = (Number of logic LUT4s) + 2*(Number of
     distributed RAMs) + 2*(Number of ripple logic)
      2. Number of logic LUT4s does not include count of distributed RAM and
     ripple logic.
   Number of clocks:  1
     Net dslot_heartbeat.clk: 14 loads, 14 rising, 0 falling (Driver:
     dslot_heartbeat/OSCInst0 )

                                    Page 1




Design:  SignalRouter                                  Date:  06/24/26  14:45:46

Design Summary (cont)
---------------------
   Number of Clock Enables:  1
     Net dslot_heartbeat/hb_valid_edge_cnte: 3 loads, 3 LSLICEs
   Number of LSRs:  0
   Number of nets driven by tri-state buffers:  0
   Top 10 highest fanout non-clock nets:
     Net safe_state_request: 32 loads
     Net dslot_heartbeat/un7lto7_4: 18 loads
     Net dslot_heartbeat/un7lto7_5: 18 loads
     Net dslot_heartbeat/N_35_i: 14 loads
     Net dslot_heartbeat/reqsafe_sync: 9 loads
     Net dslot_heartbeat/reqsafe_last: 8 loads
     Net dslot_heartbeat/N_15_i: 6 loads
     Net dslot_heartbeat/hb_since_edge_cnt[26]: 4 loads
     Net dslot_heartbeat/hb_since_edge_cnt[27]: 4 loads
     Net dslot_heartbeat/hb_since_edge_cnt[24]: 3 loads




   Number of warnings:  9
   Number of errors:    0
     

Design Errors/Warnings
----------------------

WARNING - map: C:/cpld/cpld_lattice/MACHXO2/D_Slot_CPLD_LCMXO2-2000HC-4TG100C/uz
     _d_slots/uz_d_slots.lpf(123): Semantic error in "TRACEID "0000000000" ; ":
     TRACEID bit length can not be more than 8 bits
     . This preference has been disabled.
WARNING - map: C:/cpld/cpld_lattice/MACHXO2/D_Slot_CPLD_LCMXO2-2000HC-4TG100C/uz
     _d_slots/uz_d_slots.lpf(125): Semantic error in "IOBUF PORT "i2c_scl"
     IO_TYPE=LVCMOS18 PULLMODE=NONE ;": Port "i2c_scl" does not exist in the
     design. This preference has been disabled.
WARNING - map: C:/cpld/cpld_lattice/MACHXO2/D_Slot_CPLD_LCMXO2-2000HC-4TG100C/uz
     _d_slots/uz_d_slots.lpf(126): Semantic error in "IOBUF PORT "i2c_sda"
     IO_TYPE=LVCMOS18 PULLMODE=NONE ;": Port "i2c_sda" does not exist in the
     design. This preference has been disabled.
WARNING - map: C:/cpld/cpld_lattice/MACHXO2/D_Slot_CPLD_LCMXO2-2000HC-4TG100C/uz
     _d_slots/uz_d_slots.lpf(129): Semantic error in "IOBUF PORT "pilot_in"
     IO_TYPE=LVCMOS33 PULLMODE=NONE ;": Port "pilot_in" does not exist in the
     design. This preference has been disabled.
WARNING - map: C:/cpld/cpld_lattice/MACHXO2/D_Slot_CPLD_LCMXO2-2000HC-4TG100C/uz
     _d_slots/uz_d_slots.lpf(136): Semantic error in "IOBUF PORT "carrierrdy"
     IO_TYPE=LVCMOS18 ;": Port "carrierrdy" does not exist in the design. This
     preference has been disabled.
WARNING - map: IO buffer missing for top level port pilot_in...logic will be
     discarded.
WARNING - map: IO buffer missing for top level port carrierrdy...logic will be
     discarded.
WARNING - map: IO buffer missing for top level port i2c_scl...logic will be
     discarded.
WARNING - map: IO buffer missing for top level port i2c_sda...logic will be
     discarded.



                                    Page 2




Design:  SignalRouter                                  Date:  06/24/26  14:45:46

IO (PIO) Attributes
-------------------

+---------------------+-----------+-----------+------------+
| IO Name             | Direction | Levelmode | IO         |
|                     |           |  IO_TYPE  | Register   |
+---------------------+-----------+-----------+------------+
| slotok              | OUTPUT    | LVCMOS18  |            |
+---------------------+-----------+-----------+------------+
| reqsafestate        | INPUT     | LVCMOS18  | IN         |
+---------------------+-----------+-----------+------------+
| d_29                | OUTPUT    | LVCMOS33  |            |
+---------------------+-----------+-----------+------------+
| d_28                | OUTPUT    | LVCMOS33  |            |
+---------------------+-----------+-----------+------------+
| d_27                | OUTPUT    | LVCMOS33  |            |
+---------------------+-----------+-----------+------------+
| d_26                | OUTPUT    | LVCMOS33  |            |
+---------------------+-----------+-----------+------------+
| d_25                | OUTPUT    | LVCMOS33  |            |
+---------------------+-----------+-----------+------------+
| d_24                | OUTPUT    | LVCMOS33  |            |
+---------------------+-----------+-----------+------------+
| d_23                | OUTPUT    | LVCMOS33  |            |
+---------------------+-----------+-----------+------------+
| d_22                | OUTPUT    | LVCMOS33  |            |
+---------------------+-----------+-----------+------------+
| d_21                | OUTPUT    | LVCMOS33  |            |
+---------------------+-----------+-----------+------------+
| d_20                | OUTPUT    | LVCMOS33  |            |
+---------------------+-----------+-----------+------------+
| d_19                | OUTPUT    | LVCMOS33  |            |
+---------------------+-----------+-----------+------------+
| d_18                | OUTPUT    | LVCMOS33  |            |
+---------------------+-----------+-----------+------------+
| d_17                | OUTPUT    | LVCMOS33  |            |
+---------------------+-----------+-----------+------------+
| d_16                | OUTPUT    | LVCMOS33  |            |
+---------------------+-----------+-----------+------------+
| d_15                | OUTPUT    | LVCMOS33  |            |
+---------------------+-----------+-----------+------------+
| d_14                | OUTPUT    | LVCMOS33  |            |
+---------------------+-----------+-----------+------------+
| d_13                | OUTPUT    | LVCMOS33  |            |
+---------------------+-----------+-----------+------------+
| d_12                | OUTPUT    | LVCMOS33  |            |
+---------------------+-----------+-----------+------------+
| d_11                | OUTPUT    | LVCMOS33  |            |
+---------------------+-----------+-----------+------------+
| d_10                | OUTPUT    | LVCMOS33  |            |
+---------------------+-----------+-----------+------------+
| d_09                | OUTPUT    | LVCMOS33  |            |
+---------------------+-----------+-----------+------------+
| d_08                | OUTPUT    | LVCMOS33  |            |
+---------------------+-----------+-----------+------------+
| d_07                | OUTPUT    | LVCMOS33  |            |
+---------------------+-----------+-----------+------------+
| d_06                | OUTPUT    | LVCMOS33  |            |

                                    Page 3




Design:  SignalRouter                                  Date:  06/24/26  14:45:46

IO (PIO) Attributes (cont)
--------------------------
+---------------------+-----------+-----------+------------+
| d_05                | OUTPUT    | LVCMOS33  |            |
+---------------------+-----------+-----------+------------+
| d_04                | OUTPUT    | LVCMOS33  |            |
+---------------------+-----------+-----------+------------+
| d_03                | OUTPUT    | LVCMOS33  |            |
+---------------------+-----------+-----------+------------+
| d_02                | OUTPUT    | LVCMOS33  |            |
+---------------------+-----------+-----------+------------+
| d_01                | OUTPUT    | LVCMOS33  |            |
+---------------------+-----------+-----------+------------+
| d_00                | OUTPUT    | LVCMOS33  |            |
+---------------------+-----------+-----------+------------+
| fpga_29             | INPUT     | LVCMOS18  |            |
+---------------------+-----------+-----------+------------+
| fpga_28             | INPUT     | LVCMOS18  |            |
+---------------------+-----------+-----------+------------+
| fpga_27             | INPUT     | LVCMOS18  |            |
+---------------------+-----------+-----------+------------+
| fpga_26             | INPUT     | LVCMOS18  |            |
+---------------------+-----------+-----------+------------+
| fpga_25             | INPUT     | LVCMOS18  |            |
+---------------------+-----------+-----------+------------+
| fpga_24             | INPUT     | LVCMOS18  |            |
+---------------------+-----------+-----------+------------+
| fpga_23             | INPUT     | LVCMOS18  |            |
+---------------------+-----------+-----------+------------+
| fpga_22             | INPUT     | LVCMOS18  |            |
+---------------------+-----------+-----------+------------+
| fpga_21             | INPUT     | LVCMOS18  |            |
+---------------------+-----------+-----------+------------+
| fpga_20             | INPUT     | LVCMOS18  |            |
+---------------------+-----------+-----------+------------+
| fpga_19             | INPUT     | LVCMOS18  |            |
+---------------------+-----------+-----------+------------+
| fpga_18             | INPUT     | LVCMOS18  |            |
+---------------------+-----------+-----------+------------+
| fpga_17             | INPUT     | LVCMOS18  |            |
+---------------------+-----------+-----------+------------+
| fpga_16             | INPUT     | LVCMOS18  |            |
+---------------------+-----------+-----------+------------+
| fpga_15             | INPUT     | LVCMOS18  |            |
+---------------------+-----------+-----------+------------+
| fpga_14             | INPUT     | LVCMOS18  |            |
+---------------------+-----------+-----------+------------+
| fpga_13             | INPUT     | LVCMOS18  |            |
+---------------------+-----------+-----------+------------+
| fpga_12             | INPUT     | LVCMOS18  |            |
+---------------------+-----------+-----------+------------+
| fpga_11             | INPUT     | LVCMOS18  |            |
+---------------------+-----------+-----------+------------+
| fpga_10             | INPUT     | LVCMOS18  |            |
+---------------------+-----------+-----------+------------+
| fpga_09             | INPUT     | LVCMOS18  |            |
+---------------------+-----------+-----------+------------+
| fpga_08             | INPUT     | LVCMOS18  |            |

                                    Page 4




Design:  SignalRouter                                  Date:  06/24/26  14:45:46

IO (PIO) Attributes (cont)
--------------------------
+---------------------+-----------+-----------+------------+
| fpga_07             | INPUT     | LVCMOS18  |            |
+---------------------+-----------+-----------+------------+
| fpga_06             | INPUT     | LVCMOS18  |            |
+---------------------+-----------+-----------+------------+
| fpga_05             | INPUT     | LVCMOS18  |            |
+---------------------+-----------+-----------+------------+
| fpga_04             | INPUT     | LVCMOS18  |            |
+---------------------+-----------+-----------+------------+
| fpga_03             | INPUT     | LVCMOS18  |            |
+---------------------+-----------+-----------+------------+
| fpga_02             | INPUT     | LVCMOS18  |            |
+---------------------+-----------+-----------+------------+
| fpga_01             | INPUT     | LVCMOS18  |            |
+---------------------+-----------+-----------+------------+
| fpga_00             | INPUT     | LVCMOS18  |            |
+---------------------+-----------+-----------+------------+
| reqoe               | OUTPUT    | LVCMOS18  |            |
+---------------------+-----------+-----------+------------+

Removed logic
-------------

Block GSR_INST undriven or does not drive anything - clipped.
Block GND undriven or does not drive anything - clipped.
Block dslot_heartbeat/VCC undriven or does not drive anything - clipped.
Signal dslot_heartbeat/GND undriven or does not drive anything - clipped.
Signal GND undriven or does not drive anything - clipped.
Signal dslot_heartbeat/hb_valid_edge_cnt_cry_0_COUT[3] undriven or does not
     drive anything - clipped.
Signal dslot_heartbeat/un2_hb_since_edge_cnt_2_cry_0_0_S0 undriven or does not
     drive anything - clipped.
Signal dslot_heartbeat/N_2 undriven or does not drive anything - clipped.
Signal dslot_heartbeat/un2_hb_since_edge_cnt_2_s_7_0_S1 undriven or does not
     drive anything - clipped.
Signal dslot_heartbeat/un2_hb_since_edge_cnt_2_s_7_0_COUT undriven or does not
     drive anything - clipped.
Signal dslot_heartbeat/un1_hb_timeout_cnt_cry_0_0_S1 undriven or does not drive
     anything - clipped.
Signal dslot_heartbeat/un1_hb_timeout_cnt_cry_0_0_S0 undriven or does not drive
     anything - clipped.
Signal dslot_heartbeat/N_3 undriven or does not drive anything - clipped.
Signal dslot_heartbeat/un1_hb_timeout_cnt_s_7_0_S1 undriven or does not drive
     anything - clipped.
Signal dslot_heartbeat/un1_hb_timeout_cnt_s_7_0_COUT undriven or does not drive
     anything - clipped.
Signal dslot_heartbeat/hb_valid_edge_cnt_cry_0_S0[0] undriven or does not drive
     anything - clipped.
Signal dslot_heartbeat/N_1 undriven or does not drive anything - clipped.
Signal dslot_heartbeat/OSCInst0_SEDSTDBY undriven or does not drive anything -
     clipped.
Block dslot_heartbeat/GND was optimized away.

     



                                    Page 5




Design:  SignalRouter                                  Date:  06/24/26  14:45:46

OSC Summary
-----------

OSC 1:                                     Pin/Node Value
  OSC Instance Name:                                dslot_heartbeat/OSCInst0
  OSC Type:                                         OSCH
  STDBY Input:                                      NONE
  OSC Output:                              NODE     dslot_heartbeat.clk
  OSC Nominal Frequency (MHz):                      2.08

ASIC Components
---------------

Instance Name: dslot_heartbeat/OSCInst0
         Type: OSCH

Run Time and Memory Usage
-------------------------

   Total CPU Time: 1 secs  
   Total REAL Time: 2 secs  
   Peak Memory Usage: 46 MB
        




































                                    Page 6


Copyright (c) 1991-1994 by NeoCAD Inc. All rights reserved.
     Copyright (c) 1995 AT&T Corp.   All rights reserved.
     Copyright (c) 1995-2001 Lucent Technologies Inc.  All rights reserved.
     Copyright (c) 2001 Agere Systems   All rights reserved.
     Copyright (c) 2002-2023 Lattice Semiconductor Corporation,  All rights
     reserved.
