
Loading design for application trce from file uz_d_slots_tx30.ncd.
Design name: SignalRouter
NCD version: 3.3
Vendor:      LATTICE
Device:      LCMXO2-2000HC
Package:     TQFP100
Performance: 4
Loading device for application trce from file 'xo2c2000.nph' in environment: C:/lscc/diamond/3.13/ispfpga.
Package Status:                     Final          Version 1.44.
Performance Hardware Data Status:   Final          Version 34.4.
Setup and Hold Report

--------------------------------------------------------------------------------
Lattice TRACE Report - Setup, Version Diamond (64-bit) 3.13.0.56.2
Wed Jun 24 14:46:09 2026

Copyright (c) 1991-1994 by NeoCAD Inc. All rights reserved.
Copyright (c) 1995 AT&T Corp.   All rights reserved.
Copyright (c) 1995-2001 Lucent Technologies Inc.  All rights reserved.
Copyright (c) 2001 Agere Systems   All rights reserved.
Copyright (c) 2002-2023 Lattice Semiconductor Corporation,  All rights reserved.

Report Information
------------------
Command line:    trce -v 10 -gt -sethld -sp 4 -sphld m -o uz_d_slots_tx30.twr uz_d_slots_tx30.ncd uz_d_slots_tx30.prf 
Design file:     uz_d_slots_tx30.ncd
Preference file: uz_d_slots_tx30.prf
Device,speed:    LCMXO2-2000HC,4
Report level:    verbose report, limited to 10 items per preference
--------------------------------------------------------------------------------

BLOCK ASYNCPATHS
BLOCK RESETPATHS
--------------------------------------------------------------------------------



================================================================================
Preference: FREQUENCY NET "dslot_heartbeat.clk" 2.080000 MHz ;
            1032 items scored, 0 timing errors detected.
--------------------------------------------------------------------------------


Passed: The following path meets requirements by 472.158ns

 Logical Details:  Cell type  Pin type       Cell/ASIC name  (clock net +/-)

   Source:         FF         Q              dslot_heartbeat/hb_since_edge_cnt[26]  (from dslot_heartbeat.clk +)
   Destination:    FF         Data in        dslot_heartbeat/hb_valid_edge_cnt[4]  (to dslot_heartbeat.clk +)

   Delay:               8.445ns  (43.0% logic, 57.0% route), 7 logic levels.

 Constraint Details:

      8.445ns physical path delay dslot_heartbeat/SLICE_14 to dslot_heartbeat/SLICE_11 meets
    480.769ns delay constraint less
      0.000ns skew and
      0.166ns DIN_SET requirement (totaling 480.603ns) by 472.158ns

 Physical Path Details:

      Data path dslot_heartbeat/SLICE_14 to dslot_heartbeat/SLICE_11:

   Name    Fanout   Delay (ns)          Site               Resource
REG_DEL     ---     0.452     R6C19D.CLK to      R6C19D.Q0 dslot_heartbeat/SLICE_14 (from dslot_heartbeat.clk)
ROUTE         4     1.619      R6C19D.Q0 to      R7C20B.C1 dslot_heartbeat/hb_since_edge_cnt[26]
CTOF_DEL    ---     0.495      R7C20B.C1 to      R7C20B.F1 dslot_heartbeat/SLICE_27
ROUTE         2     0.445      R7C20B.F1 to      R7C20D.C1 dslot_heartbeat/N_52
CTOF_DEL    ---     0.495      R7C20D.C1 to      R7C20D.F1 dslot_heartbeat/SLICE_29
ROUTE         2     0.978      R7C20D.F1 to      R6C20A.A1 dslot_heartbeat/un1_hb_valid_edge_cnt15_i_16_i_a2_i_o3_1
CTOF_DEL    ---     0.495      R6C20A.A1 to      R6C20A.F1 dslot_heartbeat/SLICE_24
ROUTE         2     1.772      R6C20A.F1 to      R5C20A.B1 dslot_heartbeat/hb_valid_edge_cnt_6[0]
C1TOFCO_DE  ---     0.889      R5C20A.B1 to     R5C20A.FCO dslot_heartbeat/SLICE_0
ROUTE         1     0.000     R5C20A.FCO to     R5C20B.FCI dslot_heartbeat/hb_valid_edge_cnt_cry[0]
FCITOFCO_D  ---     0.162     R5C20B.FCI to     R5C20B.FCO dslot_heartbeat/SLICE_12
ROUTE         1     0.000     R5C20B.FCO to     R5C20C.FCI dslot_heartbeat/hb_valid_edge_cnt_cry[2]
FCITOF1_DE  ---     0.643     R5C20C.FCI to      R5C20C.F1 dslot_heartbeat/SLICE_11
ROUTE         1     0.000      R5C20C.F1 to     R5C20C.DI1 dslot_heartbeat/hb_valid_edge_cnt_s[4] (to dslot_heartbeat.clk)
                  --------
                    8.445   (43.0% logic, 57.0% route), 7 logic levels.

 Clock Skew Details: 

      Source Clock Path dslot_heartbeat/OSCInst0 to dslot_heartbeat/SLICE_14:

   Name    Fanout   Delay (ns)          Site               Resource
ROUTE        14     3.977        OSC.OSC to     R6C19D.CLK dslot_heartbeat.clk
                  --------
                    3.977   (0.0% logic, 100.0% route), 0 logic levels.

      Destination Clock Path dslot_heartbeat/OSCInst0 to dslot_heartbeat/SLICE_11:

   Name    Fanout   Delay (ns)          Site               Resource
ROUTE        14     3.977        OSC.OSC to     R5C20C.CLK dslot_heartbeat.clk
                  --------
                    3.977   (0.0% logic, 100.0% route), 0 logic levels.


Passed: The following path meets requirements by 472.216ns

 Logical Details:  Cell type  Pin type       Cell/ASIC name  (clock net +/-)

   Source:         FF         Q              dslot_heartbeat/hb_since_edge_cnt[26]  (from dslot_heartbeat.clk +)
   Destination:    FF         Data in        dslot_heartbeat/hb_valid_edge_cnt[3]  (to dslot_heartbeat.clk +)

   Delay:               8.387ns  (42.6% logic, 57.4% route), 7 logic levels.

 Constraint Details:

      8.387ns physical path delay dslot_heartbeat/SLICE_14 to dslot_heartbeat/SLICE_11 meets
    480.769ns delay constraint less
      0.000ns skew and
      0.166ns DIN_SET requirement (totaling 480.603ns) by 472.216ns

 Physical Path Details:

      Data path dslot_heartbeat/SLICE_14 to dslot_heartbeat/SLICE_11:

   Name    Fanout   Delay (ns)          Site               Resource
REG_DEL     ---     0.452     R6C19D.CLK to      R6C19D.Q0 dslot_heartbeat/SLICE_14 (from dslot_heartbeat.clk)
ROUTE         4     1.619      R6C19D.Q0 to      R7C20B.C1 dslot_heartbeat/hb_since_edge_cnt[26]
CTOF_DEL    ---     0.495      R7C20B.C1 to      R7C20B.F1 dslot_heartbeat/SLICE_27
ROUTE         2     0.445      R7C20B.F1 to      R7C20D.C1 dslot_heartbeat/N_52
CTOF_DEL    ---     0.495      R7C20D.C1 to      R7C20D.F1 dslot_heartbeat/SLICE_29
ROUTE         2     0.978      R7C20D.F1 to      R6C20A.A1 dslot_heartbeat/un1_hb_valid_edge_cnt15_i_16_i_a2_i_o3_1
CTOF_DEL    ---     0.495      R6C20A.A1 to      R6C20A.F1 dslot_heartbeat/SLICE_24
ROUTE         2     1.772      R6C20A.F1 to      R5C20A.B1 dslot_heartbeat/hb_valid_edge_cnt_6[0]
C1TOFCO_DE  ---     0.889      R5C20A.B1 to     R5C20A.FCO dslot_heartbeat/SLICE_0
ROUTE         1     0.000     R5C20A.FCO to     R5C20B.FCI dslot_heartbeat/hb_valid_edge_cnt_cry[0]
FCITOFCO_D  ---     0.162     R5C20B.FCI to     R5C20B.FCO dslot_heartbeat/SLICE_12
ROUTE         1     0.000     R5C20B.FCO to     R5C20C.FCI dslot_heartbeat/hb_valid_edge_cnt_cry[2]
FCITOF0_DE  ---     0.585     R5C20C.FCI to      R5C20C.F0 dslot_heartbeat/SLICE_11
ROUTE         1     0.000      R5C20C.F0 to     R5C20C.DI0 dslot_heartbeat/hb_valid_edge_cnt_s[3] (to dslot_heartbeat.clk)
                  --------
                    8.387   (42.6% logic, 57.4% route), 7 logic levels.

 Clock Skew Details: 

      Source Clock Path dslot_heartbeat/OSCInst0 to dslot_heartbeat/SLICE_14:

   Name    Fanout   Delay (ns)          Site               Resource
ROUTE        14     3.977        OSC.OSC to     R6C19D.CLK dslot_heartbeat.clk
                  --------
                    3.977   (0.0% logic, 100.0% route), 0 logic levels.

      Destination Clock Path dslot_heartbeat/OSCInst0 to dslot_heartbeat/SLICE_11:

   Name    Fanout   Delay (ns)          Site               Resource
ROUTE        14     3.977        OSC.OSC to     R5C20C.CLK dslot_heartbeat.clk
                  --------
                    3.977   (0.0% logic, 100.0% route), 0 logic levels.


Passed: The following path meets requirements by 472.320ns

 Logical Details:  Cell type  Pin type       Cell/ASIC name  (clock net +/-)

   Source:         FF         Q              dslot_heartbeat/hb_since_edge_cnt[26]  (from dslot_heartbeat.clk +)
   Destination:    FF         Data in        dslot_heartbeat/hb_valid_edge_cnt[2]  (to dslot_heartbeat.clk +)

   Delay:               8.283ns  (41.9% logic, 58.1% route), 6 logic levels.

 Constraint Details:

      8.283ns physical path delay dslot_heartbeat/SLICE_14 to dslot_heartbeat/SLICE_12 meets
    480.769ns delay constraint less
      0.000ns skew and
      0.166ns DIN_SET requirement (totaling 480.603ns) by 472.320ns

 Physical Path Details:

      Data path dslot_heartbeat/SLICE_14 to dslot_heartbeat/SLICE_12:

   Name    Fanout   Delay (ns)          Site               Resource
REG_DEL     ---     0.452     R6C19D.CLK to      R6C19D.Q0 dslot_heartbeat/SLICE_14 (from dslot_heartbeat.clk)
ROUTE         4     1.619      R6C19D.Q0 to      R7C20B.C1 dslot_heartbeat/hb_since_edge_cnt[26]
CTOF_DEL    ---     0.495      R7C20B.C1 to      R7C20B.F1 dslot_heartbeat/SLICE_27
ROUTE         2     0.445      R7C20B.F1 to      R7C20D.C1 dslot_heartbeat/N_52
CTOF_DEL    ---     0.495      R7C20D.C1 to      R7C20D.F1 dslot_heartbeat/SLICE_29
ROUTE         2     0.978      R7C20D.F1 to      R6C20A.A1 dslot_heartbeat/un1_hb_valid_edge_cnt15_i_16_i_a2_i_o3_1
CTOF_DEL    ---     0.495      R6C20A.A1 to      R6C20A.F1 dslot_heartbeat/SLICE_24
ROUTE         2     1.772      R6C20A.F1 to      R5C20A.B1 dslot_heartbeat/hb_valid_edge_cnt_6[0]
C1TOFCO_DE  ---     0.889      R5C20A.B1 to     R5C20A.FCO dslot_heartbeat/SLICE_0
ROUTE         1     0.000     R5C20A.FCO to     R5C20B.FCI dslot_heartbeat/hb_valid_edge_cnt_cry[0]
FCITOF1_DE  ---     0.643     R5C20B.FCI to      R5C20B.F1 dslot_heartbeat/SLICE_12
ROUTE         1     0.000      R5C20B.F1 to     R5C20B.DI1 dslot_heartbeat/hb_valid_edge_cnt_s[2] (to dslot_heartbeat.clk)
                  --------
                    8.283   (41.9% logic, 58.1% route), 6 logic levels.

 Clock Skew Details: 

      Source Clock Path dslot_heartbeat/OSCInst0 to dslot_heartbeat/SLICE_14:

   Name    Fanout   Delay (ns)          Site               Resource
ROUTE        14     3.977        OSC.OSC to     R6C19D.CLK dslot_heartbeat.clk
                  --------
                    3.977   (0.0% logic, 100.0% route), 0 logic levels.

      Destination Clock Path dslot_heartbeat/OSCInst0 to dslot_heartbeat/SLICE_12:

   Name    Fanout   Delay (ns)          Site               Resource
ROUTE        14     3.977        OSC.OSC to     R5C20B.CLK dslot_heartbeat.clk
                  --------
                    3.977   (0.0% logic, 100.0% route), 0 logic levels.


Passed: The following path meets requirements by 472.378ns

 Logical Details:  Cell type  Pin type       Cell/ASIC name  (clock net +/-)

   Source:         FF         Q              dslot_heartbeat/hb_since_edge_cnt[26]  (from dslot_heartbeat.clk +)
   Destination:    FF         Data in        dslot_heartbeat/hb_valid_edge_cnt[1]  (to dslot_heartbeat.clk +)

   Delay:               8.225ns  (41.5% logic, 58.5% route), 6 logic levels.

 Constraint Details:

      8.225ns physical path delay dslot_heartbeat/SLICE_14 to dslot_heartbeat/SLICE_12 meets
    480.769ns delay constraint less
      0.000ns skew and
      0.166ns DIN_SET requirement (totaling 480.603ns) by 472.378ns

 Physical Path Details:

      Data path dslot_heartbeat/SLICE_14 to dslot_heartbeat/SLICE_12:

   Name    Fanout   Delay (ns)          Site               Resource
REG_DEL     ---     0.452     R6C19D.CLK to      R6C19D.Q0 dslot_heartbeat/SLICE_14 (from dslot_heartbeat.clk)
ROUTE         4     1.619      R6C19D.Q0 to      R7C20B.C1 dslot_heartbeat/hb_since_edge_cnt[26]
CTOF_DEL    ---     0.495      R7C20B.C1 to      R7C20B.F1 dslot_heartbeat/SLICE_27
ROUTE         2     0.445      R7C20B.F1 to      R7C20D.C1 dslot_heartbeat/N_52
CTOF_DEL    ---     0.495      R7C20D.C1 to      R7C20D.F1 dslot_heartbeat/SLICE_29
ROUTE         2     0.978      R7C20D.F1 to      R6C20A.A1 dslot_heartbeat/un1_hb_valid_edge_cnt15_i_16_i_a2_i_o3_1
CTOF_DEL    ---     0.495      R6C20A.A1 to      R6C20A.F1 dslot_heartbeat/SLICE_24
ROUTE         2     1.772      R6C20A.F1 to      R5C20A.B1 dslot_heartbeat/hb_valid_edge_cnt_6[0]
C1TOFCO_DE  ---     0.889      R5C20A.B1 to     R5C20A.FCO dslot_heartbeat/SLICE_0
ROUTE         1     0.000     R5C20A.FCO to     R5C20B.FCI dslot_heartbeat/hb_valid_edge_cnt_cry[0]
FCITOF0_DE  ---     0.585     R5C20B.FCI to      R5C20B.F0 dslot_heartbeat/SLICE_12
ROUTE         1     0.000      R5C20B.F0 to     R5C20B.DI0 dslot_heartbeat/hb_valid_edge_cnt_s[1] (to dslot_heartbeat.clk)
                  --------
                    8.225   (41.5% logic, 58.5% route), 6 logic levels.

 Clock Skew Details: 

      Source Clock Path dslot_heartbeat/OSCInst0 to dslot_heartbeat/SLICE_14:

   Name    Fanout   Delay (ns)          Site               Resource
ROUTE        14     3.977        OSC.OSC to     R6C19D.CLK dslot_heartbeat.clk
                  --------
                    3.977   (0.0% logic, 100.0% route), 0 logic levels.

      Destination Clock Path dslot_heartbeat/OSCInst0 to dslot_heartbeat/SLICE_12:

   Name    Fanout   Delay (ns)          Site               Resource
ROUTE        14     3.977        OSC.OSC to     R5C20B.CLK dslot_heartbeat.clk
                  --------
                    3.977   (0.0% logic, 100.0% route), 0 logic levels.


Passed: The following path meets requirements by 472.499ns

 Logical Details:  Cell type  Pin type       Cell/ASIC name  (clock net +/-)

   Source:         FF         Q              dslot_heartbeat/hb_since_edge_cnt[26]  (from dslot_heartbeat.clk +)
   Destination:    FF         Data in        dslot_heartbeat/hb_valid_edge_cnt[4]  (to dslot_heartbeat.clk +)

   Delay:               8.104ns  (44.8% logic, 55.2% route), 7 logic levels.

 Constraint Details:

      8.104ns physical path delay dslot_heartbeat/SLICE_14 to dslot_heartbeat/SLICE_11 meets
    480.769ns delay constraint less
      0.000ns skew and
      0.166ns DIN_SET requirement (totaling 480.603ns) by 472.499ns

 Physical Path Details:

      Data path dslot_heartbeat/SLICE_14 to dslot_heartbeat/SLICE_11:

   Name    Fanout   Delay (ns)          Site               Resource
REG_DEL     ---     0.452     R6C19D.CLK to      R6C19D.Q0 dslot_heartbeat/SLICE_14 (from dslot_heartbeat.clk)
ROUTE         4     1.619      R6C19D.Q0 to      R7C20B.C1 dslot_heartbeat/hb_since_edge_cnt[26]
CTOF_DEL    ---     0.495      R7C20B.C1 to      R7C20B.F1 dslot_heartbeat/SLICE_27
ROUTE         2     0.445      R7C20B.F1 to      R7C20B.C0 dslot_heartbeat/N_52
CTOF_DEL    ---     0.495      R7C20B.C0 to      R7C20B.F0 dslot_heartbeat/SLICE_27
ROUTE         2     0.637      R7C20B.F0 to      R6C20A.D1 dslot_heartbeat/un1_hb_valid_edge_cnt15_i_16_i_a2_i_o3_2
CTOF_DEL    ---     0.495      R6C20A.D1 to      R6C20A.F1 dslot_heartbeat/SLICE_24
ROUTE         2     1.772      R6C20A.F1 to      R5C20A.B1 dslot_heartbeat/hb_valid_edge_cnt_6[0]
C1TOFCO_DE  ---     0.889      R5C20A.B1 to     R5C20A.FCO dslot_heartbeat/SLICE_0
ROUTE         1     0.000     R5C20A.FCO to     R5C20B.FCI dslot_heartbeat/hb_valid_edge_cnt_cry[0]
FCITOFCO_D  ---     0.162     R5C20B.FCI to     R5C20B.FCO dslot_heartbeat/SLICE_12
ROUTE         1     0.000     R5C20B.FCO to     R5C20C.FCI dslot_heartbeat/hb_valid_edge_cnt_cry[2]
FCITOF1_DE  ---     0.643     R5C20C.FCI to      R5C20C.F1 dslot_heartbeat/SLICE_11
ROUTE         1     0.000      R5C20C.F1 to     R5C20C.DI1 dslot_heartbeat/hb_valid_edge_cnt_s[4] (to dslot_heartbeat.clk)
                  --------
                    8.104   (44.8% logic, 55.2% route), 7 logic levels.

 Clock Skew Details: 

      Source Clock Path dslot_heartbeat/OSCInst0 to dslot_heartbeat/SLICE_14:

   Name    Fanout   Delay (ns)          Site               Resource
ROUTE        14     3.977        OSC.OSC to     R6C19D.CLK dslot_heartbeat.clk
                  --------
                    3.977   (0.0% logic, 100.0% route), 0 logic levels.

      Destination Clock Path dslot_heartbeat/OSCInst0 to dslot_heartbeat/SLICE_11:

   Name    Fanout   Delay (ns)          Site               Resource
ROUTE        14     3.977        OSC.OSC to     R5C20C.CLK dslot_heartbeat.clk
                  --------
                    3.977   (0.0% logic, 100.0% route), 0 logic levels.


Passed: The following path meets requirements by 472.557ns

 Logical Details:  Cell type  Pin type       Cell/ASIC name  (clock net +/-)

   Source:         FF         Q              dslot_heartbeat/hb_since_edge_cnt[26]  (from dslot_heartbeat.clk +)
   Destination:    FF         Data in        dslot_heartbeat/hb_valid_edge_cnt[3]  (to dslot_heartbeat.clk +)

   Delay:               8.046ns  (44.4% logic, 55.6% route), 7 logic levels.

 Constraint Details:

      8.046ns physical path delay dslot_heartbeat/SLICE_14 to dslot_heartbeat/SLICE_11 meets
    480.769ns delay constraint less
      0.000ns skew and
      0.166ns DIN_SET requirement (totaling 480.603ns) by 472.557ns

 Physical Path Details:

      Data path dslot_heartbeat/SLICE_14 to dslot_heartbeat/SLICE_11:

   Name    Fanout   Delay (ns)          Site               Resource
REG_DEL     ---     0.452     R6C19D.CLK to      R6C19D.Q0 dslot_heartbeat/SLICE_14 (from dslot_heartbeat.clk)
ROUTE         4     1.619      R6C19D.Q0 to      R7C20B.C1 dslot_heartbeat/hb_since_edge_cnt[26]
CTOF_DEL    ---     0.495      R7C20B.C1 to      R7C20B.F1 dslot_heartbeat/SLICE_27
ROUTE         2     0.445      R7C20B.F1 to      R7C20B.C0 dslot_heartbeat/N_52
CTOF_DEL    ---     0.495      R7C20B.C0 to      R7C20B.F0 dslot_heartbeat/SLICE_27
ROUTE         2     0.637      R7C20B.F0 to      R6C20A.D1 dslot_heartbeat/un1_hb_valid_edge_cnt15_i_16_i_a2_i_o3_2
CTOF_DEL    ---     0.495      R6C20A.D1 to      R6C20A.F1 dslot_heartbeat/SLICE_24
ROUTE         2     1.772      R6C20A.F1 to      R5C20A.B1 dslot_heartbeat/hb_valid_edge_cnt_6[0]
C1TOFCO_DE  ---     0.889      R5C20A.B1 to     R5C20A.FCO dslot_heartbeat/SLICE_0
ROUTE         1     0.000     R5C20A.FCO to     R5C20B.FCI dslot_heartbeat/hb_valid_edge_cnt_cry[0]
FCITOFCO_D  ---     0.162     R5C20B.FCI to     R5C20B.FCO dslot_heartbeat/SLICE_12
ROUTE         1     0.000     R5C20B.FCO to     R5C20C.FCI dslot_heartbeat/hb_valid_edge_cnt_cry[2]
FCITOF0_DE  ---     0.585     R5C20C.FCI to      R5C20C.F0 dslot_heartbeat/SLICE_11
ROUTE         1     0.000      R5C20C.F0 to     R5C20C.DI0 dslot_heartbeat/hb_valid_edge_cnt_s[3] (to dslot_heartbeat.clk)
                  --------
                    8.046   (44.4% logic, 55.6% route), 7 logic levels.

 Clock Skew Details: 

      Source Clock Path dslot_heartbeat/OSCInst0 to dslot_heartbeat/SLICE_14:

   Name    Fanout   Delay (ns)          Site               Resource
ROUTE        14     3.977        OSC.OSC to     R6C19D.CLK dslot_heartbeat.clk
                  --------
                    3.977   (0.0% logic, 100.0% route), 0 logic levels.

      Destination Clock Path dslot_heartbeat/OSCInst0 to dslot_heartbeat/SLICE_11:

   Name    Fanout   Delay (ns)          Site               Resource
ROUTE        14     3.977        OSC.OSC to     R5C20C.CLK dslot_heartbeat.clk
                  --------
                    3.977   (0.0% logic, 100.0% route), 0 logic levels.


Passed: The following path meets requirements by 472.661ns

 Logical Details:  Cell type  Pin type       Cell/ASIC name  (clock net +/-)

   Source:         FF         Q              dslot_heartbeat/hb_since_edge_cnt[26]  (from dslot_heartbeat.clk +)
   Destination:    FF         Data in        dslot_heartbeat/hb_valid_edge_cnt[2]  (to dslot_heartbeat.clk +)

   Delay:               7.942ns  (43.7% logic, 56.3% route), 6 logic levels.

 Constraint Details:

      7.942ns physical path delay dslot_heartbeat/SLICE_14 to dslot_heartbeat/SLICE_12 meets
    480.769ns delay constraint less
      0.000ns skew and
      0.166ns DIN_SET requirement (totaling 480.603ns) by 472.661ns

 Physical Path Details:

      Data path dslot_heartbeat/SLICE_14 to dslot_heartbeat/SLICE_12:

   Name    Fanout   Delay (ns)          Site               Resource
REG_DEL     ---     0.452     R6C19D.CLK to      R6C19D.Q0 dslot_heartbeat/SLICE_14 (from dslot_heartbeat.clk)
ROUTE         4     1.619      R6C19D.Q0 to      R7C20B.C1 dslot_heartbeat/hb_since_edge_cnt[26]
CTOF_DEL    ---     0.495      R7C20B.C1 to      R7C20B.F1 dslot_heartbeat/SLICE_27
ROUTE         2     0.445      R7C20B.F1 to      R7C20B.C0 dslot_heartbeat/N_52
CTOF_DEL    ---     0.495      R7C20B.C0 to      R7C20B.F0 dslot_heartbeat/SLICE_27
ROUTE         2     0.637      R7C20B.F0 to      R6C20A.D1 dslot_heartbeat/un1_hb_valid_edge_cnt15_i_16_i_a2_i_o3_2
CTOF_DEL    ---     0.495      R6C20A.D1 to      R6C20A.F1 dslot_heartbeat/SLICE_24
ROUTE         2     1.772      R6C20A.F1 to      R5C20A.B1 dslot_heartbeat/hb_valid_edge_cnt_6[0]
C1TOFCO_DE  ---     0.889      R5C20A.B1 to     R5C20A.FCO dslot_heartbeat/SLICE_0
ROUTE         1     0.000     R5C20A.FCO to     R5C20B.FCI dslot_heartbeat/hb_valid_edge_cnt_cry[0]
FCITOF1_DE  ---     0.643     R5C20B.FCI to      R5C20B.F1 dslot_heartbeat/SLICE_12
ROUTE         1     0.000      R5C20B.F1 to     R5C20B.DI1 dslot_heartbeat/hb_valid_edge_cnt_s[2] (to dslot_heartbeat.clk)
                  --------
                    7.942   (43.7% logic, 56.3% route), 6 logic levels.

 Clock Skew Details: 

      Source Clock Path dslot_heartbeat/OSCInst0 to dslot_heartbeat/SLICE_14:

   Name    Fanout   Delay (ns)          Site               Resource
ROUTE        14     3.977        OSC.OSC to     R6C19D.CLK dslot_heartbeat.clk
                  --------
                    3.977   (0.0% logic, 100.0% route), 0 logic levels.

      Destination Clock Path dslot_heartbeat/OSCInst0 to dslot_heartbeat/SLICE_12:

   Name    Fanout   Delay (ns)          Site               Resource
ROUTE        14     3.977        OSC.OSC to     R5C20B.CLK dslot_heartbeat.clk
                  --------
                    3.977   (0.0% logic, 100.0% route), 0 logic levels.


Passed: The following path meets requirements by 472.684ns

 Logical Details:  Cell type  Pin type       Cell/ASIC name  (clock net +/-)

   Source:         FF         Q              dslot_heartbeat/hb_since_edge_cnt[27]  (from dslot_heartbeat.clk +)
   Destination:    FF         Data in        dslot_heartbeat/hb_valid_edge_cnt[4]  (to dslot_heartbeat.clk +)

   Delay:               7.919ns  (45.9% logic, 54.1% route), 7 logic levels.

 Constraint Details:

      7.919ns physical path delay dslot_heartbeat/SLICE_14 to dslot_heartbeat/SLICE_11 meets
    480.769ns delay constraint less
      0.000ns skew and
      0.166ns DIN_SET requirement (totaling 480.603ns) by 472.684ns

 Physical Path Details:

      Data path dslot_heartbeat/SLICE_14 to dslot_heartbeat/SLICE_11:

   Name    Fanout   Delay (ns)          Site               Resource
REG_DEL     ---     0.452     R6C19D.CLK to      R6C19D.Q1 dslot_heartbeat/SLICE_14 (from dslot_heartbeat.clk)
ROUTE         4     1.093      R6C19D.Q1 to      R7C20B.D1 dslot_heartbeat/hb_since_edge_cnt[27]
CTOF_DEL    ---     0.495      R7C20B.D1 to      R7C20B.F1 dslot_heartbeat/SLICE_27
ROUTE         2     0.445      R7C20B.F1 to      R7C20D.C1 dslot_heartbeat/N_52
CTOF_DEL    ---     0.495      R7C20D.C1 to      R7C20D.F1 dslot_heartbeat/SLICE_29
ROUTE         2     0.978      R7C20D.F1 to      R6C20A.A1 dslot_heartbeat/un1_hb_valid_edge_cnt15_i_16_i_a2_i_o3_1
CTOF_DEL    ---     0.495      R6C20A.A1 to      R6C20A.F1 dslot_heartbeat/SLICE_24
ROUTE         2     1.772      R6C20A.F1 to      R5C20A.B1 dslot_heartbeat/hb_valid_edge_cnt_6[0]
C1TOFCO_DE  ---     0.889      R5C20A.B1 to     R5C20A.FCO dslot_heartbeat/SLICE_0
ROUTE         1     0.000     R5C20A.FCO to     R5C20B.FCI dslot_heartbeat/hb_valid_edge_cnt_cry[0]
FCITOFCO_D  ---     0.162     R5C20B.FCI to     R5C20B.FCO dslot_heartbeat/SLICE_12
ROUTE         1     0.000     R5C20B.FCO to     R5C20C.FCI dslot_heartbeat/hb_valid_edge_cnt_cry[2]
FCITOF1_DE  ---     0.643     R5C20C.FCI to      R5C20C.F1 dslot_heartbeat/SLICE_11
ROUTE         1     0.000      R5C20C.F1 to     R5C20C.DI1 dslot_heartbeat/hb_valid_edge_cnt_s[4] (to dslot_heartbeat.clk)
                  --------
                    7.919   (45.9% logic, 54.1% route), 7 logic levels.

 Clock Skew Details: 

      Source Clock Path dslot_heartbeat/OSCInst0 to dslot_heartbeat/SLICE_14:

   Name    Fanout   Delay (ns)          Site               Resource
ROUTE        14     3.977        OSC.OSC to     R6C19D.CLK dslot_heartbeat.clk
                  --------
                    3.977   (0.0% logic, 100.0% route), 0 logic levels.

      Destination Clock Path dslot_heartbeat/OSCInst0 to dslot_heartbeat/SLICE_11:

   Name    Fanout   Delay (ns)          Site               Resource
ROUTE        14     3.977        OSC.OSC to     R5C20C.CLK dslot_heartbeat.clk
                  --------
                    3.977   (0.0% logic, 100.0% route), 0 logic levels.


Passed: The following path meets requirements by 472.719ns

 Logical Details:  Cell type  Pin type       Cell/ASIC name  (clock net +/-)

   Source:         FF         Q              dslot_heartbeat/hb_since_edge_cnt[26]  (from dslot_heartbeat.clk +)
   Destination:    FF         Data in        dslot_heartbeat/hb_valid_edge_cnt[1]  (to dslot_heartbeat.clk +)

   Delay:               7.884ns  (43.3% logic, 56.7% route), 6 logic levels.

 Constraint Details:

      7.884ns physical path delay dslot_heartbeat/SLICE_14 to dslot_heartbeat/SLICE_12 meets
    480.769ns delay constraint less
      0.000ns skew and
      0.166ns DIN_SET requirement (totaling 480.603ns) by 472.719ns

 Physical Path Details:

      Data path dslot_heartbeat/SLICE_14 to dslot_heartbeat/SLICE_12:

   Name    Fanout   Delay (ns)          Site               Resource
REG_DEL     ---     0.452     R6C19D.CLK to      R6C19D.Q0 dslot_heartbeat/SLICE_14 (from dslot_heartbeat.clk)
ROUTE         4     1.619      R6C19D.Q0 to      R7C20B.C1 dslot_heartbeat/hb_since_edge_cnt[26]
CTOF_DEL    ---     0.495      R7C20B.C1 to      R7C20B.F1 dslot_heartbeat/SLICE_27
ROUTE         2     0.445      R7C20B.F1 to      R7C20B.C0 dslot_heartbeat/N_52
CTOF_DEL    ---     0.495      R7C20B.C0 to      R7C20B.F0 dslot_heartbeat/SLICE_27
ROUTE         2     0.637      R7C20B.F0 to      R6C20A.D1 dslot_heartbeat/un1_hb_valid_edge_cnt15_i_16_i_a2_i_o3_2
CTOF_DEL    ---     0.495      R6C20A.D1 to      R6C20A.F1 dslot_heartbeat/SLICE_24
ROUTE         2     1.772      R6C20A.F1 to      R5C20A.B1 dslot_heartbeat/hb_valid_edge_cnt_6[0]
C1TOFCO_DE  ---     0.889      R5C20A.B1 to     R5C20A.FCO dslot_heartbeat/SLICE_0
ROUTE         1     0.000     R5C20A.FCO to     R5C20B.FCI dslot_heartbeat/hb_valid_edge_cnt_cry[0]
FCITOF0_DE  ---     0.585     R5C20B.FCI to      R5C20B.F0 dslot_heartbeat/SLICE_12
ROUTE         1     0.000      R5C20B.F0 to     R5C20B.DI0 dslot_heartbeat/hb_valid_edge_cnt_s[1] (to dslot_heartbeat.clk)
                  --------
                    7.884   (43.3% logic, 56.7% route), 6 logic levels.

 Clock Skew Details: 

      Source Clock Path dslot_heartbeat/OSCInst0 to dslot_heartbeat/SLICE_14:

   Name    Fanout   Delay (ns)          Site               Resource
ROUTE        14     3.977        OSC.OSC to     R6C19D.CLK dslot_heartbeat.clk
                  --------
                    3.977   (0.0% logic, 100.0% route), 0 logic levels.

      Destination Clock Path dslot_heartbeat/OSCInst0 to dslot_heartbeat/SLICE_12:

   Name    Fanout   Delay (ns)          Site               Resource
ROUTE        14     3.977        OSC.OSC to     R5C20B.CLK dslot_heartbeat.clk
                  --------
                    3.977   (0.0% logic, 100.0% route), 0 logic levels.


Passed: The following path meets requirements by 472.742ns

 Logical Details:  Cell type  Pin type       Cell/ASIC name  (clock net +/-)

   Source:         FF         Q              dslot_heartbeat/hb_since_edge_cnt[27]  (from dslot_heartbeat.clk +)
   Destination:    FF         Data in        dslot_heartbeat/hb_valid_edge_cnt[3]  (to dslot_heartbeat.clk +)

   Delay:               7.861ns  (45.5% logic, 54.5% route), 7 logic levels.

 Constraint Details:

      7.861ns physical path delay dslot_heartbeat/SLICE_14 to dslot_heartbeat/SLICE_11 meets
    480.769ns delay constraint less
      0.000ns skew and
      0.166ns DIN_SET requirement (totaling 480.603ns) by 472.742ns

 Physical Path Details:

      Data path dslot_heartbeat/SLICE_14 to dslot_heartbeat/SLICE_11:

   Name    Fanout   Delay (ns)          Site               Resource
REG_DEL     ---     0.452     R6C19D.CLK to      R6C19D.Q1 dslot_heartbeat/SLICE_14 (from dslot_heartbeat.clk)
ROUTE         4     1.093      R6C19D.Q1 to      R7C20B.D1 dslot_heartbeat/hb_since_edge_cnt[27]
CTOF_DEL    ---     0.495      R7C20B.D1 to      R7C20B.F1 dslot_heartbeat/SLICE_27
ROUTE         2     0.445      R7C20B.F1 to      R7C20D.C1 dslot_heartbeat/N_52
CTOF_DEL    ---     0.495      R7C20D.C1 to      R7C20D.F1 dslot_heartbeat/SLICE_29
ROUTE         2     0.978      R7C20D.F1 to      R6C20A.A1 dslot_heartbeat/un1_hb_valid_edge_cnt15_i_16_i_a2_i_o3_1
CTOF_DEL    ---     0.495      R6C20A.A1 to      R6C20A.F1 dslot_heartbeat/SLICE_24
ROUTE         2     1.772      R6C20A.F1 to      R5C20A.B1 dslot_heartbeat/hb_valid_edge_cnt_6[0]
C1TOFCO_DE  ---     0.889      R5C20A.B1 to     R5C20A.FCO dslot_heartbeat/SLICE_0
ROUTE         1     0.000     R5C20A.FCO to     R5C20B.FCI dslot_heartbeat/hb_valid_edge_cnt_cry[0]
FCITOFCO_D  ---     0.162     R5C20B.FCI to     R5C20B.FCO dslot_heartbeat/SLICE_12
ROUTE         1     0.000     R5C20B.FCO to     R5C20C.FCI dslot_heartbeat/hb_valid_edge_cnt_cry[2]
FCITOF0_DE  ---     0.585     R5C20C.FCI to      R5C20C.F0 dslot_heartbeat/SLICE_11
ROUTE         1     0.000      R5C20C.F0 to     R5C20C.DI0 dslot_heartbeat/hb_valid_edge_cnt_s[3] (to dslot_heartbeat.clk)
                  --------
                    7.861   (45.5% logic, 54.5% route), 7 logic levels.

 Clock Skew Details: 

      Source Clock Path dslot_heartbeat/OSCInst0 to dslot_heartbeat/SLICE_14:

   Name    Fanout   Delay (ns)          Site               Resource
ROUTE        14     3.977        OSC.OSC to     R6C19D.CLK dslot_heartbeat.clk
                  --------
                    3.977   (0.0% logic, 100.0% route), 0 logic levels.

      Destination Clock Path dslot_heartbeat/OSCInst0 to dslot_heartbeat/SLICE_11:

   Name    Fanout   Delay (ns)          Site               Resource
ROUTE        14     3.977        OSC.OSC to     R5C20C.CLK dslot_heartbeat.clk
                  --------
                    3.977   (0.0% logic, 100.0% route), 0 logic levels.

Report:  116.131MHz is the maximum frequency for this preference.

Report Summary
--------------
----------------------------------------------------------------------------
Preference                              |   Constraint|       Actual|Levels
----------------------------------------------------------------------------
                                        |             |             |
FREQUENCY NET "dslot_heartbeat.clk"     |             |             |
2.080000 MHz ;                          |    2.080 MHz|  116.131 MHz|   7  
                                        |             |             |
----------------------------------------------------------------------------


All preferences were met.


Clock Domains Analysis
------------------------

Found 1 clocks:

Clock Domain: dslot_heartbeat.clk   Source: dslot_heartbeat/OSCInst0.OSC   Loads: 14
   Covered under: FREQUENCY NET "dslot_heartbeat.clk" 2.080000 MHz ;


Timing summary (Setup):
---------------

Timing errors: 0  Score: 0
Cumulative negative slack: 0

Constraints cover 1032 paths, 1 nets, and 240 connections (79.73% coverage)

--------------------------------------------------------------------------------
Lattice TRACE Report - Hold, Version Diamond (64-bit) 3.13.0.56.2
Wed Jun 24 14:46:09 2026

Copyright (c) 1991-1994 by NeoCAD Inc. All rights reserved.
Copyright (c) 1995 AT&T Corp.   All rights reserved.
Copyright (c) 1995-2001 Lucent Technologies Inc.  All rights reserved.
Copyright (c) 2001 Agere Systems   All rights reserved.
Copyright (c) 2002-2023 Lattice Semiconductor Corporation,  All rights reserved.

Report Information
------------------
Command line:    trce -v 10 -gt -sethld -sp 4 -sphld m -o uz_d_slots_tx30.twr uz_d_slots_tx30.ncd uz_d_slots_tx30.prf 
Design file:     uz_d_slots_tx30.ncd
Preference file: uz_d_slots_tx30.prf
Device,speed:    LCMXO2-2000HC,m
Report level:    verbose report, limited to 10 items per preference
--------------------------------------------------------------------------------

BLOCK ASYNCPATHS
BLOCK RESETPATHS
--------------------------------------------------------------------------------



================================================================================
Preference: FREQUENCY NET "dslot_heartbeat.clk" 2.080000 MHz ;
            1032 items scored, 0 timing errors detected.
--------------------------------------------------------------------------------


Passed: The following path meets requirements by 0.320ns

 Logical Details:  Cell type  Pin type       Cell/ASIC name  (clock net +/-)

   Source:         FF         Q              dslot_heartbeat/reqsafe_sync  (from dslot_heartbeat.clk +)
   Destination:    FF         Data in        dslot_heartbeat/reqsafe_last  (to dslot_heartbeat.clk +)

   Delay:               0.301ns  (44.2% logic, 55.8% route), 1 logic levels.

 Constraint Details:

      0.301ns physical path delay dslot_heartbeat/SLICE_21 to dslot_heartbeat/SLICE_21 meets
     -0.019ns M_HLD and
      0.000ns delay constraint less
      0.000ns skew requirement (totaling -0.019ns) by 0.320ns

 Physical Path Details:

      Data path dslot_heartbeat/SLICE_21 to dslot_heartbeat/SLICE_21:

   Name    Fanout   Delay (ns)          Site               Resource
REG_DEL     ---     0.133     R5C19C.CLK to      R5C19C.Q0 dslot_heartbeat/SLICE_21 (from dslot_heartbeat.clk)
ROUTE         9     0.168      R5C19C.Q0 to      R5C19C.M1 dslot_heartbeat/reqsafe_sync (to dslot_heartbeat.clk)
                  --------
                    0.301   (44.2% logic, 55.8% route), 1 logic levels.

 Clock Skew Details: 

      Source Clock Path dslot_heartbeat/OSCInst0 to dslot_heartbeat/SLICE_21:

   Name    Fanout   Delay (ns)          Site               Resource
ROUTE        14     1.416        OSC.OSC to     R5C19C.CLK dslot_heartbeat.clk
                  --------
                    1.416   (0.0% logic, 100.0% route), 0 logic levels.

      Destination Clock Path dslot_heartbeat/OSCInst0 to dslot_heartbeat/SLICE_21:

   Name    Fanout   Delay (ns)          Site               Resource
ROUTE        14     1.416        OSC.OSC to     R5C19C.CLK dslot_heartbeat.clk
                  --------
                    1.416   (0.0% logic, 100.0% route), 0 logic levels.


Passed: The following path meets requirements by 0.379ns

 Logical Details:  Cell type  Pin type       Cell/ASIC name  (clock net +/-)

   Source:         FF         Q              dslot_heartbeat/hb_valid_edge_cnt[2]  (from dslot_heartbeat.clk +)
   Destination:    FF         Data in        dslot_heartbeat/hb_valid_edge_cnt[2]  (to dslot_heartbeat.clk +)

   Delay:               0.366ns  (63.9% logic, 36.1% route), 2 logic levels.

 Constraint Details:

      0.366ns physical path delay dslot_heartbeat/SLICE_12 to dslot_heartbeat/SLICE_12 meets
     -0.013ns DIN_HLD and
      0.000ns delay constraint less
      0.000ns skew requirement (totaling -0.013ns) by 0.379ns

 Physical Path Details:

      Data path dslot_heartbeat/SLICE_12 to dslot_heartbeat/SLICE_12:

   Name    Fanout   Delay (ns)          Site               Resource
REG_DEL     ---     0.133     R5C20B.CLK to      R5C20B.Q1 dslot_heartbeat/SLICE_12 (from dslot_heartbeat.clk)
ROUTE         2     0.132      R5C20B.Q1 to      R5C20B.A1 dslot_heartbeat/hb_valid_edge_cnt[2]
CTOF_DEL    ---     0.101      R5C20B.A1 to      R5C20B.F1 dslot_heartbeat/SLICE_12
ROUTE         1     0.000      R5C20B.F1 to     R5C20B.DI1 dslot_heartbeat/hb_valid_edge_cnt_s[2] (to dslot_heartbeat.clk)
                  --------
                    0.366   (63.9% logic, 36.1% route), 2 logic levels.

 Clock Skew Details: 

      Source Clock Path dslot_heartbeat/OSCInst0 to dslot_heartbeat/SLICE_12:

   Name    Fanout   Delay (ns)          Site               Resource
ROUTE        14     1.416        OSC.OSC to     R5C20B.CLK dslot_heartbeat.clk
                  --------
                    1.416   (0.0% logic, 100.0% route), 0 logic levels.

      Destination Clock Path dslot_heartbeat/OSCInst0 to dslot_heartbeat/SLICE_12:

   Name    Fanout   Delay (ns)          Site               Resource
ROUTE        14     1.416        OSC.OSC to     R5C20B.CLK dslot_heartbeat.clk
                  --------
                    1.416   (0.0% logic, 100.0% route), 0 logic levels.


Passed: The following path meets requirements by 0.379ns

 Logical Details:  Cell type  Pin type       Cell/ASIC name  (clock net +/-)

   Source:         FF         Q              dslot_heartbeat/hb_valid_edge_cnt[1]  (from dslot_heartbeat.clk +)
   Destination:    FF         Data in        dslot_heartbeat/hb_valid_edge_cnt[1]  (to dslot_heartbeat.clk +)

   Delay:               0.366ns  (63.9% logic, 36.1% route), 2 logic levels.

 Constraint Details:

      0.366ns physical path delay dslot_heartbeat/SLICE_12 to dslot_heartbeat/SLICE_12 meets
     -0.013ns DIN_HLD and
      0.000ns delay constraint less
      0.000ns skew requirement (totaling -0.013ns) by 0.379ns

 Physical Path Details:

      Data path dslot_heartbeat/SLICE_12 to dslot_heartbeat/SLICE_12:

   Name    Fanout   Delay (ns)          Site               Resource
REG_DEL     ---     0.133     R5C20B.CLK to      R5C20B.Q0 dslot_heartbeat/SLICE_12 (from dslot_heartbeat.clk)
ROUTE         2     0.132      R5C20B.Q0 to      R5C20B.A0 dslot_heartbeat/hb_valid_edge_cnt[1]
CTOF_DEL    ---     0.101      R5C20B.A0 to      R5C20B.F0 dslot_heartbeat/SLICE_12
ROUTE         1     0.000      R5C20B.F0 to     R5C20B.DI0 dslot_heartbeat/hb_valid_edge_cnt_s[1] (to dslot_heartbeat.clk)
                  --------
                    0.366   (63.9% logic, 36.1% route), 2 logic levels.

 Clock Skew Details: 

      Source Clock Path dslot_heartbeat/OSCInst0 to dslot_heartbeat/SLICE_12:

   Name    Fanout   Delay (ns)          Site               Resource
ROUTE        14     1.416        OSC.OSC to     R5C20B.CLK dslot_heartbeat.clk
                  --------
                    1.416   (0.0% logic, 100.0% route), 0 logic levels.

      Destination Clock Path dslot_heartbeat/OSCInst0 to dslot_heartbeat/SLICE_12:

   Name    Fanout   Delay (ns)          Site               Resource
ROUTE        14     1.416        OSC.OSC to     R5C20B.CLK dslot_heartbeat.clk
                  --------
                    1.416   (0.0% logic, 100.0% route), 0 logic levels.


Passed: The following path meets requirements by 0.385ns

 Logical Details:  Cell type  Pin type       Cell/ASIC name  (clock net +/-)

   Source:         FF         Q              dslot_heartbeat/hb_valid_edge_cnt[0]  (from dslot_heartbeat.clk +)
   Destination:    FF         Data in        dslot_heartbeat/hb_valid_edge_cnt[0]  (to dslot_heartbeat.clk +)

   Delay:               0.372ns  (62.9% logic, 37.1% route), 2 logic levels.

 Constraint Details:

      0.372ns physical path delay dslot_heartbeat/SLICE_0 to dslot_heartbeat/SLICE_0 meets
     -0.013ns DIN_HLD and
      0.000ns delay constraint less
      0.000ns skew requirement (totaling -0.013ns) by 0.385ns

 Physical Path Details:

      Data path dslot_heartbeat/SLICE_0 to dslot_heartbeat/SLICE_0:

   Name    Fanout   Delay (ns)          Site               Resource
REG_DEL     ---     0.133     R5C20A.CLK to      R5C20A.Q1 dslot_heartbeat/SLICE_0 (from dslot_heartbeat.clk)
ROUTE         2     0.138      R5C20A.Q1 to      R5C20A.C1 dslot_heartbeat/hb_valid_edge_cnt[0]
CTOF_DEL    ---     0.101      R5C20A.C1 to      R5C20A.F1 dslot_heartbeat/SLICE_0
ROUTE         1     0.000      R5C20A.F1 to     R5C20A.DI1 dslot_heartbeat/hb_valid_edge_cnt_s[0] (to dslot_heartbeat.clk)
                  --------
                    0.372   (62.9% logic, 37.1% route), 2 logic levels.

 Clock Skew Details: 

      Source Clock Path dslot_heartbeat/OSCInst0 to dslot_heartbeat/SLICE_0:

   Name    Fanout   Delay (ns)          Site               Resource
ROUTE        14     1.416        OSC.OSC to     R5C20A.CLK dslot_heartbeat.clk
                  --------
                    1.416   (0.0% logic, 100.0% route), 0 logic levels.

      Destination Clock Path dslot_heartbeat/OSCInst0 to dslot_heartbeat/SLICE_0:

   Name    Fanout   Delay (ns)          Site               Resource
ROUTE        14     1.416        OSC.OSC to     R5C20A.CLK dslot_heartbeat.clk
                  --------
                    1.416   (0.0% logic, 100.0% route), 0 logic levels.


Passed: The following path meets requirements by 0.388ns

 Logical Details:  Cell type  Pin type       Cell/ASIC name  (clock net +/-)

   Source:         FF         Q              dslot_heartbeat/reqsafe_last  (from dslot_heartbeat.clk +)
   Destination:    FF         Data in        dslot_heartbeat/hb_timeout_cnt[7]  (to dslot_heartbeat.clk +)

   Delay:               0.375ns  (62.4% logic, 37.6% route), 2 logic levels.

 Constraint Details:

      0.375ns physical path delay dslot_heartbeat/SLICE_21 to dslot_heartbeat/SLICE_19 meets
     -0.013ns DIN_HLD and
      0.000ns delay constraint less
      0.000ns skew requirement (totaling -0.013ns) by 0.388ns

 Physical Path Details:

      Data path dslot_heartbeat/SLICE_21 to dslot_heartbeat/SLICE_19:

   Name    Fanout   Delay (ns)          Site               Resource
REG_DEL     ---     0.133     R5C19C.CLK to      R5C19C.Q1 dslot_heartbeat/SLICE_21 (from dslot_heartbeat.clk)
ROUTE         8     0.141      R5C19C.Q1 to      R5C19D.D1 dslot_heartbeat/reqsafe_last
CTOF_DEL    ---     0.101      R5C19D.D1 to      R5C19D.F1 dslot_heartbeat/SLICE_19
ROUTE         1     0.000      R5C19D.F1 to     R5C19D.DI1 dslot_heartbeat/hb_timeout_cnt_RNO[7] (to dslot_heartbeat.clk)
                  --------
                    0.375   (62.4% logic, 37.6% route), 2 logic levels.

 Clock Skew Details: 

      Source Clock Path dslot_heartbeat/OSCInst0 to dslot_heartbeat/SLICE_21:

   Name    Fanout   Delay (ns)          Site               Resource
ROUTE        14     1.416        OSC.OSC to     R5C19C.CLK dslot_heartbeat.clk
                  --------
                    1.416   (0.0% logic, 100.0% route), 0 logic levels.

      Destination Clock Path dslot_heartbeat/OSCInst0 to dslot_heartbeat/SLICE_19:

   Name    Fanout   Delay (ns)          Site               Resource
ROUTE        14     1.416        OSC.OSC to     R5C19D.CLK dslot_heartbeat.clk
                  --------
                    1.416   (0.0% logic, 100.0% route), 0 logic levels.


Passed: The following path meets requirements by 0.388ns

 Logical Details:  Cell type  Pin type       Cell/ASIC name  (clock net +/-)

   Source:         FF         Q              dslot_heartbeat/reqsafe_last  (from dslot_heartbeat.clk +)
   Destination:    FF         Data in        dslot_heartbeat/hb_timeout_cnt[1]  (to dslot_heartbeat.clk +)

   Delay:               0.375ns  (62.4% logic, 37.6% route), 2 logic levels.

 Constraint Details:

      0.375ns physical path delay dslot_heartbeat/SLICE_21 to dslot_heartbeat/SLICE_16 meets
     -0.013ns DIN_HLD and
      0.000ns delay constraint less
      0.000ns skew requirement (totaling -0.013ns) by 0.388ns

 Physical Path Details:

      Data path dslot_heartbeat/SLICE_21 to dslot_heartbeat/SLICE_16:

   Name    Fanout   Delay (ns)          Site               Resource
REG_DEL     ---     0.133     R5C19C.CLK to      R5C19C.Q1 dslot_heartbeat/SLICE_21 (from dslot_heartbeat.clk)
ROUTE         8     0.141      R5C19C.Q1 to      R5C19B.D1 dslot_heartbeat/reqsafe_last
CTOF_DEL    ---     0.101      R5C19B.D1 to      R5C19B.F1 dslot_heartbeat/SLICE_16
ROUTE         1     0.000      R5C19B.F1 to     R5C19B.DI1 dslot_heartbeat/hb_timeout_cnt_RNO[1] (to dslot_heartbeat.clk)
                  --------
                    0.375   (62.4% logic, 37.6% route), 2 logic levels.

 Clock Skew Details: 

      Source Clock Path dslot_heartbeat/OSCInst0 to dslot_heartbeat/SLICE_21:

   Name    Fanout   Delay (ns)          Site               Resource
ROUTE        14     1.416        OSC.OSC to     R5C19C.CLK dslot_heartbeat.clk
                  --------
                    1.416   (0.0% logic, 100.0% route), 0 logic levels.

      Destination Clock Path dslot_heartbeat/OSCInst0 to dslot_heartbeat/SLICE_16:

   Name    Fanout   Delay (ns)          Site               Resource
ROUTE        14     1.416        OSC.OSC to     R5C19B.CLK dslot_heartbeat.clk
                  --------
                    1.416   (0.0% logic, 100.0% route), 0 logic levels.


Passed: The following path meets requirements by 0.390ns

 Logical Details:  Cell type  Pin type       Cell/ASIC name  (clock net +/-)

   Source:         FF         Q              dslot_heartbeat/hb_timeout_cnt[0]  (from dslot_heartbeat.clk +)
   Destination:    FF         Data in        dslot_heartbeat/hb_timeout_cnt[0]  (to dslot_heartbeat.clk +)

   Delay:               0.377ns  (62.1% logic, 37.9% route), 2 logic levels.

 Constraint Details:

      0.377ns physical path delay dslot_heartbeat/SLICE_16 to dslot_heartbeat/SLICE_16 meets
     -0.013ns DIN_HLD and
      0.000ns delay constraint less
      0.000ns skew requirement (totaling -0.013ns) by 0.390ns

 Physical Path Details:

      Data path dslot_heartbeat/SLICE_16 to dslot_heartbeat/SLICE_16:

   Name    Fanout   Delay (ns)          Site               Resource
REG_DEL     ---     0.133     R5C19B.CLK to      R5C19B.Q0 dslot_heartbeat/SLICE_16 (from dslot_heartbeat.clk)
ROUTE         3     0.143      R5C19B.Q0 to      R5C19B.C0 dslot_heartbeat/hb_timeout_cnt[0]
CTOF_DEL    ---     0.101      R5C19B.C0 to      R5C19B.F0 dslot_heartbeat/SLICE_16
ROUTE         1     0.000      R5C19B.F0 to     R5C19B.DI0 dslot_heartbeat/hb_timeout_cnt_RNO[0] (to dslot_heartbeat.clk)
                  --------
                    0.377   (62.1% logic, 37.9% route), 2 logic levels.

 Clock Skew Details: 

      Source Clock Path dslot_heartbeat/OSCInst0 to dslot_heartbeat/SLICE_16:

   Name    Fanout   Delay (ns)          Site               Resource
ROUTE        14     1.416        OSC.OSC to     R5C19B.CLK dslot_heartbeat.clk
                  --------
                    1.416   (0.0% logic, 100.0% route), 0 logic levels.

      Destination Clock Path dslot_heartbeat/OSCInst0 to dslot_heartbeat/SLICE_16:

   Name    Fanout   Delay (ns)          Site               Resource
ROUTE        14     1.416        OSC.OSC to     R5C19B.CLK dslot_heartbeat.clk
                  --------
                    1.416   (0.0% logic, 100.0% route), 0 logic levels.


Passed: The following path meets requirements by 0.397ns

 Logical Details:  Cell type  Pin type       Cell/ASIC name  (clock net +/-)

   Source:         FF         Q              dslot_heartbeat/local_safe_request  (from dslot_heartbeat.clk +)
   Destination:    FF         Data in        dslot_heartbeat/local_safe_request  (to dslot_heartbeat.clk +)

   Delay:               0.384ns  (59.4% logic, 40.6% route), 2 logic levels.

 Constraint Details:

      0.384ns physical path delay dslot_heartbeat/SLICE_23 to dslot_heartbeat/SLICE_23 meets
     -0.013ns DIN_HLD and
      0.000ns delay constraint less
      0.000ns skew requirement (totaling -0.013ns) by 0.397ns

 Physical Path Details:

      Data path dslot_heartbeat/SLICE_23 to dslot_heartbeat/SLICE_23:

   Name    Fanout   Delay (ns)          Site               Resource
REG_DEL     ---     0.133     R6C20D.CLK to      R6C20D.Q0 dslot_heartbeat/SLICE_23 (from dslot_heartbeat.clk)
ROUTE        32     0.156      R6C20D.Q0 to      R6C20D.M0 safe_state_request
MTOOFX_DEL  ---     0.095      R6C20D.M0 to    R6C20D.OFX0 dslot_heartbeat/SLICE_23
ROUTE         1     0.000    R6C20D.OFX0 to     R6C20D.DI0 dslot_heartbeat/local_safe_request_r (to dslot_heartbeat.clk)
                  --------
                    0.384   (59.4% logic, 40.6% route), 2 logic levels.

 Clock Skew Details: 

      Source Clock Path dslot_heartbeat/OSCInst0 to dslot_heartbeat/SLICE_23:

   Name    Fanout   Delay (ns)          Site               Resource
ROUTE        14     1.416        OSC.OSC to     R6C20D.CLK dslot_heartbeat.clk
                  --------
                    1.416   (0.0% logic, 100.0% route), 0 logic levels.

      Destination Clock Path dslot_heartbeat/OSCInst0 to dslot_heartbeat/SLICE_23:

   Name    Fanout   Delay (ns)          Site               Resource
ROUTE        14     1.416        OSC.OSC to     R6C20D.CLK dslot_heartbeat.clk
                  --------
                    1.416   (0.0% logic, 100.0% route), 0 logic levels.


Passed: The following path meets requirements by 0.471ns

 Logical Details:  Cell type  Pin type       Cell/ASIC name  (clock net +/-)

   Source:         FF         Q              dslot_heartbeat/hb_valid_edge_cnt[3]  (from dslot_heartbeat.clk +)
   Destination:    FF         Data in        dslot_heartbeat/hb_valid_edge_cnt[3]  (to dslot_heartbeat.clk +)

   Delay:               0.458ns  (51.1% logic, 48.9% route), 2 logic levels.

 Constraint Details:

      0.458ns physical path delay dslot_heartbeat/SLICE_11 to dslot_heartbeat/SLICE_11 meets
     -0.013ns DIN_HLD and
      0.000ns delay constraint less
      0.000ns skew requirement (totaling -0.013ns) by 0.471ns

 Physical Path Details:

      Data path dslot_heartbeat/SLICE_11 to dslot_heartbeat/SLICE_11:

   Name    Fanout   Delay (ns)          Site               Resource
REG_DEL     ---     0.133     R5C20C.CLK to      R5C20C.Q0 dslot_heartbeat/SLICE_11 (from dslot_heartbeat.clk)
ROUTE         2     0.224      R5C20C.Q0 to      R5C20C.B0 dslot_heartbeat/hb_valid_edge_cnt[3]
CTOF_DEL    ---     0.101      R5C20C.B0 to      R5C20C.F0 dslot_heartbeat/SLICE_11
ROUTE         1     0.000      R5C20C.F0 to     R5C20C.DI0 dslot_heartbeat/hb_valid_edge_cnt_s[3] (to dslot_heartbeat.clk)
                  --------
                    0.458   (51.1% logic, 48.9% route), 2 logic levels.

 Clock Skew Details: 

      Source Clock Path dslot_heartbeat/OSCInst0 to dslot_heartbeat/SLICE_11:

   Name    Fanout   Delay (ns)          Site               Resource
ROUTE        14     1.416        OSC.OSC to     R5C20C.CLK dslot_heartbeat.clk
                  --------
                    1.416   (0.0% logic, 100.0% route), 0 logic levels.

      Destination Clock Path dslot_heartbeat/OSCInst0 to dslot_heartbeat/SLICE_11:

   Name    Fanout   Delay (ns)          Site               Resource
ROUTE        14     1.416        OSC.OSC to     R5C20C.CLK dslot_heartbeat.clk
                  --------
                    1.416   (0.0% logic, 100.0% route), 0 logic levels.


Passed: The following path meets requirements by 0.472ns

 Logical Details:  Cell type  Pin type       Cell/ASIC name  (clock net +/-)

   Source:         FF         Q              dslot_heartbeat/reqsafe_last  (from dslot_heartbeat.clk +)
   Destination:    FF         Data in        dslot_heartbeat/hb_timeout_cnt[6]  (to dslot_heartbeat.clk +)

   Delay:               0.459ns  (51.0% logic, 49.0% route), 2 logic levels.

 Constraint Details:

      0.459ns physical path delay dslot_heartbeat/SLICE_21 to dslot_heartbeat/SLICE_19 meets
     -0.013ns DIN_HLD and
      0.000ns delay constraint less
      0.000ns skew requirement (totaling -0.013ns) by 0.472ns

 Physical Path Details:

      Data path dslot_heartbeat/SLICE_21 to dslot_heartbeat/SLICE_19:

   Name    Fanout   Delay (ns)          Site               Resource
REG_DEL     ---     0.133     R5C19C.CLK to      R5C19C.Q1 dslot_heartbeat/SLICE_21 (from dslot_heartbeat.clk)
ROUTE         8     0.225      R5C19C.Q1 to      R5C19D.B0 dslot_heartbeat/reqsafe_last
CTOF_DEL    ---     0.101      R5C19D.B0 to      R5C19D.F0 dslot_heartbeat/SLICE_19
ROUTE         1     0.000      R5C19D.F0 to     R5C19D.DI0 dslot_heartbeat/hb_timeout_cnt_RNO[6] (to dslot_heartbeat.clk)
                  --------
                    0.459   (51.0% logic, 49.0% route), 2 logic levels.

 Clock Skew Details: 

      Source Clock Path dslot_heartbeat/OSCInst0 to dslot_heartbeat/SLICE_21:

   Name    Fanout   Delay (ns)          Site               Resource
ROUTE        14     1.416        OSC.OSC to     R5C19C.CLK dslot_heartbeat.clk
                  --------
                    1.416   (0.0% logic, 100.0% route), 0 logic levels.

      Destination Clock Path dslot_heartbeat/OSCInst0 to dslot_heartbeat/SLICE_19:

   Name    Fanout   Delay (ns)          Site               Resource
ROUTE        14     1.416        OSC.OSC to     R5C19D.CLK dslot_heartbeat.clk
                  --------
                    1.416   (0.0% logic, 100.0% route), 0 logic levels.

Report Summary
--------------
----------------------------------------------------------------------------
Preference(MIN Delays)                  |   Constraint|       Actual|Levels
----------------------------------------------------------------------------
                                        |             |             |
FREQUENCY NET "dslot_heartbeat.clk"     |             |             |
2.080000 MHz ;                          |     0.000 ns|     0.320 ns|   1  
                                        |             |             |
----------------------------------------------------------------------------


All preferences were met.


Clock Domains Analysis
------------------------

Found 1 clocks:

Clock Domain: dslot_heartbeat.clk   Source: dslot_heartbeat/OSCInst0.OSC   Loads: 14
   Covered under: FREQUENCY NET "dslot_heartbeat.clk" 2.080000 MHz ;


Timing summary (Hold):
---------------

Timing errors: 0  Score: 0
Cumulative negative slack: 0

Constraints cover 1032 paths, 1 nets, and 240 connections (79.73% coverage)



Timing summary (Setup and Hold):
---------------

Timing errors: 0 (setup), 0 (hold)
Score: 0 (setup), 0 (hold)
Cumulative negative slack: 0 (0+0)
--------------------------------------------------------------------------------

--------------------------------------------------------------------------------

