--------------------------------------------------------------------------------
Lattice Synthesis Timing Report, Version  
Wed Oct 23 15:30:16 2024

Copyright (c) 1991-1994 by NeoCAD Inc. All rights reserved.
Copyright (c) 1995 AT&T Corp.   All rights reserved.
Copyright (c) 1995-2001 Lucent Technologies Inc.  All rights reserved.
Copyright (c) 2001 Agere Systems   All rights reserved.
Copyright (c) 2002-2023 Lattice Semiconductor Corporation,  All rights reserved.

Report Information
------------------
Design:     ButtonDebounce
Constraint file:  
Report level:    verbose report, limited to 3 items per constraint
--------------------------------------------------------------------------------



================================================================================
Constraint: create_clock -period 5.000000 -name clk0 [get_nets clk]
            1305 items scored, 1305 timing errors detected.
--------------------------------------------------------------------------------


Error:  The following path violates requirements by 4.337ns

 Logical Details:  Cell type  Pin type       Cell name  (clock net +/-)

   Source:         FD1P3IX    CK             counter__i6  (from clk +)
   Destination:    FD1P3IX    SP             counter__i3  (to clk +)

   Delay:                   9.052ns  (45.2% logic, 54.8% route), 15 logic levels.

 Constraint Details:

      9.052ns data_path counter__i6 to counter__i3 violates
      5.000ns delay constraint less
      0.285ns LCE_S requirement (totaling 4.715ns) by 4.337ns

 Path Details: counter__i6 to counter__i3

   Name    Fanout   Delay (ns)          Pins               Resource(Cell.Net)
L_CO        ---     0.444             CK to Q              counter__i6 (from clk)
Route         2   e 1.198                                  counter[6]
A1_TO_FCO   ---     0.827           B[2] to COUT           add_214_2
Route         1   e 0.020                                  n676
FCI_TO_FCO  ---     0.157            CIN to COUT           add_214_4
Route         1   e 0.020                                  n677
FCI_TO_FCO  ---     0.157            CIN to COUT           add_214_6
Route         1   e 0.020                                  n678
FCI_TO_FCO  ---     0.157            CIN to COUT           add_214_8
Route         1   e 0.020                                  n679
FCI_TO_FCO  ---     0.157            CIN to COUT           add_214_10
Route         1   e 0.020                                  n680
FCI_TO_FCO  ---     0.157            CIN to COUT           add_214_12
Route         1   e 0.020                                  n681
FCI_TO_FCO  ---     0.157            CIN to COUT           add_214_14
Route         1   e 0.020                                  n682
FCI_TO_FCO  ---     0.157            CIN to COUT           add_214_16
Route         1   e 0.020                                  n683
FCI_TO_FCO  ---     0.157            CIN to COUT           add_214_18
Route         1   e 0.020                                  n684
FCI_TO_FCO  ---     0.157            CIN to COUT           add_214_20
Route         1   e 0.020                                  n685
FCI_TO_FCO  ---     0.157            CIN to COUT           add_214_22
Route         1   e 0.020                                  n686
FCI_TO_FCO  ---     0.157            CIN to COUT           add_214_24
Route         1   e 0.020                                  n687
FCI_TO_F    ---     0.598            CIN to S[2]           add_214_26
Route         2   e 1.486                                  n479
LUT4        ---     0.493              C to Z              i121_2_lut_3_lut
Route        32   e 2.039                                  clk_enable_36
                  --------
                    9.052  (45.2% logic, 54.8% route), 15 logic levels.


Error:  The following path violates requirements by 4.337ns

 Logical Details:  Cell type  Pin type       Cell name  (clock net +/-)

   Source:         FD1P3IX    CK             counter__i6  (from clk +)
   Destination:    FD1P3IX    SP             counter__i4  (to clk +)

   Delay:                   9.052ns  (45.2% logic, 54.8% route), 15 logic levels.

 Constraint Details:

      9.052ns data_path counter__i6 to counter__i4 violates
      5.000ns delay constraint less
      0.285ns LCE_S requirement (totaling 4.715ns) by 4.337ns

 Path Details: counter__i6 to counter__i4

   Name    Fanout   Delay (ns)          Pins               Resource(Cell.Net)
L_CO        ---     0.444             CK to Q              counter__i6 (from clk)
Route         2   e 1.198                                  counter[6]
A1_TO_FCO   ---     0.827           B[2] to COUT           add_214_2
Route         1   e 0.020                                  n676
FCI_TO_FCO  ---     0.157            CIN to COUT           add_214_4
Route         1   e 0.020                                  n677
FCI_TO_FCO  ---     0.157            CIN to COUT           add_214_6
Route         1   e 0.020                                  n678
FCI_TO_FCO  ---     0.157            CIN to COUT           add_214_8
Route         1   e 0.020                                  n679
FCI_TO_FCO  ---     0.157            CIN to COUT           add_214_10
Route         1   e 0.020                                  n680
FCI_TO_FCO  ---     0.157            CIN to COUT           add_214_12
Route         1   e 0.020                                  n681
FCI_TO_FCO  ---     0.157            CIN to COUT           add_214_14
Route         1   e 0.020                                  n682
FCI_TO_FCO  ---     0.157            CIN to COUT           add_214_16
Route         1   e 0.020                                  n683
FCI_TO_FCO  ---     0.157            CIN to COUT           add_214_18
Route         1   e 0.020                                  n684
FCI_TO_FCO  ---     0.157            CIN to COUT           add_214_20
Route         1   e 0.020                                  n685
FCI_TO_FCO  ---     0.157            CIN to COUT           add_214_22
Route         1   e 0.020                                  n686
FCI_TO_FCO  ---     0.157            CIN to COUT           add_214_24
Route         1   e 0.020                                  n687
FCI_TO_F    ---     0.598            CIN to S[2]           add_214_26
Route         2   e 1.486                                  n479
LUT4        ---     0.493              C to Z              i121_2_lut_3_lut
Route        32   e 2.039                                  clk_enable_36
                  --------
                    9.052  (45.2% logic, 54.8% route), 15 logic levels.


Error:  The following path violates requirements by 4.337ns

 Logical Details:  Cell type  Pin type       Cell name  (clock net +/-)

   Source:         FD1P3IX    CK             counter__i6  (from clk +)
   Destination:    FD1P3IX    SP             counter__i5  (to clk +)

   Delay:                   9.052ns  (45.2% logic, 54.8% route), 15 logic levels.

 Constraint Details:

      9.052ns data_path counter__i6 to counter__i5 violates
      5.000ns delay constraint less
      0.285ns LCE_S requirement (totaling 4.715ns) by 4.337ns

 Path Details: counter__i6 to counter__i5

   Name    Fanout   Delay (ns)          Pins               Resource(Cell.Net)
L_CO        ---     0.444             CK to Q              counter__i6 (from clk)
Route         2   e 1.198                                  counter[6]
A1_TO_FCO   ---     0.827           B[2] to COUT           add_214_2
Route         1   e 0.020                                  n676
FCI_TO_FCO  ---     0.157            CIN to COUT           add_214_4
Route         1   e 0.020                                  n677
FCI_TO_FCO  ---     0.157            CIN to COUT           add_214_6
Route         1   e 0.020                                  n678
FCI_TO_FCO  ---     0.157            CIN to COUT           add_214_8
Route         1   e 0.020                                  n679
FCI_TO_FCO  ---     0.157            CIN to COUT           add_214_10
Route         1   e 0.020                                  n680
FCI_TO_FCO  ---     0.157            CIN to COUT           add_214_12
Route         1   e 0.020                                  n681
FCI_TO_FCO  ---     0.157            CIN to COUT           add_214_14
Route         1   e 0.020                                  n682
FCI_TO_FCO  ---     0.157            CIN to COUT           add_214_16
Route         1   e 0.020                                  n683
FCI_TO_FCO  ---     0.157            CIN to COUT           add_214_18
Route         1   e 0.020                                  n684
FCI_TO_FCO  ---     0.157            CIN to COUT           add_214_20
Route         1   e 0.020                                  n685
FCI_TO_FCO  ---     0.157            CIN to COUT           add_214_22
Route         1   e 0.020                                  n686
FCI_TO_FCO  ---     0.157            CIN to COUT           add_214_24
Route         1   e 0.020                                  n687
FCI_TO_F    ---     0.598            CIN to S[2]           add_214_26
Route         2   e 1.486                                  n479
LUT4        ---     0.493              C to Z              i121_2_lut_3_lut
Route        32   e 2.039                                  clk_enable_36
                  --------
                    9.052  (45.2% logic, 54.8% route), 15 logic levels.

Warning: 9.337 ns is the maximum delay for this constraint.


Timing Report Summary
--------------
--------------------------------------------------------------------------------
Constraint                              |   Constraint|       Actual|Levels
--------------------------------------------------------------------------------
                                        |             |             |
create_clock -period 5.000000 -name     |             |             |
clk0 [get_nets clk]                     |     5.000 ns|     9.337 ns|    15 *
                                        |             |             |
--------------------------------------------------------------------------------


1 constraints not met.

--------------------------------------------------------------------------------
Critical Nets                           |   Loads|  Errors| % of total
--------------------------------------------------------------------------------
n479                                    |       2|     858|     65.75%
                                        |        |        |
clk_enable_36                           |      32|     832|     63.75%
                                        |        |        |
n687                                    |       1|     825|     63.22%
                                        |        |        |
n686                                    |       1|     759|     58.16%
                                        |        |        |
n685                                    |       1|     693|     53.10%
                                        |        |        |
n684                                    |       1|     627|     48.05%
                                        |        |        |
n683                                    |       1|     561|     42.99%
                                        |        |        |
n682                                    |       1|     495|     37.93%
                                        |        |        |
n681                                    |       1|     429|     32.87%
                                        |        |        |
n680                                    |       1|     363|     27.82%
                                        |        |        |
n679                                    |       1|     297|     22.76%
                                        |        |        |
n678                                    |       1|     231|     17.70%
                                        |        |        |
n650                                    |       1|     165|     12.64%
                                        |        |        |
n677                                    |       1|     165|     12.64%
                                        |        |        |
n649                                    |       1|     161|     12.34%
                                        |        |        |
n651                                    |       1|     161|     12.34%
                                        |        |        |
n648                                    |       1|     151|     11.57%
                                        |        |        |
n652                                    |       1|     149|     11.42%
                                        |        |        |
n647                                    |       1|     137|     10.50%
                                        |        |        |
n653                                    |       1|     131|     10.04%
                                        |        |        |
--------------------------------------------------------------------------------


Timing summary:
---------------

Timing errors: 1305  Score: 3444252

Constraints cover  2157 paths, 202 nets, and 430 connections (96.8% coverage)


Peak memory: 79679488 bytes, TRCE: 3534848 bytes, DLYMAN: 0 bytes
CPU_TIME_REPORT: 0 secs 
