
          Lattice Mapping Report File for Design Module 'Powerup_V0'


Design Information
------------------

Command line:   map -a MachXO2 -p LCMXO2-4000HC -t TQFP144 -s 4 -oc Commercial
     UZ_Rev05_S3C_impl_0.ngd -o UZ_Rev05_S3C_impl_0_map.ncd -pr
     UZ_Rev05_S3C_impl_0.prf -mp UZ_Rev05_S3C_impl_0.mrp -lpf
     C:/lscc/diamond/3.13/bin/nt64/impl_0/UZ_Rev05_S3C_impl_0.lpf -lpf
     C:/lscc/diamond/3.13/bin/nt64/UZ_Rev05_S3C.lpf -c 0 -gui -msgset
     C:/lscc/diamond/3.13/bin/nt64/promote.xml 
Target Vendor:  LATTICE
Target Device:  LCMXO2-4000HCTQFP144
Target Performance:   4
Mapper:  xo2c00,  version:  Diamond (64-bit) 3.13.0.56.2
Mapped on:  10/24/24  13:12:57

Design Summary
--------------

   Number of registers:     40 out of  4665 (1%)
      PFU registers:           40 out of  4320 (1%)
      PIO registers:            0 out of   345 (0%)
   Number of SLICEs:        29 out of  2160 (1%)
      SLICEs as Logic/ROM:     29 out of  2160 (1%)
      SLICEs as RAM:            0 out of  1620 (0%)
      SLICEs as Carry:         19 out of  2160 (1%)
   Number of LUT4s:         57 out of  4320 (1%)
      Number used as logic LUTs:         19
      Number used as distributed RAM:     0
      Number used as ripple logic:       38
      Number used as shift registers:     0
   Number of PIO sites used: 15 + 1(JTAGENB) out of 115 (14%)
   Number of block RAMs:  0 out of 10 (0%)
   Number of GSRs:        0 out of 1 (0%)
   EFB used :        No
   JTAG used :       No
   Readback used :   No
   Oscillator used : Yes
   Startup used :    No
   POR :             On
   Bandgap :         On
   Number of Power Controller:  0 out of 1 (0%)
   Number of Dynamic Bank Controller (BCINRD):  0 out of 6 (0%)
   Number of Dynamic Bank Controller (BCLVDSO):  0 out of 1 (0%)
   Number of DCCA:  0 out of 8 (0%)
   Number of DCMA:  0 out of 2 (0%)
   Number of PLLs:  0 out of 2 (0%)
   Number of DQSDLLs:  0 out of 2 (0%)
   Number of CLKDIVC:  0 out of 4 (0%)
   Number of ECLKSYNCA:  0 out of 4 (0%)
   Number of ECLKBRIDGECS:  0 out of 2 (0%)
   Notes:-
      1. Total number of LUT4s = (Number of logic LUT4s) + 2*(Number of
     distributed RAMs) + 2*(Number of ripple logic)
      2. Number of logic LUT4s does not include count of distributed RAM and
     ripple logic.
   Number of clocks:  1
     Net clk: 24 loads, 24 rising, 0 falling (Driver: OSCInst0 )
   Number of Clock Enables:  6

                                    Page 1




Design:  Powerup_V0                                    Date:  10/24/24  13:12:57

Design Summary (cont)
---------------------
     Net Carrier_PG_1V8_N_91: 1 loads, 1 LSLICEs
     Net count_done_100ms: 10 loads, 10 LSLICEs
     Net clk_enable_4: 1 loads, 1 LSLICEs
     Net FP_UsrLED1_N_82: 9 loads, 9 LSLICEs
     Net clk_enable_3: 1 loads, 1 LSLICEs
     Net count_done_100ms_N_57: 1 loads, 1 LSLICEs
   Number of LSRs:  1
     Net n299: 1 loads, 1 LSLICEs
   Number of nets driven by tri-state buffers:  0
   Top 10 highest fanout non-clock nets:
     Net count_done_100ms: 16 loads
     Net FP_UsrLED1_N_82: 10 loads
     Net Carrier_PG_1V8_N_91: 4 loads
     Net count_100ms_15: 4 loads
     Net count_100ms_16: 4 loads
     Net count_50ms_10: 3 loads
     Net count_50ms_11: 3 loads
     Net n354: 3 loads
     Net n394: 3 loads
     Net n8_adj_11: 3 loads




   Number of warnings:  1
   Number of errors:    0
     

Design Errors/Warnings
----------------------

WARNING - map: The JTAG port has been disabled in this project and JTAG pins
     will be configured as General Purpose IO.  You have to use JTAGENB pin in
     hardware to change the personality of the port from JTAG pins to general
     purpose IO.  Reference MachXO2 Handbook for details on dual function JTAG
     port.

IO (PIO) Attributes
-------------------

+---------------------+-----------+-----------+------------+
| IO Name             | Direction | Levelmode | IO         |
|                     |           |  IO_TYPE  | Register   |
+---------------------+-----------+-----------+------------+
| Carrier_PG_1V8      | OUTPUT    | LVCMOS18  |            |
+---------------------+-----------+-----------+------------+
| Carrier_PwrOn       | OUTPUT    | LVCMOS33  |            |
+---------------------+-----------+-----------+------------+
| SD_Select           | OUTPUT    | LVCMOS18  |            |
+---------------------+-----------+-----------+------------+
| FPIO_FlexMIO52      | OUTPUT    | LVCMOS33  |            |
+---------------------+-----------+-----------+------------+
| FlexMio61ExternalStop| OUTPUT    | LVCMOS18  |            |
+---------------------+-----------+-----------+------------+
| FP_UsrLED1          | OUTPUT    | LVCMOS18  |            |
+---------------------+-----------+-----------+------------+

                                    Page 2




Design:  Powerup_V0                                    Date:  10/24/24  13:12:57

IO (PIO) Attributes (cont)
--------------------------
| FP_UsrLED2          | OUTPUT    | LVCMOS18  |            |
+---------------------+-----------+-----------+------------+
| FP_UsrLED3          | OUTPUT    | LVCMOS18  |            |
+---------------------+-----------+-----------+------------+
| FP_UsrLED4          | OUTPUT    | LVCMOS18  |            |
+---------------------+-----------+-----------+------------+
| FP_SysLEDg          | OUTPUT    | LVCMOS33  |            |
+---------------------+-----------+-----------+------------+
| FP_SysLEDr          | OUTPUT    | LVCMOS33  |            |
+---------------------+-----------+-----------+------------+
| FP_SysLEDb          | OUTPUT    | LVCMOS33  |            |
+---------------------+-----------+-----------+------------+
| SysSW_Pwr_NC        | INPUT     | LVCMOS33  |            |
+---------------------+-----------+-----------+------------+
| FlexMIOs52_PCIe     | INPUT     | LVCMOS18  |            |
+---------------------+-----------+-----------+------------+
| FPIO_ExternalStop   | INPUT     | LVCMOS33  |            |
+---------------------+-----------+-----------+------------+

Removed logic
-------------

Block i2 undriven or does not drive anything - clipped.
Block GSR_INST undriven or does not drive anything - clipped.
Signal n301 was merged into signal Carrier_PG_1V8_N_77
Signal VCC_net undriven or does not drive anything - clipped.
Signal count_100ms_87_add_4_19/S1 undriven or does not drive anything - clipped.
     
Signal count_100ms_87_add_4_19/CO undriven or does not drive anything - clipped.
     
Signal count_50ms_88_add_4_17/CO undriven or does not drive anything - clipped.
Signal count_100ms_87_add_4_1/S0 undriven or does not drive anything - clipped.
Signal count_100ms_87_add_4_1/CI undriven or does not drive anything - clipped.
Signal count_50ms_88_add_4_1/S0 undriven or does not drive anything - clipped.
Signal count_50ms_88_add_4_1/CI undriven or does not drive anything - clipped.
Block i123_1_lut was optimized away.

     

OSC Summary
-----------

OSC 1:                                     Pin/Node Value
  OSC Instance Name:                                OSCInst0
  OSC Type:                                         OSCH
  STDBY Input:                                      NONE
  OSC Output:                              NODE     clk
  OSC Nominal Frequency (MHz):                      2.08

ASIC Components
---------------

Instance Name: OSCInst0
         Type: OSCH



                                    Page 3




Design:  Powerup_V0                                    Date:  10/24/24  13:12:57

Run Time and Memory Usage
-------------------------

   Total CPU Time: 0 secs  
   Total REAL Time: 0 secs  
   Peak Memory Usage: 50 MB
        




















































                                    Page 4


Copyright (c) 1991-1994 by NeoCAD Inc. All rights reserved.
     Copyright (c) 1995 AT&T Corp.   All rights reserved.
     Copyright (c) 1995-2001 Lucent Technologies Inc.  All rights reserved.
     Copyright (c) 2001 Agere Systems   All rights reserved.
     Copyright (c) 2002-2023 Lattice Semiconductor Corporation,  All rights
     reserved.
