--------------------------------------------------------------------------------
Lattice Synthesis Timing Report, Version  
Tue Dec 10 17:28:59 2024

Copyright (c) 1991-1994 by NeoCAD Inc. All rights reserved.
Copyright (c) 1995 AT&T Corp.   All rights reserved.
Copyright (c) 1995-2001 Lucent Technologies Inc.  All rights reserved.
Copyright (c) 2001 Agere Systems   All rights reserved.
Copyright (c) 2002-2023 Lattice Semiconductor Corporation,  All rights reserved.

Report Information
------------------
Design:     i2c_gpio
Constraint file:  
Report level:    verbose report, limited to 3 items per constraint
--------------------------------------------------------------------------------



================================================================================
Constraint: create_clock -period 1000.000000 -name clk4 [get_nets IRQ_c_0]
            0 items scored, 0 timing errors detected.
--------------------------------------------------------------------------------


================================================================================
Constraint: create_clock -period 1000.000000 -name clk3 [get_nets IRQ_c_1]
            0 items scored, 0 timing errors detected.
--------------------------------------------------------------------------------


================================================================================
Constraint: create_clock -period 1000.000000 -name clk2 [get_nets IRQ_c_3]
            0 items scored, 0 timing errors detected.
--------------------------------------------------------------------------------


================================================================================
Constraint: create_clock -period 1000.000000 -name clk1 [get_nets IRQ_c_2]
            0 items scored, 0 timing errors detected.
--------------------------------------------------------------------------------


================================================================================
Constraint: create_clock -period 1000.000000 -name clk0 [get_nets clk]
            1669 items scored, 0 timing errors detected.
--------------------------------------------------------------------------------


Passed:  The following path meets requirements by 987.187ns

 Logical Details:  Cell type  Pin type       Cell name  (clock net +/-)

   Source:         FD1S3IX    CK             temp1__i0  (from clk +)
   Destination:    FD1S3IX    D              dat_count__i1  (to clk +)

   Delay:                  12.653ns  (28.7% logic, 71.3% route), 8 logic levels.

 Constraint Details:

     12.653ns data_path temp1__i0 to dat_count__i1 meets
    1000.000ns delay constraint less
      0.160ns L_S requirement (totaling 999.840ns) by 987.187ns

 Path Details: temp1__i0 to dat_count__i1

   Name    Fanout   Delay (ns)          Pins               Resource(Cell.Net)
L_CO        ---     0.444             CK to Q              temp1__i0 (from clk)
Route        17   e 1.876                                  temp1[0]
LUT4        ---     0.493              C to Z              n14_bdd_4_lut_3025
Route         4   e 1.340                                  n4312
LUT4        ---     0.493              B to Z              n14_bdd_2_lut_adj_67
Route         6   e 1.457                                  n3144
LUT4        ---     0.493              A to Z              n3144_bdd_4_lut_2954
Route         1   e 0.941                                  n4314
LUT4        ---     0.493              A to Z              n1488_bdd_2_lut_2981
Route         1   e 0.020                                  n4315
MUXL5       ---     0.233           ALUT to Z              i2955
Route         1   e 0.941                                  n4317
LUT4        ---     0.493              C to Z              n3144_bdd_2_lut_3_lut
Route         7   e 1.502                                  n12
LUT4        ---     0.493              C to Z              i1_4_lut_adj_29
Route         1   e 0.941                                  n_dat_count[1]
                  --------
                   12.653  (28.7% logic, 71.3% route), 8 logic levels.


Passed:  The following path meets requirements by 987.187ns

 Logical Details:  Cell type  Pin type       Cell name  (clock net +/-)

   Source:         FD1S3IX    CK             temp1__i0  (from clk +)
   Destination:    FD1S3IX    D              dat_count__i2  (to clk +)

   Delay:                  12.653ns  (28.7% logic, 71.3% route), 8 logic levels.

 Constraint Details:

     12.653ns data_path temp1__i0 to dat_count__i2 meets
    1000.000ns delay constraint less
      0.160ns L_S requirement (totaling 999.840ns) by 987.187ns

 Path Details: temp1__i0 to dat_count__i2

   Name    Fanout   Delay (ns)          Pins               Resource(Cell.Net)
L_CO        ---     0.444             CK to Q              temp1__i0 (from clk)
Route        17   e 1.876                                  temp1[0]
LUT4        ---     0.493              C to Z              n14_bdd_4_lut_3025
Route         4   e 1.340                                  n4312
LUT4        ---     0.493              B to Z              n14_bdd_2_lut_adj_67
Route         6   e 1.457                                  n3144
LUT4        ---     0.493              A to Z              n3144_bdd_4_lut_2954
Route         1   e 0.941                                  n4314
LUT4        ---     0.493              A to Z              n1488_bdd_2_lut_2981
Route         1   e 0.020                                  n4315
MUXL5       ---     0.233           ALUT to Z              i2955
Route         1   e 0.941                                  n4317
LUT4        ---     0.493              C to Z              n3144_bdd_2_lut_3_lut
Route         7   e 1.502                                  n12
LUT4        ---     0.493              C to Z              i1_4_lut
Route         1   e 0.941                                  n_dat_count[2]
                  --------
                   12.653  (28.7% logic, 71.3% route), 8 logic levels.


Passed:  The following path meets requirements by 987.187ns

 Logical Details:  Cell type  Pin type       Cell name  (clock net +/-)

   Source:         FD1S3IX    CK             temp1__i0  (from clk +)
   Destination:    FD1S3IX    D              dat_count__i4  (to clk +)

   Delay:                  12.653ns  (28.7% logic, 71.3% route), 8 logic levels.

 Constraint Details:

     12.653ns data_path temp1__i0 to dat_count__i4 meets
    1000.000ns delay constraint less
      0.160ns L_S requirement (totaling 999.840ns) by 987.187ns

 Path Details: temp1__i0 to dat_count__i4

   Name    Fanout   Delay (ns)          Pins               Resource(Cell.Net)
L_CO        ---     0.444             CK to Q              temp1__i0 (from clk)
Route        17   e 1.876                                  temp1[0]
LUT4        ---     0.493              C to Z              n14_bdd_4_lut_3025
Route         4   e 1.340                                  n4312
LUT4        ---     0.493              B to Z              n14_bdd_2_lut_adj_67
Route         6   e 1.457                                  n3144
LUT4        ---     0.493              A to Z              n3144_bdd_4_lut_2954
Route         1   e 0.941                                  n4314
LUT4        ---     0.493              A to Z              n1488_bdd_2_lut_2981
Route         1   e 0.020                                  n4315
MUXL5       ---     0.233           ALUT to Z              i2955
Route         1   e 0.941                                  n4317
LUT4        ---     0.493              C to Z              n3144_bdd_2_lut_3_lut
Route         7   e 1.502                                  n12
LUT4        ---     0.493              C to Z              i1_4_lut_adj_83
Route         1   e 0.941                                  n_dat_count[4]
                  --------
                   12.653  (28.7% logic, 71.3% route), 8 logic levels.

Report: 12.813 ns is the maximum delay for this constraint.


Timing Report Summary
--------------
--------------------------------------------------------------------------------
Constraint                              |   Constraint|       Actual|Levels
--------------------------------------------------------------------------------
                                        |             |             |
create_clock -period 1000.000000 -name  |             |             |
clk4 [get_nets IRQ_c_0]                 |            -|            -|     0  
                                        |             |             |
create_clock -period 1000.000000 -name  |             |             |
clk3 [get_nets IRQ_c_1]                 |            -|            -|     0  
                                        |             |             |
create_clock -period 1000.000000 -name  |             |             |
clk2 [get_nets IRQ_c_3]                 |            -|            -|     0  
                                        |             |             |
create_clock -period 1000.000000 -name  |             |             |
clk1 [get_nets IRQ_c_2]                 |            -|            -|     0  
                                        |             |             |
create_clock -period 1000.000000 -name  |             |             |
clk0 [get_nets clk]                     |  1000.000 ns|    12.813 ns|     8  
                                        |             |             |
--------------------------------------------------------------------------------


All constraints were met.



Timing summary:
---------------

Timing errors: 0  Score: 0

Constraints cover  1697 paths, 234 nets, and 682 connections (73.6% coverage)


Peak memory: 80969728 bytes, TRCE: 3313664 bytes, DLYMAN: 0 bytes
CPU_TIME_REPORT: 0 secs 
