
Loading design for application trce from file uz_d_slots_tx20_10rx.ncd.
Design name: SignalRouter
NCD version: 3.3
Vendor:      LATTICE
Device:      LCMXO2-2000HC
Package:     TQFP100
Performance: 4
Loading device for application trce from file 'xo2c2000.nph' in environment: C:/lscc/diamond/3.13/ispfpga.
Package Status:                     Final          Version 1.44.
Performance Hardware Data Status:   Final          Version 34.4.
Setup and Hold Report

--------------------------------------------------------------------------------
Lattice TRACE Report - Setup, Version Diamond (64-bit) 3.13.0.56.2
Wed Jul 23 10:48:13 2025

Copyright (c) 1991-1994 by NeoCAD Inc. All rights reserved.
Copyright (c) 1995 AT&T Corp.   All rights reserved.
Copyright (c) 1995-2001 Lucent Technologies Inc.  All rights reserved.
Copyright (c) 2001 Agere Systems   All rights reserved.
Copyright (c) 2002-2023 Lattice Semiconductor Corporation,  All rights reserved.

Report Information
------------------
Command line:    trce -v 10 -gt -sethld -sp 4 -sphld m -o uz_d_slots_tx20_10rx.twr -gui uz_d_slots_tx20_10rx.ncd uz_d_slots_tx20_10rx.prf 
Design file:     uz_d_slots_tx20_10rx.ncd
Preference file: uz_d_slots_tx20_10rx.prf
Device,speed:    LCMXO2-2000HC,4
Report level:    verbose report, limited to 10 items per preference
--------------------------------------------------------------------------------

BLOCK ASYNCPATHS
BLOCK RESETPATHS
--------------------------------------------------------------------------------



================================================================================
Preference: Default path enumeration
            51 items scored, 0 timing errors detected.
--------------------------------------------------------------------------------

Report:   14.177ns delay reqsafestate to slotok

   Name    Fanout   Delay (ns)          Site               Resource
PADI_DEL    ---     1.767         76.PAD to       76.PADDI reqsafestate
ROUTE        21     4.850       76.PADDI to       R3C2D.B0 reqsafestate_c
CTOF_DEL    ---     0.495       R3C2D.B0 to       R3C2D.F0 SLICE_1
ROUTE         1     3.017       R3C2D.F0 to       81.PADDO n33
DOPAD_DEL   ---     4.048       81.PADDO to         81.PAD slotok
                  --------
                   14.177   (44.5% logic, 55.5% route), 3 logic levels.

Report:   12.152ns delay reqsafestate to d_12

   Name    Fanout   Delay (ns)          Site               Resource
PADI_DEL    ---     1.767         76.PAD to       76.PADDI reqsafestate
ROUTE        21     5.461       76.PADDI to       R9C2B.D1 reqsafestate_c
CTOF_DEL    ---     0.495       R9C2B.D1 to       R9C2B.F1 SLICE_7
ROUTE         1     1.632       R9C2B.F1 to       12.PADDO d_12_c
DOPAD_DEL   ---     2.797       12.PADDO to         12.PAD d_12
                  --------
                   12.152   (41.6% logic, 58.4% route), 3 logic levels.

Report:   12.094ns delay reqsafestate to d_16

   Name    Fanout   Delay (ns)          Site               Resource
PADI_DEL    ---     1.767         76.PAD to       76.PADDI reqsafestate
ROUTE        21     4.875       76.PADDI to      R10C2B.B1 reqsafestate_c
CTOF_DEL    ---     0.495      R10C2B.B1 to      R10C2B.F1 SLICE_3
ROUTE         1     2.160      R10C2B.F1 to        3.PADDO d_16_c
DOPAD_DEL   ---     2.797        3.PADDO to          3.PAD d_16
                  --------
                   12.094   (41.8% logic, 58.2% route), 3 logic levels.

Report:   11.753ns delay reqsafestate to d_14

   Name    Fanout   Delay (ns)          Site               Resource
PADI_DEL    ---     1.767         76.PAD to       76.PADDI reqsafestate
ROUTE        21     5.049       76.PADDI to       R9C2A.D1 reqsafestate_c
CTOF_DEL    ---     0.495       R9C2A.D1 to       R9C2A.F1 SLICE_5
ROUTE         1     1.645       R9C2A.F1 to       13.PADDO d_14_c
DOPAD_DEL   ---     2.797       13.PADDO to         13.PAD d_14
                  --------
                   11.753   (43.0% logic, 57.0% route), 3 logic levels.

Report:   11.745ns delay reqsafestate to d_06

   Name    Fanout   Delay (ns)          Site               Resource
PADI_DEL    ---     1.767         76.PAD to       76.PADDI reqsafestate
ROUTE        21     5.461       76.PADDI to       R9C2B.D0 reqsafestate_c
CTOF_DEL    ---     0.495       R9C2B.D0 to       R9C2B.F0 SLICE_7
ROUTE         1     1.225       R9C2B.F0 to       14.PADDO d_06_c
DOPAD_DEL   ---     2.797       14.PADDO to         14.PAD d_06
                  --------
                   11.745   (43.1% logic, 56.9% route), 3 logic levels.

Report:   11.333ns delay reqsafestate to d_04

   Name    Fanout   Delay (ns)          Site               Resource
PADI_DEL    ---     1.767         76.PAD to       76.PADDI reqsafestate
ROUTE        21     5.049       76.PADDI to       R9C2A.D0 reqsafestate_c
CTOF_DEL    ---     0.495       R9C2A.D0 to       R9C2A.F0 SLICE_5
ROUTE         1     1.225       R9C2A.F0 to       15.PADDO d_04_c
DOPAD_DEL   ---     2.797       15.PADDO to         15.PAD d_04
                  --------
                   11.333   (44.6% logic, 55.4% route), 3 logic levels.

Report:   11.264ns delay reqsafestate to d_08

   Name    Fanout   Delay (ns)          Site               Resource
PADI_DEL    ---     1.767         76.PAD to       76.PADDI reqsafestate
ROUTE        21     4.906       76.PADDI to       R5C2A.D0 reqsafestate_c
CTOF_DEL    ---     0.495       R5C2A.D0 to       R5C2A.F0 SLICE_9
ROUTE         1     1.299       R5C2A.F0 to        9.PADDO d_08_c
DOPAD_DEL   ---     2.797        9.PADDO to          9.PAD d_08
                  --------
                   11.264   (44.9% logic, 55.1% route), 3 logic levels.

Report:   11.264ns delay reqsafestate to d_18

   Name    Fanout   Delay (ns)          Site               Resource
PADI_DEL    ---     1.767         76.PAD to       76.PADDI reqsafestate
ROUTE        21     4.990       76.PADDI to       R3C2D.C1 reqsafestate_c
CTOF_DEL    ---     0.495       R3C2D.C1 to       R3C2D.F1 SLICE_1
ROUTE         1     1.215       R3C2D.F1 to        4.PADDO d_18_c
DOPAD_DEL   ---     2.797        4.PADDO to          4.PAD d_18
                  --------
                   11.264   (44.9% logic, 55.1% route), 3 logic levels.

Report:   11.260ns delay reqsafestate to d_00

   Name    Fanout   Delay (ns)          Site               Resource
PADI_DEL    ---     1.767         76.PAD to       76.PADDI reqsafestate
ROUTE        21     3.863       76.PADDI to     R10C17D.B0 reqsafestate_c
CTOF_DEL    ---     0.495     R10C17D.B0 to     R10C17D.F0 SLICE_2
ROUTE         1     2.338     R10C17D.F0 to       17.PADDO d_00_c
DOPAD_DEL   ---     2.797       17.PADDO to         17.PAD d_00
                  --------
                   11.260   (44.9% logic, 55.1% route), 3 logic levels.

Report:   11.180ns delay reqsafestate to d_10

   Name    Fanout   Delay (ns)          Site               Resource
PADI_DEL    ---     1.767         76.PAD to       76.PADDI reqsafestate
ROUTE        21     4.906       76.PADDI to       R5C2A.D1 reqsafestate_c
CTOF_DEL    ---     0.495       R5C2A.D1 to       R5C2A.F1 SLICE_9
ROUTE         1     1.215       R5C2A.F1 to       10.PADDO d_10_c
DOPAD_DEL   ---     2.797       10.PADDO to         10.PAD d_10
                  --------
                   11.180   (45.3% logic, 54.7% route), 3 logic levels.

Report:   14.177ns is the maximum delay for this preference.


================================================================================
Preference: Default net enumeration
            53 items scored, 0 timing errors detected.
--------------------------------------------------------------------------------

Report:    5.461ns maximum delay on reqsafestate_c

           Delays             Connection(s)
           4.284ns         76.PADDI to R11C20B.B0      
           4.906ns         76.PADDI to R5C2A.D1        
           4.906ns         76.PADDI to R5C2A.D0        
           3.173ns         76.PADDI to R12C23A.C1      
           3.173ns         76.PADDI to R12C23A.C0      
           5.461ns         76.PADDI to R9C2B.D1        
           5.461ns         76.PADDI to R9C2B.D0        
           3.046ns         76.PADDI to R12C24D.D1      
           3.046ns         76.PADDI to R12C24D.D0      
           5.049ns         76.PADDI to R9C2A.D1        
           5.049ns         76.PADDI to R9C2A.D0        
           3.046ns         76.PADDI to R13C24A.D1      
           3.046ns         76.PADDI to R13C24A.D0      
           4.875ns         76.PADDI to R10C2B.B1       
           4.875ns         76.PADDI to R10C2B.B0       
           3.863ns         76.PADDI to R10C17D.B1      
           3.863ns         76.PADDI to R10C17D.B0      
           4.990ns         76.PADDI to R3C2D.C1        
           4.850ns         76.PADDI to R3C2D.B0        
           2.612ns         76.PADDI to R9C24C.C1       
           2.472ns         76.PADDI to R9C24C.B0       

Report:    4.329ns maximum delay on fpga_23_c_c

           Delays             Connection(s)
           4.329ns         64.PADDI to 28.PADDO        

Report:    4.158ns maximum delay on fpga_08_c

           Delays             Connection(s)
           4.158ns         41.PADDI to R5C2A.B0        

Report:    4.122ns maximum delay on fpga_19_c

           Delays             Connection(s)
           4.122ns         21.PADDI to R9C24C.B1       

Report:    4.082ns maximum delay on fpga_21_c_c

           Delays             Connection(s)
           4.082ns         63.PADDI to 30.PADDO        

Report:    4.082ns maximum delay on fpga_02_c

           Delays             Connection(s)
           4.082ns         84.PADDI to R10C2B.C0       

Report:    4.060ns maximum delay on fpga_27_c_c

           Delays             Connection(s)
           4.060ns         66.PADDI to 96.PADDO        

Report:    4.058ns maximum delay on fpga_25_c_c

           Delays             Connection(s)
           4.058ns         65.PADDI to 98.PADDO        

Report:    3.634ns maximum delay on fpga_04_c

           Delays             Connection(s)
           3.634ns         45.PADDI to R9C2A.B0        

Report:    3.514ns maximum delay on fpga_17_c

           Delays             Connection(s)
           3.514ns         19.PADDI to R10C17D.A1      

Report:    5.461ns is the maximum delay for this preference.

Report Summary
--------------
----------------------------------------------------------------------------
Preference                              |   Constraint|       Actual|Levels
----------------------------------------------------------------------------
                                        |             |             |
Default path enumeration                |     0.000 ns|    14.177 ns|   0  
                                        |             |             |
Default net enumeration                 |     0.000 ns|     5.461 ns|   0  
                                        |             |             |
----------------------------------------------------------------------------


All preferences were met.


Clock Domains Analysis
------------------------

Found 0 clocks:


Timing summary (Setup):
---------------

Timing errors: 0  Score: 0
Cumulative negative slack: 0

Constraints cover 51 paths, 53 nets, and 73 connections (100.00% coverage)

--------------------------------------------------------------------------------

